[2020-05-12T17:05:23.810+0700][gc,heap] Heap region size: 1M
[2020-05-12T17:05:23.820+0700][gc     ] Using G1
[2020-05-12T17:05:23.820+0700][gc,heap,coops] Heap address: 0x00000000c0000000, size: 1024 MB, Compressed Oops mode: 32-bit
[2020-05-12T17:05:29.859+0700][gc,start     ] GC(0) Pause Young (Normal) (G1 Evacuation Pause)
[2020-05-12T17:05:29.868+0700][gc,task      ] GC(0) Using 8 workers of 8 for evacuation
[2020-05-12T17:05:29.879+0700][gc,phases    ] GC(0)   Pre Evacuate Collection Set: 0,0ms
[2020-05-12T17:05:29.879+0700][gc,phases    ] GC(0)   Evacuate Collection Set: 6,7ms
[2020-05-12T17:05:29.879+0700][gc,phases    ] GC(0)   Post Evacuate Collection Set: 4,0ms
[2020-05-12T17:05:29.879+0700][gc,phases    ] GC(0)   Other: 9,3ms
[2020-05-12T17:05:29.879+0700][gc,heap      ] GC(0) Eden regions: 51->0(44)
[2020-05-12T17:05:29.879+0700][gc,heap      ] GC(0) Survivor regions: 0->7(7)
[2020-05-12T17:05:29.879+0700][gc,heap      ] GC(0) Old regions: 0->0
[2020-05-12T17:05:29.879+0700][gc,heap      ] GC(0) Humongous regions: 0->0
[2020-05-12T17:05:29.879+0700][gc,metaspace ] GC(0) Metaspace: 15851K->15851K(1062912K)
[2020-05-12T17:05:29.879+0700][gc           ] GC(0) Pause Young (Normal) (G1 Evacuation Pause) 51M->6M(1024M) 20,005ms
[2020-05-12T17:05:29.879+0700][gc,cpu       ] GC(0) User=0,04s Sys=0,02s Real=0,02s
[2020-05-12T17:05:30.367+0700][gc,start     ] GC(1) Pause Young (Concurrent Start) (Metadata GC Threshold)
[2020-05-12T17:05:30.367+0700][gc,task      ] GC(1) Using 8 workers of 8 for evacuation
[2020-05-12T17:05:30.385+0700][gc,phases    ] GC(1)   Pre Evacuate Collection Set: 0,0ms
[2020-05-12T17:05:30.385+0700][gc,phases    ] GC(1)   Evacuate Collection Set: 15,8ms
[2020-05-12T17:05:30.385+0700][gc,phases    ] GC(1)   Post Evacuate Collection Set: 2,3ms
[2020-05-12T17:05:30.385+0700][gc,phases    ] GC(1)   Other: 0,2ms
[2020-05-12T17:05:30.385+0700][gc,heap      ] GC(1) Eden regions: 20->0(49)
[2020-05-12T17:05:30.385+0700][gc,heap      ] GC(1) Survivor regions: 7->2(7)
[2020-05-12T17:05:30.385+0700][gc,heap      ] GC(1) Old regions: 0->7
[2020-05-12T17:05:30.385+0700][gc,heap      ] GC(1) Humongous regions: 0->0
[2020-05-12T17:05:30.385+0700][gc,metaspace ] GC(1) Metaspace: 20571K->20571K(1067008K)
[2020-05-12T17:05:30.385+0700][gc           ] GC(1) Pause Young (Concurrent Start) (Metadata GC Threshold) 26M->7M(1024M) 18,354ms
[2020-05-12T17:05:30.385+0700][gc,cpu       ] GC(1) User=0,07s Sys=0,01s Real=0,01s
[2020-05-12T17:05:30.385+0700][gc           ] GC(2) Concurrent Cycle
[2020-05-12T17:05:30.385+0700][gc,marking   ] GC(2) Concurrent Clear Claimed Marks
[2020-05-12T17:05:30.386+0700][gc,marking   ] GC(2) Concurrent Clear Claimed Marks 0,375ms
[2020-05-12T17:05:30.386+0700][gc,marking   ] GC(2) Concurrent Scan Root Regions
[2020-05-12T17:05:30.389+0700][gc,marking   ] GC(2) Concurrent Scan Root Regions 3,273ms
[2020-05-12T17:05:30.389+0700][gc,marking   ] GC(2) Concurrent Mark (6,587s)
[2020-05-12T17:05:30.389+0700][gc,marking   ] GC(2) Concurrent Mark From Roots
[2020-05-12T17:05:30.389+0700][gc,task      ] GC(2) Using 2 workers of 2 for marking
[2020-05-12T17:05:30.476+0700][gc,marking   ] GC(2) Concurrent Mark From Roots 87,255ms
[2020-05-12T17:05:30.476+0700][gc,marking   ] GC(2) Concurrent Preclean
[2020-05-12T17:05:30.476+0700][gc,marking   ] GC(2) Concurrent Preclean 0,106ms
[2020-05-12T17:05:30.476+0700][gc,marking   ] GC(2) Concurrent Mark (6,587s, 6,675s) 87,404ms
[2020-05-12T17:05:30.480+0700][gc,start     ] GC(2) Pause Remark
[2020-05-12T17:05:30.500+0700][gc,stringtable] GC(2) Cleaned string and symbol table, strings: 9257 processed, 0 removed, symbols: 49803 processed, 56 removed
[2020-05-12T17:05:30.502+0700][gc,mmu        ] GC(2) MMU target violated: 21,0ms (20,0ms/21,0ms)
[2020-05-12T17:05:30.502+0700][gc            ] GC(2) Pause Remark 137M->137M(1024M) 21,443ms
[2020-05-12T17:05:30.502+0700][gc,cpu        ] GC(2) User=0,11s Sys=0,00s Real=0,02s
[2020-05-12T17:05:30.502+0700][gc,marking    ] GC(2) Concurrent Rebuild Remembered Sets
[2020-05-12T17:05:30.509+0700][gc,marking    ] GC(2) Concurrent Rebuild Remembered Sets 7,601ms
[2020-05-12T17:05:30.513+0700][gc,start      ] GC(2) Pause Cleanup
[2020-05-12T17:05:30.514+0700][gc            ] GC(2) Pause Cleanup 138M->138M(1024M) 1,116ms
[2020-05-12T17:05:30.514+0700][gc,cpu        ] GC(2) User=0,00s Sys=0,00s Real=0,01s
[2020-05-12T17:05:30.516+0700][gc,marking    ] GC(2) Concurrent Cleanup for Next Mark
[2020-05-12T17:05:30.528+0700][gc,marking    ] GC(2) Concurrent Cleanup for Next Mark 11,919ms
[2020-05-12T17:05:30.528+0700][gc            ] GC(2) Concurrent Cycle 142,995ms
[2020-05-12T17:05:31.526+0700][gc,start      ] GC(3) Pause Young (Normal) (G1 Evacuation Pause)
[2020-05-12T17:05:31.526+0700][gc,task       ] GC(3) Using 8 workers of 8 for evacuation
[2020-05-12T17:05:31.570+0700][gc,mmu        ] GC(3) MMU target violated: 21,0ms (20,0ms/21,0ms)
[2020-05-12T17:05:31.570+0700][gc,phases     ] GC(3)   Pre Evacuate Collection Set: 0,0ms
[2020-05-12T17:05:31.570+0700][gc,phases     ] GC(3)   Evacuate Collection Set: 40,9ms
[2020-05-12T17:05:31.570+0700][gc,phases     ] GC(3)   Post Evacuate Collection Set: 2,6ms
[2020-05-12T17:05:31.570+0700][gc,phases     ] GC(3)   Other: 1,1ms
[2020-05-12T17:05:31.570+0700][gc,heap       ] GC(3) Eden regions: 49->0(46)
[2020-05-12T17:05:31.571+0700][gc,heap       ] GC(3) Survivor regions: 2->5(7)
[2020-05-12T17:05:31.571+0700][gc,heap       ] GC(3) Old regions: 7->7
[2020-05-12T17:05:31.571+0700][gc,heap       ] GC(3) Humongous regions: 129->129
[2020-05-12T17:05:31.571+0700][gc,metaspace  ] GC(3) Metaspace: 29893K->29893K(1077248K)
[2020-05-12T17:05:31.571+0700][gc            ] GC(3) Pause Young (Normal) (G1 Evacuation Pause) 185M->140M(1024M) 44,862ms
[2020-05-12T17:05:31.571+0700][gc,cpu        ] GC(3) User=0,19s Sys=0,00s Real=0,05s
[2020-05-12T17:36:02.479+0700][gc,start      ] GC(4) Pause Young (Normal) (G1 Evacuation Pause)
[2020-05-12T17:36:02.480+0700][gc,task       ] GC(4) Using 8 workers of 8 for evacuation
[2020-05-12T17:36:02.485+0700][gc,phases     ] GC(4)   Pre Evacuate Collection Set: 0,2ms
[2020-05-12T17:36:02.485+0700][gc,phases     ] GC(4)   Evacuate Collection Set: 4,2ms
[2020-05-12T17:36:02.485+0700][gc,phases     ] GC(4)   Post Evacuate Collection Set: 0,6ms
[2020-05-12T17:36:02.485+0700][gc,phases     ] GC(4)   Other: 1,8ms
[2020-05-12T17:36:02.485+0700][gc,heap       ] GC(4) Eden regions: 46->0(50)
[2020-05-12T17:36:02.485+0700][gc,heap       ] GC(4) Survivor regions: 5->1(7)
[2020-05-12T17:36:02.485+0700][gc,heap       ] GC(4) Old regions: 7->12
[2020-05-12T17:36:02.485+0700][gc,heap       ] GC(4) Humongous regions: 129->129
[2020-05-12T17:36:02.485+0700][gc,metaspace  ] GC(4) Metaspace: 31265K->31265K(1077248K)
[2020-05-12T17:36:02.485+0700][gc            ] GC(4) Pause Young (Normal) (G1 Evacuation Pause) 186M->141M(1024M) 6,956ms
[2020-05-12T17:36:02.485+0700][gc,cpu        ] GC(4) User=0,01s Sys=0,01s Real=0,00s
[2020-05-12T18:15:34.062+0700][gc,start      ] GC(5) Pause Young (Normal) (G1 Evacuation Pause)
[2020-05-12T18:15:34.065+0700][gc,task       ] GC(5) Using 8 workers of 8 for evacuation
[2020-05-12T18:15:34.068+0700][gc,phases     ] GC(5)   Pre Evacuate Collection Set: 0,0ms
[2020-05-12T18:15:34.068+0700][gc,phases     ] GC(5)   Evacuate Collection Set: 1,3ms
[2020-05-12T18:15:34.068+0700][gc,phases     ] GC(5)   Post Evacuate Collection Set: 1,5ms
[2020-05-12T18:15:34.068+0700][gc,phases     ] GC(5)   Other: 3,1ms
[2020-05-12T18:15:34.068+0700][gc,heap       ] GC(5) Eden regions: 50->0(50)
[2020-05-12T18:15:34.068+0700][gc,heap       ] GC(5) Survivor regions: 1->1(7)
[2020-05-12T18:15:34.068+0700][gc,heap       ] GC(5) Old regions: 12->12
[2020-05-12T18:15:34.068+0700][gc,heap       ] GC(5) Humongous regions: 129->129
[2020-05-12T18:15:34.068+0700][gc,metaspace  ] GC(5) Metaspace: 31462K->31462K(1077248K)
[2020-05-12T18:15:34.068+0700][gc            ] GC(5) Pause Young (Normal) (G1 Evacuation Pause) 191M->141M(1024M) 6,032ms
[2020-05-12T18:15:34.068+0700][gc,cpu        ] GC(5) User=0,02s Sys=0,00s Real=0,01s
[2020-05-12T18:55:45.738+0700][gc,start      ] GC(6) Pause Young (Normal) (G1 Evacuation Pause)
[2020-05-12T18:55:45.742+0700][gc,task       ] GC(6) Using 8 workers of 8 for evacuation
[2020-05-12T18:55:45.744+0700][gc,phases     ] GC(6)   Pre Evacuate Collection Set: 0,0ms
[2020-05-12T18:55:45.744+0700][gc,phases     ] GC(6)   Evacuate Collection Set: 1,1ms
[2020-05-12T18:55:45.744+0700][gc,phases     ] GC(6)   Post Evacuate Collection Set: 1,1ms
[2020-05-12T18:55:45.744+0700][gc,phases     ] GC(6)   Other: 4,1ms
[2020-05-12T18:55:45.744+0700][gc,heap       ] GC(6) Eden regions: 50->0(50)
[2020-05-12T18:55:45.744+0700][gc,heap       ] GC(6) Survivor regions: 1->1(7)
[2020-05-12T18:55:45.744+0700][gc,heap       ] GC(6) Old regions: 12->12
[2020-05-12T18:55:45.744+0700][gc,heap       ] GC(6) Humongous regions: 129->129
[2020-05-12T18:55:45.744+0700][gc,metaspace  ] GC(6) Metaspace: 31527K->31527K(1077248K)
[2020-05-12T18:55:45.744+0700][gc            ] GC(6) Pause Young (Normal) (G1 Evacuation Pause) 191M->140M(1024M) 6,368ms
[2020-05-12T18:55:45.744+0700][gc,cpu        ] GC(6) User=0,00s Sys=0,01s Real=0,00s
[2020-05-12T19:36:40.020+0700][gc,start      ] GC(7) Pause Young (Normal) (G1 Evacuation Pause)
[2020-05-12T19:36:40.040+0700][gc,task       ] GC(7) Using 8 workers of 8 for evacuation
[2020-05-12T19:36:40.049+0700][gc,phases     ] GC(7)   Pre Evacuate Collection Set: 0,0ms
[2020-05-12T19:36:40.049+0700][gc,phases     ] GC(7)   Evacuate Collection Set: 6,8ms
[2020-05-12T19:36:40.049+0700][gc,phases     ] GC(7)   Post Evacuate Collection Set: 2,8ms
[2020-05-12T19:36:40.049+0700][gc,phases     ] GC(7)   Other: 19,5ms
[2020-05-12T19:36:40.049+0700][gc,heap       ] GC(7) Eden regions: 50->0(53)
[2020-05-12T19:36:40.049+0700][gc,heap       ] GC(7) Survivor regions: 1->1(7)
[2020-05-12T19:36:40.049+0700][gc,heap       ] GC(7) Old regions: 12->12
[2020-05-12T19:36:40.049+0700][gc,heap       ] GC(7) Humongous regions: 129->129
[2020-05-12T19:36:40.049+0700][gc,metaspace  ] GC(7) Metaspace: 31565K->31565K(1077248K)
[2020-05-12T19:36:40.049+0700][gc            ] GC(7) Pause Young (Normal) (G1 Evacuation Pause) 190M->140M(1024M) 29,255ms
[2020-05-12T19:36:40.049+0700][gc,cpu        ] GC(7) User=0,05s Sys=0,00s Real=0,03s
[2020-05-12T20:20:20.495+0700][gc,start      ] GC(8) Pause Young (Normal) (G1 Evacuation Pause)
[2020-05-12T20:20:20.501+0700][gc,task       ] GC(8) Using 8 workers of 8 for evacuation
[2020-05-12T20:20:20.515+0700][gc,phases     ] GC(8)   Pre Evacuate Collection Set: 0,0ms
[2020-05-12T20:20:20.515+0700][gc,phases     ] GC(8)   Evacuate Collection Set: 6,7ms
[2020-05-12T20:20:20.515+0700][gc,phases     ] GC(8)   Post Evacuate Collection Set: 7,6ms
[2020-05-12T20:20:20.515+0700][gc,phases     ] GC(8)   Other: 5,8ms
[2020-05-12T20:20:20.515+0700][gc,heap       ] GC(8) Eden regions: 53->0(59)
[2020-05-12T20:20:20.515+0700][gc,heap       ] GC(8) Survivor regions: 1->1(7)
[2020-05-12T20:20:20.515+0700][gc,heap       ] GC(8) Old regions: 12->12
[2020-05-12T20:20:20.515+0700][gc,heap       ] GC(8) Humongous regions: 129->129
[2020-05-12T20:20:20.515+0700][gc,metaspace  ] GC(8) Metaspace: 31591K->31591K(1077248K)
[2020-05-12T20:20:20.516+0700][gc            ] GC(8) Pause Young (Normal) (G1 Evacuation Pause) 193M->140M(1024M) 20,220ms
[2020-05-12T20:20:20.516+0700][gc,cpu        ] GC(8) User=0,04s Sys=0,00s Real=0,02s
[2020-05-12T21:09:24.099+0700][gc,start      ] GC(9) Pause Young (Normal) (G1 Evacuation Pause)
[2020-05-12T21:09:24.102+0700][gc,task       ] GC(9) Using 8 workers of 8 for evacuation
[2020-05-12T21:09:24.110+0700][gc,phases     ] GC(9)   Pre Evacuate Collection Set: 0,0ms
[2020-05-12T21:09:24.110+0700][gc,phases     ] GC(9)   Evacuate Collection Set: 4,5ms
[2020-05-12T21:09:24.110+0700][gc,phases     ] GC(9)   Post Evacuate Collection Set: 3,2ms
[2020-05-12T21:09:24.110+0700][gc,phases     ] GC(9)   Other: 3,3ms
[2020-05-12T21:09:24.110+0700][gc,heap       ] GC(9) Eden regions: 59->0(63)
[2020-05-12T21:09:24.110+0700][gc,heap       ] GC(9) Survivor regions: 1->1(8)
[2020-05-12T21:09:24.110+0700][gc,heap       ] GC(9) Old regions: 12->12
[2020-05-12T21:09:24.110+0700][gc,heap       ] GC(9) Humongous regions: 129->129
[2020-05-12T21:09:24.110+0700][gc,metaspace  ] GC(9) Metaspace: 31605K->31605K(1077248K)
[2020-05-12T21:09:24.110+0700][gc            ] GC(9) Pause Young (Normal) (G1 Evacuation Pause) 199M->140M(1024M) 11,272ms
[2020-05-12T21:09:24.110+0700][gc,cpu        ] GC(9) User=0,05s Sys=0,00s Real=0,01s
[2020-05-12T22:02:26.094+0700][gc,start      ] GC(10) Pause Young (Normal) (G1 Evacuation Pause)
[2020-05-12T22:02:26.094+0700][gc,task       ] GC(10) Using 8 workers of 8 for evacuation
[2020-05-12T22:02:26.097+0700][gc,phases     ] GC(10)   Pre Evacuate Collection Set: 0,0ms
[2020-05-12T22:02:26.097+0700][gc,phases     ] GC(10)   Evacuate Collection Set: 1,5ms
[2020-05-12T22:02:26.097+0700][gc,phases     ] GC(10)   Post Evacuate Collection Set: 0,9ms
[2020-05-12T22:02:26.097+0700][gc,phases     ] GC(10)   Other: 0,2ms
[2020-05-12T22:02:26.097+0700][gc,heap       ] GC(10) Eden regions: 63->0(73)
[2020-05-12T22:02:26.097+0700][gc,heap       ] GC(10) Survivor regions: 1->1(8)
[2020-05-12T22:02:26.097+0700][gc,heap       ] GC(10) Old regions: 12->12
[2020-05-12T22:02:26.097+0700][gc,heap       ] GC(10) Humongous regions: 129->129
[2020-05-12T22:02:26.097+0700][gc,metaspace  ] GC(10) Metaspace: 31642K->31642K(1077248K)
[2020-05-12T22:02:26.097+0700][gc            ] GC(10) Pause Young (Normal) (G1 Evacuation Pause) 203M->140M(1024M) 2,689ms
[2020-05-12T22:02:26.097+0700][gc,cpu        ] GC(10) User=0,01s Sys=0,01s Real=0,00s
[2020-05-12T22:45:37.486+0700][gc,heap,exit  ] Heap
[2020-05-12T22:45:37.513+0700][gc,heap,exit  ]  garbage-first heap   total 1048576K, used 202748K [0x00000000c0000000, 0x0000000100000000)
[2020-05-12T22:45:37.513+0700][gc,heap,exit  ]   region size 1024K, 60 young (61440K), 1 survivors (1024K)
[2020-05-12T22:45:37.513+0700][gc,heap,exit  ]  Metaspace       used 32484K, capacity 33982K, committed 34224K, reserved 1079296K
[2020-05-12T22:45:37.513+0700][gc,heap,exit  ]   class space    used 4313K, capacity 5021K, committed 5120K, reserved 1048576K
