[2020-05-13T12:57:13.521+0700][gc,heap] Heap region size: 1M
[2020-05-13T12:57:13.529+0700][gc     ] Using G1
[2020-05-13T12:57:13.529+0700][gc,heap,coops] Heap address: 0x00000000c0000000, size: 1024 MB, Compressed Oops mode: 32-bit
[2020-05-13T12:57:17.936+0700][gc,start     ] GC(0) Pause Young (Normal) (G1 Evacuation Pause)
[2020-05-13T12:57:17.942+0700][gc,task      ] GC(0) Using 8 workers of 8 for evacuation
[2020-05-13T12:57:17.957+0700][gc,phases    ] GC(0)   Pre Evacuate Collection Set: 0,0ms
[2020-05-13T12:57:17.957+0700][gc,phases    ] GC(0)   Evacuate Collection Set: 12,2ms
[2020-05-13T12:57:17.957+0700][gc,phases    ] GC(0)   Post Evacuate Collection Set: 2,6ms
[2020-05-13T12:57:17.957+0700][gc,phases    ] GC(0)   Other: 6,2ms
[2020-05-13T12:57:17.957+0700][gc,heap      ] GC(0) Eden regions: 51->0(44)
[2020-05-13T12:57:17.957+0700][gc,heap      ] GC(0) Survivor regions: 0->7(7)
[2020-05-13T12:57:17.957+0700][gc,heap      ] GC(0) Old regions: 0->0
[2020-05-13T12:57:17.957+0700][gc,heap      ] GC(0) Humongous regions: 0->0
[2020-05-13T12:57:17.957+0700][gc,metaspace ] GC(0) Metaspace: 15841K->15841K(1062912K)
[2020-05-13T12:57:17.957+0700][gc           ] GC(0) Pause Young (Normal) (G1 Evacuation Pause) 51M->6M(1024M) 20,891ms
[2020-05-13T12:57:17.957+0700][gc,cpu       ] GC(0) User=0,07s Sys=0,01s Real=0,02s
[2020-05-13T12:57:18.558+0700][gc,start     ] GC(1) Pause Young (Concurrent Start) (Metadata GC Threshold)
[2020-05-13T12:57:18.558+0700][gc,task      ] GC(1) Using 8 workers of 8 for evacuation
[2020-05-13T12:57:18.580+0700][gc,mmu       ] GC(1) MMU target violated: 21,0ms (20,0ms/21,0ms)
[2020-05-13T12:57:18.580+0700][gc,phases    ] GC(1)   Pre Evacuate Collection Set: 0,3ms
[2020-05-13T12:57:18.580+0700][gc,phases    ] GC(1)   Evacuate Collection Set: 18,9ms
[2020-05-13T12:57:18.580+0700][gc,phases    ] GC(1)   Post Evacuate Collection Set: 2,4ms
[2020-05-13T12:57:18.580+0700][gc,phases    ] GC(1)   Other: 0,6ms
[2020-05-13T12:57:18.580+0700][gc,heap      ] GC(1) Eden regions: 20->0(50)
[2020-05-13T12:57:18.580+0700][gc,heap      ] GC(1) Survivor regions: 7->1(7)
[2020-05-13T12:57:18.580+0700][gc,heap      ] GC(1) Old regions: 0->7
[2020-05-13T12:57:18.580+0700][gc,heap      ] GC(1) Humongous regions: 0->0
[2020-05-13T12:57:18.580+0700][gc,metaspace ] GC(1) Metaspace: 20596K->20596K(1067008K)
[2020-05-13T12:57:18.580+0700][gc           ] GC(1) Pause Young (Concurrent Start) (Metadata GC Threshold) 26M->7M(1024M) 21,926ms
[2020-05-13T12:57:18.580+0700][gc,cpu       ] GC(1) User=0,05s Sys=0,00s Real=0,03s
[2020-05-13T12:57:18.580+0700][gc           ] GC(2) Concurrent Cycle
[2020-05-13T12:57:18.580+0700][gc,marking   ] GC(2) Concurrent Clear Claimed Marks
[2020-05-13T12:57:18.580+0700][gc,marking   ] GC(2) Concurrent Clear Claimed Marks 0,170ms
[2020-05-13T12:57:18.580+0700][gc,marking   ] GC(2) Concurrent Scan Root Regions
[2020-05-13T12:57:18.581+0700][gc,marking   ] GC(2) Concurrent Scan Root Regions 1,024ms
[2020-05-13T12:57:18.581+0700][gc,marking   ] GC(2) Concurrent Mark (5,069s)
[2020-05-13T12:57:18.581+0700][gc,marking   ] GC(2) Concurrent Mark From Roots
[2020-05-13T12:57:18.581+0700][gc,task      ] GC(2) Using 2 workers of 2 for marking
[2020-05-13T12:57:18.589+0700][gc,marking   ] GC(2) Concurrent Mark From Roots 7,613ms
[2020-05-13T12:57:18.589+0700][gc,marking   ] GC(2) Concurrent Preclean
[2020-05-13T12:57:18.589+0700][gc,marking   ] GC(2) Concurrent Preclean 0,189ms
[2020-05-13T12:57:18.589+0700][gc,marking   ] GC(2) Concurrent Mark (5,069s, 5,077s) 7,850ms
[2020-05-13T12:57:18.673+0700][gc,start     ] GC(2) Pause Remark
[2020-05-13T12:57:18.695+0700][gc,stringtable] GC(2) Cleaned string and symbol table, strings: 9280 processed, 0 removed, symbols: 49778 processed, 56 removed
[2020-05-13T12:57:18.695+0700][gc,mmu        ] GC(2) MMU target violated: 21,0ms (20,0ms/21,0ms)
[2020-05-13T12:57:18.696+0700][gc            ] GC(2) Pause Remark 137M->137M(1024M) 22,744ms
[2020-05-13T12:57:18.696+0700][gc,cpu        ] GC(2) User=0,09s Sys=0,00s Real=0,02s
[2020-05-13T12:57:18.697+0700][gc,marking    ] GC(2) Concurrent Rebuild Remembered Sets
[2020-05-13T12:57:18.708+0700][gc,marking    ] GC(2) Concurrent Rebuild Remembered Sets 10,775ms
[2020-05-13T12:57:18.712+0700][gc,start      ] GC(2) Pause Cleanup
[2020-05-13T12:57:18.712+0700][gc            ] GC(2) Pause Cleanup 138M->138M(1024M) 0,222ms
[2020-05-13T12:57:18.712+0700][gc,cpu        ] GC(2) User=0,00s Sys=0,00s Real=0,00s
[2020-05-13T12:57:18.713+0700][gc,marking    ] GC(2) Concurrent Cleanup for Next Mark
[2020-05-13T12:57:18.720+0700][gc,marking    ] GC(2) Concurrent Cleanup for Next Mark 7,751ms
[2020-05-13T12:57:18.720+0700][gc            ] GC(2) Concurrent Cycle 140,439ms
[2020-05-13T12:57:19.788+0700][gc,start      ] GC(3) Pause Young (Normal) (G1 Evacuation Pause)
[2020-05-13T12:57:19.788+0700][gc,task       ] GC(3) Using 8 workers of 8 for evacuation
[2020-05-13T12:57:19.797+0700][gc,phases     ] GC(3)   Pre Evacuate Collection Set: 0,0ms
[2020-05-13T12:57:19.797+0700][gc,phases     ] GC(3)   Evacuate Collection Set: 4,4ms
[2020-05-13T12:57:19.797+0700][gc,phases     ] GC(3)   Post Evacuate Collection Set: 3,8ms
[2020-05-13T12:57:19.797+0700][gc,phases     ] GC(3)   Other: 0,8ms
[2020-05-13T12:57:19.797+0700][gc,heap       ] GC(3) Eden regions: 50->0(45)
[2020-05-13T12:57:19.797+0700][gc,heap       ] GC(3) Survivor regions: 1->6(7)
[2020-05-13T12:57:19.797+0700][gc,heap       ] GC(3) Old regions: 7->7
[2020-05-13T12:57:19.797+0700][gc,heap       ] GC(3) Humongous regions: 129->129
[2020-05-13T12:57:19.797+0700][gc,metaspace  ] GC(3) Metaspace: 30129K->30129K(1077248K)
[2020-05-13T12:57:19.797+0700][gc            ] GC(3) Pause Young (Normal) (G1 Evacuation Pause) 186M->140M(1024M) 8,773ms
[2020-05-13T12:57:19.797+0700][gc,cpu        ] GC(3) User=0,03s Sys=0,01s Real=0,01s
[2020-05-13T13:01:26.878+0700][gc,start      ] GC(4) Pause Young (Concurrent Start) (Metadata GC Threshold)
[2020-05-13T13:01:26.878+0700][gc,task       ] GC(4) Using 8 workers of 8 for evacuation
[2020-05-13T13:01:26.888+0700][gc,phases     ] GC(4)   Pre Evacuate Collection Set: 0,2ms
[2020-05-13T13:01:26.888+0700][gc,phases     ] GC(4)   Evacuate Collection Set: 9,0ms
[2020-05-13T13:01:26.888+0700][gc,phases     ] GC(4)   Post Evacuate Collection Set: 0,6ms
[2020-05-13T13:01:26.888+0700][gc,phases     ] GC(4)   Other: 0,3ms
[2020-05-13T13:01:26.888+0700][gc,heap       ] GC(4) Eden regions: 27->0(49)
[2020-05-13T13:01:26.888+0700][gc,heap       ] GC(4) Survivor regions: 6->2(7)
[2020-05-13T13:01:26.888+0700][gc,heap       ] GC(4) Old regions: 7->12
[2020-05-13T13:01:26.888+0700][gc,heap       ] GC(4) Humongous regions: 129->129
[2020-05-13T13:01:26.888+0700][gc,metaspace  ] GC(4) Metaspace: 34118K->34118K(1079296K)
[2020-05-13T13:01:26.888+0700][gc            ] GC(4) Pause Young (Concurrent Start) (Metadata GC Threshold) 167M->142M(1024M) 10,297ms
[2020-05-13T13:01:26.888+0700][gc,cpu        ] GC(4) User=0,05s Sys=0,00s Real=0,01s
[2020-05-13T13:01:26.888+0700][gc            ] GC(5) Concurrent Cycle
[2020-05-13T13:01:26.888+0700][gc,marking    ] GC(5) Concurrent Clear Claimed Marks
[2020-05-13T13:01:26.889+0700][gc,marking    ] GC(5) Concurrent Clear Claimed Marks 0,311ms
[2020-05-13T13:01:26.889+0700][gc,marking    ] GC(5) Concurrent Scan Root Regions
[2020-05-13T13:01:26.890+0700][gc,marking    ] GC(5) Concurrent Scan Root Regions 1,594ms
[2020-05-13T13:01:26.890+0700][gc,marking    ] GC(5) Concurrent Mark (253,378s)
[2020-05-13T13:01:26.890+0700][gc,marking    ] GC(5) Concurrent Mark From Roots
[2020-05-13T13:01:26.890+0700][gc,task       ] GC(5) Using 2 workers of 2 for marking
[2020-05-13T13:01:26.916+0700][gc,marking    ] GC(5) Concurrent Mark From Roots 25,196ms
[2020-05-13T13:01:26.916+0700][gc,marking    ] GC(5) Concurrent Preclean
[2020-05-13T13:01:26.916+0700][gc,marking    ] GC(5) Concurrent Preclean 0,283ms
[2020-05-13T13:01:26.916+0700][gc,marking    ] GC(5) Concurrent Mark (253,378s, 253,404s) 25,705ms
[2020-05-13T13:01:26.916+0700][gc,start      ] GC(5) Pause Remark
[2020-05-13T13:01:26.925+0700][gc,stringtable] GC(5) Cleaned string and symbol table, strings: 15322 processed, 8 removed, symbols: 78096 processed, 30 removed
[2020-05-13T13:01:26.926+0700][gc            ] GC(5) Pause Remark 143M->143M(1024M) 9,262ms
[2020-05-13T13:01:26.926+0700][gc,cpu        ] GC(5) User=0,03s Sys=0,00s Real=0,01s
[2020-05-13T13:01:26.926+0700][gc,marking    ] GC(5) Concurrent Rebuild Remembered Sets
[2020-05-13T13:01:26.935+0700][gc,marking    ] GC(5) Concurrent Rebuild Remembered Sets 8,662ms
[2020-05-13T13:01:26.935+0700][gc,start      ] GC(5) Pause Cleanup
[2020-05-13T13:01:26.935+0700][gc            ] GC(5) Pause Cleanup 143M->143M(1024M) 0,289ms
[2020-05-13T13:01:26.935+0700][gc,cpu        ] GC(5) User=0,00s Sys=0,00s Real=0,00s
[2020-05-13T13:01:26.936+0700][gc,marking    ] GC(5) Concurrent Cleanup for Next Mark
[2020-05-13T13:01:26.940+0700][gc,marking    ] GC(5) Concurrent Cleanup for Next Mark 4,620ms
[2020-05-13T13:01:26.940+0700][gc            ] GC(5) Concurrent Cycle 51,888ms
[2020-05-13T13:02:31.110+0700][gc,start      ] GC(6) Pause Young (Concurrent Start) (G1 Evacuation Pause)
[2020-05-13T13:02:31.110+0700][gc,task       ] GC(6) Using 8 workers of 8 for evacuation
[2020-05-13T13:02:31.115+0700][gc,phases     ] GC(6)   Pre Evacuate Collection Set: 0,2ms
[2020-05-13T13:02:31.115+0700][gc,phases     ] GC(6)   Evacuate Collection Set: 4,2ms
[2020-05-13T13:02:31.115+0700][gc,phases     ] GC(6)   Post Evacuate Collection Set: 1,0ms
[2020-05-13T13:02:31.115+0700][gc,phases     ] GC(6)   Other: 0,4ms
[2020-05-13T13:02:31.115+0700][gc,heap       ] GC(6) Eden regions: 49->0(47)
[2020-05-13T13:02:31.115+0700][gc,heap       ] GC(6) Survivor regions: 2->4(7)
[2020-05-13T13:02:31.115+0700][gc,heap       ] GC(6) Old regions: 12->12
[2020-05-13T13:02:31.115+0700][gc,heap       ] GC(6) Humongous regions: 129->129
[2020-05-13T13:02:31.115+0700][gc,metaspace  ] GC(6) Metaspace: 38557K->38557K(1083392K)
[2020-05-13T13:02:31.115+0700][gc            ] GC(6) Pause Young (Concurrent Start) (G1 Evacuation Pause) 191M->144M(1024M) 5,802ms
[2020-05-13T13:02:31.116+0700][gc,cpu        ] GC(6) User=0,03s Sys=0,00s Real=0,01s
[2020-05-13T13:02:31.116+0700][gc            ] GC(7) Concurrent Cycle
[2020-05-13T13:02:31.116+0700][gc,marking    ] GC(7) Concurrent Clear Claimed Marks
[2020-05-13T13:02:31.116+0700][gc,marking    ] GC(7) Concurrent Clear Claimed Marks 0,209ms
[2020-05-13T13:02:31.116+0700][gc,marking    ] GC(7) Concurrent Scan Root Regions
[2020-05-13T13:02:31.118+0700][gc,marking    ] GC(7) Concurrent Scan Root Regions 1,746ms
[2020-05-13T13:02:31.118+0700][gc,marking    ] GC(7) Concurrent Mark (317,606s)
[2020-05-13T13:02:31.118+0700][gc,marking    ] GC(7) Concurrent Mark From Roots
[2020-05-13T13:02:31.118+0700][gc,task       ] GC(7) Using 2 workers of 2 for marking
[2020-05-13T13:02:31.126+0700][gc,marking    ] GC(7) Concurrent Mark From Roots 8,011ms
[2020-05-13T13:02:31.126+0700][gc,marking    ] GC(7) Concurrent Preclean
[2020-05-13T13:02:31.126+0700][gc,marking    ] GC(7) Concurrent Preclean 0,162ms
[2020-05-13T13:02:31.126+0700][gc,marking    ] GC(7) Concurrent Mark (317,606s, 317,614s) 8,263ms
[2020-05-13T13:02:31.126+0700][gc,start      ] GC(7) Pause Remark
[2020-05-13T13:02:31.130+0700][gc,stringtable] GC(7) Cleaned string and symbol table, strings: 16577 processed, 4 removed, symbols: 81309 processed, 5 removed
[2020-05-13T13:02:31.130+0700][gc            ] GC(7) Pause Remark 144M->144M(1024M) 4,071ms
[2020-05-13T13:02:31.130+0700][gc,cpu        ] GC(7) User=0,02s Sys=0,00s Real=0,00s
[2020-05-13T13:02:31.130+0700][gc,marking    ] GC(7) Concurrent Rebuild Remembered Sets
[2020-05-13T13:02:31.135+0700][gc,marking    ] GC(7) Concurrent Rebuild Remembered Sets 4,655ms
[2020-05-13T13:02:31.135+0700][gc,start      ] GC(7) Pause Cleanup
[2020-05-13T13:02:31.135+0700][gc            ] GC(7) Pause Cleanup 144M->144M(1024M) 0,241ms
[2020-05-13T13:02:31.135+0700][gc,cpu        ] GC(7) User=0,00s Sys=0,00s Real=0,00s
[2020-05-13T13:02:31.135+0700][gc,marking    ] GC(7) Concurrent Cleanup for Next Mark
[2020-05-13T13:02:31.137+0700][gc,marking    ] GC(7) Concurrent Cleanup for Next Mark 1,150ms
[2020-05-13T13:02:31.137+0700][gc            ] GC(7) Concurrent Cycle 21,161ms
[2020-05-13T13:03:42.140+0700][gc,start      ] GC(8) Pause Young (Normal) (G1 Evacuation Pause)
[2020-05-13T13:03:42.140+0700][gc,task       ] GC(8) Using 8 workers of 8 for evacuation
[2020-05-13T13:03:42.147+0700][gc,phases     ] GC(8)   Pre Evacuate Collection Set: 0,0ms
[2020-05-13T13:03:42.147+0700][gc,phases     ] GC(8)   Evacuate Collection Set: 6,2ms
[2020-05-13T13:03:42.147+0700][gc,phases     ] GC(8)   Post Evacuate Collection Set: 1,1ms
[2020-05-13T13:03:42.147+0700][gc,phases     ] GC(8)   Other: 0,3ms
[2020-05-13T13:03:42.147+0700][gc,heap       ] GC(8) Eden regions: 47->0(45)
[2020-05-13T13:03:42.147+0700][gc,heap       ] GC(8) Survivor regions: 4->6(7)
[2020-05-13T13:03:42.147+0700][gc,heap       ] GC(8) Old regions: 12->13
[2020-05-13T13:03:42.147+0700][gc,heap       ] GC(8) Humongous regions: 129->129
[2020-05-13T13:03:42.147+0700][gc,metaspace  ] GC(8) Metaspace: 39605K->39605K(1085440K)
[2020-05-13T13:03:42.147+0700][gc            ] GC(8) Pause Young (Normal) (G1 Evacuation Pause) 191M->147M(1024M) 7,783ms
[2020-05-13T13:03:42.147+0700][gc,cpu        ] GC(8) User=0,04s Sys=0,00s Real=0,00s
[2020-05-13T13:05:07.904+0700][gc,start      ] GC(9) Pause Young (Normal) (G1 Evacuation Pause)
[2020-05-13T13:05:07.904+0700][gc,task       ] GC(9) Using 8 workers of 8 for evacuation
[2020-05-13T13:05:07.908+0700][gc,phases     ] GC(9)   Pre Evacuate Collection Set: 0,0ms
[2020-05-13T13:05:07.908+0700][gc,phases     ] GC(9)   Evacuate Collection Set: 3,9ms
[2020-05-13T13:05:07.908+0700][gc,phases     ] GC(9)   Post Evacuate Collection Set: 0,6ms
[2020-05-13T13:05:07.908+0700][gc,phases     ] GC(9)   Other: 0,2ms
[2020-05-13T13:05:07.908+0700][gc,heap       ] GC(9) Eden regions: 45->0(47)
[2020-05-13T13:05:07.908+0700][gc,heap       ] GC(9) Survivor regions: 6->4(7)
[2020-05-13T13:05:07.908+0700][gc,heap       ] GC(9) Old regions: 13->15
[2020-05-13T13:05:07.908+0700][gc,heap       ] GC(9) Humongous regions: 129->129
[2020-05-13T13:05:07.908+0700][gc,metaspace  ] GC(9) Metaspace: 39711K->39711K(1085440K)
[2020-05-13T13:05:07.909+0700][gc            ] GC(9) Pause Young (Normal) (G1 Evacuation Pause) 192M->146M(1024M) 4,855ms
[2020-05-13T13:05:07.909+0700][gc,cpu        ] GC(9) User=0,03s Sys=0,00s Real=0,00s
[2020-05-13T13:06:39.147+0700][gc,start      ] GC(10) Pause Young (Normal) (G1 Evacuation Pause)
[2020-05-13T13:06:39.147+0700][gc,task       ] GC(10) Using 8 workers of 8 for evacuation
[2020-05-13T13:06:39.152+0700][gc,phases     ] GC(10)   Pre Evacuate Collection Set: 0,0ms
[2020-05-13T13:06:39.152+0700][gc,phases     ] GC(10)   Evacuate Collection Set: 4,5ms
[2020-05-13T13:06:39.152+0700][gc,phases     ] GC(10)   Post Evacuate Collection Set: 0,6ms
[2020-05-13T13:06:39.152+0700][gc,phases     ] GC(10)   Other: 0,3ms
[2020-05-13T13:06:39.152+0700][gc,heap       ] GC(10) Eden regions: 47->0(44)
[2020-05-13T13:06:39.152+0700][gc,heap       ] GC(10) Survivor regions: 4->7(7)
[2020-05-13T13:06:39.152+0700][gc,heap       ] GC(10) Old regions: 15->15
[2020-05-13T13:06:39.152+0700][gc,heap       ] GC(10) Humongous regions: 129->129
[2020-05-13T13:06:39.152+0700][gc,metaspace  ] GC(10) Metaspace: 39753K->39753K(1085440K)
[2020-05-13T13:06:39.152+0700][gc            ] GC(10) Pause Young (Normal) (G1 Evacuation Pause) 193M->150M(1024M) 5,411ms
[2020-05-13T13:06:39.152+0700][gc,cpu        ] GC(10) User=0,03s Sys=0,00s Real=0,01s
[2020-05-13T13:08:01.656+0700][gc,start      ] GC(11) Pause Young (Normal) (G1 Evacuation Pause)
[2020-05-13T13:08:01.675+0700][gc,task       ] GC(11) Using 8 workers of 8 for evacuation
[2020-05-13T13:08:01.693+0700][gc,phases     ] GC(11)   Pre Evacuate Collection Set: 0,0ms
[2020-05-13T13:08:01.694+0700][gc,phases     ] GC(11)   Evacuate Collection Set: 17,3ms
[2020-05-13T13:08:01.694+0700][gc,phases     ] GC(11)   Post Evacuate Collection Set: 1,1ms
[2020-05-13T13:08:01.694+0700][gc,phases     ] GC(11)   Other: 19,4ms
[2020-05-13T13:08:01.694+0700][gc,heap       ] GC(11) Eden regions: 44->0(47)
[2020-05-13T13:08:01.694+0700][gc,heap       ] GC(11) Survivor regions: 7->5(7)
[2020-05-13T13:08:01.694+0700][gc,heap       ] GC(11) Old regions: 15->18
[2020-05-13T13:08:01.694+0700][gc,heap       ] GC(11) Humongous regions: 129->129
[2020-05-13T13:08:01.694+0700][gc,metaspace  ] GC(11) Metaspace: 39856K->39856K(1085440K)
[2020-05-13T13:08:01.694+0700][gc            ] GC(11) Pause Young (Normal) (G1 Evacuation Pause) 194M->150M(1024M) 38,119ms
[2020-05-13T13:08:01.694+0700][gc,cpu        ] GC(11) User=0,12s Sys=0,00s Real=0,04s
[2020-05-13T13:09:33.709+0700][gc,start      ] GC(12) Pause Young (Normal) (G1 Evacuation Pause)
[2020-05-13T13:09:33.712+0700][gc,task       ] GC(12) Using 8 workers of 8 for evacuation
[2020-05-13T13:09:33.718+0700][gc,phases     ] GC(12)   Pre Evacuate Collection Set: 0,0ms
[2020-05-13T13:09:33.718+0700][gc,phases     ] GC(12)   Evacuate Collection Set: 4,8ms
[2020-05-13T13:09:33.718+0700][gc,phases     ] GC(12)   Post Evacuate Collection Set: 0,5ms
[2020-05-13T13:09:33.718+0700][gc,phases     ] GC(12)   Other: 3,1ms
[2020-05-13T13:09:33.718+0700][gc,heap       ] GC(12) Eden regions: 47->0(56)
[2020-05-13T13:09:33.718+0700][gc,heap       ] GC(12) Survivor regions: 5->4(7)
[2020-05-13T13:09:33.718+0700][gc,heap       ] GC(12) Old regions: 18->18
[2020-05-13T13:09:33.718+0700][gc,heap       ] GC(12) Humongous regions: 129->129
[2020-05-13T13:09:33.718+0700][gc,metaspace  ] GC(12) Metaspace: 39905K->39905K(1085440K)
[2020-05-13T13:09:33.718+0700][gc            ] GC(12) Pause Young (Normal) (G1 Evacuation Pause) 197M->150M(1024M) 8,567ms
[2020-05-13T13:09:33.718+0700][gc,cpu        ] GC(12) User=0,03s Sys=0,00s Real=0,01s
[2020-05-13T13:11:22.546+0700][gc,start      ] GC(13) Pause Young (Normal) (G1 Evacuation Pause)
[2020-05-13T13:11:22.546+0700][gc,task       ] GC(13) Using 8 workers of 8 for evacuation
[2020-05-13T13:11:22.552+0700][gc,phases     ] GC(13)   Pre Evacuate Collection Set: 0,0ms
[2020-05-13T13:11:22.552+0700][gc,phases     ] GC(13)   Evacuate Collection Set: 5,4ms
[2020-05-13T13:11:22.552+0700][gc,phases     ] GC(13)   Post Evacuate Collection Set: 0,6ms
[2020-05-13T13:11:22.552+0700][gc,phases     ] GC(13)   Other: 0,6ms
[2020-05-13T13:11:22.552+0700][gc,heap       ] GC(13) Eden regions: 56->0(59)
[2020-05-13T13:11:22.552+0700][gc,heap       ] GC(13) Survivor regions: 4->5(8)
[2020-05-13T13:11:22.552+0700][gc,heap       ] GC(13) Old regions: 18->18
[2020-05-13T13:11:22.552+0700][gc,heap       ] GC(13) Humongous regions: 129->129
[2020-05-13T13:11:22.552+0700][gc,metaspace  ] GC(13) Metaspace: 39960K->39960K(1085440K)
[2020-05-13T13:11:22.552+0700][gc            ] GC(13) Pause Young (Normal) (G1 Evacuation Pause) 206M->151M(1024M) 6,723ms
[2020-05-13T13:11:22.552+0700][gc,cpu        ] GC(13) User=0,04s Sys=0,00s Real=0,01s
[2020-05-13T13:13:18.837+0700][gc,start      ] GC(14) Pause Young (Normal) (G1 Evacuation Pause)
[2020-05-13T13:13:18.838+0700][gc,task       ] GC(14) Using 8 workers of 8 for evacuation
[2020-05-13T13:13:18.843+0700][gc,phases     ] GC(14)   Pre Evacuate Collection Set: 0,0ms
[2020-05-13T13:13:18.843+0700][gc,phases     ] GC(14)   Evacuate Collection Set: 5,1ms
[2020-05-13T13:13:18.843+0700][gc,phases     ] GC(14)   Post Evacuate Collection Set: 0,4ms
[2020-05-13T13:13:18.843+0700][gc,phases     ] GC(14)   Other: 0,4ms
[2020-05-13T13:13:18.843+0700][gc,heap       ] GC(14) Eden regions: 59->0(66)
[2020-05-13T13:13:18.843+0700][gc,heap       ] GC(14) Survivor regions: 5->5(8)
[2020-05-13T13:13:18.844+0700][gc,heap       ] GC(14) Old regions: 18->19
[2020-05-13T13:13:18.844+0700][gc,heap       ] GC(14) Humongous regions: 129->129
[2020-05-13T13:13:18.844+0700][gc,metaspace  ] GC(14) Metaspace: 40077K->40077K(1085440K)
[2020-05-13T13:13:18.844+0700][gc            ] GC(14) Pause Young (Normal) (G1 Evacuation Pause) 210M->152M(1024M) 6,073ms
[2020-05-13T13:13:18.844+0700][gc,cpu        ] GC(14) User=0,03s Sys=0,00s Real=0,01s
[2020-05-13T13:15:31.788+0700][gc,start      ] GC(15) Pause Young (Normal) (G1 Evacuation Pause)
[2020-05-13T13:15:31.790+0700][gc,task       ] GC(15) Using 8 workers of 8 for evacuation
[2020-05-13T13:15:31.819+0700][gc,mmu        ] GC(15) MMU target violated: 21,0ms (20,0ms/21,0ms)
[2020-05-13T13:15:31.819+0700][gc,phases     ] GC(15)   Pre Evacuate Collection Set: 0,8ms
[2020-05-13T13:15:31.819+0700][gc,phases     ] GC(15)   Evacuate Collection Set: 26,6ms
[2020-05-13T13:15:31.819+0700][gc,phases     ] GC(15)   Post Evacuate Collection Set: 1,3ms
[2020-05-13T13:15:31.820+0700][gc,phases     ] GC(15)   Other: 2,7ms
[2020-05-13T13:15:31.820+0700][gc,heap       ] GC(15) Eden regions: 66->0(65)
[2020-05-13T13:15:31.820+0700][gc,heap       ] GC(15) Survivor regions: 5->7(9)
[2020-05-13T13:15:31.820+0700][gc,heap       ] GC(15) Old regions: 19->19
[2020-05-13T13:15:31.820+0700][gc,heap       ] GC(15) Humongous regions: 129->129
[2020-05-13T13:15:31.820+0700][gc,metaspace  ] GC(15) Metaspace: 40107K->40107K(1085440K)
[2020-05-13T13:15:31.820+0700][gc            ] GC(15) Pause Young (Normal) (G1 Evacuation Pause) 218M->154M(1024M) 31,767ms
[2020-05-13T13:15:31.820+0700][gc,cpu        ] GC(15) User=0,16s Sys=0,01s Real=0,04s
[2020-05-13T13:17:41.931+0700][gc,start      ] GC(16) Pause Young (Normal) (G1 Evacuation Pause)
[2020-05-13T13:17:41.939+0700][gc,task       ] GC(16) Using 8 workers of 8 for evacuation
[2020-05-13T13:17:41.963+0700][gc,mmu        ] GC(16) MMU target violated: 21,0ms (20,0ms/21,0ms)
[2020-05-13T13:17:41.963+0700][gc,phases     ] GC(16)   Pre Evacuate Collection Set: 0,0ms
[2020-05-13T13:17:41.963+0700][gc,phases     ] GC(16)   Evacuate Collection Set: 22,5ms
[2020-05-13T13:17:41.963+0700][gc,phases     ] GC(16)   Post Evacuate Collection Set: 1,1ms
[2020-05-13T13:17:41.963+0700][gc,phases     ] GC(16)   Other: 8,6ms
[2020-05-13T13:17:41.963+0700][gc,heap       ] GC(16) Eden regions: 65->0(65)
[2020-05-13T13:17:41.963+0700][gc,heap       ] GC(16) Survivor regions: 7->7(9)
[2020-05-13T13:17:41.963+0700][gc,heap       ] GC(16) Old regions: 19->21
[2020-05-13T13:17:41.963+0700][gc,heap       ] GC(16) Humongous regions: 129->129
[2020-05-13T13:17:41.963+0700][gc,metaspace  ] GC(16) Metaspace: 40164K->40164K(1085440K)
[2020-05-13T13:17:41.963+0700][gc            ] GC(16) Pause Young (Normal) (G1 Evacuation Pause) 219M->156M(1024M) 32,364ms
[2020-05-13T13:17:41.963+0700][gc,cpu        ] GC(16) User=0,15s Sys=0,01s Real=0,03s
[2020-05-13T13:19:48.723+0700][gc,start      ] GC(17) Pause Young (Normal) (G1 Evacuation Pause)
[2020-05-13T13:19:48.747+0700][gc,task       ] GC(17) Using 8 workers of 8 for evacuation
[2020-05-13T13:19:48.765+0700][gc,phases     ] GC(17)   Pre Evacuate Collection Set: 0,0ms
[2020-05-13T13:19:48.765+0700][gc,phases     ] GC(17)   Evacuate Collection Set: 17,0ms
[2020-05-13T13:19:48.765+0700][gc,phases     ] GC(17)   Post Evacuate Collection Set: 0,6ms
[2020-05-13T13:19:48.765+0700][gc,phases     ] GC(17)   Other: 24,1ms
[2020-05-13T13:19:48.765+0700][gc,heap       ] GC(17) Eden regions: 65->0(66)
[2020-05-13T13:19:48.765+0700][gc,heap       ] GC(17) Survivor regions: 7->9(9)
[2020-05-13T13:19:48.765+0700][gc,heap       ] GC(17) Old regions: 21->23
[2020-05-13T13:19:48.765+0700][gc,heap       ] GC(17) Humongous regions: 129->129
[2020-05-13T13:19:48.765+0700][gc,metaspace  ] GC(17) Metaspace: 40798K->40798K(1085440K)
[2020-05-13T13:19:48.765+0700][gc            ] GC(17) Pause Young (Normal) (G1 Evacuation Pause) 221M->160M(1024M) 41,727ms
[2020-05-13T13:19:48.765+0700][gc,cpu        ] GC(17) User=0,07s Sys=0,00s Real=0,04s
[2020-05-13T13:23:18.917+0700][gc,start      ] GC(18) Pause Young (Normal) (G1 Evacuation Pause)
[2020-05-13T13:23:18.945+0700][gc,task       ] GC(18) Using 8 workers of 8 for evacuation
[2020-05-13T13:23:18.953+0700][gc,phases     ] GC(18)   Pre Evacuate Collection Set: 0,0ms
[2020-05-13T13:23:18.953+0700][gc,phases     ] GC(18)   Evacuate Collection Set: 6,7ms
[2020-05-13T13:23:18.953+0700][gc,phases     ] GC(18)   Post Evacuate Collection Set: 0,6ms
[2020-05-13T13:23:18.953+0700][gc,phases     ] GC(18)   Other: 28,0ms
[2020-05-13T13:23:18.953+0700][gc,heap       ] GC(18) Eden regions: 66->0(75)
[2020-05-13T13:23:18.953+0700][gc,heap       ] GC(18) Survivor regions: 9->6(10)
[2020-05-13T13:23:18.953+0700][gc,heap       ] GC(18) Old regions: 23->26
[2020-05-13T13:23:18.953+0700][gc,heap       ] GC(18) Humongous regions: 129->129
[2020-05-13T13:23:18.953+0700][gc,metaspace  ] GC(18) Metaspace: 40947K->40947K(1087488K)
[2020-05-13T13:23:18.957+0700][gc            ] GC(18) Pause Young (Normal) (G1 Evacuation Pause) 226M->160M(1024M) 39,135ms
[2020-05-13T13:23:18.957+0700][gc,cpu        ] GC(18) User=0,04s Sys=0,00s Real=0,04s
[2020-05-13T13:27:14.498+0700][gc,start      ] GC(19) Pause Young (Normal) (G1 Evacuation Pause)
[2020-05-13T13:27:14.499+0700][gc,task       ] GC(19) Using 8 workers of 8 for evacuation
[2020-05-13T13:27:14.513+0700][gc,phases     ] GC(19)   Pre Evacuate Collection Set: 0,0ms
[2020-05-13T13:27:14.513+0700][gc,phases     ] GC(19)   Evacuate Collection Set: 12,7ms
[2020-05-13T13:27:14.513+0700][gc,phases     ] GC(19)   Post Evacuate Collection Set: 0,7ms
[2020-05-13T13:27:14.513+0700][gc,phases     ] GC(19)   Other: 1,9ms
[2020-05-13T13:27:14.513+0700][gc,heap       ] GC(19) Eden regions: 75->0(77)
[2020-05-13T13:27:14.513+0700][gc,heap       ] GC(19) Survivor regions: 6->8(11)
[2020-05-13T13:27:14.513+0700][gc,heap       ] GC(19) Old regions: 26->26
[2020-05-13T13:27:14.513+0700][gc,heap       ] GC(19) Humongous regions: 129->129
[2020-05-13T13:27:14.513+0700][gc,metaspace  ] GC(19) Metaspace: 40974K->40974K(1087488K)
[2020-05-13T13:27:14.513+0700][gc            ] GC(19) Pause Young (Normal) (G1 Evacuation Pause) 235M->162M(1024M) 15,449ms
[2020-05-13T13:27:14.513+0700][gc,cpu        ] GC(19) User=0,06s Sys=0,01s Real=0,02s
[2020-05-13T17:46:23.731+0700][gc,start      ] GC(20) Pause Young (Normal) (G1 Evacuation Pause)
[2020-05-13T17:46:23.732+0700][gc,task       ] GC(20) Using 8 workers of 8 for evacuation
[2020-05-13T17:46:23.747+0700][gc,phases     ] GC(20)   Pre Evacuate Collection Set: 0,1ms
[2020-05-13T17:46:23.747+0700][gc,phases     ] GC(20)   Evacuate Collection Set: 14,2ms
[2020-05-13T17:46:23.747+0700][gc,phases     ] GC(20)   Post Evacuate Collection Set: 0,6ms
[2020-05-13T17:46:23.747+0700][gc,phases     ] GC(20)   Other: 0,8ms
[2020-05-13T17:46:23.747+0700][gc,heap       ] GC(20) Eden regions: 77->0(79)
[2020-05-13T17:46:23.747+0700][gc,heap       ] GC(20) Survivor regions: 8->11(11)
[2020-05-13T17:46:23.747+0700][gc,heap       ] GC(20) Old regions: 26->29
[2020-05-13T17:46:23.747+0700][gc,heap       ] GC(20) Humongous regions: 129->129
[2020-05-13T17:46:23.747+0700][gc,metaspace  ] GC(20) Metaspace: 41042K->41042K(1087488K)
[2020-05-13T17:46:23.747+0700][gc            ] GC(20) Pause Young (Normal) (G1 Evacuation Pause) 239M->167M(1024M) 15,886ms
[2020-05-13T17:46:23.747+0700][gc,cpu        ] GC(20) User=0,09s Sys=0,00s Real=0,02s
[2020-05-13T17:50:25.386+0700][gc,start      ] GC(21) Pause Young (Normal) (G1 Evacuation Pause)
[2020-05-13T17:50:25.406+0700][gc,task       ] GC(21) Using 8 workers of 8 for evacuation
[2020-05-13T17:50:25.463+0700][gc,mmu        ] GC(21) MMU target violated: 21,0ms (20,0ms/21,0ms)
[2020-05-13T17:50:25.463+0700][gc,phases     ] GC(21)   Pre Evacuate Collection Set: 0,4ms
[2020-05-13T17:50:25.463+0700][gc,phases     ] GC(21)   Evacuate Collection Set: 55,2ms
[2020-05-13T17:50:25.463+0700][gc,phases     ] GC(21)   Post Evacuate Collection Set: 1,1ms
[2020-05-13T17:50:25.463+0700][gc,phases     ] GC(21)   Other: 19,9ms
[2020-05-13T17:50:25.463+0700][gc,heap       ] GC(21) Eden regions: 79->0(42)
[2020-05-13T17:50:25.463+0700][gc,heap       ] GC(21) Survivor regions: 11->9(12)
[2020-05-13T17:50:25.463+0700][gc,heap       ] GC(21) Old regions: 29->34
[2020-05-13T17:50:25.463+0700][gc,heap       ] GC(21) Humongous regions: 129->129
[2020-05-13T17:50:25.463+0700][gc,metaspace  ] GC(21) Metaspace: 41090K->41090K(1087488K)
[2020-05-13T17:50:25.463+0700][gc            ] GC(21) Pause Young (Normal) (G1 Evacuation Pause) 246M->170M(1024M) 76,760ms
[2020-05-13T17:50:25.463+0700][gc,cpu        ] GC(21) User=0,20s Sys=0,03s Real=0,08s
[2020-05-13T17:52:33.940+0700][gc,start      ] GC(22) Pause Young (Normal) (G1 Evacuation Pause)
[2020-05-13T17:52:33.940+0700][gc,task       ] GC(22) Using 8 workers of 8 for evacuation
[2020-05-13T17:52:33.963+0700][gc,mmu        ] GC(22) MMU target violated: 21,0ms (20,0ms/21,0ms)
[2020-05-13T17:52:33.963+0700][gc,phases     ] GC(22)   Pre Evacuate Collection Set: 0,4ms
[2020-05-13T17:52:33.963+0700][gc,phases     ] GC(22)   Evacuate Collection Set: 21,3ms
[2020-05-13T17:52:33.963+0700][gc,phases     ] GC(22)   Post Evacuate Collection Set: 1,0ms
[2020-05-13T17:52:33.963+0700][gc,phases     ] GC(22)   Other: 0,9ms
[2020-05-13T17:52:33.963+0700][gc,heap       ] GC(22) Eden regions: 42->0(63)
[2020-05-13T17:52:33.963+0700][gc,heap       ] GC(22) Survivor regions: 9->4(7)
[2020-05-13T17:52:33.963+0700][gc,heap       ] GC(22) Old regions: 34->40
[2020-05-13T17:52:33.963+0700][gc,heap       ] GC(22) Humongous regions: 129->129
[2020-05-13T17:52:33.963+0700][gc,metaspace  ] GC(22) Metaspace: 41098K->41098K(1087488K)
[2020-05-13T17:52:33.963+0700][gc            ] GC(22) Pause Young (Normal) (G1 Evacuation Pause) 212M->172M(1024M) 23,546ms
[2020-05-13T17:52:33.963+0700][gc,cpu        ] GC(22) User=0,13s Sys=0,01s Real=0,03s
[2020-05-13T17:55:34.197+0700][gc,start      ] GC(23) Pause Young (Normal) (G1 Evacuation Pause)
[2020-05-13T17:55:34.206+0700][gc,task       ] GC(23) Using 8 workers of 8 for evacuation
[2020-05-13T17:55:34.222+0700][gc,phases     ] GC(23)   Pre Evacuate Collection Set: 0,0ms
[2020-05-13T17:55:34.222+0700][gc,phases     ] GC(23)   Evacuate Collection Set: 14,9ms
[2020-05-13T17:55:34.222+0700][gc,phases     ] GC(23)   Post Evacuate Collection Set: 1,0ms
[2020-05-13T17:55:34.222+0700][gc,phases     ] GC(23)   Other: 9,8ms
[2020-05-13T17:55:34.222+0700][gc,heap       ] GC(23) Eden regions: 63->0(64)
[2020-05-13T17:55:34.222+0700][gc,heap       ] GC(23) Survivor regions: 4->5(9)
[2020-05-13T17:55:34.222+0700][gc,heap       ] GC(23) Old regions: 40->40
[2020-05-13T17:55:34.222+0700][gc,heap       ] GC(23) Humongous regions: 129->129
[2020-05-13T17:55:34.222+0700][gc,metaspace  ] GC(23) Metaspace: 41322K->41322K(1087488K)
[2020-05-13T17:55:34.223+0700][gc            ] GC(23) Pause Young (Normal) (G1 Evacuation Pause) 235M->173M(1024M) 25,966ms
[2020-05-13T17:55:34.223+0700][gc,cpu        ] GC(23) User=0,10s Sys=0,00s Real=0,03s
[2020-05-13T17:58:23.169+0700][gc,start      ] GC(24) Pause Young (Normal) (G1 Evacuation Pause)
[2020-05-13T17:58:23.172+0700][gc,task       ] GC(24) Using 8 workers of 8 for evacuation
[2020-05-13T17:58:23.201+0700][gc,mmu        ] GC(24) MMU target violated: 21,0ms (20,0ms/21,0ms)
[2020-05-13T17:58:23.201+0700][gc,phases     ] GC(24)   Pre Evacuate Collection Set: 0,0ms
[2020-05-13T17:58:23.201+0700][gc,phases     ] GC(24)   Evacuate Collection Set: 27,1ms
[2020-05-13T17:58:23.201+0700][gc,phases     ] GC(24)   Post Evacuate Collection Set: 0,9ms
[2020-05-13T17:58:23.201+0700][gc,phases     ] GC(24)   Other: 3,4ms
[2020-05-13T17:58:23.201+0700][gc,heap       ] GC(24) Eden regions: 57->0(45)
[2020-05-13T17:58:23.201+0700][gc,heap       ] GC(24) Survivor regions: 5->7(8)
[2020-05-13T17:58:23.201+0700][gc,heap       ] GC(24) Old regions: 40->42
[2020-05-13T17:58:23.201+0700][gc,heap       ] GC(24) Humongous regions: 129->129
[2020-05-13T17:58:23.201+0700][gc,metaspace  ] GC(24) Metaspace: 41329K->41329K(1087488K)
[2020-05-13T17:58:23.201+0700][gc            ] GC(24) Pause Young (Normal) (G1 Evacuation Pause) 230M->176M(1024M) 31,582ms
[2020-05-13T17:58:23.201+0700][gc,cpu        ] GC(24) User=0,16s Sys=0,01s Real=0,04s
[2020-05-13T18:00:34.283+0700][gc,start      ] GC(25) Pause Young (Normal) (G1 Evacuation Pause)
[2020-05-13T18:00:34.304+0700][gc,task       ] GC(25) Using 8 workers of 8 for evacuation
[2020-05-13T18:00:34.327+0700][gc,mmu        ] GC(25) MMU target violated: 21,0ms (20,0ms/21,0ms)
[2020-05-13T18:00:34.327+0700][gc,phases     ] GC(25)   Pre Evacuate Collection Set: 0,0ms
[2020-05-13T18:00:34.327+0700][gc,phases     ] GC(25)   Evacuate Collection Set: 21,2ms
[2020-05-13T18:00:34.327+0700][gc,phases     ] GC(25)   Post Evacuate Collection Set: 1,0ms
[2020-05-13T18:00:34.327+0700][gc,phases     ] GC(25)   Other: 21,5ms
[2020-05-13T18:00:34.327+0700][gc,heap       ] GC(25) Eden regions: 44->0(45)
[2020-05-13T18:00:34.327+0700][gc,heap       ] GC(25) Survivor regions: 7->6(7)
[2020-05-13T18:00:34.327+0700][gc,heap       ] GC(25) Old regions: 42->44
[2020-05-13T18:00:34.327+0700][gc,heap       ] GC(25) Humongous regions: 129->129
[2020-05-13T18:00:34.327+0700][gc,metaspace  ] GC(25) Metaspace: 41335K->41335K(1087488K)
[2020-05-13T18:00:34.327+0700][gc            ] GC(25) Pause Young (Normal) (G1 Evacuation Pause) 220M->178M(1024M) 44,066ms
[2020-05-13T18:00:34.327+0700][gc,cpu        ] GC(25) User=0,13s Sys=0,01s Real=0,04s
[2020-05-13T18:02:48.742+0700][gc,start      ] GC(26) Pause Young (Normal) (G1 Evacuation Pause)
[2020-05-13T18:02:48.768+0700][gc,task       ] GC(26) Using 8 workers of 8 for evacuation
[2020-05-13T18:02:48.786+0700][gc,phases     ] GC(26)   Pre Evacuate Collection Set: 0,0ms
[2020-05-13T18:02:48.786+0700][gc,phases     ] GC(26)   Evacuate Collection Set: 17,4ms
[2020-05-13T18:02:48.786+0700][gc,phases     ] GC(26)   Post Evacuate Collection Set: 0,3ms
[2020-05-13T18:02:48.786+0700][gc,phases     ] GC(26)   Other: 26,1ms
[2020-05-13T18:02:48.786+0700][gc,heap       ] GC(26) Eden regions: 45->0(46)
[2020-05-13T18:02:48.786+0700][gc,heap       ] GC(26) Survivor regions: 6->6(7)
[2020-05-13T18:02:48.786+0700][gc,heap       ] GC(26) Old regions: 44->47
[2020-05-13T18:02:48.786+0700][gc,heap       ] GC(26) Humongous regions: 129->129
[2020-05-13T18:02:48.786+0700][gc,metaspace  ] GC(26) Metaspace: 41358K->41358K(1087488K)
[2020-05-13T18:02:48.786+0700][gc            ] GC(26) Pause Young (Normal) (G1 Evacuation Pause) 223M->180M(1024M) 43,992ms
[2020-05-13T18:02:48.786+0700][gc,cpu        ] GC(26) User=0,04s Sys=0,00s Real=0,04s
[2020-05-13T18:05:05.080+0700][gc,start      ] GC(27) Pause Young (Normal) (G1 Evacuation Pause)
[2020-05-13T18:05:05.084+0700][gc,task       ] GC(27) Using 8 workers of 8 for evacuation
[2020-05-13T18:05:05.105+0700][gc,mmu        ] GC(27) MMU target violated: 20,3ms (20,0ms/21,0ms)
[2020-05-13T18:05:05.105+0700][gc,phases     ] GC(27)   Pre Evacuate Collection Set: 0,1ms
[2020-05-13T18:05:05.105+0700][gc,phases     ] GC(27)   Evacuate Collection Set: 19,4ms
[2020-05-13T18:05:05.105+0700][gc,phases     ] GC(27)   Post Evacuate Collection Set: 0,5ms
[2020-05-13T18:05:05.105+0700][gc,phases     ] GC(27)   Other: 5,0ms
[2020-05-13T18:05:05.105+0700][gc,heap       ] GC(27) Eden regions: 46->0(48)
[2020-05-13T18:05:05.105+0700][gc,heap       ] GC(27) Survivor regions: 6->6(7)
[2020-05-13T18:05:05.105+0700][gc,heap       ] GC(27) Old regions: 47->49
[2020-05-13T18:05:05.105+0700][gc,heap       ] GC(27) Humongous regions: 129->129
[2020-05-13T18:05:05.105+0700][gc,metaspace  ] GC(27) Metaspace: 41361K->41361K(1087488K)
[2020-05-13T18:05:05.105+0700][gc            ] GC(27) Pause Young (Normal) (G1 Evacuation Pause) 226M->182M(1024M) 25,054ms
[2020-05-13T18:05:05.105+0700][gc,cpu        ] GC(27) User=0,09s Sys=0,01s Real=0,03s
[2020-05-13T18:07:21.897+0700][gc,start      ] GC(28) Pause Young (Normal) (G1 Evacuation Pause)
[2020-05-13T18:07:21.900+0700][gc,task       ] GC(28) Using 8 workers of 8 for evacuation
[2020-05-13T18:07:21.935+0700][gc,mmu        ] GC(28) MMU target violated: 21,0ms (20,0ms/21,0ms)
[2020-05-13T18:07:21.935+0700][gc,phases     ] GC(28)   Pre Evacuate Collection Set: 0,1ms
[2020-05-13T18:07:21.935+0700][gc,phases     ] GC(28)   Evacuate Collection Set: 34,2ms
[2020-05-13T18:07:21.935+0700][gc,phases     ] GC(28)   Post Evacuate Collection Set: 0,4ms
[2020-05-13T18:07:21.935+0700][gc,phases     ] GC(28)   Other: 3,3ms
[2020-05-13T18:07:21.935+0700][gc,heap       ] GC(28) Eden regions: 46->0(52)
[2020-05-13T18:07:21.935+0700][gc,heap       ] GC(28) Survivor regions: 6->5(7)
[2020-05-13T18:07:21.935+0700][gc,heap       ] GC(28) Old regions: 49->52
[2020-05-13T18:07:21.935+0700][gc,heap       ] GC(28) Humongous regions: 129->129
[2020-05-13T18:07:21.935+0700][gc,metaspace  ] GC(28) Metaspace: 41365K->41365K(1087488K)
[2020-05-13T18:07:21.935+0700][gc            ] GC(28) Pause Young (Normal) (G1 Evacuation Pause) 228M->185M(1024M) 38,046ms
[2020-05-13T18:07:21.935+0700][gc,cpu        ] GC(28) User=0,16s Sys=0,00s Real=0,04s
[2020-05-13T18:09:49.828+0700][gc,start      ] GC(29) Pause Young (Normal) (G1 Evacuation Pause)
[2020-05-13T18:09:49.843+0700][gc,task       ] GC(29) Using 8 workers of 8 for evacuation
[2020-05-13T18:09:49.848+0700][gc,phases     ] GC(29)   Pre Evacuate Collection Set: 0,0ms
[2020-05-13T18:09:49.848+0700][gc,phases     ] GC(29)   Evacuate Collection Set: 4,6ms
[2020-05-13T18:09:49.848+0700][gc,phases     ] GC(29)   Post Evacuate Collection Set: 0,4ms
[2020-05-13T18:09:49.848+0700][gc,phases     ] GC(29)   Other: 14,7ms
[2020-05-13T18:09:49.848+0700][gc,heap       ] GC(29) Eden regions: 52->0(65)
[2020-05-13T18:09:49.848+0700][gc,heap       ] GC(29) Survivor regions: 5->5(8)
[2020-05-13T18:09:49.848+0700][gc,heap       ] GC(29) Old regions: 52->52
[2020-05-13T18:09:49.848+0700][gc,heap       ] GC(29) Humongous regions: 129->129
[2020-05-13T18:09:49.848+0700][gc,metaspace  ] GC(29) Metaspace: 41373K->41373K(1087488K)
[2020-05-13T18:09:49.848+0700][gc            ] GC(29) Pause Young (Normal) (G1 Evacuation Pause) 237M->185M(1024M) 19,842ms
[2020-05-13T18:09:49.848+0700][gc,cpu        ] GC(29) User=0,03s Sys=0,00s Real=0,02s
[2020-05-13T18:12:47.097+0700][gc,start      ] GC(30) Pause Young (Normal) (G1 Evacuation Pause)
[2020-05-13T18:12:47.098+0700][gc,task       ] GC(30) Using 8 workers of 8 for evacuation
[2020-05-13T18:12:47.109+0700][gc,phases     ] GC(30)   Pre Evacuate Collection Set: 0,1ms
[2020-05-13T18:12:47.109+0700][gc,phases     ] GC(30)   Evacuate Collection Set: 9,6ms
[2020-05-13T18:12:47.109+0700][gc,phases     ] GC(30)   Post Evacuate Collection Set: 0,6ms
[2020-05-13T18:12:47.109+0700][gc,phases     ] GC(30)   Other: 1,1ms
[2020-05-13T18:12:47.109+0700][gc,heap       ] GC(30) Eden regions: 65->0(71)
[2020-05-13T18:12:47.109+0700][gc,heap       ] GC(30) Survivor regions: 5->8(9)
[2020-05-13T18:12:47.109+0700][gc,heap       ] GC(30) Old regions: 52->52
[2020-05-13T18:12:47.109+0700][gc,heap       ] GC(30) Humongous regions: 129->129
[2020-05-13T18:12:47.109+0700][gc,metaspace  ] GC(30) Metaspace: 41381K->41381K(1087488K)
[2020-05-13T18:12:47.109+0700][gc            ] GC(30) Pause Young (Normal) (G1 Evacuation Pause) 250M->188M(1024M) 11,437ms
[2020-05-13T18:12:47.109+0700][gc,cpu        ] GC(30) User=0,06s Sys=0,00s Real=0,01s
[2020-05-13T18:15:37.649+0700][gc,start      ] GC(31) Pause Young (Normal) (G1 Evacuation Pause)
[2020-05-13T18:15:37.651+0700][gc,task       ] GC(31) Using 8 workers of 8 for evacuation
[2020-05-13T18:15:37.666+0700][gc,phases     ] GC(31)   Pre Evacuate Collection Set: 0,1ms
[2020-05-13T18:15:37.666+0700][gc,phases     ] GC(31)   Evacuate Collection Set: 14,3ms
[2020-05-13T18:15:37.666+0700][gc,phases     ] GC(31)   Post Evacuate Collection Set: 0,6ms
[2020-05-13T18:15:37.666+0700][gc,phases     ] GC(31)   Other: 2,6ms
[2020-05-13T18:15:37.666+0700][gc,heap       ] GC(31) Eden regions: 66->0(69)
[2020-05-13T18:15:37.666+0700][gc,heap       ] GC(31) Survivor regions: 8->9(10)
[2020-05-13T18:15:37.666+0700][gc,heap       ] GC(31) Old regions: 52->56
[2020-05-13T18:15:37.666+0700][gc,heap       ] GC(31) Humongous regions: 129->129
[2020-05-13T18:15:37.666+0700][gc,metaspace  ] GC(31) Metaspace: 41416K->41416K(1087488K)
[2020-05-13T18:15:37.667+0700][gc            ] GC(31) Pause Young (Normal) (G1 Evacuation Pause) 254M->193M(1024M) 17,701ms
[2020-05-13T18:15:37.667+0700][gc,cpu        ] GC(31) User=0,07s Sys=0,01s Real=0,02s
[2020-05-13T18:18:36.325+0700][gc,start      ] GC(32) Pause Young (Normal) (G1 Evacuation Pause)
[2020-05-13T18:18:36.351+0700][gc,task       ] GC(32) Using 8 workers of 8 for evacuation
[2020-05-13T18:18:36.378+0700][gc,mmu        ] GC(32) MMU target violated: 21,0ms (20,0ms/21,0ms)
[2020-05-13T18:18:36.379+0700][gc,phases     ] GC(32)   Pre Evacuate Collection Set: 0,0ms
[2020-05-13T18:18:36.379+0700][gc,phases     ] GC(32)   Evacuate Collection Set: 25,2ms
[2020-05-13T18:18:36.379+0700][gc,phases     ] GC(32)   Post Evacuate Collection Set: 1,6ms
[2020-05-13T18:18:36.379+0700][gc,phases     ] GC(32)   Other: 27,3ms
[2020-05-13T18:18:36.379+0700][gc,heap       ] GC(32) Eden regions: 65->0(69)
[2020-05-13T18:18:36.379+0700][gc,heap       ] GC(32) Survivor regions: 9->4(10)
[2020-05-13T18:18:36.379+0700][gc,heap       ] GC(32) Old regions: 56->62
[2020-05-13T18:18:36.379+0700][gc,heap       ] GC(32) Humongous regions: 129->129
[2020-05-13T18:18:36.379+0700][gc,metaspace  ] GC(32) Metaspace: 41429K->41429K(1087488K)
[2020-05-13T18:18:36.379+0700][gc            ] GC(32) Pause Young (Normal) (G1 Evacuation Pause) 258M->194M(1024M) 54,564ms
[2020-05-13T18:18:36.379+0700][gc,cpu        ] GC(32) User=0,15s Sys=0,00s Real=0,05s
[2020-05-13T18:21:50.218+0700][gc,start      ] GC(33) Pause Young (Normal) (G1 Evacuation Pause)
[2020-05-13T18:21:50.220+0700][gc,task       ] GC(33) Using 8 workers of 8 for evacuation
[2020-05-13T18:21:50.227+0700][gc,phases     ] GC(33)   Pre Evacuate Collection Set: 0,0ms
[2020-05-13T18:21:50.227+0700][gc,phases     ] GC(33)   Evacuate Collection Set: 6,7ms
[2020-05-13T18:21:50.227+0700][gc,phases     ] GC(33)   Post Evacuate Collection Set: 0,3ms
[2020-05-13T18:21:50.227+0700][gc,phases     ] GC(33)   Other: 2,3ms
[2020-05-13T18:21:50.227+0700][gc,heap       ] GC(33) Eden regions: 69->0(73)
[2020-05-13T18:21:50.227+0700][gc,heap       ] GC(33) Survivor regions: 4->6(10)
[2020-05-13T18:21:50.227+0700][gc,heap       ] GC(33) Old regions: 62->62
[2020-05-13T18:21:50.227+0700][gc,heap       ] GC(33) Humongous regions: 129->129
[2020-05-13T18:21:50.227+0700][gc,metaspace  ] GC(33) Metaspace: 41433K->41433K(1087488K)
[2020-05-13T18:21:50.227+0700][gc            ] GC(33) Pause Young (Normal) (G1 Evacuation Pause) 263M->196M(1024M) 9,411ms
[2020-05-13T18:21:50.227+0700][gc,cpu        ] GC(33) User=0,04s Sys=0,00s Real=0,01s
[2020-05-13T18:25:07.252+0700][gc,start      ] GC(34) Pause Young (Normal) (G1 Evacuation Pause)
[2020-05-13T18:25:07.255+0700][gc,task       ] GC(34) Using 8 workers of 8 for evacuation
[2020-05-13T18:25:07.270+0700][gc,phases     ] GC(34)   Pre Evacuate Collection Set: 0,0ms
[2020-05-13T18:25:07.270+0700][gc,phases     ] GC(34)   Evacuate Collection Set: 14,1ms
[2020-05-13T18:25:07.270+0700][gc,phases     ] GC(34)   Post Evacuate Collection Set: 0,5ms
[2020-05-13T18:25:07.270+0700][gc,phases     ] GC(34)   Other: 3,2ms
[2020-05-13T18:25:07.270+0700][gc,heap       ] GC(34) Eden regions: 73->0(76)
[2020-05-13T18:25:07.270+0700][gc,heap       ] GC(34) Survivor regions: 6->9(10)
[2020-05-13T18:25:07.270+0700][gc,heap       ] GC(34) Old regions: 62->63
[2020-05-13T18:25:07.270+0700][gc,heap       ] GC(34) Humongous regions: 129->129
[2020-05-13T18:25:07.270+0700][gc,metaspace  ] GC(34) Metaspace: 41440K->41440K(1087488K)
[2020-05-13T18:25:07.270+0700][gc            ] GC(34) Pause Young (Normal) (G1 Evacuation Pause) 269M->200M(1024M) 17,962ms
[2020-05-13T18:25:07.270+0700][gc,cpu        ] GC(34) User=0,09s Sys=0,00s Real=0,02s
[2020-05-13T18:28:37.599+0700][gc,start      ] GC(35) Pause Young (Normal) (G1 Evacuation Pause)
[2020-05-13T18:28:37.618+0700][gc,task       ] GC(35) Using 8 workers of 8 for evacuation
[2020-05-13T18:28:37.650+0700][gc,mmu        ] GC(35) MMU target violated: 21,0ms (20,0ms/21,0ms)
[2020-05-13T18:28:37.650+0700][gc,phases     ] GC(35)   Pre Evacuate Collection Set: 0,0ms
[2020-05-13T18:28:37.650+0700][gc,phases     ] GC(35)   Evacuate Collection Set: 30,3ms
[2020-05-13T18:28:37.650+0700][gc,phases     ] GC(35)   Post Evacuate Collection Set: 0,7ms
[2020-05-13T18:28:37.650+0700][gc,phases     ] GC(35)   Other: 19,5ms
[2020-05-13T18:28:37.650+0700][gc,heap       ] GC(35) Eden regions: 76->0(57)
[2020-05-13T18:28:37.650+0700][gc,heap       ] GC(35) Survivor regions: 9->9(11)
[2020-05-13T18:28:37.650+0700][gc,heap       ] GC(35) Old regions: 63->67
[2020-05-13T18:28:37.650+0700][gc,heap       ] GC(35) Humongous regions: 129->129
[2020-05-13T18:28:37.650+0700][gc,metaspace  ] GC(35) Metaspace: 41443K->41443K(1087488K)
[2020-05-13T18:28:37.650+0700][gc            ] GC(35) Pause Young (Normal) (G1 Evacuation Pause) 276M->204M(1024M) 50,647ms
[2020-05-13T18:28:37.650+0700][gc,cpu        ] GC(35) User=0,20s Sys=0,00s Real=0,05s
[2020-05-13T18:30:34.508+0700][gc,start      ] GC(36) Pause Young (Normal) (G1 Evacuation Pause)
[2020-05-13T18:30:34.531+0700][gc,task       ] GC(36) Using 8 workers of 8 for evacuation
[2020-05-13T18:30:34.557+0700][gc,mmu        ] GC(36) MMU target violated: 21,0ms (20,0ms/21,0ms)
[2020-05-13T18:30:34.557+0700][gc,phases     ] GC(36)   Pre Evacuate Collection Set: 0,1ms
[2020-05-13T18:30:34.557+0700][gc,phases     ] GC(36)   Evacuate Collection Set: 25,0ms
[2020-05-13T18:30:34.557+0700][gc,phases     ] GC(36)   Post Evacuate Collection Set: 0,5ms
[2020-05-13T18:30:34.557+0700][gc,phases     ] GC(36)   Other: 23,3ms
[2020-05-13T18:30:34.557+0700][gc,heap       ] GC(36) Eden regions: 42->0(47)
[2020-05-13T18:30:34.557+0700][gc,heap       ] GC(36) Survivor regions: 9->5(7)
[2020-05-13T18:30:34.557+0700][gc,heap       ] GC(36) Old regions: 67->74
[2020-05-13T18:30:34.557+0700][gc,heap       ] GC(36) Humongous regions: 129->129
[2020-05-13T18:30:34.557+0700][gc,metaspace  ] GC(36) Metaspace: 41443K->41443K(1087488K)
[2020-05-13T18:30:34.557+0700][gc            ] GC(36) Pause Young (Normal) (G1 Evacuation Pause) 246M->206M(1024M) 48,863ms
[2020-05-13T18:30:34.557+0700][gc,cpu        ] GC(36) User=0,16s Sys=0,00s Real=0,05s
[2020-05-13T18:32:44.116+0700][gc,start      ] GC(37) Pause Young (Normal) (G1 Evacuation Pause)
[2020-05-13T18:32:44.157+0700][gc,task       ] GC(37) Using 8 workers of 8 for evacuation
[2020-05-13T18:32:44.182+0700][gc,mmu        ] GC(37) MMU target violated: 21,0ms (20,0ms/21,0ms)
[2020-05-13T18:32:44.182+0700][gc,phases     ] GC(37)   Pre Evacuate Collection Set: 0,1ms
[2020-05-13T18:32:44.182+0700][gc,phases     ] GC(37)   Evacuate Collection Set: 23,6ms
[2020-05-13T18:32:44.182+0700][gc,phases     ] GC(37)   Post Evacuate Collection Set: 0,6ms
[2020-05-13T18:32:44.182+0700][gc,phases     ] GC(37)   Other: 42,1ms
[2020-05-13T18:32:44.182+0700][gc,heap       ] GC(37) Eden regions: 47->0(55)
[2020-05-13T18:32:44.182+0700][gc,heap       ] GC(37) Survivor regions: 5->5(7)
[2020-05-13T18:32:44.182+0700][gc,heap       ] GC(37) Old regions: 74->74
[2020-05-13T18:32:44.182+0700][gc,heap       ] GC(37) Humongous regions: 129->129
[2020-05-13T18:32:44.182+0700][gc,metaspace  ] GC(37) Metaspace: 41457K->41457K(1087488K)
[2020-05-13T18:32:44.182+0700][gc            ] GC(37) Pause Young (Normal) (G1 Evacuation Pause) 253M->207M(1024M) 66,354ms
[2020-05-13T18:32:44.182+0700][gc,cpu        ] GC(37) User=0,10s Sys=0,00s Real=0,07s
[2020-05-13T18:35:16.477+0700][gc,start      ] GC(38) Pause Young (Normal) (G1 Evacuation Pause)
[2020-05-13T18:35:16.478+0700][gc,task       ] GC(38) Using 8 workers of 8 for evacuation
[2020-05-13T18:35:16.504+0700][gc,mmu        ] GC(38) MMU target violated: 21,0ms (20,0ms/21,0ms)
[2020-05-13T18:35:16.505+0700][gc,phases     ] GC(38)   Pre Evacuate Collection Set: 0,0ms
[2020-05-13T18:35:16.505+0700][gc,phases     ] GC(38)   Evacuate Collection Set: 25,6ms
[2020-05-13T18:35:16.505+0700][gc,phases     ] GC(38)   Post Evacuate Collection Set: 0,8ms
[2020-05-13T18:35:16.505+0700][gc,phases     ] GC(38)   Other: 0,9ms
[2020-05-13T18:35:16.505+0700][gc,heap       ] GC(38) Eden regions: 55->0(45)
[2020-05-13T18:35:16.505+0700][gc,heap       ] GC(38) Survivor regions: 5->7(8)
[2020-05-13T18:35:16.505+0700][gc,heap       ] GC(38) Old regions: 74->76
[2020-05-13T18:35:16.505+0700][gc,heap       ] GC(38) Humongous regions: 129->129
[2020-05-13T18:35:16.505+0700][gc,metaspace  ] GC(38) Metaspace: 41463K->41463K(1087488K)
[2020-05-13T18:35:16.505+0700][gc            ] GC(38) Pause Young (Normal) (G1 Evacuation Pause) 262M->210M(1024M) 27,468ms
[2020-05-13T18:35:16.505+0700][gc,cpu        ] GC(38) User=0,15s Sys=0,01s Real=0,03s
[2020-05-13T18:37:17.543+0700][gc,start      ] GC(39) Pause Young (Normal) (G1 Evacuation Pause)
[2020-05-13T18:37:17.545+0700][gc,task       ] GC(39) Using 8 workers of 8 for evacuation
[2020-05-13T18:37:17.573+0700][gc,mmu        ] GC(39) MMU target violated: 21,0ms (20,0ms/21,0ms)
[2020-05-13T18:37:17.573+0700][gc,phases     ] GC(39)   Pre Evacuate Collection Set: 0,0ms
[2020-05-13T18:37:17.573+0700][gc,phases     ] GC(39)   Evacuate Collection Set: 27,0ms
[2020-05-13T18:37:17.573+0700][gc,phases     ] GC(39)   Post Evacuate Collection Set: 0,8ms
[2020-05-13T18:37:17.573+0700][gc,phases     ] GC(39)   Other: 2,6ms
[2020-05-13T18:37:17.573+0700][gc,heap       ] GC(39) Eden regions: 44->0(46)
[2020-05-13T18:37:17.573+0700][gc,heap       ] GC(39) Survivor regions: 7->5(7)
[2020-05-13T18:37:17.573+0700][gc,heap       ] GC(39) Old regions: 76->81
[2020-05-13T18:37:17.573+0700][gc,heap       ] GC(39) Humongous regions: 129->129
[2020-05-13T18:37:17.573+0700][gc,metaspace  ] GC(39) Metaspace: 41486K->41486K(1087488K)
[2020-05-13T18:37:17.573+0700][gc            ] GC(39) Pause Young (Normal) (G1 Evacuation Pause) 254M->213M(1024M) 30,581ms
[2020-05-13T18:37:17.573+0700][gc,cpu        ] GC(39) User=0,13s Sys=0,02s Real=0,03s
[2020-05-13T18:39:22.921+0700][gc,start      ] GC(40) Pause Young (Normal) (G1 Evacuation Pause)
[2020-05-13T18:39:22.923+0700][gc,task       ] GC(40) Using 8 workers of 8 for evacuation
[2020-05-13T18:39:22.928+0700][gc,phases     ] GC(40)   Pre Evacuate Collection Set: 0,0ms
[2020-05-13T18:39:22.928+0700][gc,phases     ] GC(40)   Evacuate Collection Set: 5,0ms
[2020-05-13T18:39:22.928+0700][gc,phases     ] GC(40)   Post Evacuate Collection Set: 0,4ms
[2020-05-13T18:39:22.928+0700][gc,phases     ] GC(40)   Other: 1,7ms
[2020-05-13T18:39:22.928+0700][gc,heap       ] GC(40) Eden regions: 46->0(67)
[2020-05-13T18:39:22.928+0700][gc,heap       ] GC(40) Survivor regions: 5->3(7)
[2020-05-13T18:39:22.928+0700][gc,heap       ] GC(40) Old regions: 81->83
[2020-05-13T18:39:22.928+0700][gc,heap       ] GC(40) Humongous regions: 129->129
[2020-05-13T18:39:22.928+0700][gc,metaspace  ] GC(40) Metaspace: 41491K->41491K(1087488K)
[2020-05-13T18:39:22.928+0700][gc            ] GC(40) Pause Young (Normal) (G1 Evacuation Pause) 259M->214M(1024M) 7,176ms
[2020-05-13T18:39:22.928+0700][gc,cpu        ] GC(40) User=0,03s Sys=0,00s Real=0,00s
[2020-05-13T18:42:29.697+0700][gc,start      ] GC(41) Pause Young (Normal) (G1 Evacuation Pause)
[2020-05-13T18:42:29.699+0700][gc,task       ] GC(41) Using 8 workers of 8 for evacuation
[2020-05-13T18:42:29.709+0700][gc,phases     ] GC(41)   Pre Evacuate Collection Set: 0,0ms
[2020-05-13T18:42:29.709+0700][gc,phases     ] GC(41)   Evacuate Collection Set: 8,7ms
[2020-05-13T18:42:29.709+0700][gc,phases     ] GC(41)   Post Evacuate Collection Set: 0,3ms
[2020-05-13T18:42:29.709+0700][gc,phases     ] GC(41)   Other: 2,2ms
[2020-05-13T18:42:29.709+0700][gc,heap       ] GC(41) Eden regions: 67->0(70)
[2020-05-13T18:42:29.709+0700][gc,heap       ] GC(41) Survivor regions: 3->8(9)
[2020-05-13T18:42:29.709+0700][gc,heap       ] GC(41) Old regions: 83->83
[2020-05-13T18:42:29.709+0700][gc,heap       ] GC(41) Humongous regions: 129->129
[2020-05-13T18:42:29.709+0700][gc,metaspace  ] GC(41) Metaspace: 41491K->41491K(1087488K)
[2020-05-13T18:42:29.709+0700][gc            ] GC(41) Pause Young (Normal) (G1 Evacuation Pause) 281M->218M(1024M) 11,326ms
[2020-05-13T18:42:29.709+0700][gc,cpu        ] GC(41) User=0,03s Sys=0,00s Real=0,01s
[2020-05-13T18:45:39.109+0700][gc,start      ] GC(42) Pause Young (Normal) (G1 Evacuation Pause)
[2020-05-13T18:45:39.111+0700][gc,task       ] GC(42) Using 8 workers of 8 for evacuation
[2020-05-13T18:45:39.119+0700][gc,phases     ] GC(42)   Pre Evacuate Collection Set: 0,0ms
[2020-05-13T18:45:39.119+0700][gc,phases     ] GC(42)   Evacuate Collection Set: 7,7ms
[2020-05-13T18:45:39.119+0700][gc,phases     ] GC(42)   Post Evacuate Collection Set: 0,3ms
[2020-05-13T18:45:39.120+0700][gc,phases     ] GC(42)   Other: 2,2ms
[2020-05-13T18:45:39.120+0700][gc,heap       ] GC(42) Eden regions: 69->0(81)
[2020-05-13T18:45:39.120+0700][gc,heap       ] GC(42) Survivor regions: 8->6(10)
[2020-05-13T18:45:39.120+0700][gc,heap       ] GC(42) Old regions: 83->88
[2020-05-13T18:45:39.120+0700][gc,heap       ] GC(42) Humongous regions: 129->129
[2020-05-13T18:45:39.120+0700][gc,metaspace  ] GC(42) Metaspace: 41503K->41503K(1087488K)
[2020-05-13T18:45:39.120+0700][gc            ] GC(42) Pause Young (Normal) (G1 Evacuation Pause) 287M->222M(1024M) 10,339ms
[2020-05-13T18:45:39.120+0700][gc,cpu        ] GC(42) User=0,05s Sys=0,00s Real=0,01s
[2020-05-13T18:49:23.265+0700][gc,start      ] GC(43) Pause Young (Normal) (G1 Evacuation Pause)
[2020-05-13T18:49:23.267+0700][gc,task       ] GC(43) Using 8 workers of 8 for evacuation
[2020-05-13T18:49:23.277+0700][gc,phases     ] GC(43)   Pre Evacuate Collection Set: 0,0ms
[2020-05-13T18:49:23.277+0700][gc,phases     ] GC(43)   Evacuate Collection Set: 9,5ms
[2020-05-13T18:49:23.277+0700][gc,phases     ] GC(43)   Post Evacuate Collection Set: 0,4ms
[2020-05-13T18:49:23.277+0700][gc,phases     ] GC(43)   Other: 2,2ms
[2020-05-13T18:49:23.277+0700][gc,heap       ] GC(43) Eden regions: 81->0(95)
[2020-05-13T18:49:23.277+0700][gc,heap       ] GC(43) Survivor regions: 6->8(11)
[2020-05-13T18:49:23.277+0700][gc,heap       ] GC(43) Old regions: 88->88
[2020-05-13T18:49:23.277+0700][gc,heap       ] GC(43) Humongous regions: 129->129
[2020-05-13T18:49:23.277+0700][gc,metaspace  ] GC(43) Metaspace: 41535K->41535K(1087488K)
[2020-05-13T18:49:23.277+0700][gc            ] GC(43) Pause Young (Normal) (G1 Evacuation Pause) 303M->224M(1024M) 12,248ms
[2020-05-13T18:49:23.277+0700][gc,cpu        ] GC(43) User=0,05s Sys=0,00s Real=0,01s
[2020-05-13T18:53:50.386+0700][gc,start      ] GC(44) Pause Young (Normal) (G1 Evacuation Pause)
[2020-05-13T18:53:50.388+0700][gc,task       ] GC(44) Using 8 workers of 8 for evacuation
[2020-05-13T18:53:50.401+0700][gc,phases     ] GC(44)   Pre Evacuate Collection Set: 0,0ms
[2020-05-13T18:53:50.401+0700][gc,phases     ] GC(44)   Evacuate Collection Set: 12,6ms
[2020-05-13T18:53:50.402+0700][gc,phases     ] GC(44)   Post Evacuate Collection Set: 0,8ms
[2020-05-13T18:53:50.402+0700][gc,phases     ] GC(44)   Other: 1,9ms
[2020-05-13T18:53:50.402+0700][gc,heap       ] GC(44) Eden regions: 95->0(108)
[2020-05-13T18:53:50.402+0700][gc,heap       ] GC(44) Survivor regions: 8->10(13)
[2020-05-13T18:53:50.402+0700][gc,heap       ] GC(44) Old regions: 88->91
[2020-05-13T18:53:50.402+0700][gc,heap       ] GC(44) Humongous regions: 129->129
[2020-05-13T18:53:50.402+0700][gc,metaspace  ] GC(44) Metaspace: 41535K->41535K(1087488K)
[2020-05-13T18:53:50.402+0700][gc            ] GC(44) Pause Young (Normal) (G1 Evacuation Pause) 319M->229M(1024M) 15,497ms
[2020-05-13T18:53:50.402+0700][gc,cpu        ] GC(44) User=0,06s Sys=0,01s Real=0,02s
[2020-05-13T18:58:49.654+0700][gc,start      ] GC(45) Pause Young (Normal) (G1 Evacuation Pause)
[2020-05-13T18:58:49.656+0700][gc,task       ] GC(45) Using 8 workers of 8 for evacuation
[2020-05-13T18:58:49.667+0700][gc,phases     ] GC(45)   Pre Evacuate Collection Set: 0,0ms
[2020-05-13T18:58:49.667+0700][gc,phases     ] GC(45)   Evacuate Collection Set: 10,2ms
[2020-05-13T18:58:49.667+0700][gc,phases     ] GC(45)   Post Evacuate Collection Set: 1,0ms
[2020-05-13T18:58:49.667+0700][gc,phases     ] GC(45)   Other: 1,7ms
[2020-05-13T18:58:49.667+0700][gc,heap       ] GC(45) Eden regions: 108->0(112)
[2020-05-13T18:58:49.667+0700][gc,heap       ] GC(45) Survivor regions: 10->12(15)
[2020-05-13T18:58:49.667+0700][gc,heap       ] GC(45) Old regions: 91->95
[2020-05-13T18:58:49.667+0700][gc,heap       ] GC(45) Humongous regions: 129->129
[2020-05-13T18:58:49.667+0700][gc,metaspace  ] GC(45) Metaspace: 41555K->41555K(1087488K)
[2020-05-13T18:58:49.667+0700][gc            ] GC(45) Pause Young (Normal) (G1 Evacuation Pause) 337M->235M(1024M) 13,034ms
[2020-05-13T18:58:49.667+0700][gc,cpu        ] GC(45) User=0,08s Sys=0,00s Real=0,01s
[2020-05-13T19:04:02.246+0700][gc,start      ] GC(46) Pause Young (Normal) (G1 Evacuation Pause)
[2020-05-13T19:04:02.251+0700][gc,task       ] GC(46) Using 8 workers of 8 for evacuation
[2020-05-13T19:04:02.277+0700][gc,mmu        ] GC(46) MMU target violated: 21,0ms (20,0ms/21,0ms)
[2020-05-13T19:04:02.277+0700][gc,phases     ] GC(46)   Pre Evacuate Collection Set: 0,0ms
[2020-05-13T19:04:02.277+0700][gc,phases     ] GC(46)   Evacuate Collection Set: 25,1ms
[2020-05-13T19:04:02.277+0700][gc,phases     ] GC(46)   Post Evacuate Collection Set: 1,1ms
[2020-05-13T19:04:02.277+0700][gc,phases     ] GC(46)   Other: 5,0ms
[2020-05-13T19:04:02.277+0700][gc,heap       ] GC(46) Eden regions: 112->0(101)
[2020-05-13T19:04:02.277+0700][gc,heap       ] GC(46) Survivor regions: 12->13(16)
[2020-05-13T19:04:02.277+0700][gc,heap       ] GC(46) Old regions: 95->100
[2020-05-13T19:04:02.277+0700][gc,heap       ] GC(46) Humongous regions: 129->129
[2020-05-13T19:04:02.277+0700][gc,metaspace  ] GC(46) Metaspace: 41557K->41557K(1087488K)
[2020-05-13T19:04:02.278+0700][gc            ] GC(46) Pause Young (Normal) (G1 Evacuation Pause) 347M->240M(1024M) 31,280ms
[2020-05-13T19:04:02.278+0700][gc,cpu        ] GC(46) User=0,09s Sys=0,00s Real=0,03s
[2020-05-13T19:08:43.566+0700][gc,start      ] GC(47) Pause Young (Normal) (G1 Evacuation Pause)
[2020-05-13T19:08:43.575+0700][gc,task       ] GC(47) Using 8 workers of 8 for evacuation
[2020-05-13T19:08:43.592+0700][gc,phases     ] GC(47)   Pre Evacuate Collection Set: 0,0ms
[2020-05-13T19:08:43.592+0700][gc,phases     ] GC(47)   Evacuate Collection Set: 15,9ms
[2020-05-13T19:08:43.592+0700][gc,phases     ] GC(47)   Post Evacuate Collection Set: 0,8ms
[2020-05-13T19:08:43.592+0700][gc,phases     ] GC(47)   Other: 9,2ms
[2020-05-13T19:08:43.592+0700][gc,heap       ] GC(47) Eden regions: 101->0(110)
[2020-05-13T19:08:43.592+0700][gc,heap       ] GC(47) Survivor regions: 13->13(15)
[2020-05-13T19:08:43.592+0700][gc,heap       ] GC(47) Old regions: 100->105
[2020-05-13T19:08:43.592+0700][gc,heap       ] GC(47) Humongous regions: 129->129
[2020-05-13T19:08:43.592+0700][gc,metaspace  ] GC(47) Metaspace: 41564K->41564K(1087488K)
[2020-05-13T19:08:43.592+0700][gc            ] GC(47) Pause Young (Normal) (G1 Evacuation Pause) 341M->245M(1024M) 26,058ms
[2020-05-13T19:08:43.592+0700][gc,cpu        ] GC(47) User=0,09s Sys=0,00s Real=0,02s
[2020-05-13T19:13:22.251+0700][gc,start      ] GC(48) Pause Young (Normal) (G1 Evacuation Pause)
[2020-05-13T19:13:22.252+0700][gc,task       ] GC(48) Using 8 workers of 8 for evacuation
[2020-05-13T19:13:22.304+0700][gc,mmu        ] GC(48) MMU target violated: 21,0ms (20,0ms/21,0ms)
[2020-05-13T19:13:22.304+0700][gc,phases     ] GC(48)   Pre Evacuate Collection Set: 0,0ms
[2020-05-13T19:13:22.304+0700][gc,phases     ] GC(48)   Evacuate Collection Set: 51,8ms
[2020-05-13T19:13:22.304+0700][gc,phases     ] GC(48)   Post Evacuate Collection Set: 0,4ms
[2020-05-13T19:13:22.304+0700][gc,phases     ] GC(48)   Other: 0,2ms
[2020-05-13T19:13:22.304+0700][gc,heap       ] GC(48) Eden regions: 106->0(36)
[2020-05-13T19:13:22.304+0700][gc,heap       ] GC(48) Survivor regions: 13->15(15)
[2020-05-13T19:13:22.304+0700][gc,heap       ] GC(48) Old regions: 105->110
[2020-05-13T19:13:22.304+0700][gc,heap       ] GC(48) Humongous regions: 129->129
[2020-05-13T19:13:22.304+0700][gc,metaspace  ] GC(48) Metaspace: 41566K->41566K(1087488K)
[2020-05-13T19:13:22.304+0700][gc            ] GC(48) Pause Young (Normal) (G1 Evacuation Pause) 351M->253M(1024M) 52,477ms
[2020-05-13T19:13:22.304+0700][gc,cpu        ] GC(48) User=0,09s Sys=0,00s Real=0,06s
[2020-05-13T19:15:02.319+0700][gc,start      ] GC(49) Pause Young (Normal) (G1 Evacuation Pause)
[2020-05-13T19:15:02.319+0700][gc,task       ] GC(49) Using 8 workers of 8 for evacuation
[2020-05-13T19:15:02.367+0700][gc,mmu        ] GC(49) MMU target violated: 21,0ms (20,0ms/21,0ms)
[2020-05-13T19:15:02.367+0700][gc,phases     ] GC(49)   Pre Evacuate Collection Set: 0,0ms
[2020-05-13T19:15:02.367+0700][gc,phases     ] GC(49)   Evacuate Collection Set: 47,4ms
[2020-05-13T19:15:02.367+0700][gc,phases     ] GC(49)   Post Evacuate Collection Set: 0,4ms
[2020-05-13T19:15:02.367+0700][gc,phases     ] GC(49)   Other: 0,2ms
[2020-05-13T19:15:02.367+0700][gc,heap       ] GC(49) Eden regions: 36->0(47)
[2020-05-13T19:15:02.367+0700][gc,heap       ] GC(49) Survivor regions: 15->4(7)
[2020-05-13T19:15:02.367+0700][gc,heap       ] GC(49) Old regions: 110->122
[2020-05-13T19:15:02.367+0700][gc,heap       ] GC(49) Humongous regions: 129->129
[2020-05-13T19:15:02.367+0700][gc,metaspace  ] GC(49) Metaspace: 41566K->41566K(1087488K)
[2020-05-13T19:15:02.367+0700][gc            ] GC(49) Pause Young (Normal) (G1 Evacuation Pause) 289M->254M(1024M) 48,169ms
[2020-05-13T19:15:02.367+0700][gc,cpu        ] GC(49) User=0,08s Sys=0,00s Real=0,05s
[2020-05-13T19:17:14.142+0700][gc,start      ] GC(50) Pause Young (Normal) (G1 Evacuation Pause)
[2020-05-13T19:17:14.143+0700][gc,task       ] GC(50) Using 8 workers of 8 for evacuation
[2020-05-13T19:17:14.149+0700][gc,phases     ] GC(50)   Pre Evacuate Collection Set: 0,0ms
[2020-05-13T19:17:14.149+0700][gc,phases     ] GC(50)   Evacuate Collection Set: 4,9ms
[2020-05-13T19:17:14.149+0700][gc,phases     ] GC(50)   Post Evacuate Collection Set: 0,4ms
[2020-05-13T19:17:14.149+0700][gc,phases     ] GC(50)   Other: 1,8ms
[2020-05-13T19:17:14.149+0700][gc,heap       ] GC(50) Eden regions: 47->0(46)
[2020-05-13T19:17:14.149+0700][gc,heap       ] GC(50) Survivor regions: 4->6(7)
[2020-05-13T19:17:14.149+0700][gc,heap       ] GC(50) Old regions: 122->122
[2020-05-13T19:17:14.149+0700][gc,heap       ] GC(50) Humongous regions: 129->129
[2020-05-13T19:17:14.149+0700][gc,metaspace  ] GC(50) Metaspace: 41566K->41566K(1087488K)
[2020-05-13T19:17:14.149+0700][gc            ] GC(50) Pause Young (Normal) (G1 Evacuation Pause) 301M->256M(1024M) 7,147ms
[2020-05-13T19:17:14.149+0700][gc,cpu        ] GC(50) User=0,03s Sys=0,00s Real=0,00s
[2020-05-13T19:19:18.843+0700][gc,start      ] GC(51) Pause Young (Normal) (G1 Evacuation Pause)
[2020-05-13T19:19:18.854+0700][gc,task       ] GC(51) Using 8 workers of 8 for evacuation
[2020-05-13T19:19:18.878+0700][gc,mmu        ] GC(51) MMU target violated: 21,0ms (20,0ms/21,0ms)
[2020-05-13T19:19:18.878+0700][gc,phases     ] GC(51)   Pre Evacuate Collection Set: 0,1ms
[2020-05-13T19:19:18.878+0700][gc,phases     ] GC(51)   Evacuate Collection Set: 22,6ms
[2020-05-13T19:19:18.878+0700][gc,phases     ] GC(51)   Post Evacuate Collection Set: 0,9ms
[2020-05-13T19:19:18.878+0700][gc,phases     ] GC(51)   Other: 11,6ms
[2020-05-13T19:19:18.878+0700][gc,heap       ] GC(51) Eden regions: 46->0(48)
[2020-05-13T19:19:18.878+0700][gc,heap       ] GC(51) Survivor regions: 6->3(7)
[2020-05-13T19:19:18.878+0700][gc,heap       ] GC(51) Old regions: 122->125
[2020-05-13T19:19:18.878+0700][gc,heap       ] GC(51) Humongous regions: 129->129
[2020-05-13T19:19:18.878+0700][gc,metaspace  ] GC(51) Metaspace: 41568K->41568K(1087488K)
[2020-05-13T19:19:18.878+0700][gc            ] GC(51) Pause Young (Normal) (G1 Evacuation Pause) 302M->257M(1024M) 35,384ms
[2020-05-13T19:19:18.878+0700][gc,cpu        ] GC(51) User=0,12s Sys=0,00s Real=0,03s
[2020-05-13T19:21:32.651+0700][gc,start      ] GC(52) Pause Young (Normal) (G1 Evacuation Pause)
[2020-05-13T19:21:32.666+0700][gc,task       ] GC(52) Using 8 workers of 8 for evacuation
[2020-05-13T19:21:32.673+0700][gc,phases     ] GC(52)   Pre Evacuate Collection Set: 0,0ms
[2020-05-13T19:21:32.673+0700][gc,phases     ] GC(52)   Evacuate Collection Set: 6,4ms
[2020-05-13T19:21:32.673+0700][gc,phases     ] GC(52)   Post Evacuate Collection Set: 0,3ms
[2020-05-13T19:21:32.673+0700][gc,phases     ] GC(52)   Other: 15,6ms
[2020-05-13T19:21:32.673+0700][gc,heap       ] GC(52) Eden regions: 48->0(50)
[2020-05-13T19:21:32.673+0700][gc,heap       ] GC(52) Survivor regions: 3->6(7)
[2020-05-13T19:21:32.673+0700][gc,heap       ] GC(52) Old regions: 125->125
[2020-05-13T19:21:32.673+0700][gc,heap       ] GC(52) Humongous regions: 129->129
[2020-05-13T19:21:32.673+0700][gc,metaspace  ] GC(52) Metaspace: 41589K->41589K(1087488K)
[2020-05-13T19:21:32.673+0700][gc            ] GC(52) Pause Young (Normal) (G1 Evacuation Pause) 305M->259M(1024M) 22,390ms
[2020-05-13T19:21:32.673+0700][gc,cpu        ] GC(52) User=0,04s Sys=0,00s Real=0,03s
[2020-05-13T19:23:51.733+0700][gc,start      ] GC(53) Pause Young (Normal) (G1 Evacuation Pause)
[2020-05-13T19:23:51.735+0700][gc,task       ] GC(53) Using 8 workers of 8 for evacuation
[2020-05-13T19:23:51.742+0700][gc,phases     ] GC(53)   Pre Evacuate Collection Set: 0,0ms
[2020-05-13T19:23:51.742+0700][gc,phases     ] GC(53)   Evacuate Collection Set: 6,5ms
[2020-05-13T19:23:51.742+0700][gc,phases     ] GC(53)   Post Evacuate Collection Set: 0,3ms
[2020-05-13T19:23:51.742+0700][gc,phases     ] GC(53)   Other: 1,7ms
[2020-05-13T19:23:51.742+0700][gc,heap       ] GC(53) Eden regions: 50->0(56)
[2020-05-13T19:23:51.742+0700][gc,heap       ] GC(53) Survivor regions: 6->7(7)
[2020-05-13T19:23:51.742+0700][gc,heap       ] GC(53) Old regions: 125->128
[2020-05-13T19:23:51.742+0700][gc,heap       ] GC(53) Humongous regions: 129->129
[2020-05-13T19:23:51.742+0700][gc,metaspace  ] GC(53) Metaspace: 41591K->41591K(1087488K)
[2020-05-13T19:23:51.742+0700][gc            ] GC(53) Pause Young (Normal) (G1 Evacuation Pause) 309M->262M(1024M) 8,687ms
[2020-05-13T19:23:51.742+0700][gc,cpu        ] GC(53) User=0,04s Sys=0,01s Real=0,01s
[2020-05-13T19:26:26.944+0700][gc,start      ] GC(54) Pause Young (Normal) (G1 Evacuation Pause)
[2020-05-13T19:26:26.947+0700][gc,task       ] GC(54) Using 8 workers of 8 for evacuation
[2020-05-13T19:26:26.966+0700][gc,phases     ] GC(54)   Pre Evacuate Collection Set: 0,0ms
[2020-05-13T19:26:26.966+0700][gc,phases     ] GC(54)   Evacuate Collection Set: 18,5ms
[2020-05-13T19:26:26.966+0700][gc,phases     ] GC(54)   Post Evacuate Collection Set: 0,8ms
[2020-05-13T19:26:26.966+0700][gc,phases     ] GC(54)   Other: 3,2ms
[2020-05-13T19:26:26.966+0700][gc,heap       ] GC(54) Eden regions: 56->0(59)
[2020-05-13T19:26:26.966+0700][gc,heap       ] GC(54) Survivor regions: 7->5(8)
[2020-05-13T19:26:26.966+0700][gc,heap       ] GC(54) Old regions: 128->132
[2020-05-13T19:26:26.966+0700][gc,heap       ] GC(54) Humongous regions: 129->129
[2020-05-13T19:26:26.967+0700][gc,metaspace  ] GC(54) Metaspace: 41602K->41602K(1087488K)
[2020-05-13T19:26:26.967+0700][gc            ] GC(54) Pause Young (Normal) (G1 Evacuation Pause) 318M->264M(1024M) 22,870ms
[2020-05-13T19:26:26.967+0700][gc,cpu        ] GC(54) User=0,14s Sys=0,00s Real=0,02s
[2020-05-13T19:29:10.387+0700][gc,start      ] GC(55) Pause Young (Normal) (G1 Evacuation Pause)
[2020-05-13T19:29:10.391+0700][gc,task       ] GC(55) Using 8 workers of 8 for evacuation
[2020-05-13T19:29:10.417+0700][gc,mmu        ] GC(55) MMU target violated: 21,0ms (20,0ms/21,0ms)
[2020-05-13T19:29:10.417+0700][gc,phases     ] GC(55)   Pre Evacuate Collection Set: 0,1ms
[2020-05-13T19:29:10.417+0700][gc,phases     ] GC(55)   Evacuate Collection Set: 24,1ms
[2020-05-13T19:29:10.417+0700][gc,phases     ] GC(55)   Post Evacuate Collection Set: 0,8ms
[2020-05-13T19:29:10.417+0700][gc,phases     ] GC(55)   Other: 5,0ms
[2020-05-13T19:29:10.417+0700][gc,heap       ] GC(55) Eden regions: 59->0(56)
[2020-05-13T19:29:10.417+0700][gc,heap       ] GC(55) Survivor regions: 5->6(8)
[2020-05-13T19:29:10.417+0700][gc,heap       ] GC(55) Old regions: 132->132
[2020-05-13T19:29:10.417+0700][gc,heap       ] GC(55) Humongous regions: 129->129
[2020-05-13T19:29:10.417+0700][gc,metaspace  ] GC(55) Metaspace: 41602K->41602K(1087488K)
[2020-05-13T19:29:10.417+0700][gc            ] GC(55) Pause Young (Normal) (G1 Evacuation Pause) 323M->266M(1024M) 30,205ms
[2020-05-13T19:29:10.417+0700][gc,cpu        ] GC(55) User=0,17s Sys=0,00s Real=0,03s
[2020-05-13T19:31:46.309+0700][gc,start      ] GC(56) Pause Young (Normal) (G1 Evacuation Pause)
[2020-05-13T19:31:46.309+0700][gc,task       ] GC(56) Using 8 workers of 8 for evacuation
[2020-05-13T19:31:46.348+0700][gc,mmu        ] GC(56) MMU target violated: 21,0ms (20,0ms/21,0ms)
[2020-05-13T19:31:46.348+0700][gc,phases     ] GC(56)   Pre Evacuate Collection Set: 0,0ms
[2020-05-13T19:31:46.348+0700][gc,phases     ] GC(56)   Evacuate Collection Set: 37,5ms
[2020-05-13T19:31:46.348+0700][gc,phases     ] GC(56)   Post Evacuate Collection Set: 0,5ms
[2020-05-13T19:31:46.348+0700][gc,phases     ] GC(56)   Other: 0,5ms
[2020-05-13T19:31:46.348+0700][gc,heap       ] GC(56) Eden regions: 56->0(43)
[2020-05-13T19:31:46.348+0700][gc,heap       ] GC(56) Survivor regions: 6->8(8)
[2020-05-13T19:31:46.348+0700][gc,heap       ] GC(56) Old regions: 132->135
[2020-05-13T19:31:46.348+0700][gc,heap       ] GC(56) Humongous regions: 129->129
[2020-05-13T19:31:46.348+0700][gc,metaspace  ] GC(56) Metaspace: 41602K->41602K(1087488K)
[2020-05-13T19:31:46.348+0700][gc            ] GC(56) Pause Young (Normal) (G1 Evacuation Pause) 322M->270M(1024M) 38,650ms
[2020-05-13T19:31:46.348+0700][gc,cpu        ] GC(56) User=0,11s Sys=0,01s Real=0,04s
[2020-05-13T19:33:43.332+0700][gc,start      ] GC(57) Pause Young (Normal) (G1 Evacuation Pause)
[2020-05-13T19:33:43.347+0700][gc,task       ] GC(57) Using 8 workers of 8 for evacuation
[2020-05-13T19:33:43.366+0700][gc,phases     ] GC(57)   Pre Evacuate Collection Set: 0,0ms
[2020-05-13T19:33:43.366+0700][gc,phases     ] GC(57)   Evacuate Collection Set: 18,8ms
[2020-05-13T19:33:43.366+0700][gc,phases     ] GC(57)   Post Evacuate Collection Set: 0,3ms
[2020-05-13T19:33:43.366+0700][gc,phases     ] GC(57)   Other: 14,3ms
[2020-05-13T19:33:43.366+0700][gc,heap       ] GC(57) Eden regions: 43->0(46)
[2020-05-13T19:33:43.366+0700][gc,heap       ] GC(57) Survivor regions: 8->5(7)
[2020-05-13T19:33:43.366+0700][gc,heap       ] GC(57) Old regions: 135->140
[2020-05-13T19:33:43.366+0700][gc,heap       ] GC(57) Humongous regions: 129->129
[2020-05-13T19:33:43.366+0700][gc,metaspace  ] GC(57) Metaspace: 41602K->41602K(1087488K)
[2020-05-13T19:33:43.366+0700][gc            ] GC(57) Pause Young (Normal) (G1 Evacuation Pause) 313M->272M(1024M) 33,486ms
[2020-05-13T19:33:43.366+0700][gc,cpu        ] GC(57) User=0,05s Sys=0,00s Real=0,03s
[2020-05-13T19:35:51.099+0700][gc,start      ] GC(58) Pause Young (Normal) (G1 Evacuation Pause)
[2020-05-13T19:35:51.118+0700][gc,task       ] GC(58) Using 8 workers of 8 for evacuation
[2020-05-13T19:35:51.136+0700][gc,phases     ] GC(58)   Pre Evacuate Collection Set: 0,1ms
[2020-05-13T19:35:51.136+0700][gc,phases     ] GC(58)   Evacuate Collection Set: 16,3ms
[2020-05-13T19:35:51.136+0700][gc,phases     ] GC(58)   Post Evacuate Collection Set: 0,8ms
[2020-05-13T19:35:51.136+0700][gc,phases     ] GC(58)   Other: 19,2ms
[2020-05-13T19:35:51.136+0700][gc,heap       ] GC(58) Eden regions: 46->0(59)
[2020-05-13T19:35:51.136+0700][gc,heap       ] GC(58) Survivor regions: 5->3(7)
[2020-05-13T19:35:51.136+0700][gc,heap       ] GC(58) Old regions: 140->142
[2020-05-13T19:35:51.136+0700][gc,heap       ] GC(58) Humongous regions: 129->129
[2020-05-13T19:35:51.136+0700][gc,metaspace  ] GC(58) Metaspace: 41602K->41602K(1087488K)
[2020-05-13T19:35:51.136+0700][gc            ] GC(58) Pause Young (Normal) (G1 Evacuation Pause) 318M->273M(1024M) 36,640ms
[2020-05-13T19:35:51.136+0700][gc,cpu        ] GC(58) User=0,11s Sys=0,00s Real=0,04s
[2020-05-13T19:38:33.827+0700][gc,start      ] GC(59) Pause Young (Normal) (G1 Evacuation Pause)
[2020-05-13T19:38:33.838+0700][gc,task       ] GC(59) Using 8 workers of 8 for evacuation
[2020-05-13T19:38:33.844+0700][gc,phases     ] GC(59)   Pre Evacuate Collection Set: 0,0ms
[2020-05-13T19:38:33.844+0700][gc,phases     ] GC(59)   Evacuate Collection Set: 6,2ms
[2020-05-13T19:38:33.844+0700][gc,phases     ] GC(59)   Post Evacuate Collection Set: 0,3ms
[2020-05-13T19:38:33.845+0700][gc,phases     ] GC(59)   Other: 11,0ms
[2020-05-13T19:38:33.845+0700][gc,heap       ] GC(59) Eden regions: 59->0(59)
[2020-05-13T19:38:33.845+0700][gc,heap       ] GC(59) Survivor regions: 3->7(8)
[2020-05-13T19:38:33.845+0700][gc,heap       ] GC(59) Old regions: 142->142
[2020-05-13T19:38:33.845+0700][gc,heap       ] GC(59) Humongous regions: 129->129
[2020-05-13T19:38:33.845+0700][gc,metaspace  ] GC(59) Metaspace: 41602K->41602K(1087488K)
[2020-05-13T19:38:33.845+0700][gc            ] GC(59) Pause Young (Normal) (G1 Evacuation Pause) 332M->277M(1024M) 17,661ms
[2020-05-13T19:38:33.845+0700][gc,cpu        ] GC(59) User=0,04s Sys=0,00s Real=0,02s
[2020-05-13T19:41:18.188+0700][gc,start      ] GC(60) Pause Young (Normal) (G1 Evacuation Pause)
[2020-05-13T19:41:18.188+0700][gc,task       ] GC(60) Using 8 workers of 8 for evacuation
[2020-05-13T19:41:18.212+0700][gc,mmu        ] GC(60) MMU target violated: 21,0ms (20,0ms/21,0ms)
[2020-05-13T19:41:18.212+0700][gc,phases     ] GC(60)   Pre Evacuate Collection Set: 0,0ms
[2020-05-13T19:41:18.212+0700][gc,phases     ] GC(60)   Evacuate Collection Set: 22,4ms
[2020-05-13T19:41:18.212+0700][gc,phases     ] GC(60)   Post Evacuate Collection Set: 0,8ms
[2020-05-13T19:41:18.212+0700][gc,phases     ] GC(60)   Other: 0,6ms
[2020-05-13T19:41:18.212+0700][gc,heap       ] GC(60) Eden regions: 59->0(57)
[2020-05-13T19:41:18.212+0700][gc,heap       ] GC(60) Survivor regions: 7->7(9)
[2020-05-13T19:41:18.212+0700][gc,heap       ] GC(60) Old regions: 142->144
[2020-05-13T19:41:18.212+0700][gc,heap       ] GC(60) Humongous regions: 129->129
[2020-05-13T19:41:18.212+0700][gc,metaspace  ] GC(60) Metaspace: 41603K->41603K(1087488K)
[2020-05-13T19:41:18.212+0700][gc            ] GC(60) Pause Young (Normal) (G1 Evacuation Pause) 336M->279M(1024M) 24,059ms
[2020-05-13T19:41:18.212+0700][gc,cpu        ] GC(60) User=0,14s Sys=0,01s Real=0,02s
[2020-05-13T19:43:55.835+0700][gc,start      ] GC(61) Pause Young (Normal) (G1 Evacuation Pause)
[2020-05-13T19:43:55.843+0700][gc,task       ] GC(61) Using 8 workers of 8 for evacuation
[2020-05-13T19:43:55.861+0700][gc,phases     ] GC(61)   Pre Evacuate Collection Set: 0,0ms
[2020-05-13T19:43:55.861+0700][gc,phases     ] GC(61)   Evacuate Collection Set: 16,4ms
[2020-05-13T19:43:55.861+0700][gc,phases     ] GC(61)   Post Evacuate Collection Set: 0,4ms
[2020-05-13T19:43:55.861+0700][gc,phases     ] GC(61)   Other: 8,3ms
[2020-05-13T19:43:55.861+0700][gc,heap       ] GC(61) Eden regions: 57->0(59)
[2020-05-13T19:43:55.861+0700][gc,heap       ] GC(61) Survivor regions: 7->6(8)
[2020-05-13T19:43:55.861+0700][gc,heap       ] GC(61) Old regions: 144->147
[2020-05-13T19:43:55.861+0700][gc,heap       ] GC(61) Humongous regions: 129->129
[2020-05-13T19:43:55.861+0700][gc,metaspace  ] GC(61) Metaspace: 41604K->41604K(1087488K)
[2020-05-13T19:43:55.861+0700][gc            ] GC(61) Pause Young (Normal) (G1 Evacuation Pause) 336M->281M(1024M) 25,250ms
[2020-05-13T19:43:55.861+0700][gc,cpu        ] GC(61) User=0,05s Sys=0,00s Real=0,03s
[2020-05-13T19:46:37.784+0700][gc,start      ] GC(62) Pause Young (Normal) (G1 Evacuation Pause)
[2020-05-13T19:46:37.800+0700][gc,task       ] GC(62) Using 8 workers of 8 for evacuation
[2020-05-13T19:46:37.825+0700][gc,mmu        ] GC(62) MMU target violated: 21,0ms (20,0ms/21,0ms)
[2020-05-13T19:46:37.825+0700][gc,phases     ] GC(62)   Pre Evacuate Collection Set: 0,1ms
[2020-05-13T19:46:37.825+0700][gc,phases     ] GC(62)   Evacuate Collection Set: 23,6ms
[2020-05-13T19:46:37.825+0700][gc,phases     ] GC(62)   Post Evacuate Collection Set: 0,9ms
[2020-05-13T19:46:37.825+0700][gc,phases     ] GC(62)   Other: 16,2ms
[2020-05-13T19:46:37.825+0700][gc,heap       ] GC(62) Eden regions: 59->0(53)
[2020-05-13T19:46:37.825+0700][gc,heap       ] GC(62) Survivor regions: 6->8(9)
[2020-05-13T19:46:37.825+0700][gc,heap       ] GC(62) Old regions: 147->150
[2020-05-13T19:46:37.825+0700][gc,heap       ] GC(62) Humongous regions: 129->129
[2020-05-13T19:46:37.825+0700][gc,metaspace  ] GC(62) Metaspace: 41604K->41604K(1087488K)
[2020-05-13T19:46:37.825+0700][gc            ] GC(62) Pause Young (Normal) (G1 Evacuation Pause) 340M->286M(1024M) 41,030ms
[2020-05-13T19:46:37.825+0700][gc,cpu        ] GC(62) User=0,16s Sys=0,00s Real=0,04s
[2020-05-13T19:49:03.832+0700][gc,start      ] GC(63) Pause Young (Normal) (G1 Evacuation Pause)
[2020-05-13T19:49:03.853+0700][gc,task       ] GC(63) Using 8 workers of 8 for evacuation
[2020-05-13T19:49:03.870+0700][gc,phases     ] GC(63)   Pre Evacuate Collection Set: 0,0ms
[2020-05-13T19:49:03.870+0700][gc,phases     ] GC(63)   Evacuate Collection Set: 15,8ms
[2020-05-13T19:49:03.870+0700][gc,phases     ] GC(63)   Post Evacuate Collection Set: 0,3ms
[2020-05-13T19:49:03.870+0700][gc,phases     ] GC(63)   Other: 21,6ms
[2020-05-13T19:49:03.870+0700][gc,heap       ] GC(63) Eden regions: 53->0(63)
[2020-05-13T19:49:03.870+0700][gc,heap       ] GC(63) Survivor regions: 8->4(8)
[2020-05-13T19:49:03.870+0700][gc,heap       ] GC(63) Old regions: 150->156
[2020-05-13T19:49:03.870+0700][gc,heap       ] GC(63) Humongous regions: 129->129
[2020-05-13T19:49:03.870+0700][gc,metaspace  ] GC(63) Metaspace: 41604K->41604K(1087488K)
[2020-05-13T19:49:03.870+0700][gc            ] GC(63) Pause Young (Normal) (G1 Evacuation Pause) 339M->288M(1024M) 37,866ms
[2020-05-13T19:49:03.870+0700][gc,cpu        ] GC(63) User=0,05s Sys=0,00s Real=0,04s
[2020-05-13T19:51:59.117+0700][gc,start      ] GC(64) Pause Young (Normal) (G1 Evacuation Pause)
[2020-05-13T19:51:59.120+0700][gc,task       ] GC(64) Using 8 workers of 8 for evacuation
[2020-05-13T19:51:59.140+0700][gc,mmu        ] GC(64) MMU target violated: 20,5ms (20,0ms/21,0ms)
[2020-05-13T19:51:59.141+0700][gc,phases     ] GC(64)   Pre Evacuate Collection Set: 0,0ms
[2020-05-13T19:51:59.141+0700][gc,phases     ] GC(64)   Evacuate Collection Set: 19,4ms
[2020-05-13T19:51:59.141+0700][gc,phases     ] GC(64)   Post Evacuate Collection Set: 0,9ms
[2020-05-13T19:51:59.141+0700][gc,phases     ] GC(64)   Other: 3,4ms
[2020-05-13T19:51:59.141+0700][gc,heap       ] GC(64) Eden regions: 63->0(57)
[2020-05-13T19:51:59.141+0700][gc,heap       ] GC(64) Survivor regions: 4->8(9)
[2020-05-13T19:51:59.141+0700][gc,heap       ] GC(64) Old regions: 156->156
[2020-05-13T19:51:59.141+0700][gc,heap       ] GC(64) Humongous regions: 129->129
[2020-05-13T19:51:59.141+0700][gc,metaspace  ] GC(64) Metaspace: 41604K->41604K(1087488K)
[2020-05-13T19:51:59.141+0700][gc            ] GC(64) Pause Young (Normal) (G1 Evacuation Pause) 351M->292M(1024M) 23,895ms
[2020-05-13T19:51:59.141+0700][gc,cpu        ] GC(64) User=0,14s Sys=0,00s Real=0,03s
[2020-05-13T19:54:34.600+0700][gc,start      ] GC(65) Pause Young (Normal) (G1 Evacuation Pause)
[2020-05-13T19:54:34.628+0700][gc,task       ] GC(65) Using 8 workers of 8 for evacuation
[2020-05-13T19:54:34.648+0700][gc,mmu        ] GC(65) MMU target violated: 20,4ms (20,0ms/21,0ms)
[2020-05-13T19:54:34.648+0700][gc,phases     ] GC(65)   Pre Evacuate Collection Set: 0,0ms
[2020-05-13T19:54:34.648+0700][gc,phases     ] GC(65)   Evacuate Collection Set: 19,9ms
[2020-05-13T19:54:34.648+0700][gc,phases     ] GC(65)   Post Evacuate Collection Set: 0,4ms
[2020-05-13T19:54:34.648+0700][gc,phases     ] GC(65)   Other: 28,2ms
[2020-05-13T19:54:34.648+0700][gc,heap       ] GC(65) Eden regions: 57->0(64)
[2020-05-13T19:54:34.648+0700][gc,heap       ] GC(65) Survivor regions: 8->5(9)
[2020-05-13T19:54:34.648+0700][gc,heap       ] GC(65) Old regions: 156->161
[2020-05-13T19:54:34.648+0700][gc,heap       ] GC(65) Humongous regions: 129->129
[2020-05-13T19:54:34.648+0700][gc,metaspace  ] GC(65) Metaspace: 41605K->41605K(1087488K)
[2020-05-13T19:54:34.649+0700][gc            ] GC(65) Pause Young (Normal) (G1 Evacuation Pause) 349M->293M(1024M) 48,573ms
[2020-05-13T19:54:34.649+0700][gc,cpu        ] GC(65) User=0,03s Sys=0,01s Real=0,05s
[2020-05-13T19:57:33.540+0700][gc,start      ] GC(66) Pause Young (Normal) (G1 Evacuation Pause)
[2020-05-13T19:57:33.541+0700][gc,task       ] GC(66) Using 8 workers of 8 for evacuation
[2020-05-13T19:57:33.547+0700][gc,phases     ] GC(66)   Pre Evacuate Collection Set: 0,0ms
[2020-05-13T19:57:33.547+0700][gc,phases     ] GC(66)   Evacuate Collection Set: 5,4ms
[2020-05-13T19:57:33.547+0700][gc,phases     ] GC(66)   Post Evacuate Collection Set: 0,3ms
[2020-05-13T19:57:33.547+0700][gc,phases     ] GC(66)   Other: 1,4ms
[2020-05-13T19:57:33.547+0700][gc,heap       ] GC(66) Eden regions: 64->0(72)
[2020-05-13T19:57:33.547+0700][gc,heap       ] GC(66) Survivor regions: 5->7(9)
[2020-05-13T19:57:33.547+0700][gc,heap       ] GC(66) Old regions: 161->161
[2020-05-13T19:57:33.547+0700][gc,heap       ] GC(66) Humongous regions: 129->129
[2020-05-13T19:57:33.547+0700][gc,metaspace  ] GC(66) Metaspace: 41605K->41605K(1087488K)
[2020-05-13T19:57:33.547+0700][gc            ] GC(66) Pause Young (Normal) (G1 Evacuation Pause) 357M->296M(1024M) 7,152ms
[2020-05-13T19:57:33.547+0700][gc,cpu        ] GC(66) User=0,04s Sys=0,00s Real=0,01s
[2020-05-13T20:00:53.955+0700][gc,start      ] GC(67) Pause Young (Normal) (G1 Evacuation Pause)
[2020-05-13T20:00:53.965+0700][gc,task       ] GC(67) Using 8 workers of 8 for evacuation
[2020-05-13T20:00:53.987+0700][gc,mmu        ] GC(67) MMU target violated: 21,0ms (20,0ms/21,0ms)
[2020-05-13T20:00:53.987+0700][gc,phases     ] GC(67)   Pre Evacuate Collection Set: 0,0ms
[2020-05-13T20:00:53.987+0700][gc,phases     ] GC(67)   Evacuate Collection Set: 21,4ms
[2020-05-13T20:00:53.987+0700][gc,phases     ] GC(67)   Post Evacuate Collection Set: 0,8ms
[2020-05-13T20:00:53.987+0700][gc,phases     ] GC(67)   Other: 10,3ms
[2020-05-13T20:00:53.987+0700][gc,heap       ] GC(67) Eden regions: 72->0(67)
[2020-05-13T20:00:53.987+0700][gc,heap       ] GC(67) Survivor regions: 7->8(10)
[2020-05-13T20:00:53.987+0700][gc,heap       ] GC(67) Old regions: 161->164
[2020-05-13T20:00:53.987+0700][gc,heap       ] GC(67) Humongous regions: 129->129
[2020-05-13T20:00:53.987+0700][gc,metaspace  ] GC(67) Metaspace: 41624K->41624K(1087488K)
[2020-05-13T20:00:53.987+0700][gc            ] GC(67) Pause Young (Normal) (G1 Evacuation Pause) 368M->299M(1024M) 32,694ms
[2020-05-13T20:00:53.987+0700][gc,cpu        ] GC(67) User=0,06s Sys=0,00s Real=0,03s
[2020-05-13T20:03:59.827+0700][gc,start      ] GC(68) Pause Young (Normal) (G1 Evacuation Pause)
[2020-05-13T20:03:59.830+0700][gc,task       ] GC(68) Using 8 workers of 8 for evacuation
[2020-05-13T20:03:59.857+0700][gc,mmu        ] GC(68) MMU target violated: 21,0ms (20,0ms/21,0ms)
[2020-05-13T20:03:59.857+0700][gc,phases     ] GC(68)   Pre Evacuate Collection Set: 0,0ms
[2020-05-13T20:03:59.857+0700][gc,phases     ] GC(68)   Evacuate Collection Set: 25,9ms
[2020-05-13T20:03:59.857+0700][gc,phases     ] GC(68)   Post Evacuate Collection Set: 1,2ms
[2020-05-13T20:03:59.857+0700][gc,phases     ] GC(68)   Other: 3,3ms
[2020-05-13T20:03:59.857+0700][gc,heap       ] GC(68) Eden regions: 67->0(59)
[2020-05-13T20:03:59.857+0700][gc,heap       ] GC(68) Survivor regions: 8->8(10)
[2020-05-13T20:03:59.857+0700][gc,heap       ] GC(68) Old regions: 164->167
[2020-05-13T20:03:59.857+0700][gc,heap       ] GC(68) Humongous regions: 129->129
[2020-05-13T20:03:59.857+0700][gc,metaspace  ] GC(68) Metaspace: 41625K->41625K(1087488K)
[2020-05-13T20:03:59.858+0700][gc            ] GC(68) Pause Young (Normal) (G1 Evacuation Pause) 366M->302M(1024M) 30,643ms
[2020-05-13T20:03:59.858+0700][gc,cpu        ] GC(68) User=0,18s Sys=0,00s Real=0,03s
[2020-05-13T20:06:42.430+0700][gc,start      ] GC(69) Pause Young (Normal) (G1 Evacuation Pause)
[2020-05-13T20:06:42.433+0700][gc,task       ] GC(69) Using 8 workers of 8 for evacuation
[2020-05-13T20:06:42.461+0700][gc,mmu        ] GC(69) MMU target violated: 21,0ms (20,0ms/21,0ms)
[2020-05-13T20:06:42.461+0700][gc,phases     ] GC(69)   Pre Evacuate Collection Set: 0,0ms
[2020-05-13T20:06:42.461+0700][gc,phases     ] GC(69)   Evacuate Collection Set: 26,9ms
[2020-05-13T20:06:42.461+0700][gc,phases     ] GC(69)   Post Evacuate Collection Set: 0,6ms
[2020-05-13T20:06:42.461+0700][gc,phases     ] GC(69)   Other: 3,4ms
[2020-05-13T20:06:42.461+0700][gc,heap       ] GC(69) Eden regions: 59->0(43)
[2020-05-13T20:06:42.461+0700][gc,heap       ] GC(69) Survivor regions: 8->8(9)
[2020-05-13T20:06:42.461+0700][gc,heap       ] GC(69) Old regions: 167->170
[2020-05-13T20:06:42.461+0700][gc,heap       ] GC(69) Humongous regions: 129->129
[2020-05-13T20:06:42.461+0700][gc,metaspace  ] GC(69) Metaspace: 41625K->41625K(1087488K)
[2020-05-13T20:06:42.461+0700][gc            ] GC(69) Pause Young (Normal) (G1 Evacuation Pause) 361M->306M(1024M) 30,956ms
[2020-05-13T20:06:42.461+0700][gc,cpu        ] GC(69) User=0,18s Sys=0,00s Real=0,04s
[2020-05-13T20:08:40.034+0700][gc,start      ] GC(70) Pause Young (Normal) (G1 Evacuation Pause)
[2020-05-13T20:08:40.037+0700][gc,task       ] GC(70) Using 8 workers of 8 for evacuation
[2020-05-13T20:08:40.062+0700][gc,mmu        ] GC(70) MMU target violated: 21,0ms (20,0ms/21,0ms)
[2020-05-13T20:08:40.063+0700][gc,phases     ] GC(70)   Pre Evacuate Collection Set: 0,0ms
[2020-05-13T20:08:40.063+0700][gc,phases     ] GC(70)   Evacuate Collection Set: 24,0ms
[2020-05-13T20:08:40.063+0700][gc,phases     ] GC(70)   Post Evacuate Collection Set: 0,8ms
[2020-05-13T20:08:40.063+0700][gc,phases     ] GC(70)   Other: 3,4ms
[2020-05-13T20:08:40.063+0700][gc,heap       ] GC(70) Eden regions: 43->0(67)
[2020-05-13T20:08:40.063+0700][gc,heap       ] GC(70) Survivor regions: 8->3(7)
[2020-05-13T20:08:40.063+0700][gc,heap       ] GC(70) Old regions: 170->176
[2020-05-13T20:08:40.063+0700][gc,heap       ] GC(70) Humongous regions: 129->129
[2020-05-13T20:08:40.063+0700][gc,metaspace  ] GC(70) Metaspace: 41626K->41626K(1087488K)
[2020-05-13T20:08:40.063+0700][gc            ] GC(70) Pause Young (Normal) (G1 Evacuation Pause) 349M->307M(1024M) 28,542ms
[2020-05-13T20:08:40.063+0700][gc,cpu        ] GC(70) User=0,16s Sys=0,01s Real=0,03s
[2020-05-13T20:11:46.636+0700][gc,start      ] GC(71) Pause Young (Normal) (G1 Evacuation Pause)
[2020-05-13T20:11:46.638+0700][gc,task       ] GC(71) Using 8 workers of 8 for evacuation
[2020-05-13T20:11:46.645+0700][gc,phases     ] GC(71)   Pre Evacuate Collection Set: 0,0ms
[2020-05-13T20:11:46.645+0700][gc,phases     ] GC(71)   Evacuate Collection Set: 6,7ms
[2020-05-13T20:11:46.645+0700][gc,phases     ] GC(71)   Post Evacuate Collection Set: 0,3ms
[2020-05-13T20:11:46.645+0700][gc,phases     ] GC(71)   Other: 2,2ms
[2020-05-13T20:11:46.645+0700][gc,heap       ] GC(71) Eden regions: 67->0(57)
[2020-05-13T20:11:46.645+0700][gc,heap       ] GC(71) Survivor regions: 3->7(9)
[2020-05-13T20:11:46.645+0700][gc,heap       ] GC(71) Old regions: 176->176
[2020-05-13T20:11:46.645+0700][gc,heap       ] GC(71) Humongous regions: 129->129
[2020-05-13T20:11:46.645+0700][gc,metaspace  ] GC(71) Metaspace: 41626K->41626K(1087488K)
[2020-05-13T20:11:46.645+0700][gc            ] GC(71) Pause Young (Normal) (G1 Evacuation Pause) 374M->311M(1024M) 9,210ms
[2020-05-13T20:11:46.645+0700][gc,cpu        ] GC(71) User=0,04s Sys=0,00s Real=0,01s
[2020-05-13T20:13:30.973+0700][gc,start      ] GC(72) Pause Young (Normal) (G1 Evacuation Pause)
[2020-05-13T20:13:30.973+0700][gc,task       ] GC(72) Using 8 workers of 8 for evacuation
[2020-05-13T20:13:31.013+0700][gc,mmu        ] GC(72) MMU target violated: 21,0ms (20,0ms/21,0ms)
[2020-05-13T20:13:31.013+0700][gc,phases     ] GC(72)   Pre Evacuate Collection Set: 0,0ms
[2020-05-13T20:13:31.013+0700][gc,phases     ] GC(72)   Evacuate Collection Set: 38,5ms
[2020-05-13T20:13:31.013+0700][gc,phases     ] GC(72)   Post Evacuate Collection Set: 0,7ms
[2020-05-13T20:13:31.013+0700][gc,phases     ] GC(72)   Other: 0,6ms
[2020-05-13T20:13:31.013+0700][gc,heap       ] GC(72) Eden regions: 44->0(44)
[2020-05-13T20:13:31.013+0700][gc,heap       ] GC(72) Survivor regions: 7->7(7)
[2020-05-13T20:13:31.013+0700][gc,heap       ] GC(72) Old regions: 176->182
[2020-05-13T20:13:31.013+0700][gc,heap       ] GC(72) Humongous regions: 129->129
[2020-05-13T20:13:31.013+0700][gc,metaspace  ] GC(72) Metaspace: 41628K->41628K(1087488K)
[2020-05-13T20:13:31.013+0700][gc            ] GC(72) Pause Young (Normal) (G1 Evacuation Pause) 355M->317M(1024M) 40,040ms
[2020-05-13T20:13:31.013+0700][gc,cpu        ] GC(72) User=0,20s Sys=0,01s Real=0,04s
[2020-05-13T20:15:32.090+0700][gc,start      ] GC(73) Pause Young (Normal) (G1 Evacuation Pause)
[2020-05-13T20:15:32.093+0700][gc,task       ] GC(73) Using 8 workers of 8 for evacuation
[2020-05-13T20:15:32.114+0700][gc,mmu        ] GC(73) MMU target violated: 21,0ms (20,0ms/21,0ms)
[2020-05-13T20:15:32.114+0700][gc,phases     ] GC(73)   Pre Evacuate Collection Set: 0,0ms
[2020-05-13T20:15:32.114+0700][gc,phases     ] GC(73)   Evacuate Collection Set: 20,0ms
[2020-05-13T20:15:32.114+0700][gc,phases     ] GC(73)   Post Evacuate Collection Set: 1,0ms
[2020-05-13T20:15:32.114+0700][gc,phases     ] GC(73)   Other: 3,3ms
[2020-05-13T20:15:32.114+0700][gc,heap       ] GC(73) Eden regions: 44->0(48)
[2020-05-13T20:15:32.114+0700][gc,heap       ] GC(73) Survivor regions: 7->3(7)
[2020-05-13T20:15:32.114+0700][gc,heap       ] GC(73) Old regions: 182->187
[2020-05-13T20:15:32.114+0700][gc,heap       ] GC(73) Humongous regions: 129->129
[2020-05-13T20:15:32.114+0700][gc,metaspace  ] GC(73) Metaspace: 41628K->41628K(1087488K)
[2020-05-13T20:15:32.114+0700][gc            ] GC(73) Pause Young (Normal) (G1 Evacuation Pause) 361M->318M(1024M) 24,596ms
[2020-05-13T20:15:32.114+0700][gc,cpu        ] GC(73) User=0,14s Sys=0,00s Real=0,03s
[2020-05-13T20:17:45.381+0700][gc,start      ] GC(74) Pause Young (Normal) (G1 Evacuation Pause)
[2020-05-13T20:17:45.386+0700][gc,task       ] GC(74) Using 8 workers of 8 for evacuation
[2020-05-13T20:17:45.392+0700][gc,phases     ] GC(74)   Pre Evacuate Collection Set: 0,0ms
[2020-05-13T20:17:45.392+0700][gc,phases     ] GC(74)   Evacuate Collection Set: 5,3ms
[2020-05-13T20:17:45.392+0700][gc,phases     ] GC(74)   Post Evacuate Collection Set: 0,4ms
[2020-05-13T20:17:45.392+0700][gc,phases     ] GC(74)   Other: 5,8ms
[2020-05-13T20:17:45.392+0700][gc,heap       ] GC(74) Eden regions: 48->0(49)
[2020-05-13T20:17:45.392+0700][gc,heap       ] GC(74) Survivor regions: 3->6(7)
[2020-05-13T20:17:45.392+0700][gc,heap       ] GC(74) Old regions: 187->187
[2020-05-13T20:17:45.392+0700][gc,heap       ] GC(74) Humongous regions: 129->129
[2020-05-13T20:17:45.392+0700][gc,metaspace  ] GC(74) Metaspace: 41628K->41628K(1087488K)
[2020-05-13T20:17:45.392+0700][gc            ] GC(74) Pause Young (Normal) (G1 Evacuation Pause) 366M->320M(1024M) 11,574ms
[2020-05-13T20:17:45.392+0700][gc,cpu        ] GC(74) User=0,03s Sys=0,00s Real=0,00s
[2020-05-13T20:20:01.547+0700][gc,start      ] GC(75) Pause Young (Normal) (G1 Evacuation Pause)
[2020-05-13T20:20:01.570+0700][gc,task       ] GC(75) Using 8 workers of 8 for evacuation
[2020-05-13T20:20:01.591+0700][gc,mmu        ] GC(75) MMU target violated: 20,2ms (20,0ms/21,0ms)
[2020-05-13T20:20:01.591+0700][gc,phases     ] GC(75)   Pre Evacuate Collection Set: 0,0ms
[2020-05-13T20:20:01.591+0700][gc,phases     ] GC(75)   Evacuate Collection Set: 19,1ms
[2020-05-13T20:20:01.591+0700][gc,phases     ] GC(75)   Post Evacuate Collection Set: 0,9ms
[2020-05-13T20:20:01.591+0700][gc,phases     ] GC(75)   Other: 24,2ms
[2020-05-13T20:20:01.591+0700][gc,heap       ] GC(75) Eden regions: 49->0(47)
[2020-05-13T20:20:01.591+0700][gc,heap       ] GC(75) Survivor regions: 6->7(7)
[2020-05-13T20:20:01.591+0700][gc,heap       ] GC(75) Old regions: 187->189
[2020-05-13T20:20:01.591+0700][gc,heap       ] GC(75) Humongous regions: 129->129
[2020-05-13T20:20:01.591+0700][gc,metaspace  ] GC(75) Metaspace: 41628K->41628K(1087488K)
[2020-05-13T20:20:01.591+0700][gc            ] GC(75) Pause Young (Normal) (G1 Evacuation Pause) 369M->323M(1024M) 44,376ms
[2020-05-13T20:20:01.591+0700][gc,cpu        ] GC(75) User=0,13s Sys=0,00s Real=0,04s
[2020-05-13T20:22:11.513+0700][gc,start      ] GC(76) Pause Young (Normal) (G1 Evacuation Pause)
[2020-05-13T20:22:11.515+0700][gc,task       ] GC(76) Using 8 workers of 8 for evacuation
[2020-05-13T20:22:11.535+0700][gc,phases     ] GC(76)   Pre Evacuate Collection Set: 0,0ms
[2020-05-13T20:22:11.535+0700][gc,phases     ] GC(76)   Evacuate Collection Set: 18,9ms
[2020-05-13T20:22:11.535+0700][gc,phases     ] GC(76)   Post Evacuate Collection Set: 0,8ms
[2020-05-13T20:22:11.535+0700][gc,phases     ] GC(76)   Other: 1,9ms
[2020-05-13T20:22:11.535+0700][gc,heap       ] GC(76) Eden regions: 47->0(56)
[2020-05-13T20:22:11.535+0700][gc,heap       ] GC(76) Survivor regions: 7->4(7)
[2020-05-13T20:22:11.535+0700][gc,heap       ] GC(76) Old regions: 189->193
[2020-05-13T20:22:11.535+0700][gc,heap       ] GC(76) Humongous regions: 129->129
[2020-05-13T20:22:11.535+0700][gc,metaspace  ] GC(76) Metaspace: 41628K->41628K(1087488K)
[2020-05-13T20:22:11.535+0700][gc            ] GC(76) Pause Young (Normal) (G1 Evacuation Pause) 370M->324M(1024M) 21,943ms
[2020-05-13T20:22:11.535+0700][gc,cpu        ] GC(76) User=0,13s Sys=0,00s Real=0,02s
[2020-05-13T20:24:45.386+0700][gc,start      ] GC(77) Pause Young (Normal) (G1 Evacuation Pause)
[2020-05-13T20:24:45.394+0700][gc,task       ] GC(77) Using 8 workers of 8 for evacuation
[2020-05-13T20:24:45.401+0700][gc,phases     ] GC(77)   Pre Evacuate Collection Set: 0,0ms
[2020-05-13T20:24:45.401+0700][gc,phases     ] GC(77)   Evacuate Collection Set: 6,9ms
[2020-05-13T20:24:45.401+0700][gc,phases     ] GC(77)   Post Evacuate Collection Set: 0,3ms
[2020-05-13T20:24:45.401+0700][gc,phases     ] GC(77)   Other: 7,6ms
[2020-05-13T20:24:45.401+0700][gc,heap       ] GC(77) Eden regions: 56->0(62)
[2020-05-13T20:24:45.401+0700][gc,heap       ] GC(77) Survivor regions: 4->7(8)
[2020-05-13T20:24:45.401+0700][gc,heap       ] GC(77) Old regions: 193->193
[2020-05-13T20:24:45.401+0700][gc,heap       ] GC(77) Humongous regions: 129->129
[2020-05-13T20:24:45.401+0700][gc,metaspace  ] GC(77) Metaspace: 41637K->41637K(1087488K)
[2020-05-13T20:24:45.401+0700][gc            ] GC(77) Pause Young (Normal) (G1 Evacuation Pause) 380M->327M(1024M) 14,953ms
[2020-05-13T20:24:45.401+0700][gc,cpu        ] GC(77) User=0,04s Sys=0,00s Real=0,02s
[2020-05-13T20:27:37.252+0700][gc,start      ] GC(78) Pause Young (Normal) (G1 Evacuation Pause)
[2020-05-13T20:27:37.266+0700][gc,task       ] GC(78) Using 8 workers of 8 for evacuation
[2020-05-13T20:27:37.285+0700][gc,phases     ] GC(78)   Pre Evacuate Collection Set: 0,0ms
[2020-05-13T20:27:37.285+0700][gc,phases     ] GC(78)   Evacuate Collection Set: 18,8ms
[2020-05-13T20:27:37.285+0700][gc,phases     ] GC(78)   Post Evacuate Collection Set: 0,4ms
[2020-05-13T20:27:37.285+0700][gc,phases     ] GC(78)   Other: 14,1ms
[2020-05-13T20:27:37.285+0700][gc,heap       ] GC(78) Eden regions: 62->0(57)
[2020-05-13T20:27:37.285+0700][gc,heap       ] GC(78) Survivor regions: 7->7(9)
[2020-05-13T20:27:37.285+0700][gc,heap       ] GC(78) Old regions: 193->195
[2020-05-13T20:27:37.285+0700][gc,heap       ] GC(78) Humongous regions: 129->129
[2020-05-13T20:27:37.285+0700][gc,metaspace  ] GC(78) Metaspace: 41637K->41637K(1087488K)
[2020-05-13T20:27:37.285+0700][gc            ] GC(78) Pause Young (Normal) (G1 Evacuation Pause) 389M->330M(1024M) 33,290ms
[2020-05-13T20:27:37.285+0700][gc,cpu        ] GC(78) User=0,05s Sys=0,00s Real=0,04s
[2020-05-13T20:30:15.482+0700][gc,start      ] GC(79) Pause Young (Normal) (G1 Evacuation Pause)
[2020-05-13T20:30:15.502+0700][gc,task       ] GC(79) Using 8 workers of 8 for evacuation
[2020-05-13T20:30:15.521+0700][gc,phases     ] GC(79)   Pre Evacuate Collection Set: 0,0ms
[2020-05-13T20:30:15.521+0700][gc,phases     ] GC(79)   Evacuate Collection Set: 18,3ms
[2020-05-13T20:30:15.521+0700][gc,phases     ] GC(79)   Post Evacuate Collection Set: 0,4ms
[2020-05-13T20:30:15.521+0700][gc,phases     ] GC(79)   Other: 20,5ms
[2020-05-13T20:30:15.521+0700][gc,heap       ] GC(79) Eden regions: 57->0(58)
[2020-05-13T20:30:15.521+0700][gc,heap       ] GC(79) Survivor regions: 7->6(8)
[2020-05-13T20:30:15.521+0700][gc,heap       ] GC(79) Old regions: 195->198
[2020-05-13T20:30:15.521+0700][gc,heap       ] GC(79) Humongous regions: 129->129
[2020-05-13T20:30:15.521+0700][gc,metaspace  ] GC(79) Metaspace: 41637K->41637K(1087488K)
[2020-05-13T20:30:15.521+0700][gc            ] GC(79) Pause Young (Normal) (G1 Evacuation Pause) 387M->332M(1024M) 39,234ms
[2020-05-13T20:30:15.521+0700][gc,cpu        ] GC(79) User=0,05s Sys=0,00s Real=0,04s
[2020-05-13T20:32:55.789+0700][gc,start      ] GC(80) Pause Young (Normal) (G1 Evacuation Pause)
[2020-05-13T20:32:55.789+0700][gc,task       ] GC(80) Using 8 workers of 8 for evacuation
[2020-05-13T20:32:55.798+0700][gc,phases     ] GC(80)   Pre Evacuate Collection Set: 0,0ms
[2020-05-13T20:32:55.798+0700][gc,phases     ] GC(80)   Evacuate Collection Set: 8,4ms
[2020-05-13T20:32:55.798+0700][gc,phases     ] GC(80)   Post Evacuate Collection Set: 0,4ms
[2020-05-13T20:32:55.798+0700][gc,phases     ] GC(80)   Other: 0,4ms
[2020-05-13T20:32:55.798+0700][gc,heap       ] GC(80) Eden regions: 58->0(64)
[2020-05-13T20:32:55.798+0700][gc,heap       ] GC(80) Survivor regions: 6->8(8)
[2020-05-13T20:32:55.798+0700][gc,heap       ] GC(80) Old regions: 198->201
[2020-05-13T20:32:55.798+0700][gc,heap       ] GC(80) Humongous regions: 129->129
[2020-05-13T20:32:55.798+0700][gc,metaspace  ] GC(80) Metaspace: 41637K->41637K(1087488K)
[2020-05-13T20:32:55.798+0700][gc            ] GC(80) Pause Young (Normal) (G1 Evacuation Pause) 390M->336M(1024M) 9,274ms
[2020-05-13T20:32:55.798+0700][gc,cpu        ] GC(80) User=0,05s Sys=0,00s Real=0,01s
[2020-05-13T20:35:53.680+0700][gc,start      ] GC(81) Pause Young (Normal) (G1 Evacuation Pause)
[2020-05-13T20:35:53.680+0700][gc,task       ] GC(81) Using 8 workers of 8 for evacuation
[2020-05-13T20:35:53.708+0700][gc,mmu        ] GC(81) MMU target violated: 21,0ms (20,0ms/21,0ms)
[2020-05-13T20:35:53.708+0700][gc,phases     ] GC(81)   Pre Evacuate Collection Set: 0,0ms
[2020-05-13T20:35:53.708+0700][gc,phases     ] GC(81)   Evacuate Collection Set: 27,4ms
[2020-05-13T20:35:53.708+0700][gc,phases     ] GC(81)   Post Evacuate Collection Set: 0,9ms
[2020-05-13T20:35:53.708+0700][gc,phases     ] GC(81)   Other: 0,5ms
[2020-05-13T20:35:53.708+0700][gc,heap       ] GC(81) Eden regions: 64->0(48)
[2020-05-13T20:35:53.708+0700][gc,heap       ] GC(81) Survivor regions: 8->7(9)
[2020-05-13T20:35:53.708+0700][gc,heap       ] GC(81) Old regions: 201->203
[2020-05-13T20:35:53.708+0700][gc,heap       ] GC(81) Humongous regions: 129->129
[2020-05-13T20:35:53.709+0700][gc,metaspace  ] GC(81) Metaspace: 41637K->41637K(1087488K)
[2020-05-13T20:35:53.709+0700][gc            ] GC(81) Pause Young (Normal) (G1 Evacuation Pause) 400M->338M(1024M) 29,012ms
[2020-05-13T20:35:53.709+0700][gc,cpu        ] GC(81) User=0,15s Sys=0,00s Real=0,03s
[2020-05-13T20:38:05.386+0700][gc,start      ] GC(82) Pause Young (Normal) (G1 Evacuation Pause)
[2020-05-13T20:38:05.398+0700][gc,task       ] GC(82) Using 8 workers of 8 for evacuation
[2020-05-13T20:38:05.426+0700][gc,mmu        ] GC(82) MMU target violated: 21,0ms (20,0ms/21,0ms)
[2020-05-13T20:38:05.426+0700][gc,phases     ] GC(82)   Pre Evacuate Collection Set: 0,0ms
[2020-05-13T20:38:05.426+0700][gc,phases     ] GC(82)   Evacuate Collection Set: 27,1ms
[2020-05-13T20:38:05.426+0700][gc,phases     ] GC(82)   Post Evacuate Collection Set: 0,3ms
[2020-05-13T20:38:05.426+0700][gc,phases     ] GC(82)   Other: 12,5ms
[2020-05-13T20:38:05.426+0700][gc,heap       ] GC(82) Eden regions: 48->0(50)
[2020-05-13T20:38:05.426+0700][gc,heap       ] GC(82) Survivor regions: 7->5(7)
[2020-05-13T20:38:05.426+0700][gc,heap       ] GC(82) Old regions: 203->209
[2020-05-13T20:38:05.426+0700][gc,heap       ] GC(82) Humongous regions: 129->129
[2020-05-13T20:38:05.426+0700][gc,metaspace  ] GC(82) Metaspace: 41637K->41637K(1087488K)
[2020-05-13T20:38:05.426+0700][gc            ] GC(82) Pause Young (Normal) (G1 Evacuation Pause) 386M->341M(1024M) 39,964ms
[2020-05-13T20:38:05.426+0700][gc,cpu        ] GC(82) User=0,06s Sys=0,00s Real=0,04s
[2020-05-13T20:40:23.404+0700][gc,start      ] GC(83) Pause Young (Normal) (G1 Evacuation Pause)
[2020-05-13T20:40:23.406+0700][gc,task       ] GC(83) Using 8 workers of 8 for evacuation
[2020-05-13T20:40:23.436+0700][gc,mmu        ] GC(83) MMU target violated: 21,0ms (20,0ms/21,0ms)
[2020-05-13T20:40:23.436+0700][gc,phases     ] GC(83)   Pre Evacuate Collection Set: 0,1ms
[2020-05-13T20:40:23.436+0700][gc,phases     ] GC(83)   Evacuate Collection Set: 29,0ms
[2020-05-13T20:40:23.436+0700][gc,phases     ] GC(83)   Post Evacuate Collection Set: 0,6ms
[2020-05-13T20:40:23.436+0700][gc,phases     ] GC(83)   Other: 2,5ms
[2020-05-13T20:40:23.436+0700][gc,heap       ] GC(83) Eden regions: 50->0(53)
[2020-05-13T20:40:23.436+0700][gc,heap       ] GC(83) Survivor regions: 5->4(7)
[2020-05-13T20:40:23.437+0700][gc,heap       ] GC(83) Old regions: 209->212
[2020-05-13T20:40:23.437+0700][gc,heap       ] GC(83) Humongous regions: 129->129
[2020-05-13T20:40:23.437+0700][gc,metaspace  ] GC(83) Metaspace: 41637K->41637K(1087488K)
[2020-05-13T20:40:23.437+0700][gc            ] GC(83) Pause Young (Normal) (G1 Evacuation Pause) 391M->343M(1024M) 32,341ms
[2020-05-13T20:40:23.437+0700][gc,cpu        ] GC(83) User=0,12s Sys=0,00s Real=0,03s
