[2020-05-11T03:09:59.089+0700][gc,heap] Heap region size: 1M
[2020-05-11T03:09:59.097+0700][gc     ] Using G1
[2020-05-11T03:09:59.097+0700][gc,heap,coops] Heap address: 0x00000000c0000000, size: 1024 MB, Compressed Oops mode: 32-bit
[2020-05-11T03:10:06.240+0700][gc,start     ] GC(0) Pause Young (Normal) (G1 Evacuation Pause)
[2020-05-11T03:10:06.242+0700][gc,task      ] GC(0) Using 8 workers of 8 for evacuation
[2020-05-11T03:10:06.253+0700][gc,phases    ] GC(0)   Pre Evacuate Collection Set: 0,0ms
[2020-05-11T03:10:06.253+0700][gc,phases    ] GC(0)   Evacuate Collection Set: 10,0ms
[2020-05-11T03:10:06.253+0700][gc,phases    ] GC(0)   Post Evacuate Collection Set: 1,3ms
[2020-05-11T03:10:06.253+0700][gc,phases    ] GC(0)   Other: 2,6ms
[2020-05-11T03:10:06.253+0700][gc,heap      ] GC(0) Eden regions: 51->0(44)
[2020-05-11T03:10:06.253+0700][gc,heap      ] GC(0) Survivor regions: 0->7(7)
[2020-05-11T03:10:06.253+0700][gc,heap      ] GC(0) Old regions: 0->0
[2020-05-11T03:10:06.253+0700][gc,heap      ] GC(0) Humongous regions: 0->0
[2020-05-11T03:10:06.253+0700][gc,metaspace ] GC(0) Metaspace: 15811K->15811K(1062912K)
[2020-05-11T03:10:06.254+0700][gc           ] GC(0) Pause Young (Normal) (G1 Evacuation Pause) 51M->6M(1024M) 13,651ms
[2020-05-11T03:10:06.254+0700][gc,cpu       ] GC(0) User=0,05s Sys=0,01s Real=0,01s
[2020-05-11T03:10:07.092+0700][gc,start     ] GC(1) Pause Young (Concurrent Start) (Metadata GC Threshold)
[2020-05-11T03:10:07.092+0700][gc,task      ] GC(1) Using 8 workers of 8 for evacuation
[2020-05-11T03:10:07.117+0700][gc,mmu       ] GC(1) MMU target violated: 21,0ms (20,0ms/21,0ms)
[2020-05-11T03:10:07.117+0700][gc,phases    ] GC(1)   Pre Evacuate Collection Set: 0,1ms
[2020-05-11T03:10:07.117+0700][gc,phases    ] GC(1)   Evacuate Collection Set: 19,7ms
[2020-05-11T03:10:07.117+0700][gc,phases    ] GC(1)   Post Evacuate Collection Set: 4,9ms
[2020-05-11T03:10:07.117+0700][gc,phases    ] GC(1)   Other: 0,5ms
[2020-05-11T03:10:07.117+0700][gc,heap      ] GC(1) Eden regions: 20->0(50)
[2020-05-11T03:10:07.117+0700][gc,heap      ] GC(1) Survivor regions: 7->1(7)
[2020-05-11T03:10:07.117+0700][gc,heap      ] GC(1) Old regions: 0->7
[2020-05-11T03:10:07.117+0700][gc,heap      ] GC(1) Humongous regions: 0->0
[2020-05-11T03:10:07.117+0700][gc,metaspace ] GC(1) Metaspace: 20593K->20593K(1067008K)
[2020-05-11T03:10:07.117+0700][gc           ] GC(1) Pause Young (Concurrent Start) (Metadata GC Threshold) 26M->7M(1024M) 24,921ms
[2020-05-11T03:10:07.117+0700][gc,cpu       ] GC(1) User=0,04s Sys=0,05s Real=0,03s
[2020-05-11T03:10:07.117+0700][gc           ] GC(2) Concurrent Cycle
[2020-05-11T03:10:07.117+0700][gc,marking   ] GC(2) Concurrent Clear Claimed Marks
[2020-05-11T03:10:07.118+0700][gc,marking   ] GC(2) Concurrent Clear Claimed Marks 0,350ms
[2020-05-11T03:10:07.118+0700][gc,marking   ] GC(2) Concurrent Scan Root Regions
[2020-05-11T03:10:07.119+0700][gc,marking   ] GC(2) Concurrent Scan Root Regions 1,295ms
[2020-05-11T03:10:07.119+0700][gc,marking   ] GC(2) Concurrent Mark (8,043s)
[2020-05-11T03:10:07.119+0700][gc,marking   ] GC(2) Concurrent Mark From Roots
[2020-05-11T03:10:07.120+0700][gc,task      ] GC(2) Using 2 workers of 2 for marking
[2020-05-11T03:10:07.126+0700][gc,marking   ] GC(2) Concurrent Mark From Roots 6,665ms
[2020-05-11T03:10:07.126+0700][gc,marking   ] GC(2) Concurrent Preclean
[2020-05-11T03:10:07.126+0700][gc,marking   ] GC(2) Concurrent Preclean 0,107ms
[2020-05-11T03:10:07.126+0700][gc,marking   ] GC(2) Concurrent Mark (8,043s, 8,050s) 6,810ms
[2020-05-11T03:10:07.127+0700][gc,start     ] GC(2) Pause Remark
[2020-05-11T03:10:07.148+0700][gc,stringtable] GC(2) Cleaned string and symbol table, strings: 9264 processed, 0 removed, symbols: 49699 processed, 55 removed
[2020-05-11T03:10:07.149+0700][gc,mmu        ] GC(2) MMU target violated: 21,0ms (20,0ms/21,0ms)
[2020-05-11T03:10:07.149+0700][gc            ] GC(2) Pause Remark 8M->8M(1024M) 21,809ms
[2020-05-11T03:10:07.149+0700][gc,cpu        ] GC(2) User=0,09s Sys=0,01s Real=0,02s
[2020-05-11T03:10:07.149+0700][gc,marking    ] GC(2) Concurrent Rebuild Remembered Sets
[2020-05-11T03:10:07.160+0700][gc,marking    ] GC(2) Concurrent Rebuild Remembered Sets 11,272ms
[2020-05-11T03:10:07.322+0700][gc,start      ] GC(2) Pause Cleanup
[2020-05-11T03:10:07.325+0700][gc            ] GC(2) Pause Cleanup 137M->137M(1024M) 2,055ms
[2020-05-11T03:10:07.325+0700][gc,cpu        ] GC(2) User=0,01s Sys=0,00s Real=0,00s
[2020-05-11T03:10:07.326+0700][gc,marking    ] GC(2) Concurrent Cleanup for Next Mark
[2020-05-11T03:10:07.334+0700][gc,marking    ] GC(2) Concurrent Cleanup for Next Mark 8,602ms
[2020-05-11T03:10:07.337+0700][gc            ] GC(2) Concurrent Cycle 219,225ms
[2020-05-11T03:10:08.661+0700][gc,start      ] GC(3) Pause Young (Normal) (G1 Evacuation Pause)
[2020-05-11T03:10:08.661+0700][gc,task       ] GC(3) Using 8 workers of 8 for evacuation
[2020-05-11T03:10:08.669+0700][gc,phases     ] GC(3)   Pre Evacuate Collection Set: 0,0ms
[2020-05-11T03:10:08.669+0700][gc,phases     ] GC(3)   Evacuate Collection Set: 6,8ms
[2020-05-11T03:10:08.669+0700][gc,phases     ] GC(3)   Post Evacuate Collection Set: 1,2ms
[2020-05-11T03:10:08.669+0700][gc,phases     ] GC(3)   Other: 0,2ms
[2020-05-11T03:10:08.669+0700][gc,heap       ] GC(3) Eden regions: 50->0(46)
[2020-05-11T03:10:08.669+0700][gc,heap       ] GC(3) Survivor regions: 1->5(7)
[2020-05-11T03:10:08.669+0700][gc,heap       ] GC(3) Old regions: 7->7
[2020-05-11T03:10:08.669+0700][gc,heap       ] GC(3) Humongous regions: 129->129
[2020-05-11T03:10:08.669+0700][gc,metaspace  ] GC(3) Metaspace: 30071K->30071K(1077248K)
[2020-05-11T03:10:08.669+0700][gc            ] GC(3) Pause Young (Normal) (G1 Evacuation Pause) 186M->140M(1024M) 8,224ms
[2020-05-11T03:10:08.669+0700][gc,cpu        ] GC(3) User=0,04s Sys=0,00s Real=0,01s
[2020-05-11T10:39:40.019+0700][gc,start      ] GC(4) Pause Young (Normal) (G1 Evacuation Pause)
[2020-05-11T10:39:40.035+0700][gc,task       ] GC(4) Using 8 workers of 8 for evacuation
[2020-05-11T10:39:40.052+0700][gc,phases     ] GC(4)   Pre Evacuate Collection Set: 0,7ms
[2020-05-11T10:39:40.052+0700][gc,phases     ] GC(4)   Evacuate Collection Set: 15,5ms
[2020-05-11T10:39:40.052+0700][gc,phases     ] GC(4)   Post Evacuate Collection Set: 1,2ms
[2020-05-11T10:39:40.052+0700][gc,phases     ] GC(4)   Other: 15,6ms
[2020-05-11T10:39:40.052+0700][gc,heap       ] GC(4) Eden regions: 46->0(50)
[2020-05-11T10:39:40.052+0700][gc,heap       ] GC(4) Survivor regions: 5->1(7)
[2020-05-11T10:39:40.052+0700][gc,heap       ] GC(4) Old regions: 7->12
[2020-05-11T10:39:40.052+0700][gc,heap       ] GC(4) Humongous regions: 129->129
[2020-05-11T10:39:40.053+0700][gc,metaspace  ] GC(4) Metaspace: 31231K->31231K(1077248K)
[2020-05-11T10:39:40.053+0700][gc            ] GC(4) Pause Young (Normal) (G1 Evacuation Pause) 186M->141M(1024M) 33,303ms
[2020-05-11T10:39:40.053+0700][gc,cpu        ] GC(4) User=0,09s Sys=0,02s Real=0,03s
[2020-05-11T11:19:23.936+0700][gc,start      ] GC(5) Pause Young (Normal) (G1 Evacuation Pause)
[2020-05-11T11:19:23.943+0700][gc,task       ] GC(5) Using 8 workers of 8 for evacuation
[2020-05-11T11:19:23.960+0700][gc,phases     ] GC(5)   Pre Evacuate Collection Set: 0,1ms
[2020-05-11T11:19:23.960+0700][gc,phases     ] GC(5)   Evacuate Collection Set: 12,5ms
[2020-05-11T11:19:23.960+0700][gc,phases     ] GC(5)   Post Evacuate Collection Set: 3,6ms
[2020-05-11T11:19:23.960+0700][gc,phases     ] GC(5)   Other: 7,6ms
[2020-05-11T11:19:23.960+0700][gc,heap       ] GC(5) Eden regions: 50->0(50)
[2020-05-11T11:19:23.960+0700][gc,heap       ] GC(5) Survivor regions: 1->1(7)
[2020-05-11T11:19:23.960+0700][gc,heap       ] GC(5) Old regions: 12->12
[2020-05-11T11:19:23.960+0700][gc,heap       ] GC(5) Humongous regions: 129->129
[2020-05-11T11:19:23.960+0700][gc,metaspace  ] GC(5) Metaspace: 31428K->31428K(1077248K)
[2020-05-11T11:19:23.960+0700][gc            ] GC(5) Pause Young (Normal) (G1 Evacuation Pause) 191M->140M(1024M) 23,945ms
[2020-05-11T11:19:23.960+0700][gc,cpu        ] GC(5) User=0,08s Sys=0,00s Real=0,03s
[2020-05-12T17:04:04.484+0700][gc,start      ] GC(6) Pause Young (Normal) (G1 Evacuation Pause)
[2020-05-12T17:04:04.505+0700][gc,task       ] GC(6) Using 8 workers of 8 for evacuation
[2020-05-12T17:04:04.509+0700][gc,phases     ] GC(6)   Pre Evacuate Collection Set: 0,1ms
[2020-05-12T17:04:04.509+0700][gc,phases     ] GC(6)   Evacuate Collection Set: 2,4ms
[2020-05-12T17:04:04.509+0700][gc,phases     ] GC(6)   Post Evacuate Collection Set: 1,3ms
[2020-05-12T17:04:04.509+0700][gc,phases     ] GC(6)   Other: 21,9ms
[2020-05-12T17:04:04.509+0700][gc,heap       ] GC(6) Eden regions: 50->0(50)
[2020-05-12T17:04:04.509+0700][gc,heap       ] GC(6) Survivor regions: 1->1(7)
[2020-05-12T17:04:04.509+0700][gc,heap       ] GC(6) Old regions: 12->12
[2020-05-12T17:04:04.509+0700][gc,heap       ] GC(6) Humongous regions: 129->129
[2020-05-12T17:04:04.509+0700][gc,metaspace  ] GC(6) Metaspace: 31645K->31645K(1077248K)
[2020-05-12T17:04:04.518+0700][gc            ] GC(6) Pause Young (Normal) (G1 Evacuation Pause) 190M->140M(1024M) 34,331ms
[2020-05-12T17:04:04.518+0700][gc,cpu        ] GC(6) User=0,01s Sys=0,01s Real=0,04s
