[2020-05-13T20:42:52.183+0700][gc,start      ] GC(84) Pause Young (Normal) (G1 Evacuation Pause)
[2020-05-13T20:42:52.183+0700][gc,task       ] GC(84) Using 8 workers of 8 for evacuation
[2020-05-13T20:42:52.194+0700][gc,phases     ] GC(84)   Pre Evacuate Collection Set: 0,0ms
[2020-05-13T20:42:52.194+0700][gc,phases     ] GC(84)   Evacuate Collection Set: 8,9ms
[2020-05-13T20:42:52.194+0700][gc,phases     ] GC(84)   Post Evacuate Collection Set: 1,4ms
[2020-05-13T20:42:52.194+0700][gc,phases     ] GC(84)   Other: 0,4ms
[2020-05-13T20:42:52.194+0700][gc,heap       ] GC(84) Eden regions: 53->0(53)
[2020-05-13T20:42:52.194+0700][gc,heap       ] GC(84) Survivor regions: 4->7(8)
[2020-05-13T20:42:52.194+0700][gc,heap       ] GC(84) Old regions: 212->212
[2020-05-13T20:42:52.194+0700][gc,heap       ] GC(84) Humongous regions: 129->129
[2020-05-13T20:42:52.194+0700][gc,metaspace  ] GC(84) Metaspace: 41637K->41637K(1087488K)
[2020-05-13T20:42:52.194+0700][gc            ] GC(84) Pause Young (Normal) (G1 Evacuation Pause) 396M->346M(1024M) 10,808ms
[2020-05-13T20:42:52.194+0700][gc,cpu        ] GC(84) User=0,05s Sys=0,00s Real=0,01s
[2020-05-13T20:45:16.168+0700][gc,start      ] GC(85) Pause Young (Normal) (G1 Evacuation Pause)
[2020-05-13T20:45:16.169+0700][gc,task       ] GC(85) Using 8 workers of 8 for evacuation
[2020-05-13T20:45:16.178+0700][gc,phases     ] GC(85)   Pre Evacuate Collection Set: 0,0ms
[2020-05-13T20:45:16.178+0700][gc,phases     ] GC(85)   Evacuate Collection Set: 8,5ms
[2020-05-13T20:45:16.178+0700][gc,phases     ] GC(85)   Post Evacuate Collection Set: 0,4ms
[2020-05-13T20:45:16.178+0700][gc,phases     ] GC(85)   Other: 0,5ms
[2020-05-13T20:45:16.178+0700][gc,heap       ] GC(85) Eden regions: 53->0(64)
[2020-05-13T20:45:16.178+0700][gc,heap       ] GC(85) Survivor regions: 7->7(8)
[2020-05-13T20:45:16.178+0700][gc,heap       ] GC(85) Old regions: 212->214
[2020-05-13T20:45:16.178+0700][gc,heap       ] GC(85) Humongous regions: 129->129
[2020-05-13T20:45:16.178+0700][gc,metaspace  ] GC(85) Metaspace: 41637K->41637K(1087488K)
[2020-05-13T20:45:16.178+0700][gc            ] GC(85) Pause Young (Normal) (G1 Evacuation Pause) 399M->348M(1024M) 9,446ms
[2020-05-13T20:45:16.178+0700][gc,cpu        ] GC(85) User=0,05s Sys=0,00s Real=0,01s
[2020-05-13T20:48:11.563+0700][gc,start      ] GC(86) Pause Young (Normal) (G1 Evacuation Pause)
[2020-05-13T20:48:11.568+0700][gc,task       ] GC(86) Using 8 workers of 8 for evacuation
[2020-05-13T20:48:11.593+0700][gc,mmu        ] GC(86) MMU target violated: 21,0ms (20,0ms/21,0ms)
[2020-05-13T20:48:11.593+0700][gc,phases     ] GC(86)   Pre Evacuate Collection Set: 0,2ms
[2020-05-13T20:48:11.593+0700][gc,phases     ] GC(86)   Evacuate Collection Set: 23,0ms
[2020-05-13T20:48:11.593+0700][gc,phases     ] GC(86)   Post Evacuate Collection Set: 1,2ms
[2020-05-13T20:48:11.593+0700][gc,phases     ] GC(86)   Other: 5,7ms
[2020-05-13T20:48:11.593+0700][gc,heap       ] GC(86) Eden regions: 64->0(57)
[2020-05-13T20:48:11.593+0700][gc,heap       ] GC(86) Survivor regions: 7->9(9)
[2020-05-13T20:48:11.593+0700][gc,heap       ] GC(86) Old regions: 214->216
[2020-05-13T20:48:11.593+0700][gc,heap       ] GC(86) Humongous regions: 129->129
[2020-05-13T20:48:11.593+0700][gc,metaspace  ] GC(86) Metaspace: 41637K->41637K(1087488K)
[2020-05-13T20:48:11.593+0700][gc            ] GC(86) Pause Young (Normal) (G1 Evacuation Pause) 412M->353M(1024M) 30,164ms
[2020-05-13T20:48:11.593+0700][gc,cpu        ] GC(86) User=0,11s Sys=0,01s Real=0,03s
[2020-05-13T20:50:42.403+0700][gc,start      ] GC(87) Pause Young (Normal) (G1 Evacuation Pause)
[2020-05-13T20:50:42.405+0700][gc,task       ] GC(87) Using 8 workers of 8 for evacuation
[2020-05-13T20:50:42.440+0700][gc,mmu        ] GC(87) MMU target violated: 21,0ms (20,0ms/21,0ms)
[2020-05-13T20:50:42.440+0700][gc,phases     ] GC(87)   Pre Evacuate Collection Set: 0,0ms
[2020-05-13T20:50:42.440+0700][gc,phases     ] GC(87)   Evacuate Collection Set: 33,6ms
[2020-05-13T20:50:42.440+0700][gc,phases     ] GC(87)   Post Evacuate Collection Set: 0,4ms
[2020-05-13T20:50:42.440+0700][gc,phases     ] GC(87)   Other: 2,6ms
[2020-05-13T20:50:42.440+0700][gc,heap       ] GC(87) Eden regions: 55->0(51)
[2020-05-13T20:50:42.440+0700][gc,heap       ] GC(87) Survivor regions: 9->4(8)
[2020-05-13T20:50:42.440+0700][gc,heap       ] GC(87) Old regions: 216->223
[2020-05-13T20:50:42.440+0700][gc,heap       ] GC(87) Humongous regions: 129->129
[2020-05-13T20:50:42.440+0700][gc,metaspace  ] GC(87) Metaspace: 41638K->41638K(1087488K)
[2020-05-13T20:50:42.440+0700][gc            ] GC(87) Pause Young (Normal) (G1 Evacuation Pause) 408M->354M(1024M) 36,759ms
[2020-05-13T20:50:42.440+0700][gc,cpu        ] GC(87) User=0,13s Sys=0,02s Real=0,03s
[2020-05-13T20:52:59.317+0700][gc,start      ] GC(88) Pause Young (Normal) (G1 Evacuation Pause)
[2020-05-13T20:52:59.334+0700][gc,task       ] GC(88) Using 8 workers of 8 for evacuation
[2020-05-13T20:52:59.341+0700][gc,phases     ] GC(88)   Pre Evacuate Collection Set: 0,0ms
[2020-05-13T20:52:59.341+0700][gc,phases     ] GC(88)   Evacuate Collection Set: 6,3ms
[2020-05-13T20:52:59.341+0700][gc,phases     ] GC(88)   Post Evacuate Collection Set: 0,3ms
[2020-05-13T20:52:59.341+0700][gc,phases     ] GC(88)   Other: 17,6ms
[2020-05-13T20:52:59.341+0700][gc,heap       ] GC(88) Eden regions: 51->0(55)
[2020-05-13T20:52:59.341+0700][gc,heap       ] GC(88) Survivor regions: 4->7(7)
[2020-05-13T20:52:59.341+0700][gc,heap       ] GC(88) Old regions: 223->223
[2020-05-13T20:52:59.341+0700][gc,heap       ] GC(88) Humongous regions: 129->129
[2020-05-13T20:52:59.341+0700][gc,metaspace  ] GC(88) Metaspace: 41639K->41639K(1087488K)
[2020-05-13T20:52:59.341+0700][gc            ] GC(88) Pause Young (Normal) (G1 Evacuation Pause) 405M->357M(1024M) 24,391ms
[2020-05-13T20:52:59.341+0700][gc,cpu        ] GC(88) User=0,04s Sys=0,00s Real=0,03s
[2020-05-13T20:55:30.386+0700][gc,start      ] GC(89) Pause Young (Normal) (G1 Evacuation Pause)
[2020-05-13T20:55:30.386+0700][gc,task       ] GC(89) Using 8 workers of 8 for evacuation
[2020-05-13T20:55:30.397+0700][gc,phases     ] GC(89)   Pre Evacuate Collection Set: 0,0ms
[2020-05-13T20:55:30.397+0700][gc,phases     ] GC(89)   Evacuate Collection Set: 10,3ms
[2020-05-13T20:55:30.397+0700][gc,phases     ] GC(89)   Post Evacuate Collection Set: 0,4ms
[2020-05-13T20:55:30.397+0700][gc,phases     ] GC(89)   Other: 0,2ms
[2020-05-13T20:55:30.397+0700][gc,heap       ] GC(89) Eden regions: 55->0(69)
[2020-05-13T20:55:30.397+0700][gc,heap       ] GC(89) Survivor regions: 7->6(8)
[2020-05-13T20:55:30.397+0700][gc,heap       ] GC(89) Old regions: 223->225
[2020-05-13T20:55:30.397+0700][gc,heap       ] GC(89) Humongous regions: 129->129
[2020-05-13T20:55:30.397+0700][gc,metaspace  ] GC(89) Metaspace: 41639K->41639K(1087488K)
[2020-05-13T20:55:30.397+0700][gc            ] GC(89) Pause Young (Normal) (G1 Evacuation Pause) 412M->359M(1024M) 11,043ms
[2020-05-13T20:55:30.397+0700][gc,cpu        ] GC(89) User=0,05s Sys=0,00s Real=0,01s
[2020-05-13T20:58:37.252+0700][gc,start      ] GC(90) Pause Young (Normal) (G1 Evacuation Pause)
[2020-05-13T20:58:37.252+0700][gc,task       ] GC(90) Using 8 workers of 8 for evacuation
[2020-05-13T20:58:37.261+0700][gc,phases     ] GC(90)   Pre Evacuate Collection Set: 0,0ms
[2020-05-13T20:58:37.261+0700][gc,phases     ] GC(90)   Evacuate Collection Set: 8,5ms
[2020-05-13T20:58:37.261+0700][gc,phases     ] GC(90)   Post Evacuate Collection Set: 0,4ms
[2020-05-13T20:58:37.261+0700][gc,phases     ] GC(90)   Other: 0,2ms
[2020-05-13T20:58:37.261+0700][gc,heap       ] GC(90) Eden regions: 69->0(84)
[2020-05-13T20:58:37.261+0700][gc,heap       ] GC(90) Survivor regions: 6->7(10)
[2020-05-13T20:58:37.261+0700][gc,heap       ] GC(90) Old regions: 225->227
[2020-05-13T20:58:37.261+0700][gc,heap       ] GC(90) Humongous regions: 129->129
[2020-05-13T20:58:37.261+0700][gc,metaspace  ] GC(90) Metaspace: 41641K->41641K(1087488K)
[2020-05-13T20:58:37.261+0700][gc            ] GC(90) Pause Young (Normal) (G1 Evacuation Pause) 428M->362M(1024M) 9,307ms
[2020-05-13T20:58:37.261+0700][gc,cpu        ] GC(90) User=0,05s Sys=0,00s Real=0,02s
[2020-05-13T21:02:20.386+0700][gc,start      ] GC(91) Pause Young (Normal) (G1 Evacuation Pause)
[2020-05-13T21:02:20.389+0700][gc,task       ] GC(91) Using 8 workers of 8 for evacuation
[2020-05-13T21:02:20.401+0700][gc,phases     ] GC(91)   Pre Evacuate Collection Set: 0,0ms
[2020-05-13T21:02:20.401+0700][gc,phases     ] GC(91)   Evacuate Collection Set: 11,4ms
[2020-05-13T21:02:20.401+0700][gc,phases     ] GC(91)   Post Evacuate Collection Set: 0,6ms
[2020-05-13T21:02:20.401+0700][gc,phases     ] GC(91)   Other: 2,9ms
[2020-05-13T21:02:20.401+0700][gc,heap       ] GC(91) Eden regions: 84->0(96)
[2020-05-13T21:02:20.401+0700][gc,heap       ] GC(91) Survivor regions: 7->11(12)
[2020-05-13T21:02:20.401+0700][gc,heap       ] GC(91) Old regions: 227->227
[2020-05-13T21:02:20.401+0700][gc,heap       ] GC(91) Humongous regions: 129->129
[2020-05-13T21:02:20.401+0700][gc,metaspace  ] GC(91) Metaspace: 41641K->41641K(1087488K)
[2020-05-13T21:02:20.401+0700][gc            ] GC(91) Pause Young (Normal) (G1 Evacuation Pause) 446M->366M(1024M) 15,075ms
[2020-05-13T21:02:20.401+0700][gc,cpu        ] GC(91) User=0,06s Sys=0,00s Real=0,02s
[2020-05-13T21:06:48.985+0700][gc,start      ] GC(92) Pause Young (Normal) (G1 Evacuation Pause)
[2020-05-13T21:06:48.985+0700][gc,task       ] GC(92) Using 8 workers of 8 for evacuation
[2020-05-13T21:06:49.010+0700][gc,mmu        ] GC(92) MMU target violated: 21,0ms (20,0ms/21,0ms)
[2020-05-13T21:06:49.010+0700][gc,phases     ] GC(92)   Pre Evacuate Collection Set: 0,0ms
[2020-05-13T21:06:49.010+0700][gc,phases     ] GC(92)   Evacuate Collection Set: 24,7ms
[2020-05-13T21:06:49.010+0700][gc,phases     ] GC(92)   Post Evacuate Collection Set: 0,4ms
[2020-05-13T21:06:49.010+0700][gc,phases     ] GC(92)   Other: 0,5ms
[2020-05-13T21:06:49.010+0700][gc,heap       ] GC(92) Eden regions: 96->0(91)
[2020-05-13T21:06:49.010+0700][gc,heap       ] GC(92) Survivor regions: 11->9(14)
[2020-05-13T21:06:49.010+0700][gc,heap       ] GC(92) Old regions: 227->233
[2020-05-13T21:06:49.010+0700][gc,heap       ] GC(92) Humongous regions: 129->129
[2020-05-13T21:06:49.010+0700][gc,metaspace  ] GC(92) Metaspace: 41642K->41642K(1087488K)
[2020-05-13T21:06:49.010+0700][gc            ] GC(92) Pause Young (Normal) (G1 Evacuation Pause) 462M->370M(1024M) 25,606ms
[2020-05-13T21:06:49.010+0700][gc,cpu        ] GC(92) User=0,11s Sys=0,01s Real=0,02s
[2020-05-13T21:11:02.793+0700][gc,start      ] GC(93) Pause Young (Concurrent Start) (G1 Evacuation Pause)
[2020-05-13T21:11:02.811+0700][gc,task       ] GC(93) Using 8 workers of 8 for evacuation
[2020-05-13T21:11:02.851+0700][gc,mmu        ] GC(93) MMU target violated: 21,0ms (20,0ms/21,0ms)
[2020-05-13T21:11:02.851+0700][gc,phases     ] GC(93)   Pre Evacuate Collection Set: 0,4ms
[2020-05-13T21:11:02.851+0700][gc,phases     ] GC(93)   Evacuate Collection Set: 24,8ms
[2020-05-13T21:11:02.851+0700][gc,phases     ] GC(93)   Post Evacuate Collection Set: 0,5ms
[2020-05-13T21:11:02.851+0700][gc,phases     ] GC(93)   Other: 32,3ms
[2020-05-13T21:11:02.851+0700][gc,heap       ] GC(93) Eden regions: 91->0(40)
[2020-05-13T21:11:02.851+0700][gc,heap       ] GC(93) Survivor regions: 9->11(13)
[2020-05-13T21:11:02.851+0700][gc,heap       ] GC(93) Old regions: 233->237
[2020-05-13T21:11:02.851+0700][gc,heap       ] GC(93) Humongous regions: 129->129
[2020-05-13T21:11:02.851+0700][gc,metaspace  ] GC(93) Metaspace: 41642K->41642K(1087488K)
[2020-05-13T21:11:02.851+0700][gc            ] GC(93) Pause Young (Concurrent Start) (G1 Evacuation Pause) 461M->375M(1024M) 58,037ms
[2020-05-13T21:11:02.851+0700][gc,cpu        ] GC(93) User=0,16s Sys=0,00s Real=0,05s
[2020-05-13T21:11:02.852+0700][gc            ] GC(94) Concurrent Cycle
[2020-05-13T21:11:02.852+0700][gc,marking    ] GC(94) Concurrent Clear Claimed Marks
[2020-05-13T21:11:02.852+0700][gc,marking    ] GC(94) Concurrent Clear Claimed Marks 0,197ms
[2020-05-13T21:11:02.852+0700][gc,marking    ] GC(94) Concurrent Scan Root Regions
[2020-05-13T21:11:02.857+0700][gc,marking    ] GC(94) Concurrent Scan Root Regions 4,890ms
[2020-05-13T21:11:02.857+0700][gc,marking    ] GC(94) Concurrent Mark (14301,423s)
[2020-05-13T21:11:02.857+0700][gc,marking    ] GC(94) Concurrent Mark From Roots
[2020-05-13T21:11:02.857+0700][gc,task       ] GC(94) Using 2 workers of 2 for marking
[2020-05-13T21:11:02.901+0700][gc,marking    ] GC(94) Concurrent Mark From Roots 43,681ms
[2020-05-13T21:11:02.901+0700][gc,marking    ] GC(94) Concurrent Preclean
[2020-05-13T21:11:02.901+0700][gc,marking    ] GC(94) Concurrent Preclean 0,271ms
[2020-05-13T21:11:02.901+0700][gc,marking    ] GC(94) Concurrent Mark (14301,423s, 14301,467s) 44,032ms
[2020-05-13T21:11:02.901+0700][gc,start      ] GC(94) Pause Remark
[2020-05-13T21:11:02.963+0700][gc,stringtable] GC(94) Cleaned string and symbol table, strings: 18724 processed, 309 removed, symbols: 81843 processed, 3 removed
[2020-05-13T21:11:02.966+0700][gc,mmu        ] GC(94) MMU target violated: 21,0ms (20,0ms/21,0ms)
[2020-05-13T21:11:02.966+0700][gc            ] GC(94) Pause Remark 376M->339M(1024M) 64,387ms
[2020-05-13T21:11:02.966+0700][gc,cpu        ] GC(94) User=0,04s Sys=0,01s Real=0,06s
[2020-05-13T21:11:02.966+0700][gc,marking    ] GC(94) Concurrent Rebuild Remembered Sets
[2020-05-13T21:11:02.977+0700][gc,marking    ] GC(94) Concurrent Rebuild Remembered Sets 11,607ms
[2020-05-13T21:11:02.978+0700][gc,start      ] GC(94) Pause Cleanup
[2020-05-13T21:11:02.978+0700][gc            ] GC(94) Pause Cleanup 339M->339M(1024M) 0,209ms
[2020-05-13T21:11:02.978+0700][gc,cpu        ] GC(94) User=0,01s Sys=0,00s Real=0,00s
[2020-05-13T21:11:02.978+0700][gc,marking    ] GC(94) Concurrent Cleanup for Next Mark
[2020-05-13T21:11:02.979+0700][gc,marking    ] GC(94) Concurrent Cleanup for Next Mark 1,296ms
[2020-05-13T21:11:02.979+0700][gc            ] GC(94) Concurrent Cycle 127,325ms
[2020-05-13T21:12:47.857+0700][gc,start      ] GC(95) Pause Young (Prepare Mixed) (G1 Evacuation Pause)
[2020-05-13T21:12:47.859+0700][gc,task       ] GC(95) Using 8 workers of 8 for evacuation
[2020-05-13T21:12:47.870+0700][gc,phases     ] GC(95)   Pre Evacuate Collection Set: 0,0ms
[2020-05-13T21:12:47.870+0700][gc,phases     ] GC(95)   Evacuate Collection Set: 10,5ms
[2020-05-13T21:12:47.870+0700][gc,phases     ] GC(95)   Post Evacuate Collection Set: 0,3ms
[2020-05-13T21:12:47.870+0700][gc,phases     ] GC(95)   Other: 1,8ms
[2020-05-13T21:12:47.870+0700][gc,heap       ] GC(95) Eden regions: 40->0(45)
[2020-05-13T21:12:47.870+0700][gc,heap       ] GC(95) Survivor regions: 11->6(7)
[2020-05-13T21:12:47.870+0700][gc,heap       ] GC(95) Old regions: 200->208
[2020-05-13T21:12:47.870+0700][gc,heap       ] GC(95) Humongous regions: 129->129
[2020-05-13T21:12:47.870+0700][gc,metaspace  ] GC(95) Metaspace: 41456K->41456K(1087488K)
[2020-05-13T21:12:47.870+0700][gc            ] GC(95) Pause Young (Prepare Mixed) (G1 Evacuation Pause) 378M->342M(1024M) 12,754ms
[2020-05-13T21:12:47.870+0700][gc,cpu        ] GC(95) User=0,07s Sys=0,00s Real=0,01s
[2020-05-13T21:14:44.285+0700][gc,start      ] GC(96) Pause Young (Mixed) (G1 Evacuation Pause)
[2020-05-13T21:14:44.285+0700][gc,task       ] GC(96) Using 8 workers of 8 for evacuation
[2020-05-13T21:14:44.305+0700][gc,mmu        ] GC(96) MMU target violated: 20,1ms (20,0ms/21,0ms)
[2020-05-13T21:14:44.305+0700][gc,phases     ] GC(96)   Pre Evacuate Collection Set: 0,1ms
[2020-05-13T21:14:44.305+0700][gc,phases     ] GC(96)   Evacuate Collection Set: 19,2ms
[2020-05-13T21:14:44.305+0700][gc,phases     ] GC(96)   Post Evacuate Collection Set: 0,7ms
[2020-05-13T21:14:44.305+0700][gc,phases     ] GC(96)   Other: 0,5ms
[2020-05-13T21:14:44.305+0700][gc,heap       ] GC(96) Eden regions: 45->0(45)
[2020-05-13T21:14:44.305+0700][gc,heap       ] GC(96) Survivor regions: 6->6(7)
[2020-05-13T21:14:44.305+0700][gc,heap       ] GC(96) Old regions: 208->187
[2020-05-13T21:14:44.305+0700][gc,heap       ] GC(96) Humongous regions: 129->129
[2020-05-13T21:14:44.305+0700][gc,metaspace  ] GC(96) Metaspace: 41458K->41458K(1087488K)
[2020-05-13T21:14:44.305+0700][gc            ] GC(96) Pause Young (Mixed) (G1 Evacuation Pause) 387M->321M(1024M) 20,557ms
[2020-05-13T21:14:44.306+0700][gc,cpu        ] GC(96) User=0,13s Sys=0,00s Real=0,02s
[2020-05-13T21:16:49.289+0700][gc,start      ] GC(97) Pause Young (Mixed) (G1 Evacuation Pause)
[2020-05-13T21:16:49.292+0700][gc,task       ] GC(97) Using 8 workers of 8 for evacuation
[2020-05-13T21:16:49.298+0700][gc,phases     ] GC(97)   Pre Evacuate Collection Set: 0,0ms
[2020-05-13T21:16:49.298+0700][gc,phases     ] GC(97)   Evacuate Collection Set: 6,0ms
[2020-05-13T21:16:49.298+0700][gc,phases     ] GC(97)   Post Evacuate Collection Set: 0,3ms
[2020-05-13T21:16:49.298+0700][gc,phases     ] GC(97)   Other: 2,9ms
[2020-05-13T21:16:49.298+0700][gc,heap       ] GC(97) Eden regions: 45->0(48)
[2020-05-13T21:16:49.298+0700][gc,heap       ] GC(97) Survivor regions: 6->3(7)
[2020-05-13T21:16:49.298+0700][gc,heap       ] GC(97) Old regions: 187->167
[2020-05-13T21:16:49.298+0700][gc,heap       ] GC(97) Humongous regions: 129->129
[2020-05-13T21:16:49.298+0700][gc,metaspace  ] GC(97) Metaspace: 41458K->41458K(1087488K)
[2020-05-13T21:16:49.298+0700][gc            ] GC(97) Pause Young (Mixed) (G1 Evacuation Pause) 366M->298M(1024M) 9,430ms
[2020-05-13T21:16:49.298+0700][gc,cpu        ] GC(97) User=0,03s Sys=0,00s Real=0,01s
[2020-05-13T21:19:01.615+0700][gc,start      ] GC(98) Pause Young (Mixed) (G1 Evacuation Pause)
[2020-05-13T21:19:01.615+0700][gc,task       ] GC(98) Using 8 workers of 8 for evacuation
[2020-05-13T21:19:01.621+0700][gc,phases     ] GC(98)   Pre Evacuate Collection Set: 0,0ms
[2020-05-13T21:19:01.621+0700][gc,phases     ] GC(98)   Evacuate Collection Set: 5,2ms
[2020-05-13T21:19:01.621+0700][gc,phases     ] GC(98)   Post Evacuate Collection Set: 0,4ms
[2020-05-13T21:19:01.621+0700][gc,phases     ] GC(98)   Other: 0,2ms
[2020-05-13T21:19:01.621+0700][gc,heap       ] GC(98) Eden regions: 48->0(45)
[2020-05-13T21:19:01.621+0700][gc,heap       ] GC(98) Survivor regions: 3->6(7)
[2020-05-13T21:19:01.621+0700][gc,heap       ] GC(98) Old regions: 167->140
[2020-05-13T21:19:01.621+0700][gc,heap       ] GC(98) Humongous regions: 129->129
[2020-05-13T21:19:01.621+0700][gc,metaspace  ] GC(98) Metaspace: 41458K->41458K(1087488K)
[2020-05-13T21:19:01.621+0700][gc            ] GC(98) Pause Young (Mixed) (G1 Evacuation Pause) 346M->273M(1024M) 5,946ms
[2020-05-13T21:19:01.621+0700][gc,cpu        ] GC(98) User=0,03s Sys=0,01s Real=0,01s
[2020-05-13T21:21:06.774+0700][gc,start      ] GC(99) Pause Young (Mixed) (G1 Evacuation Pause)
[2020-05-13T21:21:06.789+0700][gc,task       ] GC(99) Using 8 workers of 8 for evacuation
[2020-05-13T21:21:06.797+0700][gc,phases     ] GC(99)   Pre Evacuate Collection Set: 0,0ms
[2020-05-13T21:21:06.797+0700][gc,phases     ] GC(99)   Evacuate Collection Set: 6,2ms
[2020-05-13T21:21:06.797+0700][gc,phases     ] GC(99)   Post Evacuate Collection Set: 1,0ms
[2020-05-13T21:21:06.797+0700][gc,phases     ] GC(99)   Other: 16,0ms
[2020-05-13T21:21:06.797+0700][gc,heap       ] GC(99) Eden regions: 45->0(45)
[2020-05-13T21:21:06.797+0700][gc,heap       ] GC(99) Survivor regions: 6->6(7)
[2020-05-13T21:21:06.797+0700][gc,heap       ] GC(99) Old regions: 140->106
[2020-05-13T21:21:06.797+0700][gc,heap       ] GC(99) Humongous regions: 129->129
[2020-05-13T21:21:06.797+0700][gc,metaspace  ] GC(99) Metaspace: 41458K->41458K(1087488K)
[2020-05-13T21:21:06.797+0700][gc            ] GC(99) Pause Young (Mixed) (G1 Evacuation Pause) 318M->240M(1024M) 23,477ms
[2020-05-13T21:21:06.797+0700][gc,cpu        ] GC(99) User=0,04s Sys=0,00s Real=0,02s
[2020-05-13T21:23:11.954+0700][gc,start      ] GC(100) Pause Young (Mixed) (G1 Evacuation Pause)
[2020-05-13T21:23:11.979+0700][gc,task       ] GC(100) Using 8 workers of 8 for evacuation
[2020-05-13T21:23:12.019+0700][gc,mmu        ] GC(100) MMU target violated: 21,0ms (20,0ms/21,0ms)
[2020-05-13T21:23:12.019+0700][gc,phases     ] GC(100)   Pre Evacuate Collection Set: 0,1ms
[2020-05-13T21:23:12.019+0700][gc,phases     ] GC(100)   Evacuate Collection Set: 38,3ms
[2020-05-13T21:23:12.019+0700][gc,phases     ] GC(100)   Post Evacuate Collection Set: 0,8ms
[2020-05-13T21:23:12.019+0700][gc,phases     ] GC(100)   Other: 25,3ms
[2020-05-13T21:23:12.019+0700][gc,heap       ] GC(100) Eden regions: 45->0(44)
[2020-05-13T21:23:12.019+0700][gc,heap       ] GC(100) Survivor regions: 6->7(7)
[2020-05-13T21:23:12.019+0700][gc,heap       ] GC(100) Old regions: 106->90
[2020-05-13T21:23:12.019+0700][gc,heap       ] GC(100) Humongous regions: 129->129
[2020-05-13T21:23:12.019+0700][gc,metaspace  ] GC(100) Metaspace: 41458K->41458K(1087488K)
[2020-05-13T21:23:12.019+0700][gc            ] GC(100) Pause Young (Mixed) (G1 Evacuation Pause) 285M->225M(1024M) 64,769ms
[2020-05-13T21:23:12.019+0700][gc,cpu        ] GC(100) User=0,16s Sys=0,00s Real=0,06s
[2020-05-13T21:25:15.387+0700][gc,start      ] GC(101) Pause Young (Normal) (G1 Evacuation Pause)
[2020-05-13T21:25:15.408+0700][gc,task       ] GC(101) Using 8 workers of 8 for evacuation
[2020-05-13T21:25:15.431+0700][gc,mmu        ] GC(101) MMU target violated: 21,0ms (20,0ms/21,0ms)
[2020-05-13T21:25:15.431+0700][gc,phases     ] GC(101)   Pre Evacuate Collection Set: 0,1ms
[2020-05-13T21:25:15.431+0700][gc,phases     ] GC(101)   Evacuate Collection Set: 20,7ms
[2020-05-13T21:25:15.431+0700][gc,phases     ] GC(101)   Post Evacuate Collection Set: 1,1ms
[2020-05-13T21:25:15.431+0700][gc,phases     ] GC(101)   Other: 21,8ms
[2020-05-13T21:25:15.431+0700][gc,heap       ] GC(101) Eden regions: 44->0(48)
[2020-05-13T21:25:15.431+0700][gc,heap       ] GC(101) Survivor regions: 7->3(7)
[2020-05-13T21:25:15.431+0700][gc,heap       ] GC(101) Old regions: 90->94
[2020-05-13T21:25:15.431+0700][gc,heap       ] GC(101) Humongous regions: 129->129
[2020-05-13T21:25:15.431+0700][gc,metaspace  ] GC(101) Metaspace: 41458K->41458K(1087488K)
[2020-05-13T21:25:15.431+0700][gc            ] GC(101) Pause Young (Normal) (G1 Evacuation Pause) 269M->225M(1024M) 43,879ms
[2020-05-13T21:25:15.431+0700][gc,cpu        ] GC(101) User=0,11s Sys=0,02s Real=0,04s
[2020-05-13T21:27:23.498+0700][gc,start      ] GC(102) Pause Young (Normal) (G1 Evacuation Pause)
[2020-05-13T21:27:23.500+0700][gc,task       ] GC(102) Using 8 workers of 8 for evacuation
[2020-05-13T21:27:23.522+0700][gc,mmu        ] GC(102) MMU target violated: 21,0ms (20,0ms/21,0ms)
[2020-05-13T21:27:23.522+0700][gc,phases     ] GC(102)   Pre Evacuate Collection Set: 0,0ms
[2020-05-13T21:27:23.522+0700][gc,phases     ] GC(102)   Evacuate Collection Set: 20,6ms
[2020-05-13T21:27:23.522+0700][gc,phases     ] GC(102)   Post Evacuate Collection Set: 1,0ms
[2020-05-13T21:27:23.522+0700][gc,phases     ] GC(102)   Other: 2,1ms
[2020-05-13T21:27:23.522+0700][gc,heap       ] GC(102) Eden regions: 48->0(45)
[2020-05-13T21:27:23.522+0700][gc,heap       ] GC(102) Survivor regions: 3->6(7)
[2020-05-13T21:27:23.522+0700][gc,heap       ] GC(102) Old regions: 94->94
[2020-05-13T21:27:23.522+0700][gc,heap       ] GC(102) Humongous regions: 129->129
[2020-05-13T21:27:23.522+0700][gc,metaspace  ] GC(102) Metaspace: 41459K->41459K(1087488K)
[2020-05-13T21:27:23.522+0700][gc            ] GC(102) Pause Young (Normal) (G1 Evacuation Pause) 273M->228M(1024M) 23,877ms
[2020-05-13T21:27:23.522+0700][gc,cpu        ] GC(102) User=0,12s Sys=0,00s Real=0,03s
[2020-05-13T21:29:26.992+0700][gc,start      ] GC(103) Pause Young (Normal) (G1 Evacuation Pause)
[2020-05-13T21:29:26.997+0700][gc,task       ] GC(103) Using 8 workers of 8 for evacuation
[2020-05-13T21:29:27.004+0700][gc,phases     ] GC(103)   Pre Evacuate Collection Set: 0,0ms
[2020-05-13T21:29:27.004+0700][gc,phases     ] GC(103)   Evacuate Collection Set: 6,7ms
[2020-05-13T21:29:27.004+0700][gc,phases     ] GC(103)   Post Evacuate Collection Set: 0,4ms
[2020-05-13T21:29:27.004+0700][gc,phases     ] GC(103)   Other: 5,7ms
[2020-05-13T21:29:27.004+0700][gc,heap       ] GC(103) Eden regions: 45->0(49)
[2020-05-13T21:29:27.004+0700][gc,heap       ] GC(103) Survivor regions: 6->4(7)
[2020-05-13T21:29:27.004+0700][gc,heap       ] GC(103) Old regions: 94->99
[2020-05-13T21:29:27.004+0700][gc,heap       ] GC(103) Humongous regions: 129->129
[2020-05-13T21:29:27.004+0700][gc,metaspace  ] GC(103) Metaspace: 41477K->41477K(1087488K)
[2020-05-13T21:29:27.004+0700][gc            ] GC(103) Pause Young (Normal) (G1 Evacuation Pause) 273M->231M(1024M) 12,844ms
[2020-05-13T21:29:27.004+0700][gc,cpu        ] GC(103) User=0,05s Sys=0,00s Real=0,02s
[2020-05-13T21:31:38.970+0700][gc,start      ] GC(104) Pause Young (Normal) (G1 Evacuation Pause)
[2020-05-13T21:31:38.982+0700][gc,task       ] GC(104) Using 8 workers of 8 for evacuation
[2020-05-13T21:31:38.989+0700][gc,phases     ] GC(104)   Pre Evacuate Collection Set: 0,0ms
[2020-05-13T21:31:38.989+0700][gc,phases     ] GC(104)   Evacuate Collection Set: 5,6ms
[2020-05-13T21:31:38.989+0700][gc,phases     ] GC(104)   Post Evacuate Collection Set: 0,5ms
[2020-05-13T21:31:38.989+0700][gc,phases     ] GC(104)   Other: 13,0ms
[2020-05-13T21:31:38.989+0700][gc,heap       ] GC(104) Eden regions: 49->0(57)
[2020-05-13T21:31:38.989+0700][gc,heap       ] GC(104) Survivor regions: 4->5(7)
[2020-05-13T21:31:38.989+0700][gc,heap       ] GC(104) Old regions: 99->99
[2020-05-13T21:31:38.989+0700][gc,heap       ] GC(104) Humongous regions: 129->129
[2020-05-13T21:31:38.989+0700][gc,metaspace  ] GC(104) Metaspace: 41479K->41479K(1087488K)
[2020-05-13T21:31:38.989+0700][gc            ] GC(104) Pause Young (Normal) (G1 Evacuation Pause) 280M->232M(1024M) 19,224ms
[2020-05-13T21:31:38.989+0700][gc,cpu        ] GC(104) User=0,03s Sys=0,00s Real=0,02s
[2020-05-13T21:34:17.218+0700][gc,start      ] GC(105) Pause Young (Normal) (G1 Evacuation Pause)
[2020-05-13T21:34:17.220+0700][gc,task       ] GC(105) Using 8 workers of 8 for evacuation
[2020-05-13T21:34:17.226+0700][gc,phases     ] GC(105)   Pre Evacuate Collection Set: 0,0ms
[2020-05-13T21:34:17.226+0700][gc,phases     ] GC(105)   Evacuate Collection Set: 6,0ms
[2020-05-13T21:34:17.226+0700][gc,phases     ] GC(105)   Post Evacuate Collection Set: 0,3ms
[2020-05-13T21:34:17.226+0700][gc,phases     ] GC(105)   Other: 1,8ms
[2020-05-13T21:34:17.226+0700][gc,heap       ] GC(105) Eden regions: 57->0(66)
[2020-05-13T21:34:17.226+0700][gc,heap       ] GC(105) Survivor regions: 5->7(8)
[2020-05-13T21:34:17.226+0700][gc,heap       ] GC(105) Old regions: 99->101
[2020-05-13T21:34:17.226+0700][gc,heap       ] GC(105) Humongous regions: 129->129
[2020-05-13T21:34:17.226+0700][gc,metaspace  ] GC(105) Metaspace: 41484K->41484K(1087488K)
[2020-05-13T21:34:17.226+0700][gc            ] GC(105) Pause Young (Normal) (G1 Evacuation Pause) 289M->236M(1024M) 8,354ms
[2020-05-13T21:34:17.226+0700][gc,cpu        ] GC(105) User=0,04s Sys=0,00s Real=0,01s
[2020-05-13T21:37:20.818+0700][gc,start      ] GC(106) Pause Young (Normal) (G1 Evacuation Pause)
[2020-05-13T21:37:20.818+0700][gc,task       ] GC(106) Using 8 workers of 8 for evacuation
[2020-05-13T21:37:20.827+0700][gc,phases     ] GC(106)   Pre Evacuate Collection Set: 0,0ms
[2020-05-13T21:37:20.827+0700][gc,phases     ] GC(106)   Evacuate Collection Set: 8,5ms
[2020-05-13T21:37:20.827+0700][gc,phases     ] GC(106)   Post Evacuate Collection Set: 0,3ms
[2020-05-13T21:37:20.827+0700][gc,phases     ] GC(106)   Other: 0,2ms
[2020-05-13T21:37:20.827+0700][gc,heap       ] GC(106) Eden regions: 66->0(77)
[2020-05-13T21:37:20.827+0700][gc,heap       ] GC(106) Survivor regions: 7->7(10)
[2020-05-13T21:37:20.827+0700][gc,heap       ] GC(106) Old regions: 101->103
[2020-05-13T21:37:20.827+0700][gc,heap       ] GC(106) Humongous regions: 129->129
[2020-05-13T21:37:20.827+0700][gc,metaspace  ] GC(106) Metaspace: 41484K->41484K(1087488K)
[2020-05-13T21:37:20.827+0700][gc            ] GC(106) Pause Young (Normal) (G1 Evacuation Pause) 302M->238M(1024M) 9,094ms
[2020-05-13T21:37:20.827+0700][gc,cpu        ] GC(106) User=0,05s Sys=0,00s Real=0,01s
[2020-05-13T21:40:56.746+0700][gc,start      ] GC(107) Pause Young (Normal) (G1 Evacuation Pause)
[2020-05-13T21:40:56.768+0700][gc,task       ] GC(107) Using 8 workers of 8 for evacuation
[2020-05-13T21:40:56.787+0700][gc,phases     ] GC(107)   Pre Evacuate Collection Set: 0,0ms
[2020-05-13T21:40:56.787+0700][gc,phases     ] GC(107)   Evacuate Collection Set: 17,7ms
[2020-05-13T21:40:56.787+0700][gc,phases     ] GC(107)   Post Evacuate Collection Set: 0,6ms
[2020-05-13T21:40:56.787+0700][gc,phases     ] GC(107)   Other: 22,1ms
[2020-05-13T21:40:56.787+0700][gc,heap       ] GC(107) Eden regions: 77->0(77)
[2020-05-13T21:40:56.787+0700][gc,heap       ] GC(107) Survivor regions: 7->9(11)
[2020-05-13T21:40:56.787+0700][gc,heap       ] GC(107) Old regions: 103->106
[2020-05-13T21:40:56.787+0700][gc,heap       ] GC(107) Humongous regions: 129->129
[2020-05-13T21:40:56.787+0700][gc,metaspace  ] GC(107) Metaspace: 41484K->41484K(1087488K)
[2020-05-13T21:40:56.787+0700][gc            ] GC(107) Pause Young (Normal) (G1 Evacuation Pause) 315M->243M(1024M) 40,591ms
[2020-05-13T21:40:56.787+0700][gc,cpu        ] GC(107) User=0,11s Sys=0,00s Real=0,04s
[2020-05-13T21:44:30.741+0700][gc,start      ] GC(108) Pause Young (Normal) (G1 Evacuation Pause)
[2020-05-13T21:44:30.741+0700][gc,task       ] GC(108) Using 8 workers of 8 for evacuation
[2020-05-13T21:44:30.758+0700][gc,phases     ] GC(108)   Pre Evacuate Collection Set: 0,0ms
[2020-05-13T21:44:30.758+0700][gc,phases     ] GC(108)   Evacuate Collection Set: 16,5ms
[2020-05-13T21:44:30.758+0700][gc,phases     ] GC(108)   Post Evacuate Collection Set: 0,4ms
[2020-05-13T21:44:30.759+0700][gc,phases     ] GC(108)   Other: 0,4ms
[2020-05-13T21:44:30.759+0700][gc,heap       ] GC(108) Eden regions: 77->0(86)
[2020-05-13T21:44:30.759+0700][gc,heap       ] GC(108) Survivor regions: 9->10(11)
[2020-05-13T21:44:30.759+0700][gc,heap       ] GC(108) Old regions: 106->109
[2020-05-13T21:44:30.759+0700][gc,heap       ] GC(108) Humongous regions: 129->129
[2020-05-13T21:44:30.759+0700][gc,metaspace  ] GC(108) Metaspace: 41484K->41484K(1087488K)
[2020-05-13T21:44:30.759+0700][gc            ] GC(108) Pause Young (Normal) (G1 Evacuation Pause) 320M->246M(1024M) 17,423ms
[2020-05-13T21:44:30.759+0700][gc,cpu        ] GC(108) User=0,10s Sys=0,00s Real=0,01s
[2020-05-13T21:48:26.760+0700][gc,start      ] GC(109) Pause Young (Normal) (G1 Evacuation Pause)
[2020-05-13T21:48:26.763+0700][gc,task       ] GC(109) Using 8 workers of 8 for evacuation
[2020-05-13T21:48:26.789+0700][gc,mmu        ] GC(109) MMU target violated: 21,0ms (20,0ms/21,0ms)
[2020-05-13T21:48:26.789+0700][gc,phases     ] GC(109)   Pre Evacuate Collection Set: 0,0ms
[2020-05-13T21:48:26.789+0700][gc,phases     ] GC(109)   Evacuate Collection Set: 24,8ms
[2020-05-13T21:48:26.789+0700][gc,phases     ] GC(109)   Post Evacuate Collection Set: 0,8ms
[2020-05-13T21:48:26.789+0700][gc,phases     ] GC(109)   Other: 3,4ms
[2020-05-13T21:48:26.789+0700][gc,heap       ] GC(109) Eden regions: 86->0(68)
[2020-05-13T21:48:26.790+0700][gc,heap       ] GC(109) Survivor regions: 10->10(12)
[2020-05-13T21:48:26.790+0700][gc,heap       ] GC(109) Old regions: 109->113
[2020-05-13T21:48:26.790+0700][gc,heap       ] GC(109) Humongous regions: 129->129
[2020-05-13T21:48:26.790+0700][gc,metaspace  ] GC(109) Metaspace: 41493K->41493K(1087488K)
[2020-05-13T21:48:26.790+0700][gc            ] GC(109) Pause Young (Normal) (G1 Evacuation Pause) 332M->250M(1024M) 29,365ms
[2020-05-13T21:48:26.790+0700][gc,cpu        ] GC(109) User=0,17s Sys=0,00s Real=0,03s
[2020-05-13T21:51:34.179+0700][gc,start      ] GC(110) Pause Young (Normal) (G1 Evacuation Pause)
[2020-05-13T21:51:34.181+0700][gc,task       ] GC(110) Using 8 workers of 8 for evacuation
[2020-05-13T21:51:34.206+0700][gc,mmu        ] GC(110) MMU target violated: 21,0ms (20,0ms/21,0ms)
[2020-05-13T21:51:34.206+0700][gc,phases     ] GC(110)   Pre Evacuate Collection Set: 0,0ms
[2020-05-13T21:51:34.206+0700][gc,phases     ] GC(110)   Evacuate Collection Set: 23,6ms
[2020-05-13T21:51:34.206+0700][gc,phases     ] GC(110)   Post Evacuate Collection Set: 0,9ms
[2020-05-13T21:51:34.206+0700][gc,phases     ] GC(110)   Other: 3,3ms
[2020-05-13T21:51:34.206+0700][gc,heap       ] GC(110) Eden regions: 67->0(80)
[2020-05-13T21:51:34.206+0700][gc,heap       ] GC(110) Survivor regions: 10->4(10)
[2020-05-13T21:51:34.207+0700][gc,heap       ] GC(110) Old regions: 113->121
[2020-05-13T21:51:34.207+0700][gc,heap       ] GC(110) Humongous regions: 129->129
[2020-05-13T21:51:34.207+0700][gc,metaspace  ] GC(110) Metaspace: 41493K->41493K(1087488K)
[2020-05-13T21:51:34.207+0700][gc            ] GC(110) Pause Young (Normal) (G1 Evacuation Pause) 317M->253M(1024M) 27,954ms
[2020-05-13T21:51:34.207+0700][gc,cpu        ] GC(110) User=0,17s Sys=0,00s Real=0,03s
[2020-05-13T21:55:17.166+0700][gc,start      ] GC(111) Pause Young (Normal) (G1 Evacuation Pause)
[2020-05-13T21:55:17.169+0700][gc,task       ] GC(111) Using 8 workers of 8 for evacuation
[2020-05-13T21:55:17.182+0700][gc,phases     ] GC(111)   Pre Evacuate Collection Set: 0,0ms
[2020-05-13T21:55:17.182+0700][gc,phases     ] GC(111)   Evacuate Collection Set: 11,0ms
[2020-05-13T21:55:17.182+0700][gc,phases     ] GC(111)   Post Evacuate Collection Set: 0,9ms
[2020-05-13T21:55:17.182+0700][gc,phases     ] GC(111)   Other: 4,3ms
[2020-05-13T21:55:17.182+0700][gc,heap       ] GC(111) Eden regions: 80->0(80)
[2020-05-13T21:55:17.182+0700][gc,heap       ] GC(111) Survivor regions: 4->8(11)
[2020-05-13T21:55:17.182+0700][gc,heap       ] GC(111) Old regions: 121->121
[2020-05-13T21:55:17.182+0700][gc,heap       ] GC(111) Humongous regions: 129->129
[2020-05-13T21:55:17.182+0700][gc,metaspace  ] GC(111) Metaspace: 41493K->41493K(1087488K)
[2020-05-13T21:55:17.182+0700][gc            ] GC(111) Pause Young (Normal) (G1 Evacuation Pause) 333M->257M(1024M) 16,347ms
[2020-05-13T21:55:17.182+0700][gc,cpu        ] GC(111) User=0,07s Sys=0,00s Real=0,02s
[2020-05-13T21:59:00.386+0700][gc,start      ] GC(112) Pause Young (Normal) (G1 Evacuation Pause)
[2020-05-13T21:59:00.399+0700][gc,task       ] GC(112) Using 8 workers of 8 for evacuation
[2020-05-13T21:59:00.426+0700][gc,mmu        ] GC(112) MMU target violated: 21,0ms (20,0ms/21,0ms)
[2020-05-13T21:59:00.426+0700][gc,phases     ] GC(112)   Pre Evacuate Collection Set: 0,1ms
[2020-05-13T21:59:00.426+0700][gc,phases     ] GC(112)   Evacuate Collection Set: 25,8ms
[2020-05-13T21:59:00.426+0700][gc,phases     ] GC(112)   Post Evacuate Collection Set: 0,5ms
[2020-05-13T21:59:00.426+0700][gc,phases     ] GC(112)   Other: 13,0ms
[2020-05-13T21:59:00.426+0700][gc,heap       ] GC(112) Eden regions: 80->0(83)
[2020-05-13T21:59:00.426+0700][gc,heap       ] GC(112) Survivor regions: 8->9(11)
[2020-05-13T21:59:00.426+0700][gc,heap       ] GC(112) Old regions: 121->124
[2020-05-13T21:59:00.426+0700][gc,heap       ] GC(112) Humongous regions: 129->129
[2020-05-13T21:59:00.426+0700][gc,metaspace  ] GC(112) Metaspace: 41493K->41493K(1087488K)
[2020-05-13T21:59:00.426+0700][gc            ] GC(112) Pause Young (Normal) (G1 Evacuation Pause) 337M->261M(1024M) 39,435ms
[2020-05-13T21:59:00.426+0700][gc,cpu        ] GC(112) User=0,15s Sys=0,00s Real=0,04s
[2020-05-13T22:02:49.120+0700][gc,start      ] GC(113) Pause Young (Normal) (G1 Evacuation Pause)
[2020-05-13T22:02:49.122+0700][gc,task       ] GC(113) Using 8 workers of 8 for evacuation
[2020-05-13T22:02:49.137+0700][gc,phases     ] GC(113)   Pre Evacuate Collection Set: 0,0ms
[2020-05-13T22:02:49.137+0700][gc,phases     ] GC(113)   Evacuate Collection Set: 14,4ms
[2020-05-13T22:02:49.137+0700][gc,phases     ] GC(113)   Post Evacuate Collection Set: 0,3ms
[2020-05-13T22:02:49.137+0700][gc,phases     ] GC(113)   Other: 2,3ms
[2020-05-13T22:02:49.137+0700][gc,heap       ] GC(113) Eden regions: 82->0(89)
[2020-05-13T22:02:49.137+0700][gc,heap       ] GC(113) Survivor regions: 9->10(12)
[2020-05-13T22:02:49.137+0700][gc,heap       ] GC(113) Old regions: 124->128
[2020-05-13T22:02:49.137+0700][gc,heap       ] GC(113) Humongous regions: 129->129
[2020-05-13T22:02:49.137+0700][gc,metaspace  ] GC(113) Metaspace: 41493K->41493K(1087488K)
[2020-05-13T22:02:49.137+0700][gc            ] GC(113) Pause Young (Normal) (G1 Evacuation Pause) 343M->266M(1024M) 17,086ms
[2020-05-13T22:02:49.137+0700][gc,cpu        ] GC(113) User=0,09s Sys=0,00s Real=0,02s
[2020-05-13T22:06:59.886+0700][gc,start      ] GC(114) Pause Young (Normal) (G1 Evacuation Pause)
[2020-05-13T22:06:59.888+0700][gc,task       ] GC(114) Using 8 workers of 8 for evacuation
[2020-05-13T22:06:59.901+0700][gc,phases     ] GC(114)   Pre Evacuate Collection Set: 0,0ms
[2020-05-13T22:06:59.901+0700][gc,phases     ] GC(114)   Evacuate Collection Set: 12,7ms
[2020-05-13T22:06:59.901+0700][gc,phases     ] GC(114)   Post Evacuate Collection Set: 0,4ms
[2020-05-13T22:06:59.901+0700][gc,phases     ] GC(114)   Other: 1,4ms
[2020-05-13T22:06:59.901+0700][gc,heap       ] GC(114) Eden regions: 89->0(100)
[2020-05-13T22:06:59.901+0700][gc,heap       ] GC(114) Survivor regions: 10->9(13)
[2020-05-13T22:06:59.901+0700][gc,heap       ] GC(114) Old regions: 128->132
[2020-05-13T22:06:59.901+0700][gc,heap       ] GC(114) Humongous regions: 129->129
[2020-05-13T22:06:59.901+0700][gc,metaspace  ] GC(114) Metaspace: 41493K->41493K(1087488K)
[2020-05-13T22:06:59.901+0700][gc            ] GC(114) Pause Young (Normal) (G1 Evacuation Pause) 355M->269M(1024M) 14,603ms
[2020-05-13T22:06:59.901+0700][gc,cpu        ] GC(114) User=0,07s Sys=0,00s Real=0,02s
[2020-05-13T22:11:38.219+0700][gc,start      ] GC(115) Pause Young (Normal) (G1 Evacuation Pause)
[2020-05-13T22:11:38.248+0700][gc,task       ] GC(115) Using 8 workers of 8 for evacuation
[2020-05-13T22:11:38.279+0700][gc,mmu        ] GC(115) MMU target violated: 21,0ms (20,0ms/21,0ms)
[2020-05-13T22:11:38.279+0700][gc,phases     ] GC(115)   Pre Evacuate Collection Set: 0,0ms
[2020-05-13T22:11:38.279+0700][gc,phases     ] GC(115)   Evacuate Collection Set: 29,1ms
[2020-05-13T22:11:38.279+0700][gc,phases     ] GC(115)   Post Evacuate Collection Set: 0,9ms
[2020-05-13T22:11:38.279+0700][gc,phases     ] GC(115)   Other: 29,9ms
[2020-05-13T22:11:38.279+0700][gc,heap       ] GC(115) Eden regions: 100->0(80)
[2020-05-13T22:11:38.279+0700][gc,heap       ] GC(115) Survivor regions: 9->10(14)
[2020-05-13T22:11:38.279+0700][gc,heap       ] GC(115) Old regions: 132->135
[2020-05-13T22:11:38.279+0700][gc,heap       ] GC(115) Humongous regions: 129->129
[2020-05-13T22:11:38.279+0700][gc,metaspace  ] GC(115) Metaspace: 41494K->41494K(1087488K)
[2020-05-13T22:11:38.279+0700][gc            ] GC(115) Pause Young (Normal) (G1 Evacuation Pause) 369M->273M(1024M) 60,045ms
[2020-05-13T22:11:38.279+0700][gc,cpu        ] GC(115) User=0,20s Sys=0,00s Real=0,06s
[2020-05-13T22:14:24.468+0700][gc,start      ] GC(116) Pause Young (Normal) (G1 Evacuation Pause)
[2020-05-13T22:14:24.473+0700][gc,task       ] GC(116) Using 8 workers of 8 for evacuation
[2020-05-13T22:14:24.503+0700][gc,mmu        ] GC(116) MMU target violated: 21,0ms (20,0ms/21,0ms)
[2020-05-13T22:14:24.503+0700][gc,phases     ] GC(116)   Pre Evacuate Collection Set: 0,0ms
[2020-05-13T22:14:24.503+0700][gc,phases     ] GC(116)   Evacuate Collection Set: 28,9ms
[2020-05-13T22:14:24.503+0700][gc,phases     ] GC(116)   Post Evacuate Collection Set: 0,6ms
[2020-05-13T22:14:24.503+0700][gc,phases     ] GC(116)   Other: 5,9ms
[2020-05-13T22:14:24.503+0700][gc,heap       ] GC(116) Eden regions: 65->0(41)
[2020-05-13T22:14:24.503+0700][gc,heap       ] GC(116) Survivor regions: 10->10(10)
[2020-05-13T22:14:24.503+0700][gc,heap       ] GC(116) Old regions: 135->141
[2020-05-13T22:14:24.503+0700][gc,heap       ] GC(116) Humongous regions: 129->129
[2020-05-13T22:14:24.503+0700][gc,metaspace  ] GC(116) Metaspace: 41494K->41494K(1087488K)
[2020-05-13T22:14:24.503+0700][gc            ] GC(116) Pause Young (Normal) (G1 Evacuation Pause) 338M->279M(1024M) 35,525ms
[2020-05-13T22:14:24.503+0700][gc,cpu        ] GC(116) User=0,20s Sys=0,00s Real=0,04s
[2020-05-13T22:16:18.343+0700][gc,start      ] GC(117) Pause Young (Normal) (G1 Evacuation Pause)
[2020-05-13T22:16:18.356+0700][gc,task       ] GC(117) Using 8 workers of 8 for evacuation
[2020-05-13T22:16:18.364+0700][gc,phases     ] GC(117)   Pre Evacuate Collection Set: 0,0ms
[2020-05-13T22:16:18.364+0700][gc,phases     ] GC(117)   Evacuate Collection Set: 7,2ms
[2020-05-13T22:16:18.364+0700][gc,phases     ] GC(117)   Post Evacuate Collection Set: 0,3ms
[2020-05-13T22:16:18.364+0700][gc,phases     ] GC(117)   Other: 13,1ms
[2020-05-13T22:16:18.364+0700][gc,heap       ] GC(117) Eden regions: 41->0(58)
[2020-05-13T22:16:18.364+0700][gc,heap       ] GC(117) Survivor regions: 10->3(7)
[2020-05-13T22:16:18.364+0700][gc,heap       ] GC(117) Old regions: 141->150
[2020-05-13T22:16:18.364+0700][gc,heap       ] GC(117) Humongous regions: 129->129
[2020-05-13T22:16:18.364+0700][gc,metaspace  ] GC(117) Metaspace: 41494K->41494K(1087488K)
[2020-05-13T22:16:18.364+0700][gc            ] GC(117) Pause Young (Normal) (G1 Evacuation Pause) 320M->280M(1024M) 20,633ms
[2020-05-13T22:16:18.364+0700][gc,cpu        ] GC(117) User=0,05s Sys=0,00s Real=0,02s
[2020-05-13T22:19:00.386+0700][gc,start      ] GC(118) Pause Young (Normal) (G1 Evacuation Pause)
[2020-05-13T22:19:00.388+0700][gc,task       ] GC(118) Using 8 workers of 8 for evacuation
[2020-05-13T22:19:00.400+0700][gc,phases     ] GC(118)   Pre Evacuate Collection Set: 0,0ms
[2020-05-13T22:19:00.400+0700][gc,phases     ] GC(118)   Evacuate Collection Set: 11,5ms
[2020-05-13T22:19:00.400+0700][gc,phases     ] GC(118)   Post Evacuate Collection Set: 0,3ms
[2020-05-13T22:19:00.400+0700][gc,phases     ] GC(118)   Other: 1,7ms
[2020-05-13T22:19:00.400+0700][gc,heap       ] GC(118) Eden regions: 58->0(63)
[2020-05-13T22:19:00.400+0700][gc,heap       ] GC(118) Survivor regions: 3->6(8)
[2020-05-13T22:19:00.400+0700][gc,heap       ] GC(118) Old regions: 150->150
[2020-05-13T22:19:00.400+0700][gc,heap       ] GC(118) Humongous regions: 129->129
[2020-05-13T22:19:00.400+0700][gc,metaspace  ] GC(118) Metaspace: 41496K->41496K(1087488K)
[2020-05-13T22:19:00.400+0700][gc            ] GC(118) Pause Young (Normal) (G1 Evacuation Pause) 338M->284M(1024M) 13,674ms
[2020-05-13T22:19:00.400+0700][gc,cpu        ] GC(118) User=0,07s Sys=0,00s Real=0,01s
[2020-05-13T22:21:56.468+0700][gc,start      ] GC(119) Pause Young (Normal) (G1 Evacuation Pause)
[2020-05-13T22:21:56.470+0700][gc,task       ] GC(119) Using 8 workers of 8 for evacuation
[2020-05-13T22:21:56.479+0700][gc,phases     ] GC(119)   Pre Evacuate Collection Set: 0,0ms
[2020-05-13T22:21:56.479+0700][gc,phases     ] GC(119)   Evacuate Collection Set: 8,0ms
[2020-05-13T22:21:56.479+0700][gc,phases     ] GC(119)   Post Evacuate Collection Set: 0,4ms
[2020-05-13T22:21:56.479+0700][gc,phases     ] GC(119)   Other: 2,4ms
[2020-05-13T22:21:56.479+0700][gc,heap       ] GC(119) Eden regions: 63->0(74)
[2020-05-13T22:21:56.479+0700][gc,heap       ] GC(119) Survivor regions: 6->7(9)
[2020-05-13T22:21:56.479+0700][gc,heap       ] GC(119) Old regions: 150->151
[2020-05-13T22:21:56.479+0700][gc,heap       ] GC(119) Humongous regions: 129->129
[2020-05-13T22:21:56.479+0700][gc,metaspace  ] GC(119) Metaspace: 41496K->41496K(1087488K)
[2020-05-13T22:21:56.479+0700][gc            ] GC(119) Pause Young (Normal) (G1 Evacuation Pause) 347M->286M(1024M) 10,952ms
[2020-05-13T22:21:56.479+0700][gc,cpu        ] GC(119) User=0,05s Sys=0,00s Real=0,01s
[2020-05-13T22:25:21.690+0700][gc,start      ] GC(120) Pause Young (Normal) (G1 Evacuation Pause)
[2020-05-13T22:25:21.693+0700][gc,task       ] GC(120) Using 8 workers of 8 for evacuation
[2020-05-13T22:25:21.707+0700][gc,phases     ] GC(120)   Pre Evacuate Collection Set: 0,0ms
[2020-05-13T22:25:21.707+0700][gc,phases     ] GC(120)   Evacuate Collection Set: 12,9ms
[2020-05-13T22:25:21.707+0700][gc,phases     ] GC(120)   Post Evacuate Collection Set: 0,6ms
[2020-05-13T22:25:21.707+0700][gc,phases     ] GC(120)   Other: 3,2ms
[2020-05-13T22:25:21.707+0700][gc,heap       ] GC(120) Eden regions: 74->0(83)
[2020-05-13T22:25:21.707+0700][gc,heap       ] GC(120) Survivor regions: 7->8(11)
[2020-05-13T22:25:21.707+0700][gc,heap       ] GC(120) Old regions: 151->154
[2020-05-13T22:25:21.707+0700][gc,heap       ] GC(120) Humongous regions: 129->129
[2020-05-13T22:25:21.707+0700][gc,metaspace  ] GC(120) Metaspace: 41496K->41496K(1087488K)
[2020-05-13T22:25:21.707+0700][gc            ] GC(120) Pause Young (Normal) (G1 Evacuation Pause) 360M->290M(1024M) 16,888ms
[2020-05-13T22:25:21.707+0700][gc,cpu        ] GC(120) User=0,07s Sys=0,00s Real=0,02s
[2020-05-13T22:29:14.563+0700][gc,start      ] GC(121) Pause Young (Normal) (G1 Evacuation Pause)
[2020-05-13T22:29:14.563+0700][gc,task       ] GC(121) Using 8 workers of 8 for evacuation
[2020-05-13T22:29:14.572+0700][gc,phases     ] GC(121)   Pre Evacuate Collection Set: 0,0ms
[2020-05-13T22:29:14.572+0700][gc,phases     ] GC(121)   Evacuate Collection Set: 9,0ms
[2020-05-13T22:29:14.572+0700][gc,phases     ] GC(121)   Post Evacuate Collection Set: 0,4ms
[2020-05-13T22:29:14.572+0700][gc,phases     ] GC(121)   Other: 0,2ms
[2020-05-13T22:29:14.572+0700][gc,heap       ] GC(121) Eden regions: 83->0(98)
[2020-05-13T22:29:14.572+0700][gc,heap       ] GC(121) Survivor regions: 8->10(12)
[2020-05-13T22:29:14.572+0700][gc,heap       ] GC(121) Old regions: 154->157
[2020-05-13T22:29:14.572+0700][gc,heap       ] GC(121) Humongous regions: 129->129
[2020-05-13T22:29:14.572+0700][gc,metaspace  ] GC(121) Metaspace: 41496K->41496K(1087488K)
[2020-05-13T22:29:14.572+0700][gc            ] GC(121) Pause Young (Normal) (G1 Evacuation Pause) 373M->294M(1024M) 9,704ms
[2020-05-13T22:29:14.572+0700][gc,cpu        ] GC(121) User=0,05s Sys=0,00s Real=0,00s
[2020-05-13T22:33:47.756+0700][gc,start      ] GC(122) Pause Young (Normal) (G1 Evacuation Pause)
[2020-05-13T22:33:47.784+0700][gc,task       ] GC(122) Using 8 workers of 8 for evacuation
[2020-05-13T22:33:47.815+0700][gc,mmu        ] GC(122) MMU target violated: 21,0ms (20,0ms/21,0ms)
[2020-05-13T22:33:47.816+0700][gc,phases     ] GC(122)   Pre Evacuate Collection Set: 0,0ms
[2020-05-13T22:33:47.816+0700][gc,phases     ] GC(122)   Evacuate Collection Set: 31,1ms
[2020-05-13T22:33:47.816+0700][gc,phases     ] GC(122)   Post Evacuate Collection Set: 0,4ms
[2020-05-13T22:33:47.816+0700][gc,phases     ] GC(122)   Other: 28,1ms
[2020-05-13T22:33:47.816+0700][gc,heap       ] GC(122) Eden regions: 98->0(65)
[2020-05-13T22:33:47.816+0700][gc,heap       ] GC(122) Survivor regions: 10->10(14)
[2020-05-13T22:33:47.816+0700][gc,heap       ] GC(122) Old regions: 157->161
[2020-05-13T22:33:47.816+0700][gc,heap       ] GC(122) Humongous regions: 129->129
[2020-05-13T22:33:47.816+0700][gc,metaspace  ] GC(122) Metaspace: 41496K->41496K(1087488K)
[2020-05-13T22:33:47.816+0700][gc            ] GC(122) Pause Young (Normal) (G1 Evacuation Pause) 392M->299M(1024M) 59,720ms
[2020-05-13T22:33:47.816+0700][gc,cpu        ] GC(122) User=0,21s Sys=0,00s Real=0,06s
[2020-05-13T22:36:49.640+0700][gc,start      ] GC(123) Pause Young (Normal) (G1 Evacuation Pause)
[2020-05-13T22:36:49.643+0700][gc,task       ] GC(123) Using 8 workers of 8 for evacuation
[2020-05-13T22:36:49.655+0700][gc,phases     ] GC(123)   Pre Evacuate Collection Set: 0,1ms
[2020-05-13T22:36:49.655+0700][gc,phases     ] GC(123)   Evacuate Collection Set: 11,2ms
[2020-05-13T22:36:49.655+0700][gc,phases     ] GC(123)   Post Evacuate Collection Set: 0,4ms
[2020-05-13T22:36:49.655+0700][gc,phases     ] GC(123)   Other: 3,1ms
[2020-05-13T22:36:49.655+0700][gc,heap       ] GC(123) Eden regions: 65->0(84)
[2020-05-13T22:36:49.655+0700][gc,heap       ] GC(123) Survivor regions: 10->5(10)
[2020-05-13T22:36:49.655+0700][gc,heap       ] GC(123) Old regions: 161->169
[2020-05-13T22:36:49.655+0700][gc,heap       ] GC(123) Humongous regions: 129->129
[2020-05-13T22:36:49.655+0700][gc,metaspace  ] GC(123) Metaspace: 41496K->41496K(1087488K)
[2020-05-13T22:36:49.655+0700][gc            ] GC(123) Pause Young (Normal) (G1 Evacuation Pause) 364M->302M(1024M) 14,874ms
[2020-05-13T22:36:49.655+0700][gc,cpu        ] GC(123) User=0,07s Sys=0,00s Real=0,02s
[2020-05-15T01:44:50.316+0700][gc,start      ] GC(124) Pause Young (Normal) (G1 Evacuation Pause)
[2020-05-15T01:44:50.340+0700][gc,task       ] GC(124) Using 8 workers of 8 for evacuation
[2020-05-15T01:44:50.351+0700][gc,phases     ] GC(124)   Pre Evacuate Collection Set: 0,0ms
[2020-05-15T01:44:50.351+0700][gc,phases     ] GC(124)   Evacuate Collection Set: 10,7ms
[2020-05-15T01:44:50.351+0700][gc,phases     ] GC(124)   Post Evacuate Collection Set: 0,7ms
[2020-05-15T01:44:50.351+0700][gc,phases     ] GC(124)   Other: 23,9ms
[2020-05-15T01:44:50.351+0700][gc,heap       ] GC(124) Eden regions: 84->0(87)
[2020-05-15T01:44:50.351+0700][gc,heap       ] GC(124) Survivor regions: 5->8(12)
[2020-05-15T01:44:50.351+0700][gc,heap       ] GC(124) Old regions: 169->169
[2020-05-15T01:44:50.351+0700][gc,heap       ] GC(124) Humongous regions: 129->129
[2020-05-15T01:44:50.351+0700][gc,metaspace  ] GC(124) Metaspace: 41516K->41516K(1087488K)
[2020-05-15T01:44:50.352+0700][gc            ] GC(124) Pause Young (Normal) (G1 Evacuation Pause) 386M->305M(1024M) 35,390ms
[2020-05-15T01:44:50.352+0700][gc,cpu        ] GC(124) User=0,07s Sys=0,00s Real=0,04s
[2020-05-15T01:49:09.169+0700][gc,start      ] GC(125) Pause Young (Normal) (G1 Evacuation Pause)
[2020-05-15T01:49:09.169+0700][gc,task       ] GC(125) Using 8 workers of 8 for evacuation
[2020-05-15T01:49:09.307+0700][gc,mmu        ] GC(125) MMU target violated: 21,0ms (20,0ms/21,0ms)
[2020-05-15T01:49:09.308+0700][gc,phases     ] GC(125)   Pre Evacuate Collection Set: 0,1ms
[2020-05-15T01:49:09.308+0700][gc,phases     ] GC(125)   Evacuate Collection Set: 137,2ms
[2020-05-15T01:49:09.308+0700][gc,phases     ] GC(125)   Post Evacuate Collection Set: 1,3ms
[2020-05-15T01:49:09.308+0700][gc,phases     ] GC(125)   Other: 0,8ms
[2020-05-15T01:49:09.308+0700][gc,heap       ] GC(125) Eden regions: 79->0(44)
[2020-05-15T01:49:09.308+0700][gc,heap       ] GC(125) Survivor regions: 8->7(11)
[2020-05-15T01:49:09.308+0700][gc,heap       ] GC(125) Old regions: 169->172
[2020-05-15T01:49:09.308+0700][gc,heap       ] GC(125) Humongous regions: 129->129
[2020-05-15T01:49:09.308+0700][gc,metaspace  ] GC(125) Metaspace: 41762K->41762K(1087488K)
[2020-05-15T01:49:09.308+0700][gc            ] GC(125) Pause Young (Normal) (G1 Evacuation Pause) 384M->306M(1024M) 139,590ms
[2020-05-15T01:49:09.308+0700][gc,cpu        ] GC(125) User=0,18s Sys=0,00s Real=0,14s
[2020-05-15T01:49:12.375+0700][gc,heap,exit  ] Heap
[2020-05-15T01:49:12.375+0700][gc,heap,exit  ]  garbage-first heap   total 1048576K, used 321296K [0x00000000c0000000, 0x0000000100000000)
[2020-05-15T01:49:12.375+0700][gc,heap,exit  ]   region size 1024K, 15 young (15360K), 7 survivors (7168K)
[2020-05-15T01:49:12.375+0700][gc,heap,exit  ]  Metaspace       used 42248K, capacity 45129K, committed 45232K, reserved 1087488K
[2020-05-15T01:49:12.375+0700][gc,heap,exit  ]   class space    used 5770K, capacity 7095K, committed 7168K, reserved 1048576K
