[2020-05-12T22:51:21.742+0700][gc,heap] Heap region size: 1M
[2020-05-12T22:51:21.758+0700][gc     ] Using G1
[2020-05-12T22:51:21.758+0700][gc,heap,coops] Heap address: 0x00000000c0000000, size: 1024 MB, Compressed Oops mode: 32-bit
[2020-05-12T22:51:23.355+0700][gc,start     ] GC(0) Pause Young (Normal) (G1 Evacuation Pause)
[2020-05-12T22:51:23.365+0700][gc,task      ] GC(0) Using 8 workers of 8 for evacuation
[2020-05-12T22:51:23.386+0700][gc,mmu       ] GC(0) MMU target violated: 21,0ms (20,0ms/21,0ms)
[2020-05-12T22:51:23.386+0700][gc,phases    ] GC(0)   Pre Evacuate Collection Set: 0,1ms
[2020-05-12T22:51:23.386+0700][gc,phases    ] GC(0)   Evacuate Collection Set: 20,3ms
[2020-05-12T22:51:23.386+0700][gc,phases    ] GC(0)   Post Evacuate Collection Set: 0,7ms
[2020-05-12T22:51:23.386+0700][gc,phases    ] GC(0)   Other: 10,0ms
[2020-05-12T22:51:23.386+0700][gc,heap      ] GC(0) Eden regions: 51->0(44)
[2020-05-12T22:51:23.386+0700][gc,heap      ] GC(0) Survivor regions: 0->7(7)
[2020-05-12T22:51:23.386+0700][gc,heap      ] GC(0) Old regions: 0->1
[2020-05-12T22:51:23.386+0700][gc,heap      ] GC(0) Humongous regions: 0->0
[2020-05-12T22:51:23.386+0700][gc,metaspace ] GC(0) Metaspace: 15826K->15826K(1062912K)
[2020-05-12T22:51:23.386+0700][gc           ] GC(0) Pause Young (Normal) (G1 Evacuation Pause) 51M->7M(1024M) 31,146ms
[2020-05-12T22:51:23.386+0700][gc,cpu       ] GC(0) User=0,06s Sys=0,00s Real=0,03s
[2020-05-12T22:51:23.825+0700][gc,start     ] GC(1) Pause Young (Concurrent Start) (Metadata GC Threshold)
[2020-05-12T22:51:23.825+0700][gc,task      ] GC(1) Using 8 workers of 8 for evacuation
[2020-05-12T22:51:23.836+0700][gc,phases    ] GC(1)   Pre Evacuate Collection Set: 0,1ms
[2020-05-12T22:51:23.836+0700][gc,phases    ] GC(1)   Evacuate Collection Set: 10,6ms
[2020-05-12T22:51:23.836+0700][gc,phases    ] GC(1)   Post Evacuate Collection Set: 0,5ms
[2020-05-12T22:51:23.836+0700][gc,phases    ] GC(1)   Other: 0,3ms
[2020-05-12T22:51:23.836+0700][gc,heap      ] GC(1) Eden regions: 19->0(50)
[2020-05-12T22:51:23.836+0700][gc,heap      ] GC(1) Survivor regions: 7->1(7)
[2020-05-12T22:51:23.836+0700][gc,heap      ] GC(1) Old regions: 1->7
[2020-05-12T22:51:23.836+0700][gc,heap      ] GC(1) Humongous regions: 0->0
[2020-05-12T22:51:23.836+0700][gc,metaspace ] GC(1) Metaspace: 20523K->20523K(1067008K)
[2020-05-12T22:51:23.836+0700][gc           ] GC(1) Pause Young (Concurrent Start) (Metadata GC Threshold) 25M->7M(1024M) 11,616ms
[2020-05-12T22:51:23.836+0700][gc,cpu       ] GC(1) User=0,04s Sys=0,00s Real=0,02s
[2020-05-12T22:51:23.836+0700][gc           ] GC(2) Concurrent Cycle
[2020-05-12T22:51:23.836+0700][gc,marking   ] GC(2) Concurrent Clear Claimed Marks
[2020-05-12T22:51:23.837+0700][gc,marking   ] GC(2) Concurrent Clear Claimed Marks 0,046ms
[2020-05-12T22:51:23.837+0700][gc,marking   ] GC(2) Concurrent Scan Root Regions
[2020-05-12T22:51:23.838+0700][gc,marking   ] GC(2) Concurrent Scan Root Regions 1,026ms
[2020-05-12T22:51:23.838+0700][gc,marking   ] GC(2) Concurrent Mark (2,104s)
[2020-05-12T22:51:23.838+0700][gc,marking   ] GC(2) Concurrent Mark From Roots
[2020-05-12T22:51:23.838+0700][gc,task      ] GC(2) Using 2 workers of 2 for marking
[2020-05-12T22:51:23.849+0700][gc,marking   ] GC(2) Concurrent Mark From Roots 11,488ms
[2020-05-12T22:51:23.849+0700][gc,marking   ] GC(2) Concurrent Preclean
[2020-05-12T22:51:23.849+0700][gc,marking   ] GC(2) Concurrent Preclean 0,202ms
[2020-05-12T22:51:23.849+0700][gc,marking   ] GC(2) Concurrent Mark (2,104s, 2,116s) 11,762ms
[2020-05-12T22:51:23.849+0700][gc,start     ] GC(2) Pause Remark
[2020-05-12T22:51:23.861+0700][gc,stringtable] GC(2) Cleaned string and symbol table, strings: 9266 processed, 0 removed, symbols: 50422 processed, 58 removed
[2020-05-12T22:51:23.861+0700][gc            ] GC(2) Pause Remark 8M->8M(1024M) 11,737ms
[2020-05-12T22:51:23.861+0700][gc,cpu        ] GC(2) User=0,05s Sys=0,00s Real=0,01s
[2020-05-12T22:51:23.861+0700][gc,marking    ] GC(2) Concurrent Rebuild Remembered Sets
[2020-05-12T22:51:23.869+0700][gc,marking    ] GC(2) Concurrent Rebuild Remembered Sets 7,228ms
[2020-05-12T22:51:23.869+0700][gc,start      ] GC(2) Pause Cleanup
[2020-05-12T22:51:23.869+0700][gc            ] GC(2) Pause Cleanup 8M->8M(1024M) 0,333ms
[2020-05-12T22:51:23.869+0700][gc,cpu        ] GC(2) User=0,00s Sys=0,00s Real=0,00s
[2020-05-12T22:51:23.869+0700][gc,marking    ] GC(2) Concurrent Cleanup for Next Mark
[2020-05-12T22:51:23.877+0700][gc,marking    ] GC(2) Concurrent Cleanup for Next Mark 7,809ms
[2020-05-12T22:51:23.877+0700][gc            ] GC(2) Concurrent Cycle 40,679ms
[2020-05-12T22:51:25.275+0700][gc,start      ] GC(3) Pause Young (Normal) (G1 Evacuation Pause)
[2020-05-12T22:51:25.275+0700][gc,task       ] GC(3) Using 8 workers of 8 for evacuation
[2020-05-12T22:51:25.288+0700][gc,phases     ] GC(3)   Pre Evacuate Collection Set: 0,0ms
[2020-05-12T22:51:25.289+0700][gc,phases     ] GC(3)   Evacuate Collection Set: 11,7ms
[2020-05-12T22:51:25.289+0700][gc,phases     ] GC(3)   Post Evacuate Collection Set: 1,2ms
[2020-05-12T22:51:25.289+0700][gc,phases     ] GC(3)   Other: 0,3ms
[2020-05-12T22:51:25.289+0700][gc,heap       ] GC(3) Eden regions: 50->0(45)
[2020-05-12T22:51:25.289+0700][gc,heap       ] GC(3) Survivor regions: 1->6(7)
[2020-05-12T22:51:25.289+0700][gc,heap       ] GC(3) Old regions: 7->7
[2020-05-12T22:51:25.289+0700][gc,heap       ] GC(3) Humongous regions: 129->129
[2020-05-12T22:51:25.289+0700][gc,metaspace  ] GC(3) Metaspace: 29917K->29917K(1077248K)
[2020-05-12T22:51:25.289+0700][gc            ] GC(3) Pause Young (Normal) (G1 Evacuation Pause) 186M->140M(1024M) 13,501ms
[2020-05-12T22:51:25.289+0700][gc,cpu        ] GC(3) User=0,06s Sys=0,00s Real=0,01s
[2020-05-12T22:51:50.201+0700][gc,start      ] GC(4) Pause Young (Concurrent Start) (Metadata GC Threshold)
[2020-05-12T22:51:50.201+0700][gc,task       ] GC(4) Using 8 workers of 8 for evacuation
[2020-05-12T22:51:50.231+0700][gc,mmu        ] GC(4) MMU target violated: 21,0ms (20,0ms/21,0ms)
[2020-05-12T22:51:50.232+0700][gc,phases     ] GC(4)   Pre Evacuate Collection Set: 0,6ms
[2020-05-12T22:51:50.232+0700][gc,phases     ] GC(4)   Evacuate Collection Set: 27,9ms
[2020-05-12T22:51:50.232+0700][gc,phases     ] GC(4)   Post Evacuate Collection Set: 0,9ms
[2020-05-12T22:51:50.232+0700][gc,phases     ] GC(4)   Other: 1,3ms
[2020-05-12T22:51:50.232+0700][gc,heap       ] GC(4) Eden regions: 21->0(49)
[2020-05-12T22:51:50.232+0700][gc,heap       ] GC(4) Survivor regions: 6->2(7)
[2020-05-12T22:51:50.232+0700][gc,heap       ] GC(4) Old regions: 7->12
[2020-05-12T22:51:50.232+0700][gc,heap       ] GC(4) Humongous regions: 129->129
[2020-05-12T22:51:50.232+0700][gc,metaspace  ] GC(4) Metaspace: 34263K->34263K(1079296K)
[2020-05-12T22:51:50.232+0700][gc            ] GC(4) Pause Young (Concurrent Start) (Metadata GC Threshold) 161M->141M(1024M) 30,569ms
[2020-05-12T22:51:50.232+0700][gc,cpu        ] GC(4) User=0,08s Sys=0,01s Real=0,03s
[2020-05-12T22:51:50.232+0700][gc            ] GC(5) Concurrent Cycle
[2020-05-12T22:51:50.232+0700][gc,marking    ] GC(5) Concurrent Clear Claimed Marks
[2020-05-12T22:51:50.232+0700][gc,marking    ] GC(5) Concurrent Clear Claimed Marks 0,234ms
[2020-05-12T22:51:50.232+0700][gc,marking    ] GC(5) Concurrent Scan Root Regions
[2020-05-12T22:51:50.236+0700][gc,marking    ] GC(5) Concurrent Scan Root Regions 3,573ms
[2020-05-12T22:51:50.236+0700][gc,marking    ] GC(5) Concurrent Mark (28,503s)
[2020-05-12T22:51:50.236+0700][gc,marking    ] GC(5) Concurrent Mark From Roots
[2020-05-12T22:51:50.236+0700][gc,task       ] GC(5) Using 2 workers of 2 for marking
[2020-05-12T22:51:50.262+0700][gc,marking    ] GC(5) Concurrent Mark From Roots 26,484ms
[2020-05-12T22:51:50.262+0700][gc,marking    ] GC(5) Concurrent Preclean
[2020-05-12T22:51:50.263+0700][gc,marking    ] GC(5) Concurrent Preclean 0,474ms
[2020-05-12T22:51:50.263+0700][gc,marking    ] GC(5) Concurrent Mark (28,503s, 28,530s) 27,108ms
[2020-05-12T22:51:50.263+0700][gc,start      ] GC(5) Pause Remark
[2020-05-12T22:51:50.276+0700][gc,stringtable] GC(5) Cleaned string and symbol table, strings: 14952 processed, 9 removed, symbols: 78502 processed, 27 removed
[2020-05-12T22:51:50.277+0700][gc            ] GC(5) Pause Remark 142M->142M(1024M) 14,058ms
[2020-05-12T22:51:50.277+0700][gc,cpu        ] GC(5) User=0,02s Sys=0,00s Real=0,02s
[2020-05-12T22:51:50.277+0700][gc,marking    ] GC(5) Concurrent Rebuild Remembered Sets
[2020-05-12T22:51:50.285+0700][gc,marking    ] GC(5) Concurrent Rebuild Remembered Sets 7,545ms
[2020-05-12T22:51:50.286+0700][gc,start      ] GC(5) Pause Cleanup
[2020-05-12T22:51:50.287+0700][gc            ] GC(5) Pause Cleanup 142M->142M(1024M) 0,852ms
[2020-05-12T22:51:50.287+0700][gc,cpu        ] GC(5) User=0,00s Sys=0,01s Real=0,01s
[2020-05-12T22:51:50.287+0700][gc,marking    ] GC(5) Concurrent Cleanup for Next Mark
[2020-05-12T22:51:50.295+0700][gc,marking    ] GC(5) Concurrent Cleanup for Next Mark 7,977ms
[2020-05-12T22:51:50.296+0700][gc            ] GC(5) Concurrent Cycle 63,983ms
[2020-05-12T23:19:48.179+0700][gc,start      ] GC(6) Pause Young (Normal) (G1 Evacuation Pause)
[2020-05-12T23:19:48.181+0700][gc,task       ] GC(6) Using 8 workers of 8 for evacuation
[2020-05-12T23:19:48.189+0700][gc,phases     ] GC(6)   Pre Evacuate Collection Set: 0,2ms
[2020-05-12T23:19:48.189+0700][gc,phases     ] GC(6)   Evacuate Collection Set: 7,3ms
[2020-05-12T23:19:48.189+0700][gc,phases     ] GC(6)   Post Evacuate Collection Set: 0,9ms
[2020-05-12T23:19:48.189+0700][gc,phases     ] GC(6)   Other: 1,9ms
[2020-05-12T23:19:48.189+0700][gc,heap       ] GC(6) Eden regions: 49->0(48)
[2020-05-12T23:19:48.189+0700][gc,heap       ] GC(6) Survivor regions: 2->3(7)
[2020-05-12T23:19:48.189+0700][gc,heap       ] GC(6) Old regions: 12->12
[2020-05-12T23:19:48.189+0700][gc,heap       ] GC(6) Humongous regions: 129->129
[2020-05-12T23:19:48.189+0700][gc,metaspace  ] GC(6) Metaspace: 36818K->36818K(1083392K)
[2020-05-12T23:19:48.189+0700][gc            ] GC(6) Pause Young (Normal) (G1 Evacuation Pause) 190M->142M(1024M) 10,488ms
[2020-05-12T23:19:48.189+0700][gc,cpu        ] GC(6) User=0,04s Sys=0,00s Real=0,01s
[2020-05-12T23:23:45.418+0700][gc,start      ] GC(7) Pause Young (Normal) (G1 Evacuation Pause)
[2020-05-12T23:23:45.421+0700][gc,task       ] GC(7) Using 8 workers of 8 for evacuation
[2020-05-12T23:23:45.441+0700][gc,mmu        ] GC(7) MMU target violated: 20,6ms (20,0ms/21,0ms)
[2020-05-12T23:23:45.441+0700][gc,phases     ] GC(7)   Pre Evacuate Collection Set: 0,0ms
[2020-05-12T23:23:45.441+0700][gc,phases     ] GC(7)   Evacuate Collection Set: 16,1ms
[2020-05-12T23:23:45.442+0700][gc,phases     ] GC(7)   Post Evacuate Collection Set: 4,3ms
[2020-05-12T23:23:45.442+0700][gc,phases     ] GC(7)   Other: 3,3ms
[2020-05-12T23:23:45.442+0700][gc,heap       ] GC(7) Eden regions: 48->0(46)
[2020-05-12T23:23:45.442+0700][gc,heap       ] GC(7) Survivor regions: 3->5(7)
[2020-05-12T23:23:45.442+0700][gc,heap       ] GC(7) Old regions: 12->12
[2020-05-12T23:23:45.442+0700][gc,heap       ] GC(7) Humongous regions: 129->129
[2020-05-12T23:23:45.442+0700][gc,metaspace  ] GC(7) Metaspace: 40016K->40016K(1085440K)
[2020-05-12T23:23:45.442+0700][gc            ] GC(7) Pause Young (Normal) (G1 Evacuation Pause) 190M->145M(1024M) 23,937ms
[2020-05-12T23:23:45.442+0700][gc,cpu        ] GC(7) User=0,12s Sys=0,00s Real=0,02s
[2020-05-12T23:29:48.330+0700][gc,start      ] GC(8) Pause Young (Normal) (G1 Evacuation Pause)
[2020-05-12T23:29:48.333+0700][gc,task       ] GC(8) Using 8 workers of 8 for evacuation
[2020-05-12T23:29:48.342+0700][gc,phases     ] GC(8)   Pre Evacuate Collection Set: 0,0ms
[2020-05-12T23:29:48.342+0700][gc,phases     ] GC(8)   Evacuate Collection Set: 8,3ms
[2020-05-12T23:29:48.342+0700][gc,phases     ] GC(8)   Post Evacuate Collection Set: 0,8ms
[2020-05-12T23:29:48.342+0700][gc,phases     ] GC(8)   Other: 3,2ms
[2020-05-12T23:29:48.342+0700][gc,heap       ] GC(8) Eden regions: 46->0(47)
[2020-05-12T23:29:48.342+0700][gc,heap       ] GC(8) Survivor regions: 5->4(7)
[2020-05-12T23:29:48.342+0700][gc,heap       ] GC(8) Old regions: 12->14
[2020-05-12T23:29:48.342+0700][gc,heap       ] GC(8) Humongous regions: 129->129
[2020-05-12T23:29:48.342+0700][gc,metaspace  ] GC(8) Metaspace: 40080K->40080K(1085440K)
[2020-05-12T23:29:48.342+0700][gc            ] GC(8) Pause Young (Normal) (G1 Evacuation Pause) 191M->145M(1024M) 12,401ms
[2020-05-12T23:29:48.342+0700][gc,cpu        ] GC(8) User=0,06s Sys=0,00s Real=0,01s
[2020-05-12T23:35:05.484+0700][gc,start      ] GC(9) Pause Young (Normal) (G1 Evacuation Pause)
[2020-05-12T23:35:05.487+0700][gc,task       ] GC(9) Using 8 workers of 8 for evacuation
[2020-05-12T23:35:05.495+0700][gc,phases     ] GC(9)   Pre Evacuate Collection Set: 0,0ms
[2020-05-12T23:35:05.495+0700][gc,phases     ] GC(9)   Evacuate Collection Set: 7,2ms
[2020-05-12T23:35:05.495+0700][gc,phases     ] GC(9)   Post Evacuate Collection Set: 0,7ms
[2020-05-12T23:35:05.495+0700][gc,phases     ] GC(9)   Other: 3,3ms
[2020-05-12T23:35:05.495+0700][gc,heap       ] GC(9) Eden regions: 47->0(47)
[2020-05-12T23:35:05.495+0700][gc,heap       ] GC(9) Survivor regions: 4->4(7)
[2020-05-12T23:35:05.495+0700][gc,heap       ] GC(9) Old regions: 14->14
[2020-05-12T23:35:05.495+0700][gc,heap       ] GC(9) Humongous regions: 129->129
[2020-05-12T23:35:05.496+0700][gc,metaspace  ] GC(9) Metaspace: 40254K->40254K(1085440K)
[2020-05-12T23:35:05.496+0700][gc            ] GC(9) Pause Young (Normal) (G1 Evacuation Pause) 192M->146M(1024M) 11,179ms
[2020-05-12T23:35:05.496+0700][gc,cpu        ] GC(9) User=0,05s Sys=0,00s Real=0,02s
[2020-05-12T23:41:18.685+0700][gc,start      ] GC(10) Pause Young (Normal) (G1 Evacuation Pause)
[2020-05-12T23:41:18.688+0700][gc,task       ] GC(10) Using 8 workers of 8 for evacuation
[2020-05-12T23:41:18.695+0700][gc,phases     ] GC(10)   Pre Evacuate Collection Set: 0,0ms
[2020-05-12T23:41:18.695+0700][gc,phases     ] GC(10)   Evacuate Collection Set: 6,3ms
[2020-05-12T23:41:18.695+0700][gc,phases     ] GC(10)   Post Evacuate Collection Set: 0,7ms
[2020-05-12T23:41:18.695+0700][gc,phases     ] GC(10)   Other: 3,0ms
[2020-05-12T23:41:18.695+0700][gc,heap       ] GC(10) Eden regions: 47->0(54)
[2020-05-12T23:41:18.695+0700][gc,heap       ] GC(10) Survivor regions: 4->3(7)
[2020-05-12T23:41:18.695+0700][gc,heap       ] GC(10) Old regions: 14->15
[2020-05-12T23:41:18.695+0700][gc,heap       ] GC(10) Humongous regions: 129->129
[2020-05-12T23:41:18.695+0700][gc,metaspace  ] GC(10) Metaspace: 40298K->40298K(1085440K)
[2020-05-12T23:41:18.695+0700][gc            ] GC(10) Pause Young (Normal) (G1 Evacuation Pause) 193M->145M(1024M) 10,101ms
[2020-05-12T23:41:18.695+0700][gc,cpu        ] GC(10) User=0,02s Sys=0,02s Real=0,02s
[2020-05-12T23:48:41.470+0700][gc,start      ] GC(11) Pause Young (Normal) (G1 Evacuation Pause)
[2020-05-12T23:48:41.495+0700][gc,task       ] GC(11) Using 8 workers of 8 for evacuation
[2020-05-12T23:48:41.499+0700][gc,phases     ] GC(11)   Pre Evacuate Collection Set: 0,0ms
[2020-05-12T23:48:41.499+0700][gc,phases     ] GC(11)   Evacuate Collection Set: 2,9ms
[2020-05-12T23:48:41.499+0700][gc,phases     ] GC(11)   Post Evacuate Collection Set: 0,5ms
[2020-05-12T23:48:41.499+0700][gc,phases     ] GC(11)   Other: 25,0ms
[2020-05-12T23:48:41.499+0700][gc,heap       ] GC(11) Eden regions: 54->0(568)
[2020-05-12T23:48:41.499+0700][gc,heap       ] GC(11) Survivor regions: 3->2(8)
[2020-05-12T23:48:41.499+0700][gc,heap       ] GC(11) Old regions: 15->15
[2020-05-12T23:48:41.499+0700][gc,heap       ] GC(11) Humongous regions: 129->129
[2020-05-12T23:48:41.499+0700][gc,metaspace  ] GC(11) Metaspace: 40332K->40332K(1085440K)
[2020-05-12T23:48:41.499+0700][gc            ] GC(11) Pause Young (Normal) (G1 Evacuation Pause) 199M->145M(1024M) 28,648ms
[2020-05-12T23:48:41.499+0700][gc,cpu        ] GC(11) User=0,02s Sys=0,00s Real=0,03s
[2020-05-13T00:54:42.447+0700][gc,start      ] GC(12) Pause Young (Normal) (G1 Evacuation Pause)
[2020-05-13T00:54:42.449+0700][gc,task       ] GC(12) Using 8 workers of 8 for evacuation
[2020-05-13T00:54:42.477+0700][gc,mmu        ] GC(12) MMU target violated: 21,0ms (20,0ms/21,0ms)
[2020-05-13T00:54:42.477+0700][gc,phases     ] GC(12)   Pre Evacuate Collection Set: 0,3ms
[2020-05-13T00:54:42.477+0700][gc,phases     ] GC(12)   Evacuate Collection Set: 12,6ms
[2020-05-13T00:54:42.477+0700][gc,phases     ] GC(12)   Post Evacuate Collection Set: 13,7ms
[2020-05-13T00:54:42.477+0700][gc,phases     ] GC(12)   Other: 3,4ms
[2020-05-13T00:54:42.477+0700][gc,heap       ] GC(12) Eden regions: 568->0(210)
[2020-05-13T00:54:42.477+0700][gc,heap       ] GC(12) Survivor regions: 2->4(72)
[2020-05-13T00:54:42.477+0700][gc,heap       ] GC(12) Old regions: 15->15
[2020-05-13T00:54:42.477+0700][gc,heap       ] GC(12) Humongous regions: 129->129
[2020-05-13T00:54:42.477+0700][gc,metaspace  ] GC(12) Metaspace: 40688K->40688K(1085440K)
[2020-05-13T00:54:42.477+0700][gc            ] GC(12) Pause Young (Normal) (G1 Evacuation Pause) 713M->147M(1024M) 30,251ms
[2020-05-13T00:54:42.477+0700][gc,cpu        ] GC(12) User=0,09s Sys=0,01s Real=0,03s
[2020-05-13T01:03:55.569+0700][gc,start      ] GC(13) Pause Young (Normal) (G1 Evacuation Pause)
[2020-05-13T01:03:55.584+0700][gc,task       ] GC(13) Using 8 workers of 8 for evacuation
[2020-05-13T01:03:55.597+0700][gc,phases     ] GC(13)   Pre Evacuate Collection Set: 0,0ms
[2020-05-13T01:03:55.597+0700][gc,phases     ] GC(13)   Evacuate Collection Set: 12,4ms
[2020-05-13T01:03:55.597+0700][gc,phases     ] GC(13)   Post Evacuate Collection Set: 0,6ms
[2020-05-13T01:03:55.597+0700][gc,phases     ] GC(13)   Other: 14,8ms
[2020-05-13T01:03:55.597+0700][gc,heap       ] GC(13) Eden regions: 210->0(236)
[2020-05-13T01:03:55.597+0700][gc,heap       ] GC(13) Survivor regions: 4->5(27)
[2020-05-13T01:03:55.597+0700][gc,heap       ] GC(13) Old regions: 15->15
[2020-05-13T01:03:55.597+0700][gc,heap       ] GC(13) Humongous regions: 129->129
[2020-05-13T01:03:55.597+0700][gc,metaspace  ] GC(13) Metaspace: 40918K->40918K(1085440K)
[2020-05-13T01:03:55.597+0700][gc            ] GC(13) Pause Young (Normal) (G1 Evacuation Pause) 357M->148M(1024M) 28,116ms
[2020-05-13T01:03:55.597+0700][gc,cpu        ] GC(13) User=0,09s Sys=0,00s Real=0,03s
[2020-05-13T09:10:56.854+0700][gc,start      ] GC(14) Pause Young (Normal) (G1 Evacuation Pause)
[2020-05-13T09:10:56.866+0700][gc,task       ] GC(14) Using 8 workers of 8 for evacuation
[2020-05-13T09:10:56.875+0700][gc,phases     ] GC(14)   Pre Evacuate Collection Set: 0,0ms
[2020-05-13T09:10:56.875+0700][gc,phases     ] GC(14)   Evacuate Collection Set: 7,9ms
[2020-05-13T09:10:56.875+0700][gc,phases     ] GC(14)   Post Evacuate Collection Set: 0,9ms
[2020-05-13T09:10:56.875+0700][gc,phases     ] GC(14)   Other: 11,9ms
[2020-05-13T09:10:56.875+0700][gc,heap       ] GC(14) Eden regions: 236->0(255)
[2020-05-13T09:10:56.875+0700][gc,heap       ] GC(14) Survivor regions: 5->6(31)
[2020-05-13T09:10:56.875+0700][gc,heap       ] GC(14) Old regions: 15->15
[2020-05-13T09:10:56.875+0700][gc,heap       ] GC(14) Humongous regions: 129->129
[2020-05-13T09:10:56.875+0700][gc,metaspace  ] GC(14) Metaspace: 40989K->40989K(1085440K)
[2020-05-13T09:10:56.875+0700][gc            ] GC(14) Pause Young (Normal) (G1 Evacuation Pause) 384M->149M(1024M) 20,779ms
[2020-05-13T09:10:56.875+0700][gc,cpu        ] GC(14) User=0,05s Sys=0,00s Real=0,02s
[2020-05-13T09:21:46.010+0700][gc,start      ] GC(15) Pause Young (Normal) (G1 Evacuation Pause)
[2020-05-13T09:21:46.012+0700][gc,task       ] GC(15) Using 8 workers of 8 for evacuation
[2020-05-13T09:21:46.019+0700][gc,phases     ] GC(15)   Pre Evacuate Collection Set: 0,2ms
[2020-05-13T09:21:46.019+0700][gc,phases     ] GC(15)   Evacuate Collection Set: 6,0ms
[2020-05-13T09:21:46.019+0700][gc,phases     ] GC(15)   Post Evacuate Collection Set: 0,6ms
[2020-05-13T09:21:46.019+0700][gc,phases     ] GC(15)   Other: 1,9ms
[2020-05-13T09:21:46.019+0700][gc,heap       ] GC(15) Eden regions: 255->0(267)
[2020-05-13T09:21:46.019+0700][gc,heap       ] GC(15) Survivor regions: 6->6(33)
[2020-05-13T09:21:46.019+0700][gc,heap       ] GC(15) Old regions: 15->15
[2020-05-13T09:21:46.019+0700][gc,heap       ] GC(15) Humongous regions: 129->129
[2020-05-13T09:21:46.019+0700][gc,metaspace  ] GC(15) Metaspace: 41043K->41043K(1085440K)
[2020-05-13T09:21:46.019+0700][gc            ] GC(15) Pause Young (Normal) (G1 Evacuation Pause) 404M->149M(1024M) 8,789ms
[2020-05-13T09:21:46.019+0700][gc,cpu        ] GC(15) User=0,04s Sys=0,00s Real=0,01s
[2020-05-13T09:33:08.525+0700][gc,start      ] GC(16) Pause Young (Normal) (G1 Evacuation Pause)
[2020-05-13T09:33:08.533+0700][gc,task       ] GC(16) Using 8 workers of 8 for evacuation
[2020-05-13T09:33:08.550+0700][gc,phases     ] GC(16)   Pre Evacuate Collection Set: 0,0ms
[2020-05-13T09:33:08.550+0700][gc,phases     ] GC(16)   Evacuate Collection Set: 15,8ms
[2020-05-13T09:33:08.550+0700][gc,phases     ] GC(16)   Post Evacuate Collection Set: 0,7ms
[2020-05-13T09:33:08.550+0700][gc,phases     ] GC(16)   Other: 8,9ms
[2020-05-13T09:33:08.550+0700][gc,heap       ] GC(16) Eden regions: 267->0(277)
[2020-05-13T09:33:08.550+0700][gc,heap       ] GC(16) Survivor regions: 6->7(35)
[2020-05-13T09:33:08.550+0700][gc,heap       ] GC(16) Old regions: 15->15
[2020-05-13T09:33:08.550+0700][gc,heap       ] GC(16) Humongous regions: 129->129
[2020-05-13T09:33:08.550+0700][gc,metaspace  ] GC(16) Metaspace: 41071K->41071K(1087488K)
[2020-05-13T09:33:08.550+0700][gc            ] GC(16) Pause Young (Normal) (G1 Evacuation Pause) 416M->150M(1024M) 25,523ms
[2020-05-13T09:33:08.550+0700][gc,cpu        ] GC(16) User=0,11s Sys=0,00s Real=0,03s
[2020-05-13T09:44:38.559+0700][gc,start      ] GC(17) Pause Young (Normal) (G1 Evacuation Pause)
[2020-05-13T09:44:38.643+0700][gc,task       ] GC(17) Using 8 workers of 8 for evacuation
[2020-05-13T09:44:38.660+0700][gc,phases     ] GC(17)   Pre Evacuate Collection Set: 0,0ms
[2020-05-13T09:44:38.660+0700][gc,phases     ] GC(17)   Evacuate Collection Set: 16,2ms
[2020-05-13T09:44:38.661+0700][gc,phases     ] GC(17)   Post Evacuate Collection Set: 1,1ms
[2020-05-13T09:44:38.661+0700][gc,phases     ] GC(17)   Other: 83,8ms
[2020-05-13T09:44:38.661+0700][gc,heap       ] GC(17) Eden regions: 277->0(276)
[2020-05-13T09:44:38.661+0700][gc,heap       ] GC(17) Survivor regions: 7->7(36)
[2020-05-13T09:44:38.661+0700][gc,heap       ] GC(17) Old regions: 15->15
[2020-05-13T09:44:38.661+0700][gc,heap       ] GC(17) Humongous regions: 129->129
[2020-05-13T09:44:38.661+0700][gc,metaspace  ] GC(17) Metaspace: 41093K->41093K(1087488K)
[2020-05-13T09:44:38.661+0700][gc            ] GC(17) Pause Young (Normal) (G1 Evacuation Pause) 427M->150M(1024M) 101,297ms
[2020-05-13T09:44:38.661+0700][gc,cpu        ] GC(17) User=0,11s Sys=0,00s Real=0,10s
[2020-05-13T09:55:56.301+0700][gc,start      ] GC(18) Pause Young (Normal) (G1 Evacuation Pause)
[2020-05-13T09:55:56.302+0700][gc,task       ] GC(18) Using 8 workers of 8 for evacuation
[2020-05-13T09:55:56.308+0700][gc,phases     ] GC(18)   Pre Evacuate Collection Set: 0,0ms
[2020-05-13T09:55:56.308+0700][gc,phases     ] GC(18)   Evacuate Collection Set: 5,9ms
[2020-05-13T09:55:56.308+0700][gc,phases     ] GC(18)   Post Evacuate Collection Set: 0,8ms
[2020-05-13T09:55:56.308+0700][gc,phases     ] GC(18)   Other: 0,2ms
[2020-05-13T09:55:56.308+0700][gc,heap       ] GC(18) Eden regions: 276->0(301)
[2020-05-13T09:55:56.308+0700][gc,heap       ] GC(18) Survivor regions: 7->6(36)
[2020-05-13T09:55:56.308+0700][gc,heap       ] GC(18) Old regions: 15->15
[2020-05-13T09:55:56.308+0700][gc,heap       ] GC(18) Humongous regions: 129->129
[2020-05-13T09:55:56.308+0700][gc,metaspace  ] GC(18) Metaspace: 41120K->41120K(1087488K)
[2020-05-13T09:55:56.308+0700][gc            ] GC(18) Pause Young (Normal) (G1 Evacuation Pause) 426M->149M(1024M) 6,987ms
[2020-05-13T09:55:56.308+0700][gc,cpu        ] GC(18) User=0,03s Sys=0,00s Real=0,00s
[2020-05-13T10:08:27.022+0700][gc,start      ] GC(19) Pause Young (Normal) (G1 Evacuation Pause)
[2020-05-13T10:08:27.037+0700][gc,task       ] GC(19) Using 8 workers of 8 for evacuation
[2020-05-13T10:08:27.044+0700][gc,phases     ] GC(19)   Pre Evacuate Collection Set: 0,0ms
[2020-05-13T10:08:27.044+0700][gc,phases     ] GC(19)   Evacuate Collection Set: 5,7ms
[2020-05-13T10:08:27.044+0700][gc,phases     ] GC(19)   Post Evacuate Collection Set: 0,5ms
[2020-05-13T10:08:27.044+0700][gc,phases     ] GC(19)   Other: 15,7ms
[2020-05-13T10:08:27.044+0700][gc,heap       ] GC(19) Eden regions: 301->0(330)
[2020-05-13T10:08:27.044+0700][gc,heap       ] GC(19) Survivor regions: 6->7(39)
[2020-05-13T10:08:27.044+0700][gc,heap       ] GC(19) Old regions: 15->15
[2020-05-13T10:08:27.044+0700][gc,heap       ] GC(19) Humongous regions: 129->129
[2020-05-13T10:08:27.044+0700][gc,metaspace  ] GC(19) Metaspace: 41133K->41133K(1087488K)
[2020-05-13T10:08:27.044+0700][gc            ] GC(19) Pause Young (Normal) (G1 Evacuation Pause) 450M->150M(1024M) 22,066ms
[2020-05-13T10:08:27.044+0700][gc,cpu        ] GC(19) User=0,03s Sys=0,01s Real=0,02s
[2020-05-13T10:22:07.258+0700][gc,start      ] GC(20) Pause Young (Normal) (G1 Evacuation Pause)
[2020-05-13T10:22:07.270+0700][gc,task       ] GC(20) Using 8 workers of 8 for evacuation
[2020-05-13T10:22:07.275+0700][gc,phases     ] GC(20)   Pre Evacuate Collection Set: 0,0ms
[2020-05-13T10:22:07.275+0700][gc,phases     ] GC(20)   Evacuate Collection Set: 4,2ms
[2020-05-13T10:22:07.275+0700][gc,phases     ] GC(20)   Post Evacuate Collection Set: 0,6ms
[2020-05-13T10:22:07.275+0700][gc,phases     ] GC(20)   Other: 12,3ms
[2020-05-13T10:22:07.275+0700][gc,heap       ] GC(20) Eden regions: 330->0(368)
[2020-05-13T10:22:07.275+0700][gc,heap       ] GC(20) Survivor regions: 7->5(43)
[2020-05-13T10:22:07.275+0700][gc,heap       ] GC(20) Old regions: 15->15
[2020-05-13T10:22:07.275+0700][gc,heap       ] GC(20) Humongous regions: 129->129
[2020-05-13T10:22:07.275+0700][gc,metaspace  ] GC(20) Metaspace: 41136K->41136K(1087488K)
[2020-05-13T10:22:07.275+0700][gc            ] GC(20) Pause Young (Normal) (G1 Evacuation Pause) 480M->148M(1024M) 17,218ms
[2020-05-13T10:22:07.275+0700][gc,cpu        ] GC(20) User=0,03s Sys=0,00s Real=0,01s
[2020-05-13T10:37:24.818+0700][gc,start      ] GC(21) Pause Young (Normal) (G1 Evacuation Pause)
[2020-05-13T10:37:24.820+0700][gc,task       ] GC(21) Using 8 workers of 8 for evacuation
[2020-05-13T10:37:24.829+0700][gc,phases     ] GC(21)   Pre Evacuate Collection Set: 0,0ms
[2020-05-13T10:37:24.829+0700][gc,phases     ] GC(21)   Evacuate Collection Set: 7,4ms
[2020-05-13T10:37:24.829+0700][gc,phases     ] GC(21)   Post Evacuate Collection Set: 0,9ms
[2020-05-13T10:37:24.829+0700][gc,phases     ] GC(21)   Other: 2,6ms
[2020-05-13T10:37:24.829+0700][gc,heap       ] GC(21) Eden regions: 368->0(393)
[2020-05-13T10:37:24.829+0700][gc,heap       ] GC(21) Survivor regions: 5->6(47)
[2020-05-13T10:37:24.829+0700][gc,heap       ] GC(21) Old regions: 15->15
[2020-05-13T10:37:24.829+0700][gc,heap       ] GC(21) Humongous regions: 129->129
[2020-05-13T10:37:24.829+0700][gc,metaspace  ] GC(21) Metaspace: 41138K->41138K(1087488K)
[2020-05-13T10:37:24.829+0700][gc            ] GC(21) Pause Young (Normal) (G1 Evacuation Pause) 516M->149M(1024M) 11,120ms
[2020-05-13T10:37:24.829+0700][gc,cpu        ] GC(21) User=0,04s Sys=0,00s Real=0,00s
[2020-05-13T10:49:15.357+0700][gc,heap,exit  ] Heap
[2020-05-13T10:49:15.357+0700][gc,heap,exit  ]  garbage-first heap   total 1048576K, used 455727K [0x00000000c0000000, 0x0000000100000000)
[2020-05-13T10:49:15.357+0700][gc,heap,exit  ]   region size 1024K, 304 young (311296K), 6 survivors (6144K)
[2020-05-13T10:49:15.357+0700][gc,heap,exit  ]  Metaspace       used 41850K, capacity 44721K, committed 44976K, reserved 1087488K
[2020-05-13T10:49:15.357+0700][gc,heap,exit  ]   class space    used 5863K, capacity 7224K, committed 7344K, reserved 1048576K
