[2020-05-15T09:21:30.144+0700][gc,heap] Heap region size: 1M
[2020-05-15T09:21:30.153+0700][gc     ] Using G1
[2020-05-15T09:21:30.153+0700][gc,heap,coops] Heap address: 0x00000000c0000000, size: 1024 MB, Compressed Oops mode: 32-bit
[2020-05-15T09:21:35.245+0700][gc,start     ] GC(0) Pause Young (Normal) (G1 Evacuation Pause)
[2020-05-15T09:21:35.254+0700][gc,task      ] GC(0) Using 8 workers of 8 for evacuation
[2020-05-15T09:21:35.268+0700][gc,phases    ] GC(0)   Pre Evacuate Collection Set: 0,0ms
[2020-05-15T09:21:35.268+0700][gc,phases    ] GC(0)   Evacuate Collection Set: 9,2ms
[2020-05-15T09:21:35.268+0700][gc,phases    ] GC(0)   Post Evacuate Collection Set: 5,4ms
[2020-05-15T09:21:35.268+0700][gc,phases    ] GC(0)   Other: 8,8ms
[2020-05-15T09:21:35.268+0700][gc,heap      ] GC(0) Eden regions: 51->0(44)
[2020-05-15T09:21:35.268+0700][gc,heap      ] GC(0) Survivor regions: 0->7(7)
[2020-05-15T09:21:35.268+0700][gc,heap      ] GC(0) Old regions: 0->0
[2020-05-15T09:21:35.268+0700][gc,heap      ] GC(0) Humongous regions: 0->0
[2020-05-15T09:21:35.268+0700][gc,metaspace ] GC(0) Metaspace: 15833K->15833K(1062912K)
[2020-05-15T09:21:35.268+0700][gc           ] GC(0) Pause Young (Normal) (G1 Evacuation Pause) 51M->6M(1024M) 23,208ms
[2020-05-15T09:21:35.268+0700][gc,cpu       ] GC(0) User=0,06s Sys=0,01s Real=0,03s
[2020-05-15T09:21:35.938+0700][gc,start     ] GC(1) Pause Young (Concurrent Start) (Metadata GC Threshold)
[2020-05-15T09:21:35.938+0700][gc,task      ] GC(1) Using 8 workers of 8 for evacuation
[2020-05-15T09:21:35.969+0700][gc,mmu       ] GC(1) MMU target violated: 21,0ms (20,0ms/21,0ms)
[2020-05-15T09:21:35.969+0700][gc,phases    ] GC(1)   Pre Evacuate Collection Set: 0,0ms
[2020-05-15T09:21:35.969+0700][gc,phases    ] GC(1)   Evacuate Collection Set: 28,5ms
[2020-05-15T09:21:35.969+0700][gc,phases    ] GC(1)   Post Evacuate Collection Set: 2,6ms
[2020-05-15T09:21:35.969+0700][gc,phases    ] GC(1)   Other: 0,8ms
[2020-05-15T09:21:35.969+0700][gc,heap      ] GC(1) Eden regions: 20->0(50)
[2020-05-15T09:21:35.969+0700][gc,heap      ] GC(1) Survivor regions: 7->1(7)
[2020-05-15T09:21:35.969+0700][gc,heap      ] GC(1) Old regions: 0->7
[2020-05-15T09:21:35.969+0700][gc,heap      ] GC(1) Humongous regions: 0->0
[2020-05-15T09:21:35.969+0700][gc,metaspace ] GC(1) Metaspace: 20573K->20573K(1067008K)
[2020-05-15T09:21:35.969+0700][gc           ] GC(1) Pause Young (Concurrent Start) (Metadata GC Threshold) 26M->7M(1024M) 31,791ms
[2020-05-15T09:21:35.969+0700][gc,cpu       ] GC(1) User=0,14s Sys=0,02s Real=0,04s
[2020-05-15T09:21:35.970+0700][gc           ] GC(2) Concurrent Cycle
[2020-05-15T09:21:35.970+0700][gc,marking   ] GC(2) Concurrent Clear Claimed Marks
[2020-05-15T09:21:35.970+0700][gc,marking   ] GC(2) Concurrent Clear Claimed Marks 0,270ms
[2020-05-15T09:21:35.970+0700][gc,marking   ] GC(2) Concurrent Scan Root Regions
[2020-05-15T09:21:35.971+0700][gc,marking   ] GC(2) Concurrent Scan Root Regions 1,130ms
[2020-05-15T09:21:35.971+0700][gc,marking   ] GC(2) Concurrent Mark (5,846s)
[2020-05-15T09:21:35.971+0700][gc,marking   ] GC(2) Concurrent Mark From Roots
[2020-05-15T09:21:35.972+0700][gc,task      ] GC(2) Using 2 workers of 2 for marking
[2020-05-15T09:21:35.978+0700][gc,marking   ] GC(2) Concurrent Mark From Roots 6,275ms
[2020-05-15T09:21:35.978+0700][gc,marking   ] GC(2) Concurrent Preclean
[2020-05-15T09:21:35.978+0700][gc,marking   ] GC(2) Concurrent Preclean 0,142ms
[2020-05-15T09:21:35.978+0700][gc,marking   ] GC(2) Concurrent Mark (5,846s, 5,853s) 6,666ms
[2020-05-15T09:21:35.981+0700][gc,start     ] GC(2) Pause Remark
[2020-05-15T09:21:35.988+0700][gc,stringtable] GC(2) Cleaned string and symbol table, strings: 9275 processed, 0 removed, symbols: 49734 processed, 54 removed
[2020-05-15T09:21:35.989+0700][gc            ] GC(2) Pause Remark 8M->8M(1024M) 8,033ms
[2020-05-15T09:21:35.989+0700][gc,cpu        ] GC(2) User=0,02s Sys=0,01s Real=0,01s
[2020-05-15T09:21:35.989+0700][gc,marking    ] GC(2) Concurrent Rebuild Remembered Sets
[2020-05-15T09:21:35.992+0700][gc,marking    ] GC(2) Concurrent Rebuild Remembered Sets 2,812ms
[2020-05-15T09:21:36.048+0700][gc,start      ] GC(2) Pause Cleanup
[2020-05-15T09:21:36.050+0700][gc            ] GC(2) Pause Cleanup 137M->137M(1024M) 1,640ms
[2020-05-15T09:21:36.050+0700][gc,cpu        ] GC(2) User=0,00s Sys=0,00s Real=0,00s
[2020-05-15T09:21:36.050+0700][gc,marking    ] GC(2) Concurrent Cleanup for Next Mark
[2020-05-15T09:21:36.054+0700][gc,marking    ] GC(2) Concurrent Cleanup for Next Mark 3,843ms
[2020-05-15T09:21:36.055+0700][gc            ] GC(2) Concurrent Cycle 85,154ms
[2020-05-15T09:21:36.928+0700][gc,start      ] GC(3) Pause Young (Normal) (G1 Evacuation Pause)
[2020-05-15T09:21:36.928+0700][gc,task       ] GC(3) Using 8 workers of 8 for evacuation
[2020-05-15T09:21:36.936+0700][gc,phases     ] GC(3)   Pre Evacuate Collection Set: 0,0ms
[2020-05-15T09:21:36.936+0700][gc,phases     ] GC(3)   Evacuate Collection Set: 6,4ms
[2020-05-15T09:21:36.936+0700][gc,phases     ] GC(3)   Post Evacuate Collection Set: 1,2ms
[2020-05-15T09:21:36.936+0700][gc,phases     ] GC(3)   Other: 0,8ms
[2020-05-15T09:21:36.936+0700][gc,heap       ] GC(3) Eden regions: 50->0(46)
[2020-05-15T09:21:36.936+0700][gc,heap       ] GC(3) Survivor regions: 1->5(7)
[2020-05-15T09:21:36.936+0700][gc,heap       ] GC(3) Old regions: 7->7
[2020-05-15T09:21:36.936+0700][gc,heap       ] GC(3) Humongous regions: 129->129
[2020-05-15T09:21:36.936+0700][gc,metaspace  ] GC(3) Metaspace: 30278K->30278K(1077248K)
[2020-05-15T09:21:36.936+0700][gc            ] GC(3) Pause Young (Normal) (G1 Evacuation Pause) 186M->140M(1024M) 8,528ms
[2020-05-15T09:21:36.936+0700][gc,cpu        ] GC(3) User=0,04s Sys=0,00s Real=0,00s
[2020-05-15T09:38:25.851+0700][gc,start      ] GC(4) Pause Young (Concurrent Start) (Metadata GC Threshold)
[2020-05-15T09:38:25.852+0700][gc,task       ] GC(4) Using 8 workers of 8 for evacuation
[2020-05-15T09:38:25.862+0700][gc,phases     ] GC(4)   Pre Evacuate Collection Set: 0,1ms
[2020-05-15T09:38:25.862+0700][gc,phases     ] GC(4)   Evacuate Collection Set: 8,8ms
[2020-05-15T09:38:25.862+0700][gc,phases     ] GC(4)   Post Evacuate Collection Set: 0,6ms
[2020-05-15T09:38:25.862+0700][gc,phases     ] GC(4)   Other: 1,7ms
[2020-05-15T09:38:25.862+0700][gc,heap       ] GC(4) Eden regions: 30->0(49)
[2020-05-15T09:38:25.862+0700][gc,heap       ] GC(4) Survivor regions: 5->2(7)
[2020-05-15T09:38:25.862+0700][gc,heap       ] GC(4) Old regions: 7->12
[2020-05-15T09:38:25.862+0700][gc,heap       ] GC(4) Humongous regions: 129->129
[2020-05-15T09:38:25.862+0700][gc,metaspace  ] GC(4) Metaspace: 34128K->34128K(1079296K)
[2020-05-15T09:38:25.862+0700][gc            ] GC(4) Pause Young (Concurrent Start) (Metadata GC Threshold) 170M->141M(1024M) 11,268ms
[2020-05-15T09:38:25.862+0700][gc,cpu        ] GC(4) User=0,04s Sys=0,01s Real=0,01s
[2020-05-15T09:38:25.862+0700][gc            ] GC(5) Concurrent Cycle
[2020-05-15T09:38:25.862+0700][gc,marking    ] GC(5) Concurrent Clear Claimed Marks
[2020-05-15T09:38:25.862+0700][gc,marking    ] GC(5) Concurrent Clear Claimed Marks 0,163ms
[2020-05-15T09:38:25.862+0700][gc,marking    ] GC(5) Concurrent Scan Root Regions
[2020-05-15T09:38:25.864+0700][gc,marking    ] GC(5) Concurrent Scan Root Regions 1,662ms
[2020-05-15T09:38:25.864+0700][gc,marking    ] GC(5) Concurrent Mark (1014,991s)
[2020-05-15T09:38:25.864+0700][gc,marking    ] GC(5) Concurrent Mark From Roots
[2020-05-15T09:38:25.864+0700][gc,task       ] GC(5) Using 2 workers of 2 for marking
[2020-05-15T09:38:25.875+0700][gc,marking    ] GC(5) Concurrent Mark From Roots 11,202ms
[2020-05-15T09:38:25.875+0700][gc,marking    ] GC(5) Concurrent Preclean
[2020-05-15T09:38:25.876+0700][gc,marking    ] GC(5) Concurrent Preclean 0,373ms
[2020-05-15T09:38:25.876+0700][gc,marking    ] GC(5) Concurrent Mark (1014,991s, 1015,003s) 11,634ms
[2020-05-15T09:38:25.876+0700][gc,start      ] GC(5) Pause Remark
[2020-05-15T09:38:25.888+0700][gc,stringtable] GC(5) Cleaned string and symbol table, strings: 15337 processed, 275 removed, symbols: 77983 processed, 27 removed
[2020-05-15T09:38:25.889+0700][gc            ] GC(5) Pause Remark 142M->142M(1024M) 12,532ms
[2020-05-15T09:38:25.889+0700][gc,cpu        ] GC(5) User=0,05s Sys=0,00s Real=0,01s
[2020-05-15T09:38:25.889+0700][gc,marking    ] GC(5) Concurrent Rebuild Remembered Sets
[2020-05-15T09:38:25.895+0700][gc,marking    ] GC(5) Concurrent Rebuild Remembered Sets 6,341ms
[2020-05-15T09:38:25.896+0700][gc,start      ] GC(5) Pause Cleanup
[2020-05-15T09:38:25.896+0700][gc            ] GC(5) Pause Cleanup 143M->143M(1024M) 0,211ms
[2020-05-15T09:38:25.896+0700][gc,cpu        ] GC(5) User=0,00s Sys=0,00s Real=0,00s
[2020-05-15T09:38:25.896+0700][gc,marking    ] GC(5) Concurrent Cleanup for Next Mark
[2020-05-15T09:38:25.900+0700][gc,marking    ] GC(5) Concurrent Cleanup for Next Mark 4,573ms
[2020-05-15T09:38:25.901+0700][gc            ] GC(5) Concurrent Cycle 38,364ms
[2020-05-15T09:38:41.710+0700][gc,start      ] GC(6) Pause Young (Normal) (G1 Evacuation Pause)
[2020-05-15T09:38:41.711+0700][gc,task       ] GC(6) Using 8 workers of 8 for evacuation
[2020-05-15T09:38:41.717+0700][gc,phases     ] GC(6)   Pre Evacuate Collection Set: 0,0ms
[2020-05-15T09:38:41.717+0700][gc,phases     ] GC(6)   Evacuate Collection Set: 4,3ms
[2020-05-15T09:38:41.717+0700][gc,phases     ] GC(6)   Post Evacuate Collection Set: 1,3ms
[2020-05-15T09:38:41.717+0700][gc,phases     ] GC(6)   Other: 0,5ms
[2020-05-15T09:38:41.717+0700][gc,heap       ] GC(6) Eden regions: 49->0(46)
[2020-05-15T09:38:41.717+0700][gc,heap       ] GC(6) Survivor regions: 2->5(7)
[2020-05-15T09:38:41.717+0700][gc,heap       ] GC(6) Old regions: 12->12
[2020-05-15T09:38:41.717+0700][gc,heap       ] GC(6) Humongous regions: 129->129
[2020-05-15T09:38:41.717+0700][gc,metaspace  ] GC(6) Metaspace: 38457K->38457K(1083392K)
[2020-05-15T09:38:41.717+0700][gc            ] GC(6) Pause Young (Normal) (G1 Evacuation Pause) 190M->144M(1024M) 6,226ms
[2020-05-15T09:38:41.717+0700][gc,cpu        ] GC(6) User=0,03s Sys=0,00s Real=0,01s
[2020-05-15T09:41:15.329+0700][gc,start      ] GC(7) Pause Young (Normal) (G1 Evacuation Pause)
[2020-05-15T09:41:15.347+0700][gc,task       ] GC(7) Using 8 workers of 8 for evacuation
[2020-05-15T09:41:15.367+0700][gc,phases     ] GC(7)   Pre Evacuate Collection Set: 0,0ms
[2020-05-15T09:41:15.367+0700][gc,phases     ] GC(7)   Evacuate Collection Set: 17,9ms
[2020-05-15T09:41:15.367+0700][gc,phases     ] GC(7)   Post Evacuate Collection Set: 1,6ms
[2020-05-15T09:41:15.367+0700][gc,phases     ] GC(7)   Other: 18,5ms
[2020-05-15T09:41:15.367+0700][gc,heap       ] GC(7) Eden regions: 46->0(45)
[2020-05-15T09:41:15.367+0700][gc,heap       ] GC(7) Survivor regions: 5->6(7)
[2020-05-15T09:41:15.367+0700][gc,heap       ] GC(7) Old regions: 12->13
[2020-05-15T09:41:15.367+0700][gc,heap       ] GC(7) Humongous regions: 129->129
[2020-05-15T09:41:15.368+0700][gc,metaspace  ] GC(7) Metaspace: 39350K->39350K(1085440K)
[2020-05-15T09:41:15.368+0700][gc            ] GC(7) Pause Young (Normal) (G1 Evacuation Pause) 190M->146M(1024M) 38,630ms
[2020-05-15T09:41:15.368+0700][gc,cpu        ] GC(7) User=0,11s Sys=0,00s Real=0,04s
[2020-05-15T09:43:56.201+0700][gc,start      ] GC(8) Pause Young (Normal) (G1 Evacuation Pause)
[2020-05-15T09:43:56.225+0700][gc,task       ] GC(8) Using 8 workers of 8 for evacuation
[2020-05-15T09:43:56.248+0700][gc,mmu        ] GC(8) MMU target violated: 21,0ms (20,0ms/21,0ms)
[2020-05-15T09:43:56.248+0700][gc,phases     ] GC(8)   Pre Evacuate Collection Set: 0,0ms
[2020-05-15T09:43:56.248+0700][gc,phases     ] GC(8)   Evacuate Collection Set: 22,0ms
[2020-05-15T09:43:56.248+0700][gc,phases     ] GC(8)   Post Evacuate Collection Set: 0,5ms
[2020-05-15T09:43:56.248+0700][gc,phases     ] GC(8)   Other: 24,7ms
[2020-05-15T09:43:56.248+0700][gc,heap       ] GC(8) Eden regions: 45->0(47)
[2020-05-15T09:43:56.248+0700][gc,heap       ] GC(8) Survivor regions: 6->4(7)
[2020-05-15T09:43:56.248+0700][gc,heap       ] GC(8) Old regions: 13->16
[2020-05-15T09:43:56.248+0700][gc,heap       ] GC(8) Humongous regions: 129->129
[2020-05-15T09:43:56.248+0700][gc,metaspace  ] GC(8) Metaspace: 39490K->39490K(1085440K)
[2020-05-15T09:43:56.248+0700][gc            ] GC(8) Pause Young (Normal) (G1 Evacuation Pause) 191M->147M(1024M) 47,345ms
[2020-05-15T09:43:56.248+0700][gc,cpu        ] GC(8) User=0,05s Sys=0,00s Real=0,05s
[2020-05-15T09:46:50.477+0700][gc,start      ] GC(9) Pause Young (Normal) (G1 Evacuation Pause)
[2020-05-15T09:46:50.482+0700][gc,task       ] GC(9) Using 8 workers of 8 for evacuation
[2020-05-15T09:46:50.493+0700][gc,phases     ] GC(9)   Pre Evacuate Collection Set: 0,0ms
[2020-05-15T09:46:50.493+0700][gc,phases     ] GC(9)   Evacuate Collection Set: 9,7ms
[2020-05-15T09:46:50.493+0700][gc,phases     ] GC(9)   Post Evacuate Collection Set: 0,9ms
[2020-05-15T09:46:50.493+0700][gc,phases     ] GC(9)   Other: 5,0ms
[2020-05-15T09:46:50.493+0700][gc,heap       ] GC(9) Eden regions: 47->0(47)
[2020-05-15T09:46:50.493+0700][gc,heap       ] GC(9) Survivor regions: 4->4(7)
[2020-05-15T09:46:50.493+0700][gc,heap       ] GC(9) Old regions: 16->16
[2020-05-15T09:46:50.493+0700][gc,heap       ] GC(9) Humongous regions: 129->129
[2020-05-15T09:46:50.493+0700][gc,metaspace  ] GC(9) Metaspace: 39534K->39534K(1085440K)
[2020-05-15T09:46:50.496+0700][gc            ] GC(9) Pause Young (Normal) (G1 Evacuation Pause) 194M->147M(1024M) 18,675ms
[2020-05-15T09:46:50.496+0700][gc,cpu        ] GC(9) User=0,07s Sys=0,00s Real=0,02s
[2020-05-15T09:49:46.055+0700][gc,start      ] GC(10) Pause Young (Normal) (G1 Evacuation Pause)
[2020-05-15T09:49:46.065+0700][gc,task       ] GC(10) Using 8 workers of 8 for evacuation
[2020-05-15T09:49:46.074+0700][gc,phases     ] GC(10)   Pre Evacuate Collection Set: 0,1ms
[2020-05-15T09:49:46.074+0700][gc,phases     ] GC(10)   Evacuate Collection Set: 8,2ms
[2020-05-15T09:49:46.074+0700][gc,phases     ] GC(10)   Post Evacuate Collection Set: 0,5ms
[2020-05-15T09:49:46.074+0700][gc,phases     ] GC(10)   Other: 10,4ms
[2020-05-15T09:49:46.074+0700][gc,heap       ] GC(10) Eden regions: 47->0(45)
[2020-05-15T09:49:46.074+0700][gc,heap       ] GC(10) Survivor regions: 4->6(7)
[2020-05-15T09:49:46.074+0700][gc,heap       ] GC(10) Old regions: 16->16
[2020-05-15T09:49:46.074+0700][gc,heap       ] GC(10) Humongous regions: 129->129
[2020-05-15T09:49:46.074+0700][gc,metaspace  ] GC(10) Metaspace: 39591K->39591K(1085440K)
[2020-05-15T09:49:46.074+0700][gc            ] GC(10) Pause Young (Normal) (G1 Evacuation Pause) 194M->150M(1024M) 19,242ms
[2020-05-15T09:49:46.074+0700][gc,cpu        ] GC(10) User=0,06s Sys=0,00s Real=0,02s
[2020-05-15T09:52:38.514+0700][gc,start      ] GC(11) Pause Young (Normal) (G1 Evacuation Pause)
[2020-05-15T09:52:38.515+0700][gc,task       ] GC(11) Using 8 workers of 8 for evacuation
[2020-05-15T09:52:38.526+0700][gc,phases     ] GC(11)   Pre Evacuate Collection Set: 0,1ms
[2020-05-15T09:52:38.526+0700][gc,phases     ] GC(11)   Evacuate Collection Set: 9,8ms
[2020-05-15T09:52:38.526+0700][gc,phases     ] GC(11)   Post Evacuate Collection Set: 0,4ms
[2020-05-15T09:52:38.526+0700][gc,phases     ] GC(11)   Other: 2,3ms
[2020-05-15T09:52:38.526+0700][gc,heap       ] GC(11) Eden regions: 45->0(45)
[2020-05-15T09:52:38.526+0700][gc,heap       ] GC(11) Survivor regions: 6->6(7)
[2020-05-15T09:52:38.526+0700][gc,heap       ] GC(11) Old regions: 16->19
[2020-05-15T09:52:38.526+0700][gc,heap       ] GC(11) Humongous regions: 129->129
[2020-05-15T09:52:38.526+0700][gc,metaspace  ] GC(11) Metaspace: 39634K->39634K(1085440K)
[2020-05-15T09:52:38.526+0700][gc            ] GC(11) Pause Young (Normal) (G1 Evacuation Pause) 195M->153M(1024M) 12,738ms
[2020-05-15T09:52:38.526+0700][gc,cpu        ] GC(11) User=0,05s Sys=0,01s Real=0,01s
[2020-05-15T09:54:15.534+0700][gc,start      ] GC(12) Pause Young (Normal) (G1 Evacuation Pause)
[2020-05-15T09:54:15.537+0700][gc,task       ] GC(12) Using 8 workers of 8 for evacuation
[2020-05-15T09:54:15.552+0700][gc,phases     ] GC(12)   Pre Evacuate Collection Set: 0,0ms
[2020-05-15T09:54:15.552+0700][gc,phases     ] GC(12)   Evacuate Collection Set: 14,9ms
[2020-05-15T09:54:15.552+0700][gc,phases     ] GC(12)   Post Evacuate Collection Set: 0,6ms
[2020-05-15T09:54:15.552+0700][gc,phases     ] GC(12)   Other: 3,4ms
[2020-05-15T09:54:15.553+0700][gc,heap       ] GC(12) Eden regions: 45->0(46)
[2020-05-15T09:54:15.553+0700][gc,heap       ] GC(12) Survivor regions: 6->5(7)
[2020-05-15T09:54:15.553+0700][gc,heap       ] GC(12) Old regions: 19->22
[2020-05-15T09:54:15.553+0700][gc,heap       ] GC(12) Humongous regions: 129->129
[2020-05-15T09:54:15.553+0700][gc,metaspace  ] GC(12) Metaspace: 39716K->39716K(1085440K)
[2020-05-15T09:54:15.553+0700][gc            ] GC(12) Pause Young (Normal) (G1 Evacuation Pause) 198M->155M(1024M) 19,023ms
[2020-05-15T09:54:15.553+0700][gc,cpu        ] GC(12) User=0,09s Sys=0,01s Real=0,01s
[2020-05-15T09:55:23.280+0700][gc,start      ] GC(13) Pause Young (Normal) (G1 Evacuation Pause)
[2020-05-15T09:55:23.307+0700][gc,task       ] GC(13) Using 8 workers of 8 for evacuation
[2020-05-15T09:55:23.326+0700][gc,phases     ] GC(13)   Pre Evacuate Collection Set: 0,1ms
[2020-05-15T09:55:23.326+0700][gc,phases     ] GC(13)   Evacuate Collection Set: 17,4ms
[2020-05-15T09:55:23.326+0700][gc,phases     ] GC(13)   Post Evacuate Collection Set: 0,6ms
[2020-05-15T09:55:23.326+0700][gc,phases     ] GC(13)   Other: 28,3ms
[2020-05-15T09:55:23.326+0700][gc,heap       ] GC(13) Eden regions: 46->0(47)
[2020-05-15T09:55:23.326+0700][gc,heap       ] GC(13) Survivor regions: 5->4(7)
[2020-05-15T09:55:23.326+0700][gc,heap       ] GC(13) Old regions: 22->24
[2020-05-15T09:55:23.326+0700][gc,heap       ] GC(13) Humongous regions: 129->129
[2020-05-15T09:55:23.326+0700][gc,metaspace  ] GC(13) Metaspace: 40123K->40123K(1085440K)
[2020-05-15T09:55:23.326+0700][gc            ] GC(13) Pause Young (Normal) (G1 Evacuation Pause) 201M->156M(1024M) 46,505ms
[2020-05-15T09:55:23.326+0700][gc,cpu        ] GC(13) User=0,04s Sys=0,00s Real=0,05s
[2020-05-15T09:56:19.356+0700][gc,start      ] GC(14) Pause Young (Normal) (G1 Evacuation Pause)
[2020-05-15T09:56:19.359+0700][gc,task       ] GC(14) Using 8 workers of 8 for evacuation
[2020-05-15T09:56:19.368+0700][gc,phases     ] GC(14)   Pre Evacuate Collection Set: 0,0ms
[2020-05-15T09:56:19.368+0700][gc,phases     ] GC(14)   Evacuate Collection Set: 8,4ms
[2020-05-15T09:56:19.368+0700][gc,phases     ] GC(14)   Post Evacuate Collection Set: 0,5ms
[2020-05-15T09:56:19.368+0700][gc,phases     ] GC(14)   Other: 3,2ms
[2020-05-15T09:56:19.368+0700][gc,heap       ] GC(14) Eden regions: 47->0(50)
[2020-05-15T09:56:19.368+0700][gc,heap       ] GC(14) Survivor regions: 4->7(7)
[2020-05-15T09:56:19.368+0700][gc,heap       ] GC(14) Old regions: 24->24
[2020-05-15T09:56:19.368+0700][gc,heap       ] GC(14) Humongous regions: 129->129
[2020-05-15T09:56:19.368+0700][gc,metaspace  ] GC(14) Metaspace: 40485K->40485K(1085440K)
[2020-05-15T09:56:19.368+0700][gc            ] GC(14) Pause Young (Normal) (G1 Evacuation Pause) 203M->159M(1024M) 12,230ms
[2020-05-15T09:56:19.368+0700][gc,cpu        ] GC(14) User=0,06s Sys=0,00s Real=0,01s
[2020-05-15T09:57:41.006+0700][gc,start      ] GC(15) Pause Young (Normal) (G1 Evacuation Pause)
[2020-05-15T09:57:41.012+0700][gc,task       ] GC(15) Using 8 workers of 8 for evacuation
[2020-05-15T09:57:41.023+0700][gc,phases     ] GC(15)   Pre Evacuate Collection Set: 0,0ms
[2020-05-15T09:57:41.023+0700][gc,phases     ] GC(15)   Evacuate Collection Set: 10,8ms
[2020-05-15T09:57:41.023+0700][gc,phases     ] GC(15)   Post Evacuate Collection Set: 0,4ms
[2020-05-15T09:57:41.023+0700][gc,phases     ] GC(15)   Other: 5,7ms
[2020-05-15T09:57:41.023+0700][gc,heap       ] GC(15) Eden regions: 49->0(59)
[2020-05-15T09:57:41.023+0700][gc,heap       ] GC(15) Survivor regions: 7->7(7)
[2020-05-15T09:57:41.023+0700][gc,heap       ] GC(15) Old regions: 24->26
[2020-05-15T09:57:41.023+0700][gc,heap       ] GC(15) Humongous regions: 129->129
[2020-05-15T09:57:41.023+0700][gc,metaspace  ] GC(15) Metaspace: 40583K->40583K(1085440K)
[2020-05-15T09:57:41.023+0700][gc            ] GC(15) Pause Young (Normal) (G1 Evacuation Pause) 208M->160M(1024M) 16,982ms
[2020-05-15T09:57:41.023+0700][gc,cpu        ] GC(15) User=0,05s Sys=0,00s Real=0,01s
[2020-05-15T09:59:16.501+0700][gc,start      ] GC(16) Pause Young (Normal) (G1 Evacuation Pause)
[2020-05-15T09:59:16.522+0700][gc,task       ] GC(16) Using 8 workers of 8 for evacuation
[2020-05-15T09:59:16.540+0700][gc,phases     ] GC(16)   Pre Evacuate Collection Set: 0,0ms
[2020-05-15T09:59:16.540+0700][gc,phases     ] GC(16)   Evacuate Collection Set: 17,9ms
[2020-05-15T09:59:16.540+0700][gc,phases     ] GC(16)   Post Evacuate Collection Set: 0,4ms
[2020-05-15T09:59:16.540+0700][gc,phases     ] GC(16)   Other: 21,0ms
[2020-05-15T09:59:16.540+0700][gc,heap       ] GC(16) Eden regions: 55->0(196)
[2020-05-15T09:59:16.540+0700][gc,heap       ] GC(16) Survivor regions: 7->5(8)
[2020-05-15T09:59:16.540+0700][gc,heap       ] GC(16) Old regions: 26->29
[2020-05-15T09:59:16.540+0700][gc,heap       ] GC(16) Humongous regions: 129->129
[2020-05-15T09:59:16.540+0700][gc,metaspace  ] GC(16) Metaspace: 40622K->40622K(1085440K)
[2020-05-15T09:59:16.540+0700][gc            ] GC(16) Pause Young (Normal) (G1 Evacuation Pause) 215M->161M(1024M) 39,326ms
[2020-05-15T09:59:16.540+0700][gc,cpu        ] GC(16) User=0,04s Sys=0,02s Real=0,04s
[2020-05-15T10:05:06.710+0700][gc,start      ] GC(17) Pause Young (Normal) (G1 Evacuation Pause)
[2020-05-15T10:05:06.710+0700][gc,task       ] GC(17) Using 8 workers of 8 for evacuation
[2020-05-15T10:05:06.738+0700][gc,mmu        ] GC(17) MMU target violated: 21,0ms (20,0ms/21,0ms)
[2020-05-15T10:05:06.739+0700][gc,phases     ] GC(17)   Pre Evacuate Collection Set: 0,5ms
[2020-05-15T10:05:06.739+0700][gc,phases     ] GC(17)   Evacuate Collection Set: 25,7ms
[2020-05-15T10:05:06.739+0700][gc,phases     ] GC(17)   Post Evacuate Collection Set: 1,4ms
[2020-05-15T10:05:06.739+0700][gc,phases     ] GC(17)   Other: 1,0ms
[2020-05-15T10:05:06.739+0700][gc,heap       ] GC(17) Eden regions: 196->0(53)
[2020-05-15T10:05:06.739+0700][gc,heap       ] GC(17) Survivor regions: 5->9(26)
[2020-05-15T10:05:06.739+0700][gc,heap       ] GC(17) Old regions: 29->29
[2020-05-15T10:05:06.739+0700][gc,heap       ] GC(17) Humongous regions: 129->129
[2020-05-15T10:05:06.739+0700][gc,metaspace  ] GC(17) Metaspace: 40789K->40789K(1085440K)
[2020-05-15T10:05:06.739+0700][gc            ] GC(17) Pause Young (Normal) (G1 Evacuation Pause) 357M->165M(1024M) 28,596ms
[2020-05-15T10:05:06.739+0700][gc,cpu        ] GC(17) User=0,15s Sys=0,02s Real=0,03s
[2020-05-15T10:06:27.465+0700][gc,start      ] GC(18) Pause Young (Normal) (G1 Evacuation Pause)
[2020-05-15T10:06:27.481+0700][gc,task       ] GC(18) Using 8 workers of 8 for evacuation
[2020-05-15T10:06:27.511+0700][gc,mmu        ] GC(18) MMU target violated: 21,0ms (20,0ms/21,0ms)
[2020-05-15T10:06:27.511+0700][gc,phases     ] GC(18)   Pre Evacuate Collection Set: 0,0ms
[2020-05-15T10:06:27.511+0700][gc,phases     ] GC(18)   Evacuate Collection Set: 29,3ms
[2020-05-15T10:06:27.511+0700][gc,phases     ] GC(18)   Post Evacuate Collection Set: 0,5ms
[2020-05-15T10:06:27.511+0700][gc,phases     ] GC(18)   Other: 16,8ms
[2020-05-15T10:06:27.511+0700][gc,heap       ] GC(18) Eden regions: 46->0(56)
[2020-05-15T10:06:27.511+0700][gc,heap       ] GC(18) Survivor regions: 9->3(7)
[2020-05-15T10:06:27.511+0700][gc,heap       ] GC(18) Old regions: 29->36
[2020-05-15T10:06:27.511+0700][gc,heap       ] GC(18) Humongous regions: 129->129
[2020-05-15T10:06:27.511+0700][gc,metaspace  ] GC(18) Metaspace: 40804K->40804K(1085440K)
[2020-05-15T10:06:27.511+0700][gc            ] GC(18) Pause Young (Normal) (G1 Evacuation Pause) 211M->166M(1024M) 46,645ms
[2020-05-15T10:06:27.511+0700][gc,cpu        ] GC(18) User=0,12s Sys=0,01s Real=0,05s
[2020-05-15T10:08:05.399+0700][gc,start      ] GC(19) Pause Young (Normal) (G1 Evacuation Pause)
[2020-05-15T10:08:05.402+0700][gc,task       ] GC(19) Using 8 workers of 8 for evacuation
[2020-05-15T10:08:05.419+0700][gc,phases     ] GC(19)   Pre Evacuate Collection Set: 0,3ms
[2020-05-15T10:08:05.419+0700][gc,phases     ] GC(19)   Evacuate Collection Set: 15,7ms
[2020-05-15T10:08:05.419+0700][gc,phases     ] GC(19)   Post Evacuate Collection Set: 0,8ms
[2020-05-15T10:08:05.419+0700][gc,phases     ] GC(19)   Other: 3,4ms
[2020-05-15T10:08:05.419+0700][gc,heap       ] GC(19) Eden regions: 56->0(60)
[2020-05-15T10:08:05.420+0700][gc,heap       ] GC(19) Survivor regions: 3->4(8)
[2020-05-15T10:08:05.420+0700][gc,heap       ] GC(19) Old regions: 36->36
[2020-05-15T10:08:05.420+0700][gc,heap       ] GC(19) Humongous regions: 129->129
[2020-05-15T10:08:05.420+0700][gc,metaspace  ] GC(19) Metaspace: 40852K->40852K(1085440K)
[2020-05-15T10:08:05.420+0700][gc            ] GC(19) Pause Young (Normal) (G1 Evacuation Pause) 222M->167M(1024M) 20,529ms
[2020-05-15T10:08:05.420+0700][gc,cpu        ] GC(19) User=0,09s Sys=0,00s Real=0,02s
[2020-05-15T10:09:42.897+0700][gc,start      ] GC(20) Pause Young (Normal) (G1 Evacuation Pause)
[2020-05-15T10:09:42.902+0700][gc,task       ] GC(20) Using 8 workers of 8 for evacuation
[2020-05-15T10:09:42.920+0700][gc,phases     ] GC(20)   Pre Evacuate Collection Set: 0,0ms
[2020-05-15T10:09:42.920+0700][gc,phases     ] GC(20)   Evacuate Collection Set: 16,2ms
[2020-05-15T10:09:42.920+0700][gc,phases     ] GC(20)   Post Evacuate Collection Set: 1,3ms
[2020-05-15T10:09:42.920+0700][gc,phases     ] GC(20)   Other: 6,0ms
[2020-05-15T10:09:42.920+0700][gc,heap       ] GC(20) Eden regions: 60->0(61)
[2020-05-15T10:09:42.920+0700][gc,heap       ] GC(20) Survivor regions: 4->6(8)
[2020-05-15T10:09:42.920+0700][gc,heap       ] GC(20) Old regions: 36->36
[2020-05-15T10:09:42.920+0700][gc,heap       ] GC(20) Humongous regions: 129->129
[2020-05-15T10:09:42.920+0700][gc,metaspace  ] GC(20) Metaspace: 40988K->40988K(1087488K)
[2020-05-15T10:09:42.921+0700][gc            ] GC(20) Pause Young (Normal) (G1 Evacuation Pause) 227M->169M(1024M) 23,897ms
[2020-05-15T10:09:42.921+0700][gc,cpu        ] GC(20) User=0,10s Sys=0,00s Real=0,02s
[2020-05-15T10:11:16.581+0700][gc,start      ] GC(21) Pause Young (Normal) (G1 Evacuation Pause)
[2020-05-15T10:11:16.581+0700][gc,task       ] GC(21) Using 8 workers of 8 for evacuation
[2020-05-15T10:11:16.601+0700][gc,phases     ] GC(21)   Pre Evacuate Collection Set: 0,0ms
[2020-05-15T10:11:16.601+0700][gc,phases     ] GC(21)   Evacuate Collection Set: 18,5ms
[2020-05-15T10:11:16.601+0700][gc,phases     ] GC(21)   Post Evacuate Collection Set: 0,8ms
[2020-05-15T10:11:16.601+0700][gc,phases     ] GC(21)   Other: 0,6ms
[2020-05-15T10:11:16.601+0700][gc,heap       ] GC(21) Eden regions: 54->0(62)
[2020-05-15T10:11:16.601+0700][gc,heap       ] GC(21) Survivor regions: 6->6(8)
[2020-05-15T10:11:16.601+0700][gc,heap       ] GC(21) Old regions: 36->37
[2020-05-15T10:11:16.601+0700][gc,heap       ] GC(21) Humongous regions: 129->129
[2020-05-15T10:11:16.601+0700][gc,metaspace  ] GC(21) Metaspace: 41020K->41020K(1087488K)
[2020-05-15T10:11:16.601+0700][gc            ] GC(21) Pause Young (Normal) (G1 Evacuation Pause) 223M->170M(1024M) 19,961ms
[2020-05-15T10:11:16.601+0700][gc,cpu        ] GC(21) User=0,12s Sys=0,01s Real=0,02s
[2020-05-15T10:12:49.696+0700][gc,start      ] GC(22) Pause Young (Normal) (G1 Evacuation Pause)
[2020-05-15T10:12:49.702+0700][gc,task       ] GC(22) Using 8 workers of 8 for evacuation
[2020-05-15T10:12:49.716+0700][gc,phases     ] GC(22)   Pre Evacuate Collection Set: 0,1ms
[2020-05-15T10:12:49.716+0700][gc,phases     ] GC(22)   Evacuate Collection Set: 13,1ms
[2020-05-15T10:12:49.716+0700][gc,phases     ] GC(22)   Post Evacuate Collection Set: 0,8ms
[2020-05-15T10:12:49.716+0700][gc,phases     ] GC(22)   Other: 6,3ms
[2020-05-15T10:12:49.716+0700][gc,heap       ] GC(22) Eden regions: 53->0(54)
[2020-05-15T10:12:49.716+0700][gc,heap       ] GC(22) Survivor regions: 6->8(8)
[2020-05-15T10:12:49.716+0700][gc,heap       ] GC(22) Old regions: 37->39
[2020-05-15T10:12:49.716+0700][gc,heap       ] GC(22) Humongous regions: 129->129
[2020-05-15T10:12:49.716+0700][gc,metaspace  ] GC(22) Metaspace: 41045K->41045K(1087488K)
[2020-05-15T10:12:49.716+0700][gc            ] GC(22) Pause Young (Normal) (G1 Evacuation Pause) 223M->175M(1024M) 20,457ms
[2020-05-15T10:12:49.716+0700][gc,cpu        ] GC(22) User=0,07s Sys=0,00s Real=0,02s
[2020-05-15T10:14:09.914+0700][gc,start      ] GC(23) Pause Young (Normal) (G1 Evacuation Pause)
[2020-05-15T10:14:09.916+0700][gc,task       ] GC(23) Using 8 workers of 8 for evacuation
[2020-05-15T10:14:09.928+0700][gc,phases     ] GC(23)   Pre Evacuate Collection Set: 0,0ms
[2020-05-15T10:14:09.928+0700][gc,phases     ] GC(23)   Evacuate Collection Set: 11,5ms
[2020-05-15T10:14:09.928+0700][gc,phases     ] GC(23)   Post Evacuate Collection Set: 0,4ms
[2020-05-15T10:14:09.928+0700][gc,phases     ] GC(23)   Other: 1,8ms
[2020-05-15T10:14:09.928+0700][gc,heap       ] GC(23) Eden regions: 46->0(66)
[2020-05-15T10:14:09.928+0700][gc,heap       ] GC(23) Survivor regions: 8->5(7)
[2020-05-15T10:14:09.928+0700][gc,heap       ] GC(23) Old regions: 39->43
[2020-05-15T10:14:09.928+0700][gc,heap       ] GC(23) Humongous regions: 129->129
[2020-05-15T10:14:09.928+0700][gc,metaspace  ] GC(23) Metaspace: 41052K->41052K(1087488K)
[2020-05-15T10:14:09.928+0700][gc            ] GC(23) Pause Young (Normal) (G1 Evacuation Pause) 221M->176M(1024M) 13,842ms
[2020-05-15T10:14:09.928+0700][gc,cpu        ] GC(23) User=0,05s Sys=0,00s Real=0,01s
[2020-05-15T10:16:06.712+0700][gc,start      ] GC(24) Pause Young (Normal) (G1 Evacuation Pause)
[2020-05-15T10:16:06.712+0700][gc,task       ] GC(24) Using 8 workers of 8 for evacuation
[2020-05-15T10:16:06.723+0700][gc,phases     ] GC(24)   Pre Evacuate Collection Set: 0,1ms
[2020-05-15T10:16:06.723+0700][gc,phases     ] GC(24)   Evacuate Collection Set: 10,4ms
[2020-05-15T10:16:06.723+0700][gc,phases     ] GC(24)   Post Evacuate Collection Set: 0,5ms
[2020-05-15T10:16:06.723+0700][gc,phases     ] GC(24)   Other: 0,4ms
[2020-05-15T10:16:06.723+0700][gc,heap       ] GC(24) Eden regions: 66->0(74)
[2020-05-15T10:16:06.723+0700][gc,heap       ] GC(24) Survivor regions: 5->7(9)
[2020-05-15T10:16:06.723+0700][gc,heap       ] GC(24) Old regions: 43->43
[2020-05-15T10:16:06.723+0700][gc,heap       ] GC(24) Humongous regions: 129->129
[2020-05-15T10:16:06.723+0700][gc,metaspace  ] GC(24) Metaspace: 41063K->41063K(1087488K)
[2020-05-15T10:16:06.723+0700][gc            ] GC(24) Pause Young (Normal) (G1 Evacuation Pause) 242M->178M(1024M) 11,513ms
[2020-05-15T10:16:06.723+0700][gc,cpu        ] GC(24) User=0,07s Sys=0,00s Real=0,01s
[2020-05-15T10:18:17.072+0700][gc,start      ] GC(25) Pause Young (Normal) (G1 Evacuation Pause)
[2020-05-15T10:18:17.093+0700][gc,task       ] GC(25) Using 8 workers of 8 for evacuation
[2020-05-15T10:18:17.111+0700][gc,phases     ] GC(25)   Pre Evacuate Collection Set: 0,0ms
[2020-05-15T10:18:17.111+0700][gc,phases     ] GC(25)   Evacuate Collection Set: 17,5ms
[2020-05-15T10:18:17.111+0700][gc,phases     ] GC(25)   Post Evacuate Collection Set: 0,4ms
[2020-05-15T10:18:17.111+0700][gc,phases     ] GC(25)   Other: 20,7ms
[2020-05-15T10:18:17.111+0700][gc,heap       ] GC(25) Eden regions: 74->0(69)
[2020-05-15T10:18:17.111+0700][gc,heap       ] GC(25) Survivor regions: 7->6(11)
[2020-05-15T10:18:17.111+0700][gc,heap       ] GC(25) Old regions: 43->45
[2020-05-15T10:18:17.111+0700][gc,heap       ] GC(25) Humongous regions: 129->129
[2020-05-15T10:18:17.111+0700][gc,metaspace  ] GC(25) Metaspace: 41066K->41066K(1087488K)
[2020-05-15T10:18:17.111+0700][gc            ] GC(25) Pause Young (Normal) (G1 Evacuation Pause) 252M->178M(1024M) 38,795ms
[2020-05-15T10:18:17.111+0700][gc,cpu        ] GC(25) User=0,05s Sys=0,00s Real=0,04s
[2020-05-15T10:20:18.745+0700][gc,start      ] GC(26) Pause Young (Normal) (G1 Evacuation Pause)
[2020-05-15T10:20:18.751+0700][gc,task       ] GC(26) Using 8 workers of 8 for evacuation
[2020-05-15T10:20:18.758+0700][gc,phases     ] GC(26)   Pre Evacuate Collection Set: 0,0ms
[2020-05-15T10:20:18.758+0700][gc,phases     ] GC(26)   Evacuate Collection Set: 6,6ms
[2020-05-15T10:20:18.758+0700][gc,phases     ] GC(26)   Post Evacuate Collection Set: 0,7ms
[2020-05-15T10:20:18.758+0700][gc,phases     ] GC(26)   Other: 6,3ms
[2020-05-15T10:20:18.758+0700][gc,heap       ] GC(26) Eden regions: 69->0(79)
[2020-05-15T10:20:18.758+0700][gc,heap       ] GC(26) Survivor regions: 6->8(10)
[2020-05-15T10:20:18.758+0700][gc,heap       ] GC(26) Old regions: 45->45
[2020-05-15T10:20:18.758+0700][gc,heap       ] GC(26) Humongous regions: 129->129
[2020-05-15T10:20:18.758+0700][gc,metaspace  ] GC(26) Metaspace: 41071K->41071K(1087488K)
[2020-05-15T10:20:18.758+0700][gc            ] GC(26) Pause Young (Normal) (G1 Evacuation Pause) 247M->181M(1024M) 13,703ms
[2020-05-15T10:20:18.758+0700][gc,cpu        ] GC(26) User=0,04s Sys=0,00s Real=0,02s
[2020-05-15T10:22:21.799+0700][gc,start      ] GC(27) Pause Young (Normal) (G1 Evacuation Pause)
[2020-05-15T10:22:21.818+0700][gc,task       ] GC(27) Using 8 workers of 8 for evacuation
[2020-05-15T10:22:21.839+0700][gc,mmu        ] GC(27) MMU target violated: 20,2ms (20,0ms/21,0ms)
[2020-05-15T10:22:21.839+0700][gc,phases     ] GC(27)   Pre Evacuate Collection Set: 0,1ms
[2020-05-15T10:22:21.839+0700][gc,phases     ] GC(27)   Evacuate Collection Set: 19,5ms
[2020-05-15T10:22:21.839+0700][gc,phases     ] GC(27)   Post Evacuate Collection Set: 0,4ms
[2020-05-15T10:22:21.839+0700][gc,phases     ] GC(27)   Other: 19,6ms
[2020-05-15T10:22:21.839+0700][gc,heap       ] GC(27) Eden regions: 74->0(75)
[2020-05-15T10:22:21.839+0700][gc,heap       ] GC(27) Survivor regions: 8->10(11)
[2020-05-15T10:22:21.839+0700][gc,heap       ] GC(27) Old regions: 45->49
[2020-05-15T10:22:21.839+0700][gc,heap       ] GC(27) Humongous regions: 129->129
[2020-05-15T10:22:21.839+0700][gc,metaspace  ] GC(27) Metaspace: 41126K->41126K(1087488K)
[2020-05-15T10:22:21.839+0700][gc            ] GC(27) Pause Young (Normal) (G1 Evacuation Pause) 255M->186M(1024M) 39,596ms
[2020-05-15T10:22:21.839+0700][gc,cpu        ] GC(27) User=0,08s Sys=0,00s Real=0,04s
[2020-05-15T10:24:31.134+0700][gc,start      ] GC(28) Pause Young (Normal) (G1 Evacuation Pause)
[2020-05-15T10:24:31.136+0700][gc,task       ] GC(28) Using 8 workers of 8 for evacuation
[2020-05-15T10:24:31.159+0700][gc,mmu        ] GC(28) MMU target violated: 21,0ms (20,0ms/21,0ms)
[2020-05-15T10:24:31.159+0700][gc,phases     ] GC(28)   Pre Evacuate Collection Set: 0,0ms
[2020-05-15T10:24:31.159+0700][gc,phases     ] GC(28)   Evacuate Collection Set: 21,3ms
[2020-05-15T10:24:31.159+0700][gc,phases     ] GC(28)   Post Evacuate Collection Set: 0,9ms
[2020-05-15T10:24:31.159+0700][gc,phases     ] GC(28)   Other: 2,8ms
[2020-05-15T10:24:31.159+0700][gc,heap       ] GC(28) Eden regions: 73->0(81)
[2020-05-15T10:24:31.159+0700][gc,heap       ] GC(28) Survivor regions: 10->2(11)
[2020-05-15T10:24:31.159+0700][gc,heap       ] GC(28) Old regions: 49->54
[2020-05-15T10:24:31.159+0700][gc,heap       ] GC(28) Humongous regions: 129->129
[2020-05-15T10:24:31.159+0700][gc,metaspace  ] GC(28) Metaspace: 41126K->41126K(1087488K)
[2020-05-15T10:24:31.159+0700][gc            ] GC(28) Pause Young (Normal) (G1 Evacuation Pause) 259M->184M(1024M) 25,130ms
[2020-05-15T10:24:31.159+0700][gc,cpu        ] GC(28) User=0,05s Sys=0,01s Real=0,02s
[2020-05-15T10:26:55.280+0700][gc,start      ] GC(29) Pause Young (Normal) (G1 Evacuation Pause)
[2020-05-15T10:26:55.286+0700][gc,task       ] GC(29) Using 8 workers of 8 for evacuation
[2020-05-15T10:26:55.291+0700][gc,phases     ] GC(29)   Pre Evacuate Collection Set: 0,0ms
[2020-05-15T10:26:55.291+0700][gc,phases     ] GC(29)   Evacuate Collection Set: 4,9ms
[2020-05-15T10:26:55.291+0700][gc,phases     ] GC(29)   Post Evacuate Collection Set: 0,5ms
[2020-05-15T10:26:55.291+0700][gc,phases     ] GC(29)   Other: 5,4ms
[2020-05-15T10:26:55.291+0700][gc,heap       ] GC(29) Eden regions: 81->0(84)
[2020-05-15T10:26:55.291+0700][gc,heap       ] GC(29) Survivor regions: 2->6(11)
[2020-05-15T10:26:55.291+0700][gc,heap       ] GC(29) Old regions: 54->54
[2020-05-15T10:26:55.291+0700][gc,heap       ] GC(29) Humongous regions: 129->129
[2020-05-15T10:26:55.291+0700][gc,metaspace  ] GC(29) Metaspace: 41143K->41143K(1087488K)
[2020-05-15T10:26:55.291+0700][gc            ] GC(29) Pause Young (Normal) (G1 Evacuation Pause) 265M->188M(1024M) 11,004ms
[2020-05-15T10:26:55.291+0700][gc,cpu        ] GC(29) User=0,04s Sys=0,00s Real=0,01s
[2020-05-15T10:29:24.204+0700][gc,start      ] GC(30) Pause Young (Normal) (G1 Evacuation Pause)
[2020-05-15T10:29:24.221+0700][gc,task       ] GC(30) Using 8 workers of 8 for evacuation
[2020-05-15T10:29:24.250+0700][gc,mmu        ] GC(30) MMU target violated: 21,0ms (20,0ms/21,0ms)
[2020-05-15T10:29:24.250+0700][gc,phases     ] GC(30)   Pre Evacuate Collection Set: 0,0ms
[2020-05-15T10:29:24.250+0700][gc,phases     ] GC(30)   Evacuate Collection Set: 27,0ms
[2020-05-15T10:29:24.250+0700][gc,phases     ] GC(30)   Post Evacuate Collection Set: 1,0ms
[2020-05-15T10:29:24.250+0700][gc,phases     ] GC(30)   Other: 17,6ms
[2020-05-15T10:29:24.250+0700][gc,heap       ] GC(30) Eden regions: 84->0(77)
[2020-05-15T10:29:24.250+0700][gc,heap       ] GC(30) Survivor regions: 6->10(12)
[2020-05-15T10:29:24.250+0700][gc,heap       ] GC(30) Old regions: 54->54
[2020-05-15T10:29:24.250+0700][gc,heap       ] GC(30) Humongous regions: 129->129
[2020-05-15T10:29:24.250+0700][gc,metaspace  ] GC(30) Metaspace: 41149K->41149K(1087488K)
[2020-05-15T10:29:24.250+0700][gc            ] GC(30) Pause Young (Normal) (G1 Evacuation Pause) 272M->192M(1024M) 45,871ms
[2020-05-15T10:29:24.250+0700][gc,cpu        ] GC(30) User=0,12s Sys=0,00s Real=0,05s
[2020-05-15T10:31:41.182+0700][gc,start      ] GC(31) Pause Young (Normal) (G1 Evacuation Pause)
[2020-05-15T10:31:41.182+0700][gc,task       ] GC(31) Using 8 workers of 8 for evacuation
[2020-05-15T10:31:41.201+0700][gc,phases     ] GC(31)   Pre Evacuate Collection Set: 0,0ms
[2020-05-15T10:31:41.201+0700][gc,phases     ] GC(31)   Evacuate Collection Set: 14,3ms
[2020-05-15T10:31:41.201+0700][gc,phases     ] GC(31)   Post Evacuate Collection Set: 4,7ms
[2020-05-15T10:31:41.201+0700][gc,phases     ] GC(31)   Other: 0,4ms
[2020-05-15T10:31:41.201+0700][gc,heap       ] GC(31) Eden regions: 77->0(88)
[2020-05-15T10:31:41.201+0700][gc,heap       ] GC(31) Survivor regions: 10->5(11)
[2020-05-15T10:31:41.201+0700][gc,heap       ] GC(31) Old regions: 54->60
[2020-05-15T10:31:41.201+0700][gc,heap       ] GC(31) Humongous regions: 129->129
[2020-05-15T10:31:41.201+0700][gc,metaspace  ] GC(31) Metaspace: 41150K->41150K(1087488K)
[2020-05-15T10:31:41.202+0700][gc            ] GC(31) Pause Young (Normal) (G1 Evacuation Pause) 269M->192M(1024M) 19,514ms
[2020-05-15T10:31:41.202+0700][gc,cpu        ] GC(31) User=0,05s Sys=0,00s Real=0,02s
[2020-05-15T10:34:12.543+0700][gc,start      ] GC(32) Pause Young (Normal) (G1 Evacuation Pause)
[2020-05-15T10:34:12.551+0700][gc,task       ] GC(32) Using 8 workers of 8 for evacuation
[2020-05-15T10:34:12.559+0700][gc,phases     ] GC(32)   Pre Evacuate Collection Set: 0,0ms
[2020-05-15T10:34:12.559+0700][gc,phases     ] GC(32)   Evacuate Collection Set: 7,9ms
[2020-05-15T10:34:12.559+0700][gc,phases     ] GC(32)   Post Evacuate Collection Set: 0,4ms
[2020-05-15T10:34:12.559+0700][gc,phases     ] GC(32)   Other: 7,6ms
[2020-05-15T10:34:12.559+0700][gc,heap       ] GC(32) Eden regions: 88->0(90)
[2020-05-15T10:34:12.559+0700][gc,heap       ] GC(32) Survivor regions: 5->9(12)
[2020-05-15T10:34:12.559+0700][gc,heap       ] GC(32) Old regions: 60->60
[2020-05-15T10:34:12.559+0700][gc,heap       ] GC(32) Humongous regions: 129->129
[2020-05-15T10:34:12.559+0700][gc,metaspace  ] GC(32) Metaspace: 41157K->41157K(1087488K)
[2020-05-15T10:34:12.559+0700][gc            ] GC(32) Pause Young (Normal) (G1 Evacuation Pause) 280M->197M(1024M) 16,040ms
[2020-05-15T10:34:12.559+0700][gc,cpu        ] GC(32) User=0,04s Sys=0,00s Real=0,02s
[2020-05-15T10:36:52.300+0700][gc,start      ] GC(33) Pause Young (Normal) (G1 Evacuation Pause)
[2020-05-15T10:36:52.313+0700][gc,task       ] GC(33) Using 8 workers of 8 for evacuation
[2020-05-15T10:36:52.576+0700][gc,mmu        ] GC(33) MMU target violated: 21,0ms (20,0ms/21,0ms)
[2020-05-15T10:36:52.576+0700][gc,phases     ] GC(33)   Pre Evacuate Collection Set: 0,0ms
[2020-05-15T10:36:52.576+0700][gc,phases     ] GC(33)   Evacuate Collection Set: 262,5ms
[2020-05-15T10:36:52.576+0700][gc,phases     ] GC(33)   Post Evacuate Collection Set: 0,4ms
[2020-05-15T10:36:52.576+0700][gc,phases     ] GC(33)   Other: 13,9ms
[2020-05-15T10:36:52.576+0700][gc,heap       ] GC(33) Eden regions: 90->0(42)
[2020-05-15T10:36:52.576+0700][gc,heap       ] GC(33) Survivor regions: 9->9(13)
[2020-05-15T10:36:52.576+0700][gc,heap       ] GC(33) Old regions: 60->62
[2020-05-15T10:36:52.576+0700][gc,heap       ] GC(33) Humongous regions: 129->129
[2020-05-15T10:36:52.576+0700][gc,metaspace  ] GC(33) Metaspace: 41164K->41164K(1087488K)
[2020-05-15T10:36:52.576+0700][gc            ] GC(33) Pause Young (Normal) (G1 Evacuation Pause) 287M->198M(1024M) 276,909ms
[2020-05-15T10:36:52.576+0700][gc,cpu        ] GC(33) User=0,05s Sys=0,00s Real=0,28s
[2020-05-15T10:38:05.192+0700][gc,start      ] GC(34) Pause Young (Normal) (G1 Evacuation Pause)
[2020-05-15T10:38:05.195+0700][gc,task       ] GC(34) Using 8 workers of 8 for evacuation
[2020-05-15T10:38:05.217+0700][gc,mmu        ] GC(34) MMU target violated: 21,0ms (20,0ms/21,0ms)
[2020-05-15T10:38:05.217+0700][gc,phases     ] GC(34)   Pre Evacuate Collection Set: 0,0ms
[2020-05-15T10:38:05.217+0700][gc,phases     ] GC(34)   Evacuate Collection Set: 21,3ms
[2020-05-15T10:38:05.217+0700][gc,phases     ] GC(34)   Post Evacuate Collection Set: 0,5ms
[2020-05-15T10:38:05.217+0700][gc,phases     ] GC(34)   Other: 3,3ms
[2020-05-15T10:38:05.217+0700][gc,heap       ] GC(34) Eden regions: 42->0(48)
[2020-05-15T10:38:05.217+0700][gc,heap       ] GC(34) Survivor regions: 9->3(7)
[2020-05-15T10:38:05.217+0700][gc,heap       ] GC(34) Old regions: 62->68
[2020-05-15T10:38:05.217+0700][gc,heap       ] GC(34) Humongous regions: 129->129
[2020-05-15T10:38:05.217+0700][gc,metaspace  ] GC(34) Metaspace: 41164K->41164K(1087488K)
[2020-05-15T10:38:05.217+0700][gc            ] GC(34) Pause Young (Normal) (G1 Evacuation Pause) 240M->199M(1024M) 25,161ms
[2020-05-15T10:38:05.217+0700][gc,cpu        ] GC(34) User=0,13s Sys=0,00s Real=0,03s
[2020-05-15T10:39:28.973+0700][gc,start      ] GC(35) Pause Young (Normal) (G1 Evacuation Pause)
[2020-05-15T10:39:28.975+0700][gc,task       ] GC(35) Using 8 workers of 8 for evacuation
[2020-05-15T10:39:28.979+0700][gc,phases     ] GC(35)   Pre Evacuate Collection Set: 0,0ms
[2020-05-15T10:39:28.979+0700][gc,phases     ] GC(35)   Evacuate Collection Set: 3,5ms
[2020-05-15T10:39:28.979+0700][gc,phases     ] GC(35)   Post Evacuate Collection Set: 0,4ms
[2020-05-15T10:39:28.979+0700][gc,phases     ] GC(35)   Other: 2,2ms
[2020-05-15T10:39:28.979+0700][gc,heap       ] GC(35) Eden regions: 48->0(47)
[2020-05-15T10:39:28.979+0700][gc,heap       ] GC(35) Survivor regions: 3->4(7)
[2020-05-15T10:39:28.979+0700][gc,heap       ] GC(35) Old regions: 68->68
[2020-05-15T10:39:28.979+0700][gc,heap       ] GC(35) Humongous regions: 129->129
[2020-05-15T10:39:28.979+0700][gc,metaspace  ] GC(35) Metaspace: 41164K->41164K(1087488K)
[2020-05-15T10:39:28.979+0700][gc            ] GC(35) Pause Young (Normal) (G1 Evacuation Pause) 247M->199M(1024M) 6,183ms
[2020-05-15T10:39:28.979+0700][gc,cpu        ] GC(35) User=0,02s Sys=0,00s Real=0,00s
[2020-05-15T10:40:52.592+0700][gc,start      ] GC(36) Pause Young (Normal) (G1 Evacuation Pause)
[2020-05-15T10:40:52.592+0700][gc,task       ] GC(36) Using 8 workers of 8 for evacuation
[2020-05-15T10:40:52.603+0700][gc,phases     ] GC(36)   Pre Evacuate Collection Set: 0,0ms
[2020-05-15T10:40:52.603+0700][gc,phases     ] GC(36)   Evacuate Collection Set: 9,3ms
[2020-05-15T10:40:52.603+0700][gc,phases     ] GC(36)   Post Evacuate Collection Set: 1,0ms
[2020-05-15T10:40:52.603+0700][gc,phases     ] GC(36)   Other: 0,4ms
[2020-05-15T10:40:52.603+0700][gc,heap       ] GC(36) Eden regions: 47->0(44)
[2020-05-15T10:40:52.603+0700][gc,heap       ] GC(36) Survivor regions: 4->7(7)
[2020-05-15T10:40:52.603+0700][gc,heap       ] GC(36) Old regions: 68->68
[2020-05-15T10:40:52.603+0700][gc,heap       ] GC(36) Humongous regions: 129->129
[2020-05-15T10:40:52.603+0700][gc,metaspace  ] GC(36) Metaspace: 41164K->41164K(1087488K)
[2020-05-15T10:40:52.603+0700][gc            ] GC(36) Pause Young (Normal) (G1 Evacuation Pause) 246M->203M(1024M) 10,887ms
[2020-05-15T10:40:52.603+0700][gc,cpu        ] GC(36) User=0,06s Sys=0,00s Real=0,01s
[2020-05-15T10:42:09.392+0700][gc,start      ] GC(37) Pause Young (Normal) (G1 Evacuation Pause)
[2020-05-15T10:42:09.392+0700][gc,task       ] GC(37) Using 8 workers of 8 for evacuation
[2020-05-15T10:42:09.415+0700][gc,mmu        ] GC(37) MMU target violated: 21,0ms (20,0ms/21,0ms)
[2020-05-15T10:42:09.415+0700][gc,phases     ] GC(37)   Pre Evacuate Collection Set: 0,1ms
[2020-05-15T10:42:09.415+0700][gc,phases     ] GC(37)   Evacuate Collection Set: 21,5ms
[2020-05-15T10:42:09.415+0700][gc,phases     ] GC(37)   Post Evacuate Collection Set: 1,0ms
[2020-05-15T10:42:09.415+0700][gc,phases     ] GC(37)   Other: 0,6ms
[2020-05-15T10:42:09.415+0700][gc,heap       ] GC(37) Eden regions: 44->0(47)
[2020-05-15T10:42:09.415+0700][gc,heap       ] GC(37) Survivor regions: 7->4(7)
[2020-05-15T10:42:09.415+0700][gc,heap       ] GC(37) Old regions: 68->72
[2020-05-15T10:42:09.415+0700][gc,heap       ] GC(37) Humongous regions: 129->129
[2020-05-15T10:42:09.415+0700][gc,metaspace  ] GC(37) Metaspace: 41165K->41165K(1087488K)
[2020-05-15T10:42:09.415+0700][gc            ] GC(37) Pause Young (Normal) (G1 Evacuation Pause) 247M->204M(1024M) 23,405ms
[2020-05-15T10:42:09.415+0700][gc,cpu        ] GC(37) User=0,11s Sys=0,00s Real=0,03s
[2020-05-15T10:43:32.937+0700][gc,start      ] GC(38) Pause Young (Normal) (G1 Evacuation Pause)
[2020-05-15T10:43:32.939+0700][gc,task       ] GC(38) Using 8 workers of 8 for evacuation
[2020-05-15T10:43:32.943+0700][gc,phases     ] GC(38)   Pre Evacuate Collection Set: 0,0ms
[2020-05-15T10:43:32.943+0700][gc,phases     ] GC(38)   Evacuate Collection Set: 4,2ms
[2020-05-15T10:43:32.943+0700][gc,phases     ] GC(38)   Post Evacuate Collection Set: 0,3ms
[2020-05-15T10:43:32.943+0700][gc,phases     ] GC(38)   Other: 1,5ms
[2020-05-15T10:43:32.943+0700][gc,heap       ] GC(38) Eden regions: 47->0(46)
[2020-05-15T10:43:32.943+0700][gc,heap       ] GC(38) Survivor regions: 4->5(7)
[2020-05-15T10:43:32.943+0700][gc,heap       ] GC(38) Old regions: 72->72
[2020-05-15T10:43:32.944+0700][gc,heap       ] GC(38) Humongous regions: 129->129
[2020-05-15T10:43:32.944+0700][gc,metaspace  ] GC(38) Metaspace: 41166K->41166K(1087488K)
[2020-05-15T10:43:32.944+0700][gc            ] GC(38) Pause Young (Normal) (G1 Evacuation Pause) 251M->205M(1024M) 6,078ms
[2020-05-15T10:43:32.944+0700][gc,cpu        ] GC(38) User=0,03s Sys=0,00s Real=0,00s
[2020-05-15T10:44:54.128+0700][gc,start      ] GC(39) Pause Young (Normal) (G1 Evacuation Pause)
[2020-05-15T10:44:54.128+0700][gc,task       ] GC(39) Using 8 workers of 8 for evacuation
[2020-05-15T10:44:54.134+0700][gc,phases     ] GC(39)   Pre Evacuate Collection Set: 0,0ms
[2020-05-15T10:44:54.134+0700][gc,phases     ] GC(39)   Evacuate Collection Set: 5,0ms
[2020-05-15T10:44:54.134+0700][gc,phases     ] GC(39)   Post Evacuate Collection Set: 0,4ms
[2020-05-15T10:44:54.134+0700][gc,phases     ] GC(39)   Other: 0,2ms
[2020-05-15T10:44:54.134+0700][gc,heap       ] GC(39) Eden regions: 46->0(46)
[2020-05-15T10:44:54.134+0700][gc,heap       ] GC(39) Survivor regions: 5->5(7)
[2020-05-15T10:44:54.134+0700][gc,heap       ] GC(39) Old regions: 72->73
[2020-05-15T10:44:54.134+0700][gc,heap       ] GC(39) Humongous regions: 129->129
[2020-05-15T10:44:54.134+0700][gc,metaspace  ] GC(39) Metaspace: 41166K->41166K(1087488K)
[2020-05-15T10:44:54.134+0700][gc            ] GC(39) Pause Young (Normal) (G1 Evacuation Pause) 251M->206M(1024M) 5,769ms
[2020-05-15T10:44:54.134+0700][gc,cpu        ] GC(39) User=0,03s Sys=0,00s Real=0,01s
[2020-05-15T10:46:15.564+0700][gc,start      ] GC(40) Pause Young (Normal) (G1 Evacuation Pause)
[2020-05-15T10:46:15.567+0700][gc,task       ] GC(40) Using 8 workers of 8 for evacuation
[2020-05-15T10:46:15.579+0700][gc,phases     ] GC(40)   Pre Evacuate Collection Set: 0,0ms
[2020-05-15T10:46:15.579+0700][gc,phases     ] GC(40)   Evacuate Collection Set: 11,3ms
[2020-05-15T10:46:15.579+0700][gc,phases     ] GC(40)   Post Evacuate Collection Set: 0,4ms
[2020-05-15T10:46:15.579+0700][gc,phases     ] GC(40)   Other: 3,3ms
[2020-05-15T10:46:15.579+0700][gc,heap       ] GC(40) Eden regions: 46->0(47)
[2020-05-15T10:46:15.579+0700][gc,heap       ] GC(40) Survivor regions: 5->4(7)
[2020-05-15T10:46:15.579+0700][gc,heap       ] GC(40) Old regions: 73->75
[2020-05-15T10:46:15.579+0700][gc,heap       ] GC(40) Humongous regions: 129->129
[2020-05-15T10:46:15.579+0700][gc,metaspace  ] GC(40) Metaspace: 41167K->41167K(1087488K)
[2020-05-15T10:46:15.579+0700][gc            ] GC(40) Pause Young (Normal) (G1 Evacuation Pause) 252M->206M(1024M) 15,038ms
[2020-05-15T10:46:15.579+0700][gc,cpu        ] GC(40) User=0,06s Sys=0,01s Real=0,02s
[2020-05-15T10:47:37.792+0700][gc,start      ] GC(41) Pause Young (Normal) (G1 Evacuation Pause)
[2020-05-15T10:47:37.792+0700][gc,task       ] GC(41) Using 8 workers of 8 for evacuation
[2020-05-15T10:47:37.815+0700][gc,mmu        ] GC(41) MMU target violated: 21,0ms (20,0ms/21,0ms)
[2020-05-15T10:47:37.815+0700][gc,phases     ] GC(41)   Pre Evacuate Collection Set: 0,0ms
[2020-05-15T10:47:37.815+0700][gc,phases     ] GC(41)   Evacuate Collection Set: 22,3ms
[2020-05-15T10:47:37.815+0700][gc,phases     ] GC(41)   Post Evacuate Collection Set: 0,8ms
[2020-05-15T10:47:37.816+0700][gc,phases     ] GC(41)   Other: 0,6ms
[2020-05-15T10:47:37.816+0700][gc,heap       ] GC(41) Eden regions: 47->0(44)
[2020-05-15T10:47:37.816+0700][gc,heap       ] GC(41) Survivor regions: 4->7(7)
[2020-05-15T10:47:37.816+0700][gc,heap       ] GC(41) Old regions: 75->75
[2020-05-15T10:47:37.816+0700][gc,heap       ] GC(41) Humongous regions: 129->129
[2020-05-15T10:47:37.816+0700][gc,metaspace  ] GC(41) Metaspace: 41168K->41168K(1087488K)
[2020-05-15T10:47:37.816+0700][gc            ] GC(41) Pause Young (Normal) (G1 Evacuation Pause) 253M->210M(1024M) 24,002ms
[2020-05-15T10:47:37.816+0700][gc,cpu        ] GC(41) User=0,13s Sys=0,00s Real=0,03s
