[2020-05-13T11:07:09.736+0700][gc,heap] Heap region size: 1M
[2020-05-13T11:07:09.747+0700][gc     ] Using G1
[2020-05-13T11:07:09.747+0700][gc,heap,coops] Heap address: 0x00000000c0000000, size: 1024 MB, Compressed Oops mode: 32-bit
[2020-05-13T11:07:11.265+0700][gc,start     ] GC(0) Pause Young (Normal) (G1 Evacuation Pause)
[2020-05-13T11:07:11.266+0700][gc,task      ] GC(0) Using 8 workers of 8 for evacuation
[2020-05-13T11:07:11.277+0700][gc,phases    ] GC(0)   Pre Evacuate Collection Set: 0,0ms
[2020-05-13T11:07:11.277+0700][gc,phases    ] GC(0)   Evacuate Collection Set: 10,5ms
[2020-05-13T11:07:11.277+0700][gc,phases    ] GC(0)   Post Evacuate Collection Set: 0,7ms
[2020-05-13T11:07:11.277+0700][gc,phases    ] GC(0)   Other: 0,9ms
[2020-05-13T11:07:11.277+0700][gc,heap      ] GC(0) Eden regions: 51->0(44)
[2020-05-13T11:07:11.277+0700][gc,heap      ] GC(0) Survivor regions: 0->7(7)
[2020-05-13T11:07:11.277+0700][gc,heap      ] GC(0) Old regions: 0->0
[2020-05-13T11:07:11.277+0700][gc,heap      ] GC(0) Humongous regions: 0->0
[2020-05-13T11:07:11.277+0700][gc,metaspace ] GC(0) Metaspace: 15806K->15806K(1062912K)
[2020-05-13T11:07:11.277+0700][gc           ] GC(0) Pause Young (Normal) (G1 Evacuation Pause) 51M->6M(1024M) 12,250ms
[2020-05-13T11:07:11.277+0700][gc,cpu       ] GC(0) User=0,05s Sys=0,01s Real=0,02s
[2020-05-13T11:07:11.573+0700][gc,start     ] GC(1) Pause Young (Concurrent Start) (Metadata GC Threshold)
[2020-05-13T11:07:11.573+0700][gc,task      ] GC(1) Using 8 workers of 8 for evacuation
[2020-05-13T11:07:11.586+0700][gc,phases    ] GC(1)   Pre Evacuate Collection Set: 0,1ms
[2020-05-13T11:07:11.586+0700][gc,phases    ] GC(1)   Evacuate Collection Set: 12,5ms
[2020-05-13T11:07:11.586+0700][gc,phases    ] GC(1)   Post Evacuate Collection Set: 0,6ms
[2020-05-13T11:07:11.586+0700][gc,phases    ] GC(1)   Other: 0,3ms
[2020-05-13T11:07:11.586+0700][gc,heap      ] GC(1) Eden regions: 19->0(50)
[2020-05-13T11:07:11.586+0700][gc,heap      ] GC(1) Survivor regions: 7->1(7)
[2020-05-13T11:07:11.586+0700][gc,heap      ] GC(1) Old regions: 0->7
[2020-05-13T11:07:11.586+0700][gc,heap      ] GC(1) Humongous regions: 0->0
[2020-05-13T11:07:11.586+0700][gc,metaspace ] GC(1) Metaspace: 20527K->20527K(1067008K)
[2020-05-13T11:07:11.586+0700][gc           ] GC(1) Pause Young (Concurrent Start) (Metadata GC Threshold) 25M->7M(1024M) 13,593ms
[2020-05-13T11:07:11.586+0700][gc,cpu       ] GC(1) User=0,05s Sys=0,00s Real=0,01s
[2020-05-13T11:07:11.586+0700][gc           ] GC(2) Concurrent Cycle
[2020-05-13T11:07:11.586+0700][gc,marking   ] GC(2) Concurrent Clear Claimed Marks
[2020-05-13T11:07:11.586+0700][gc,marking   ] GC(2) Concurrent Clear Claimed Marks 0,065ms
[2020-05-13T11:07:11.586+0700][gc,marking   ] GC(2) Concurrent Scan Root Regions
[2020-05-13T11:07:11.588+0700][gc,marking   ] GC(2) Concurrent Scan Root Regions 1,368ms
[2020-05-13T11:07:11.588+0700][gc,marking   ] GC(2) Concurrent Mark (1,855s)
[2020-05-13T11:07:11.588+0700][gc,marking   ] GC(2) Concurrent Mark From Roots
[2020-05-13T11:07:11.588+0700][gc,task      ] GC(2) Using 2 workers of 2 for marking
[2020-05-13T11:07:11.596+0700][gc,marking   ] GC(2) Concurrent Mark From Roots 8,107ms
[2020-05-13T11:07:11.596+0700][gc,marking   ] GC(2) Concurrent Preclean
[2020-05-13T11:07:11.596+0700][gc,marking   ] GC(2) Concurrent Preclean 0,149ms
[2020-05-13T11:07:11.596+0700][gc,marking   ] GC(2) Concurrent Mark (1,855s, 1,864s) 8,309ms
[2020-05-13T11:07:11.596+0700][gc,start     ] GC(2) Pause Remark
[2020-05-13T11:07:11.603+0700][gc,stringtable] GC(2) Cleaned string and symbol table, strings: 9195 processed, 0 removed, symbols: 50274 processed, 58 removed
[2020-05-13T11:07:11.604+0700][gc            ] GC(2) Pause Remark 8M->8M(1024M) 7,525ms
[2020-05-13T11:07:11.604+0700][gc,cpu        ] GC(2) User=0,04s Sys=0,00s Real=0,01s
[2020-05-13T11:07:11.604+0700][gc,marking    ] GC(2) Concurrent Rebuild Remembered Sets
[2020-05-13T11:07:11.610+0700][gc,marking    ] GC(2) Concurrent Rebuild Remembered Sets 5,978ms
[2020-05-13T11:07:11.610+0700][gc,start      ] GC(2) Pause Cleanup
[2020-05-13T11:07:11.611+0700][gc            ] GC(2) Pause Cleanup 8M->8M(1024M) 0,722ms
[2020-05-13T11:07:11.611+0700][gc,cpu        ] GC(2) User=0,01s Sys=0,00s Real=0,00s
[2020-05-13T11:07:11.611+0700][gc,marking    ] GC(2) Concurrent Cleanup for Next Mark
[2020-05-13T11:07:11.617+0700][gc,marking    ] GC(2) Concurrent Cleanup for Next Mark 5,623ms
[2020-05-13T11:07:11.617+0700][gc            ] GC(2) Concurrent Cycle 30,484ms
[2020-05-13T11:07:12.702+0700][gc,start      ] GC(3) Pause Young (Normal) (G1 Evacuation Pause)
[2020-05-13T11:07:12.702+0700][gc,task       ] GC(3) Using 8 workers of 8 for evacuation
[2020-05-13T11:07:12.707+0700][gc,phases     ] GC(3)   Pre Evacuate Collection Set: 0,0ms
[2020-05-13T11:07:12.707+0700][gc,phases     ] GC(3)   Evacuate Collection Set: 4,0ms
[2020-05-13T11:07:12.707+0700][gc,phases     ] GC(3)   Post Evacuate Collection Set: 0,5ms
[2020-05-13T11:07:12.707+0700][gc,phases     ] GC(3)   Other: 0,2ms
[2020-05-13T11:07:12.707+0700][gc,heap       ] GC(3) Eden regions: 50->0(46)
[2020-05-13T11:07:12.707+0700][gc,heap       ] GC(3) Survivor regions: 1->5(7)
[2020-05-13T11:07:12.707+0700][gc,heap       ] GC(3) Old regions: 7->7
[2020-05-13T11:07:12.707+0700][gc,heap       ] GC(3) Humongous regions: 129->129
[2020-05-13T11:07:12.707+0700][gc,metaspace  ] GC(3) Metaspace: 28765K->28765K(1075200K)
[2020-05-13T11:07:12.707+0700][gc            ] GC(3) Pause Young (Normal) (G1 Evacuation Pause) 186M->140M(1024M) 4,852ms
[2020-05-13T11:07:12.707+0700][gc,cpu        ] GC(3) User=0,02s Sys=0,00s Real=0,00s
[2020-05-13T11:07:12.998+0700][gc,start      ] GC(4) Pause Young (Concurrent Start) (Metadata GC Threshold)
[2020-05-13T11:07:12.998+0700][gc,task       ] GC(4) Using 8 workers of 8 for evacuation
[2020-05-13T11:07:13.007+0700][gc,phases     ] GC(4)   Pre Evacuate Collection Set: 0,1ms
[2020-05-13T11:07:13.007+0700][gc,phases     ] GC(4)   Evacuate Collection Set: 7,7ms
[2020-05-13T11:07:13.007+0700][gc,phases     ] GC(4)   Post Evacuate Collection Set: 0,4ms
[2020-05-13T11:07:13.007+0700][gc,phases     ] GC(4)   Other: 0,3ms
[2020-05-13T11:07:13.007+0700][gc,heap       ] GC(4) Eden regions: 27->0(49)
[2020-05-13T11:07:13.007+0700][gc,heap       ] GC(4) Survivor regions: 5->2(7)
[2020-05-13T11:07:13.007+0700][gc,heap       ] GC(4) Old regions: 7->12
[2020-05-13T11:07:13.007+0700][gc,heap       ] GC(4) Humongous regions: 129->129
[2020-05-13T11:07:13.007+0700][gc,metaspace  ] GC(4) Metaspace: 34396K->34396K(1079296K)
[2020-05-13T11:07:13.007+0700][gc            ] GC(4) Pause Young (Concurrent Start) (Metadata GC Threshold) 167M->142M(1024M) 8,575ms
[2020-05-13T11:07:13.007+0700][gc,cpu        ] GC(4) User=0,05s Sys=0,00s Real=0,00s
[2020-05-13T11:07:13.007+0700][gc            ] GC(5) Concurrent Cycle
[2020-05-13T11:07:13.007+0700][gc,marking    ] GC(5) Concurrent Clear Claimed Marks
[2020-05-13T11:07:13.007+0700][gc,marking    ] GC(5) Concurrent Clear Claimed Marks 0,050ms
[2020-05-13T11:07:13.007+0700][gc,marking    ] GC(5) Concurrent Scan Root Regions
[2020-05-13T11:07:13.008+0700][gc,marking    ] GC(5) Concurrent Scan Root Regions 1,399ms
[2020-05-13T11:07:13.008+0700][gc,marking    ] GC(5) Concurrent Mark (3,276s)
[2020-05-13T11:07:13.008+0700][gc,marking    ] GC(5) Concurrent Mark From Roots
[2020-05-13T11:07:13.008+0700][gc,task       ] GC(5) Using 2 workers of 2 for marking
[2020-05-13T11:07:13.028+0700][gc,marking    ] GC(5) Concurrent Mark From Roots 19,737ms
[2020-05-13T11:07:13.028+0700][gc,marking    ] GC(5) Concurrent Preclean
[2020-05-13T11:07:13.028+0700][gc,marking    ] GC(5) Concurrent Preclean 0,258ms
[2020-05-13T11:07:13.028+0700][gc,marking    ] GC(5) Concurrent Mark (3,276s, 3,296s) 20,074ms
[2020-05-13T11:07:13.028+0700][gc,start      ] GC(5) Pause Remark
[2020-05-13T11:07:13.032+0700][gc,stringtable] GC(5) Cleaned string and symbol table, strings: 15295 processed, 8 removed, symbols: 78858 processed, 27 removed
[2020-05-13T11:07:13.032+0700][gc            ] GC(5) Pause Remark 144M->144M(1024M) 3,338ms
[2020-05-13T11:07:13.032+0700][gc,cpu        ] GC(5) User=0,02s Sys=0,00s Real=0,01s
[2020-05-13T11:07:13.032+0700][gc,marking    ] GC(5) Concurrent Rebuild Remembered Sets
[2020-05-13T11:07:13.049+0700][gc,marking    ] GC(5) Concurrent Rebuild Remembered Sets 17,255ms
[2020-05-13T11:07:13.049+0700][gc,start      ] GC(5) Pause Cleanup
[2020-05-13T11:07:13.050+0700][gc            ] GC(5) Pause Cleanup 145M->145M(1024M) 0,295ms
[2020-05-13T11:07:13.050+0700][gc,cpu        ] GC(5) User=0,00s Sys=0,00s Real=0,00s
[2020-05-13T11:07:13.050+0700][gc,marking    ] GC(5) Concurrent Cleanup for Next Mark
[2020-05-13T11:07:13.061+0700][gc,marking    ] GC(5) Concurrent Cleanup for Next Mark 11,057ms
[2020-05-13T11:07:13.061+0700][gc            ] GC(5) Concurrent Cycle 54,212ms
[2020-05-13T11:07:59.016+0700][gc,start      ] GC(6) Pause Young (Concurrent Start) (G1 Evacuation Pause)
[2020-05-13T11:07:59.017+0700][gc,task       ] GC(6) Using 8 workers of 8 for evacuation
[2020-05-13T11:07:59.041+0700][gc,mmu        ] GC(6) MMU target violated: 21,0ms (20,0ms/21,0ms)
[2020-05-13T11:07:59.041+0700][gc,phases     ] GC(6)   Pre Evacuate Collection Set: 0,3ms
[2020-05-13T11:07:59.041+0700][gc,phases     ] GC(6)   Evacuate Collection Set: 22,1ms
[2020-05-13T11:07:59.041+0700][gc,phases     ] GC(6)   Post Evacuate Collection Set: 1,3ms
[2020-05-13T11:07:59.041+0700][gc,phases     ] GC(6)   Other: 0,6ms
[2020-05-13T11:07:59.041+0700][gc,heap       ] GC(6) Eden regions: 49->0(46)
[2020-05-13T11:07:59.041+0700][gc,heap       ] GC(6) Survivor regions: 2->5(7)
[2020-05-13T11:07:59.041+0700][gc,heap       ] GC(6) Old regions: 12->12
[2020-05-13T11:07:59.041+0700][gc,heap       ] GC(6) Humongous regions: 207->129
[2020-05-13T11:07:59.041+0700][gc,metaspace  ] GC(6) Metaspace: 39223K->39223K(1085440K)
[2020-05-13T11:07:59.041+0700][gc            ] GC(6) Pause Young (Concurrent Start) (G1 Evacuation Pause) 269M->144M(1024M) 24,407ms
[2020-05-13T11:07:59.041+0700][gc,cpu        ] GC(6) User=0,13s Sys=0,00s Real=0,03s
[2020-05-13T11:07:59.041+0700][gc            ] GC(7) Concurrent Cycle
[2020-05-13T11:07:59.041+0700][gc,marking    ] GC(7) Concurrent Clear Claimed Marks
[2020-05-13T11:07:59.041+0700][gc,marking    ] GC(7) Concurrent Clear Claimed Marks 0,348ms
[2020-05-13T11:07:59.041+0700][gc,marking    ] GC(7) Concurrent Scan Root Regions
[2020-05-13T11:07:59.046+0700][gc,marking    ] GC(7) Concurrent Scan Root Regions 5,151ms
[2020-05-13T11:07:59.047+0700][gc,marking    ] GC(7) Concurrent Mark (49,314s)
[2020-05-13T11:07:59.047+0700][gc,marking    ] GC(7) Concurrent Mark From Roots
[2020-05-13T11:07:59.047+0700][gc,task       ] GC(7) Using 2 workers of 2 for marking
[2020-05-13T11:07:59.064+0700][gc,marking    ] GC(7) Concurrent Mark From Roots 17,455ms
[2020-05-13T11:07:59.064+0700][gc,marking    ] GC(7) Concurrent Preclean
[2020-05-13T11:07:59.064+0700][gc,marking    ] GC(7) Concurrent Preclean 0,164ms
[2020-05-13T11:07:59.064+0700][gc,marking    ] GC(7) Concurrent Mark (49,314s, 49,332s) 17,677ms
[2020-05-13T11:07:59.064+0700][gc,start      ] GC(7) Pause Remark
[2020-05-13T11:07:59.076+0700][gc,stringtable] GC(7) Cleaned string and symbol table, strings: 16801 processed, 6 removed, symbols: 81465 processed, 1 removed
[2020-05-13T11:07:59.076+0700][gc            ] GC(7) Pause Remark 144M->144M(1024M) 12,158ms
[2020-05-13T11:07:59.077+0700][gc,cpu        ] GC(7) User=0,07s Sys=0,00s Real=0,01s
[2020-05-13T11:07:59.077+0700][gc,marking    ] GC(7) Concurrent Rebuild Remembered Sets
[2020-05-13T11:07:59.084+0700][gc,marking    ] GC(7) Concurrent Rebuild Remembered Sets 7,218ms
[2020-05-13T11:07:59.084+0700][gc,start      ] GC(7) Pause Cleanup
[2020-05-13T11:07:59.084+0700][gc            ] GC(7) Pause Cleanup 144M->144M(1024M) 0,427ms
[2020-05-13T11:07:59.085+0700][gc,cpu        ] GC(7) User=0,00s Sys=0,00s Real=0,00s
[2020-05-13T11:07:59.085+0700][gc,marking    ] GC(7) Concurrent Cleanup for Next Mark
[2020-05-13T11:07:59.086+0700][gc,marking    ] GC(7) Concurrent Cleanup for Next Mark 1,480ms
[2020-05-13T11:07:59.086+0700][gc            ] GC(7) Concurrent Cycle 45,232ms
[2020-05-13T11:09:50.450+0700][gc,start      ] GC(8) Pause Young (Normal) (G1 Evacuation Pause)
[2020-05-13T11:09:50.453+0700][gc,task       ] GC(8) Using 8 workers of 8 for evacuation
[2020-05-13T11:09:50.471+0700][gc,phases     ] GC(8)   Pre Evacuate Collection Set: 0,0ms
[2020-05-13T11:09:50.471+0700][gc,phases     ] GC(8)   Evacuate Collection Set: 16,4ms
[2020-05-13T11:09:50.471+0700][gc,phases     ] GC(8)   Post Evacuate Collection Set: 1,3ms
[2020-05-13T11:09:50.471+0700][gc,phases     ] GC(8)   Other: 3,3ms
[2020-05-13T11:09:50.471+0700][gc,heap       ] GC(8) Eden regions: 46->0(47)
[2020-05-13T11:09:50.471+0700][gc,heap       ] GC(8) Survivor regions: 5->4(7)
[2020-05-13T11:09:50.471+0700][gc,heap       ] GC(8) Old regions: 12->13
[2020-05-13T11:09:50.471+0700][gc,heap       ] GC(8) Humongous regions: 129->129
[2020-05-13T11:09:50.471+0700][gc,metaspace  ] GC(8) Metaspace: 39677K->39677K(1085440K)
[2020-05-13T11:09:50.471+0700][gc            ] GC(8) Pause Young (Normal) (G1 Evacuation Pause) 190M->145M(1024M) 21,443ms
[2020-05-13T11:09:50.471+0700][gc,cpu        ] GC(8) User=0,11s Sys=0,00s Real=0,02s
[2020-05-13T11:11:38.659+0700][gc,start      ] GC(9) Pause Young (Normal) (G1 Evacuation Pause)
[2020-05-13T11:11:38.670+0700][gc,task       ] GC(9) Using 8 workers of 8 for evacuation
[2020-05-13T11:11:38.675+0700][gc,phases     ] GC(9)   Pre Evacuate Collection Set: 0,0ms
[2020-05-13T11:11:38.675+0700][gc,phases     ] GC(9)   Evacuate Collection Set: 3,8ms
[2020-05-13T11:11:38.675+0700][gc,phases     ] GC(9)   Post Evacuate Collection Set: 0,5ms
[2020-05-13T11:11:38.675+0700][gc,phases     ] GC(9)   Other: 11,4ms
[2020-05-13T11:11:38.675+0700][gc,heap       ] GC(9) Eden regions: 47->0(47)
[2020-05-13T11:11:38.675+0700][gc,heap       ] GC(9) Survivor regions: 4->4(7)
[2020-05-13T11:11:38.675+0700][gc,heap       ] GC(9) Old regions: 13->13
[2020-05-13T11:11:38.675+0700][gc,heap       ] GC(9) Humongous regions: 129->129
[2020-05-13T11:11:38.675+0700][gc,metaspace  ] GC(9) Metaspace: 40031K->40031K(1085440K)
[2020-05-13T11:11:38.675+0700][gc            ] GC(9) Pause Young (Normal) (G1 Evacuation Pause) 192M->145M(1024M) 15,866ms
[2020-05-13T11:11:38.675+0700][gc,cpu        ] GC(9) User=0,03s Sys=0,00s Real=0,01s
[2020-05-13T11:13:33.980+0700][gc,start      ] GC(10) Pause Young (Normal) (G1 Evacuation Pause)
[2020-05-13T11:13:33.980+0700][gc,task       ] GC(10) Using 8 workers of 8 for evacuation
[2020-05-13T11:13:33.984+0700][gc,phases     ] GC(10)   Pre Evacuate Collection Set: 0,2ms
[2020-05-13T11:13:33.984+0700][gc,phases     ] GC(10)   Evacuate Collection Set: 3,5ms
[2020-05-13T11:13:33.984+0700][gc,phases     ] GC(10)   Post Evacuate Collection Set: 0,8ms
[2020-05-13T11:13:33.985+0700][gc,phases     ] GC(10)   Other: 0,2ms
[2020-05-13T11:13:33.985+0700][gc,heap       ] GC(10) Eden regions: 47->0(47)
[2020-05-13T11:13:33.985+0700][gc,heap       ] GC(10) Survivor regions: 4->4(7)
[2020-05-13T11:13:33.985+0700][gc,heap       ] GC(10) Old regions: 13->13
[2020-05-13T11:13:33.985+0700][gc,heap       ] GC(10) Humongous regions: 129->129
[2020-05-13T11:13:33.985+0700][gc,metaspace  ] GC(10) Metaspace: 40083K->40083K(1085440K)
[2020-05-13T11:13:33.985+0700][gc            ] GC(10) Pause Young (Normal) (G1 Evacuation Pause) 192M->145M(1024M) 4,946ms
[2020-05-13T11:13:33.985+0700][gc,cpu        ] GC(10) User=0,03s Sys=0,00s Real=0,00s
[2020-05-13T11:15:33.783+0700][gc,start      ] GC(11) Pause Young (Normal) (G1 Evacuation Pause)
[2020-05-13T11:15:33.783+0700][gc,task       ] GC(11) Using 8 workers of 8 for evacuation
[2020-05-13T11:15:33.794+0700][gc,phases     ] GC(11)   Pre Evacuate Collection Set: 0,1ms
[2020-05-13T11:15:33.794+0700][gc,phases     ] GC(11)   Evacuate Collection Set: 9,0ms
[2020-05-13T11:15:33.794+0700][gc,phases     ] GC(11)   Post Evacuate Collection Set: 1,3ms
[2020-05-13T11:15:33.794+0700][gc,phases     ] GC(11)   Other: 0,6ms
[2020-05-13T11:15:33.794+0700][gc,heap       ] GC(11) Eden regions: 47->0(49)
[2020-05-13T11:15:33.794+0700][gc,heap       ] GC(11) Survivor regions: 4->7(7)
[2020-05-13T11:15:33.794+0700][gc,heap       ] GC(11) Old regions: 13->13
[2020-05-13T11:15:33.794+0700][gc,heap       ] GC(11) Humongous regions: 129->129
[2020-05-13T11:15:33.794+0700][gc,metaspace  ] GC(11) Metaspace: 40141K->40141K(1085440K)
[2020-05-13T11:15:33.794+0700][gc            ] GC(11) Pause Young (Normal) (G1 Evacuation Pause) 192M->148M(1024M) 11,090ms
[2020-05-13T11:15:33.794+0700][gc,cpu        ] GC(11) User=0,05s Sys=0,00s Real=0,01s
[2020-05-13T11:17:37.881+0700][gc,start      ] GC(12) Pause Young (Normal) (G1 Evacuation Pause)
[2020-05-13T11:17:37.894+0700][gc,task       ] GC(12) Using 8 workers of 8 for evacuation
[2020-05-13T11:17:37.916+0700][gc,mmu        ] GC(12) MMU target violated: 21,0ms (20,0ms/21,0ms)
[2020-05-13T11:17:37.916+0700][gc,phases     ] GC(12)   Pre Evacuate Collection Set: 0,0ms
[2020-05-13T11:17:37.916+0700][gc,phases     ] GC(12)   Evacuate Collection Set: 19,8ms
[2020-05-13T11:17:37.916+0700][gc,phases     ] GC(12)   Post Evacuate Collection Set: 1,2ms
[2020-05-13T11:17:37.916+0700][gc,phases     ] GC(12)   Other: 13,9ms
[2020-05-13T11:17:37.916+0700][gc,heap       ] GC(12) Eden regions: 49->0(48)
[2020-05-13T11:17:37.916+0700][gc,heap       ] GC(12) Survivor regions: 7->5(7)
[2020-05-13T11:17:37.916+0700][gc,heap       ] GC(12) Old regions: 13->16
[2020-05-13T11:17:37.916+0700][gc,heap       ] GC(12) Humongous regions: 129->129
[2020-05-13T11:17:37.916+0700][gc,metaspace  ] GC(12) Metaspace: 40300K->40300K(1085440K)
[2020-05-13T11:17:37.916+0700][gc            ] GC(12) Pause Young (Normal) (G1 Evacuation Pause) 197M->148M(1024M) 35,102ms
[2020-05-13T11:17:37.916+0700][gc,cpu        ] GC(12) User=0,12s Sys=0,00s Real=0,03s
[2020-05-13T11:19:42.223+0700][gc,start      ] GC(13) Pause Young (Normal) (G1 Evacuation Pause)
[2020-05-13T11:19:42.223+0700][gc,task       ] GC(13) Using 8 workers of 8 for evacuation
[2020-05-13T11:19:42.228+0700][gc,phases     ] GC(13)   Pre Evacuate Collection Set: 0,0ms
[2020-05-13T11:19:42.228+0700][gc,phases     ] GC(13)   Evacuate Collection Set: 4,5ms
[2020-05-13T11:19:42.228+0700][gc,phases     ] GC(13)   Post Evacuate Collection Set: 0,4ms
[2020-05-13T11:19:42.228+0700][gc,phases     ] GC(13)   Other: 0,2ms
[2020-05-13T11:19:42.228+0700][gc,heap       ] GC(13) Eden regions: 48->0(61)
[2020-05-13T11:19:42.228+0700][gc,heap       ] GC(13) Survivor regions: 5->5(7)
[2020-05-13T11:19:42.228+0700][gc,heap       ] GC(13) Old regions: 16->17
[2020-05-13T11:19:42.228+0700][gc,heap       ] GC(13) Humongous regions: 129->129
[2020-05-13T11:19:42.228+0700][gc,metaspace  ] GC(13) Metaspace: 40373K->40373K(1085440K)
[2020-05-13T11:19:42.228+0700][gc            ] GC(13) Pause Young (Normal) (G1 Evacuation Pause) 196M->149M(1024M) 5,267ms
[2020-05-13T11:19:42.229+0700][gc,cpu        ] GC(13) User=0,02s Sys=0,00s Real=0,00s
[2020-05-13T11:22:17.070+0700][gc,start      ] GC(14) Pause Young (Normal) (G1 Evacuation Pause)
[2020-05-13T11:22:17.073+0700][gc,task       ] GC(14) Using 8 workers of 8 for evacuation
[2020-05-13T11:22:17.079+0700][gc,phases     ] GC(14)   Pre Evacuate Collection Set: 0,0ms
[2020-05-13T11:22:17.079+0700][gc,phases     ] GC(14)   Evacuate Collection Set: 5,7ms
[2020-05-13T11:22:17.079+0700][gc,phases     ] GC(14)   Post Evacuate Collection Set: 0,5ms
[2020-05-13T11:22:17.079+0700][gc,phases     ] GC(14)   Other: 3,7ms
[2020-05-13T11:22:17.079+0700][gc,heap       ] GC(14) Eden regions: 61->0(90)
[2020-05-13T11:22:17.079+0700][gc,heap       ] GC(14) Survivor regions: 5->5(9)
[2020-05-13T11:22:17.079+0700][gc,heap       ] GC(14) Old regions: 17->17
[2020-05-13T11:22:17.079+0700][gc,heap       ] GC(14) Humongous regions: 129->129
[2020-05-13T11:22:17.079+0700][gc,metaspace  ] GC(14) Metaspace: 40462K->40462K(1085440K)
[2020-05-13T11:22:17.079+0700][gc            ] GC(14) Pause Young (Normal) (G1 Evacuation Pause) 210M->149M(1024M) 9,922ms
[2020-05-13T11:22:17.079+0700][gc,cpu        ] GC(14) User=0,03s Sys=0,00s Real=0,01s
[2020-05-13T11:26:13.724+0700][gc,start      ] GC(15) Pause Young (Normal) (G1 Evacuation Pause)
[2020-05-13T11:26:13.738+0700][gc,task       ] GC(15) Using 8 workers of 8 for evacuation
[2020-05-13T11:26:13.750+0700][gc,phases     ] GC(15)   Pre Evacuate Collection Set: 0,1ms
[2020-05-13T11:26:13.750+0700][gc,phases     ] GC(15)   Evacuate Collection Set: 10,8ms
[2020-05-13T11:26:13.750+0700][gc,phases     ] GC(15)   Post Evacuate Collection Set: 0,7ms
[2020-05-13T11:26:13.750+0700][gc,phases     ] GC(15)   Other: 14,3ms
[2020-05-13T11:26:13.750+0700][gc,heap       ] GC(15) Eden regions: 90->0(113)
[2020-05-13T11:26:13.750+0700][gc,heap       ] GC(15) Survivor regions: 5->8(12)
[2020-05-13T11:26:13.750+0700][gc,heap       ] GC(15) Old regions: 17->17
[2020-05-13T11:26:13.750+0700][gc,heap       ] GC(15) Humongous regions: 129->129
[2020-05-13T11:26:13.750+0700][gc,metaspace  ] GC(15) Metaspace: 40545K->40545K(1085440K)
[2020-05-13T11:26:13.750+0700][gc            ] GC(15) Pause Young (Normal) (G1 Evacuation Pause) 239M->152M(1024M) 25,983ms
[2020-05-13T11:26:13.750+0700][gc,cpu        ] GC(15) User=0,05s Sys=0,01s Real=0,03s
[2020-05-13T11:27:36.643+0700][gc,heap,exit  ] Heap
[2020-05-13T11:27:36.643+0700][gc,heap,exit  ]  garbage-first heap   total 1048576K, used 196829K [0x00000000c0000000, 0x0000000100000000)
[2020-05-13T11:27:36.643+0700][gc,heap,exit  ]   region size 1024K, 49 young (50176K), 8 survivors (8192K)
[2020-05-13T11:27:36.643+0700][gc,heap,exit  ]  Metaspace       used 41306K, capacity 44112K, committed 44264K, reserved 1087488K
[2020-05-13T11:27:36.643+0700][gc,heap,exit  ]   class space    used 5816K, capacity 7144K, committed 7248K, reserved 1048576K
