[2020-05-13T11:35:47.025+0700][gc,heap] Heap region size: 1M
[2020-05-13T11:35:47.035+0700][gc     ] Using G1
[2020-05-13T11:35:47.035+0700][gc,heap,coops] Heap address: 0x00000000c0000000, size: 1024 MB, Compressed Oops mode: 32-bit
[2020-05-13T11:35:48.847+0700][gc,start     ] GC(0) Pause Young (Normal) (G1 Evacuation Pause)
[2020-05-13T11:35:48.847+0700][gc,task      ] GC(0) Using 8 workers of 8 for evacuation
[2020-05-13T11:35:48.859+0700][gc,phases    ] GC(0)   Pre Evacuate Collection Set: 0,0ms
[2020-05-13T11:35:48.859+0700][gc,phases    ] GC(0)   Evacuate Collection Set: 10,8ms
[2020-05-13T11:35:48.859+0700][gc,phases    ] GC(0)   Post Evacuate Collection Set: 1,1ms
[2020-05-13T11:35:48.859+0700][gc,phases    ] GC(0)   Other: 0,9ms
[2020-05-13T11:35:48.860+0700][gc,heap      ] GC(0) Eden regions: 51->0(44)
[2020-05-13T11:35:48.860+0700][gc,heap      ] GC(0) Survivor regions: 0->7(7)
[2020-05-13T11:35:48.860+0700][gc,heap      ] GC(0) Old regions: 0->0
[2020-05-13T11:35:48.860+0700][gc,heap      ] GC(0) Humongous regions: 0->0
[2020-05-13T11:35:48.860+0700][gc,metaspace ] GC(0) Metaspace: 15805K->15805K(1062912K)
[2020-05-13T11:35:48.860+0700][gc           ] GC(0) Pause Young (Normal) (G1 Evacuation Pause) 51M->6M(1024M) 13,002ms
[2020-05-13T11:35:48.860+0700][gc,cpu       ] GC(0) User=0,04s Sys=0,00s Real=0,02s
[2020-05-13T11:35:49.211+0700][gc,start     ] GC(1) Pause Young (Concurrent Start) (Metadata GC Threshold)
[2020-05-13T11:35:49.211+0700][gc,task      ] GC(1) Using 8 workers of 8 for evacuation
[2020-05-13T11:35:49.222+0700][gc,phases    ] GC(1)   Pre Evacuate Collection Set: 0,1ms
[2020-05-13T11:35:49.222+0700][gc,phases    ] GC(1)   Evacuate Collection Set: 9,9ms
[2020-05-13T11:35:49.222+0700][gc,phases    ] GC(1)   Post Evacuate Collection Set: 0,6ms
[2020-05-13T11:35:49.222+0700][gc,phases    ] GC(1)   Other: 0,3ms
[2020-05-13T11:35:49.222+0700][gc,heap      ] GC(1) Eden regions: 19->0(49)
[2020-05-13T11:35:49.222+0700][gc,heap      ] GC(1) Survivor regions: 7->2(7)
[2020-05-13T11:35:49.222+0700][gc,heap      ] GC(1) Old regions: 0->7
[2020-05-13T11:35:49.222+0700][gc,heap      ] GC(1) Humongous regions: 0->0
[2020-05-13T11:35:49.222+0700][gc,metaspace ] GC(1) Metaspace: 20445K->20445K(1067008K)
[2020-05-13T11:35:49.222+0700][gc           ] GC(1) Pause Young (Concurrent Start) (Metadata GC Threshold) 25M->8M(1024M) 10,921ms
[2020-05-13T11:35:49.222+0700][gc,cpu       ] GC(1) User=0,02s Sys=0,02s Real=0,01s
[2020-05-13T11:35:49.222+0700][gc           ] GC(2) Concurrent Cycle
[2020-05-13T11:35:49.222+0700][gc,marking   ] GC(2) Concurrent Clear Claimed Marks
[2020-05-13T11:35:49.222+0700][gc,marking   ] GC(2) Concurrent Clear Claimed Marks 0,034ms
[2020-05-13T11:35:49.222+0700][gc,marking   ] GC(2) Concurrent Scan Root Regions
[2020-05-13T11:35:49.223+0700][gc,marking   ] GC(2) Concurrent Scan Root Regions 0,970ms
[2020-05-13T11:35:49.223+0700][gc,marking   ] GC(2) Concurrent Mark (2,202s)
[2020-05-13T11:35:49.223+0700][gc,marking   ] GC(2) Concurrent Mark From Roots
[2020-05-13T11:35:49.223+0700][gc,task      ] GC(2) Using 2 workers of 2 for marking
[2020-05-13T11:35:49.233+0700][gc,marking   ] GC(2) Concurrent Mark From Roots 9,561ms
[2020-05-13T11:35:49.233+0700][gc,marking   ] GC(2) Concurrent Preclean
[2020-05-13T11:35:49.233+0700][gc,marking   ] GC(2) Concurrent Preclean 0,177ms
[2020-05-13T11:35:49.233+0700][gc,marking   ] GC(2) Concurrent Mark (2,202s, 2,211s) 9,816ms
[2020-05-13T11:35:49.234+0700][gc,start     ] GC(2) Pause Remark
[2020-05-13T11:35:49.254+0700][gc,stringtable] GC(2) Cleaned string and symbol table, strings: 9178 processed, 0 removed, symbols: 50252 processed, 58 removed
[2020-05-13T11:35:49.254+0700][gc,mmu        ] GC(2) MMU target violated: 20,3ms (20,0ms/21,0ms)
[2020-05-13T11:35:49.254+0700][gc            ] GC(2) Pause Remark 8M->8M(1024M) 20,343ms
[2020-05-13T11:35:49.254+0700][gc,cpu        ] GC(2) User=0,10s Sys=0,00s Real=0,02s
[2020-05-13T11:35:49.254+0700][gc,marking    ] GC(2) Concurrent Rebuild Remembered Sets
[2020-05-13T11:35:49.261+0700][gc,marking    ] GC(2) Concurrent Rebuild Remembered Sets 7,129ms
[2020-05-13T11:35:49.261+0700][gc,start      ] GC(2) Pause Cleanup
[2020-05-13T11:35:49.262+0700][gc            ] GC(2) Pause Cleanup 8M->8M(1024M) 0,237ms
[2020-05-13T11:35:49.262+0700][gc,cpu        ] GC(2) User=0,00s Sys=0,00s Real=0,00s
[2020-05-13T11:35:49.265+0700][gc,marking    ] GC(2) Concurrent Cleanup for Next Mark
[2020-05-13T11:35:49.275+0700][gc,marking    ] GC(2) Concurrent Cleanup for Next Mark 9,372ms
[2020-05-13T11:35:49.275+0700][gc            ] GC(2) Concurrent Cycle 52,841ms
[2020-05-13T11:35:50.635+0700][gc,start      ] GC(3) Pause Young (Normal) (G1 Evacuation Pause)
[2020-05-13T11:35:50.635+0700][gc,task       ] GC(3) Using 8 workers of 8 for evacuation
[2020-05-13T11:35:50.640+0700][gc,phases     ] GC(3)   Pre Evacuate Collection Set: 0,0ms
[2020-05-13T11:35:50.640+0700][gc,phases     ] GC(3)   Evacuate Collection Set: 4,5ms
[2020-05-13T11:35:50.640+0700][gc,phases     ] GC(3)   Post Evacuate Collection Set: 0,6ms
[2020-05-13T11:35:50.640+0700][gc,phases     ] GC(3)   Other: 0,1ms
[2020-05-13T11:35:50.640+0700][gc,heap       ] GC(3) Eden regions: 49->0(46)
[2020-05-13T11:35:50.640+0700][gc,heap       ] GC(3) Survivor regions: 2->5(7)
[2020-05-13T11:35:50.640+0700][gc,heap       ] GC(3) Old regions: 7->7
[2020-05-13T11:35:50.640+0700][gc,heap       ] GC(3) Humongous regions: 129->129
[2020-05-13T11:35:50.640+0700][gc,metaspace  ] GC(3) Metaspace: 28572K->28572K(1075200K)
[2020-05-13T11:35:50.640+0700][gc            ] GC(3) Pause Young (Normal) (G1 Evacuation Pause) 186M->140M(1024M) 5,371ms
[2020-05-13T11:35:50.640+0700][gc,cpu        ] GC(3) User=0,02s Sys=0,00s Real=0,01s
[2020-05-13T11:35:51.081+0700][gc,start      ] GC(4) Pause Young (Concurrent Start) (Metadata GC Threshold)
[2020-05-13T11:35:51.081+0700][gc,task       ] GC(4) Using 8 workers of 8 for evacuation
[2020-05-13T11:35:51.097+0700][gc,phases     ] GC(4)   Pre Evacuate Collection Set: 0,2ms
[2020-05-13T11:35:51.097+0700][gc,phases     ] GC(4)   Evacuate Collection Set: 13,8ms
[2020-05-13T11:35:51.097+0700][gc,phases     ] GC(4)   Post Evacuate Collection Set: 1,0ms
[2020-05-13T11:35:51.097+0700][gc,phases     ] GC(4)   Other: 0,3ms
[2020-05-13T11:35:51.097+0700][gc,heap       ] GC(4) Eden regions: 27->0(49)
[2020-05-13T11:35:51.097+0700][gc,heap       ] GC(4) Survivor regions: 5->2(7)
[2020-05-13T11:35:51.097+0700][gc,heap       ] GC(4) Old regions: 7->12
[2020-05-13T11:35:51.097+0700][gc,heap       ] GC(4) Humongous regions: 129->129
[2020-05-13T11:35:51.097+0700][gc,metaspace  ] GC(4) Metaspace: 34259K->34259K(1079296K)
[2020-05-13T11:35:51.097+0700][gc            ] GC(4) Pause Young (Concurrent Start) (Metadata GC Threshold) 167M->142M(1024M) 15,464ms
[2020-05-13T11:35:51.097+0700][gc,cpu        ] GC(4) User=0,06s Sys=0,01s Real=0,01s
[2020-05-13T11:35:51.097+0700][gc            ] GC(5) Concurrent Cycle
[2020-05-13T11:35:51.097+0700][gc,marking    ] GC(5) Concurrent Clear Claimed Marks
[2020-05-13T11:35:51.097+0700][gc,marking    ] GC(5) Concurrent Clear Claimed Marks 0,173ms
[2020-05-13T11:35:51.097+0700][gc,marking    ] GC(5) Concurrent Scan Root Regions
[2020-05-13T11:35:51.099+0700][gc,marking    ] GC(5) Concurrent Scan Root Regions 1,666ms
[2020-05-13T11:35:51.099+0700][gc,marking    ] GC(5) Concurrent Mark (4,077s)
[2020-05-13T11:35:51.099+0700][gc,marking    ] GC(5) Concurrent Mark From Roots
[2020-05-13T11:35:51.099+0700][gc,task       ] GC(5) Using 2 workers of 2 for marking
[2020-05-13T11:35:51.125+0700][gc,marking    ] GC(5) Concurrent Mark From Roots 25,979ms
[2020-05-13T11:35:51.125+0700][gc,marking    ] GC(5) Concurrent Preclean
[2020-05-13T11:35:51.125+0700][gc,marking    ] GC(5) Concurrent Preclean 0,236ms
[2020-05-13T11:35:51.125+0700][gc,marking    ] GC(5) Concurrent Mark (4,077s, 4,103s) 26,287ms
[2020-05-13T11:35:51.126+0700][gc,start      ] GC(5) Pause Remark
[2020-05-13T11:35:51.136+0700][gc,stringtable] GC(5) Cleaned string and symbol table, strings: 15207 processed, 8 removed, symbols: 78181 processed, 27 removed
[2020-05-13T11:35:51.136+0700][gc            ] GC(5) Pause Remark 143M->143M(1024M) 10,428ms
[2020-05-13T11:35:51.136+0700][gc,cpu        ] GC(5) User=0,04s Sys=0,00s Real=0,01s
[2020-05-13T11:35:51.136+0700][gc,marking    ] GC(5) Concurrent Rebuild Remembered Sets
[2020-05-13T11:35:51.166+0700][gc,marking    ] GC(5) Concurrent Rebuild Remembered Sets 29,367ms
[2020-05-13T11:35:51.166+0700][gc,start      ] GC(5) Pause Cleanup
[2020-05-13T11:35:51.166+0700][gc            ] GC(5) Pause Cleanup 146M->146M(1024M) 0,264ms
[2020-05-13T11:35:51.166+0700][gc,cpu        ] GC(5) User=0,00s Sys=0,00s Real=0,00s
[2020-05-13T11:35:51.169+0700][gc,marking    ] GC(5) Concurrent Cleanup for Next Mark
[2020-05-13T11:35:51.192+0700][gc,marking    ] GC(5) Concurrent Cleanup for Next Mark 23,098ms
[2020-05-13T11:35:51.192+0700][gc            ] GC(5) Concurrent Cycle 95,128ms
[2020-05-13T11:36:32.933+0700][gc,start      ] GC(6) Pause Young (Normal) (G1 Evacuation Pause)
[2020-05-13T11:36:32.933+0700][gc,task       ] GC(6) Using 8 workers of 8 for evacuation
[2020-05-13T11:36:32.945+0700][gc,phases     ] GC(6)   Pre Evacuate Collection Set: 0,1ms
[2020-05-13T11:36:32.945+0700][gc,phases     ] GC(6)   Evacuate Collection Set: 10,4ms
[2020-05-13T11:36:32.945+0700][gc,phases     ] GC(6)   Post Evacuate Collection Set: 1,7ms
[2020-05-13T11:36:32.945+0700][gc,phases     ] GC(6)   Other: 0,3ms
[2020-05-13T11:36:32.945+0700][gc,heap       ] GC(6) Eden regions: 49->0(46)
[2020-05-13T11:36:32.945+0700][gc,heap       ] GC(6) Survivor regions: 2->5(7)
[2020-05-13T11:36:32.945+0700][gc,heap       ] GC(6) Old regions: 12->12
[2020-05-13T11:36:32.945+0700][gc,heap       ] GC(6) Humongous regions: 207->129
[2020-05-13T11:36:32.945+0700][gc,metaspace  ] GC(6) Metaspace: 39339K->39339K(1085440K)
[2020-05-13T11:36:32.945+0700][gc            ] GC(6) Pause Young (Normal) (G1 Evacuation Pause) 269M->144M(1024M) 12,734ms
[2020-05-13T11:36:32.945+0700][gc,cpu        ] GC(6) User=0,08s Sys=0,00s Real=0,01s
[2020-05-13T11:38:24.337+0700][gc,start      ] GC(7) Pause Young (Normal) (G1 Evacuation Pause)
[2020-05-13T11:38:24.339+0700][gc,task       ] GC(7) Using 8 workers of 8 for evacuation
[2020-05-13T11:38:24.351+0700][gc,phases     ] GC(7)   Pre Evacuate Collection Set: 0,1ms
[2020-05-13T11:38:24.352+0700][gc,phases     ] GC(7)   Evacuate Collection Set: 10,8ms
[2020-05-13T11:38:24.352+0700][gc,phases     ] GC(7)   Post Evacuate Collection Set: 1,5ms
[2020-05-13T11:38:24.352+0700][gc,phases     ] GC(7)   Other: 2,5ms
[2020-05-13T11:38:24.352+0700][gc,heap       ] GC(7) Eden regions: 46->0(47)
[2020-05-13T11:38:24.352+0700][gc,heap       ] GC(7) Survivor regions: 5->4(7)
[2020-05-13T11:38:24.352+0700][gc,heap       ] GC(7) Old regions: 12->14
[2020-05-13T11:38:24.352+0700][gc,heap       ] GC(7) Humongous regions: 129->129
[2020-05-13T11:38:24.352+0700][gc,metaspace  ] GC(7) Metaspace: 39815K->39815K(1085440K)
[2020-05-13T11:38:24.352+0700][gc            ] GC(7) Pause Young (Normal) (G1 Evacuation Pause) 190M->145M(1024M) 15,300ms
[2020-05-13T11:38:24.352+0700][gc,cpu        ] GC(7) User=0,05s Sys=0,00s Real=0,02s
[2020-05-13T11:40:26.405+0700][gc,start      ] GC(8) Pause Young (Normal) (G1 Evacuation Pause)
[2020-05-13T11:40:26.412+0700][gc,task       ] GC(8) Using 8 workers of 8 for evacuation
[2020-05-13T11:40:26.425+0700][gc,phases     ] GC(8)   Pre Evacuate Collection Set: 0,7ms
[2020-05-13T11:40:26.426+0700][gc,phases     ] GC(8)   Evacuate Collection Set: 10,7ms
[2020-05-13T11:40:26.426+0700][gc,phases     ] GC(8)   Post Evacuate Collection Set: 1,3ms
[2020-05-13T11:40:26.426+0700][gc,phases     ] GC(8)   Other: 7,5ms
[2020-05-13T11:40:26.426+0700][gc,heap       ] GC(8) Eden regions: 47->0(47)
[2020-05-13T11:40:26.426+0700][gc,heap       ] GC(8) Survivor regions: 4->4(7)
[2020-05-13T11:40:26.426+0700][gc,heap       ] GC(8) Old regions: 14->14
[2020-05-13T11:40:26.426+0700][gc,heap       ] GC(8) Humongous regions: 129->129
[2020-05-13T11:40:26.426+0700][gc,metaspace  ] GC(8) Metaspace: 39975K->39975K(1085440K)
[2020-05-13T11:40:26.426+0700][gc            ] GC(8) Pause Young (Normal) (G1 Evacuation Pause) 192M->145M(1024M) 20,369ms
[2020-05-13T11:40:26.426+0700][gc,cpu        ] GC(8) User=0,07s Sys=0,00s Real=0,02s
[2020-05-13T11:42:13.221+0700][gc,start      ] GC(9) Pause Young (Normal) (G1 Evacuation Pause)
[2020-05-13T11:42:13.231+0700][gc,task       ] GC(9) Using 8 workers of 8 for evacuation
[2020-05-13T11:42:13.244+0700][gc,phases     ] GC(9)   Pre Evacuate Collection Set: 0,0ms
[2020-05-13T11:42:13.244+0700][gc,phases     ] GC(9)   Evacuate Collection Set: 12,3ms
[2020-05-13T11:42:13.244+0700][gc,phases     ] GC(9)   Post Evacuate Collection Set: 0,6ms
[2020-05-13T11:42:13.244+0700][gc,phases     ] GC(9)   Other: 9,8ms
[2020-05-13T11:42:13.244+0700][gc,heap       ] GC(9) Eden regions: 47->0(44)
[2020-05-13T11:42:13.244+0700][gc,heap       ] GC(9) Survivor regions: 4->7(7)
[2020-05-13T11:42:13.244+0700][gc,heap       ] GC(9) Old regions: 14->14
[2020-05-13T11:42:13.244+0700][gc,heap       ] GC(9) Humongous regions: 129->129
[2020-05-13T11:42:13.244+0700][gc,metaspace  ] GC(9) Metaspace: 40183K->40183K(1085440K)
[2020-05-13T11:42:13.244+0700][gc            ] GC(9) Pause Young (Normal) (G1 Evacuation Pause) 192M->148M(1024M) 22,764ms
[2020-05-13T11:42:13.244+0700][gc,cpu        ] GC(9) User=0,08s Sys=0,00s Real=0,02s
[2020-05-13T11:43:57.573+0700][gc,start      ] GC(10) Pause Young (Normal) (G1 Evacuation Pause)
[2020-05-13T11:43:57.573+0700][gc,task       ] GC(10) Using 8 workers of 8 for evacuation
[2020-05-13T11:43:57.580+0700][gc,phases     ] GC(10)   Pre Evacuate Collection Set: 0,0ms
[2020-05-13T11:43:57.580+0700][gc,phases     ] GC(10)   Evacuate Collection Set: 5,7ms
[2020-05-13T11:43:57.580+0700][gc,phases     ] GC(10)   Post Evacuate Collection Set: 0,5ms
[2020-05-13T11:43:57.580+0700][gc,phases     ] GC(10)   Other: 0,2ms
[2020-05-13T11:43:57.580+0700][gc,heap       ] GC(10) Eden regions: 44->0(49)
[2020-05-13T11:43:57.580+0700][gc,heap       ] GC(10) Survivor regions: 7->5(7)
[2020-05-13T11:43:57.580+0700][gc,heap       ] GC(10) Old regions: 14->16
[2020-05-13T11:43:57.580+0700][gc,heap       ] GC(10) Humongous regions: 129->129
[2020-05-13T11:43:57.580+0700][gc,metaspace  ] GC(10) Metaspace: 40231K->40231K(1085440K)
[2020-05-13T11:43:57.580+0700][gc            ] GC(10) Pause Young (Normal) (G1 Evacuation Pause) 192M->148M(1024M) 6,518ms
[2020-05-13T11:43:57.580+0700][gc,cpu        ] GC(10) User=0,03s Sys=0,01s Real=0,01s
[2020-05-13T11:45:53.273+0700][gc,start      ] GC(11) Pause Young (Normal) (G1 Evacuation Pause)
[2020-05-13T11:45:53.276+0700][gc,task       ] GC(11) Using 8 workers of 8 for evacuation
[2020-05-13T11:45:53.285+0700][gc,phases     ] GC(11)   Pre Evacuate Collection Set: 0,0ms
[2020-05-13T11:45:53.285+0700][gc,phases     ] GC(11)   Evacuate Collection Set: 8,0ms
[2020-05-13T11:45:53.285+0700][gc,phases     ] GC(11)   Post Evacuate Collection Set: 1,0ms
[2020-05-13T11:45:53.285+0700][gc,phases     ] GC(11)   Other: 3,2ms
[2020-05-13T11:45:53.285+0700][gc,heap       ] GC(11) Eden regions: 49->0(55)
[2020-05-13T11:45:53.285+0700][gc,heap       ] GC(11) Survivor regions: 5->3(7)
[2020-05-13T11:45:53.285+0700][gc,heap       ] GC(11) Old regions: 16->17
[2020-05-13T11:45:53.285+0700][gc,heap       ] GC(11) Humongous regions: 129->129
[2020-05-13T11:45:53.285+0700][gc,metaspace  ] GC(11) Metaspace: 40371K->40371K(1085440K)
[2020-05-13T11:45:53.285+0700][gc            ] GC(11) Pause Young (Normal) (G1 Evacuation Pause) 197M->147M(1024M) 12,618ms
[2020-05-13T11:45:53.285+0700][gc,cpu        ] GC(11) User=0,06s Sys=0,00s Real=0,01s
[2020-05-13T11:48:03.785+0700][gc,start      ] GC(12) Pause Young (Normal) (G1 Evacuation Pause)
[2020-05-13T11:48:03.785+0700][gc,task       ] GC(12) Using 8 workers of 8 for evacuation
[2020-05-13T11:48:03.792+0700][gc,phases     ] GC(12)   Pre Evacuate Collection Set: 0,0ms
[2020-05-13T11:48:03.792+0700][gc,phases     ] GC(12)   Evacuate Collection Set: 6,4ms
[2020-05-13T11:48:03.792+0700][gc,phases     ] GC(12)   Post Evacuate Collection Set: 0,4ms
[2020-05-13T11:48:03.792+0700][gc,phases     ] GC(12)   Other: 0,4ms
[2020-05-13T11:48:03.792+0700][gc,heap       ] GC(12) Eden regions: 55->0(57)
[2020-05-13T11:48:03.792+0700][gc,heap       ] GC(12) Survivor regions: 3->6(8)
[2020-05-13T11:48:03.792+0700][gc,heap       ] GC(12) Old regions: 17->17
[2020-05-13T11:48:03.792+0700][gc,heap       ] GC(12) Humongous regions: 129->129
[2020-05-13T11:48:03.792+0700][gc,metaspace  ] GC(12) Metaspace: 40463K->40463K(1085440K)
[2020-05-13T11:48:03.792+0700][gc            ] GC(12) Pause Young (Normal) (G1 Evacuation Pause) 202M->150M(1024M) 7,387ms
[2020-05-13T11:48:03.792+0700][gc,cpu        ] GC(12) User=0,04s Sys=0,00s Real=0,01s
[2020-05-13T11:50:23.994+0700][gc,start      ] GC(13) Pause Young (Normal) (G1 Evacuation Pause)
[2020-05-13T11:50:23.994+0700][gc,task       ] GC(13) Using 8 workers of 8 for evacuation
[2020-05-13T11:50:24.001+0700][gc,phases     ] GC(13)   Pre Evacuate Collection Set: 0,0ms
[2020-05-13T11:50:24.001+0700][gc,phases     ] GC(13)   Evacuate Collection Set: 6,9ms
[2020-05-13T11:50:24.001+0700][gc,phases     ] GC(13)   Post Evacuate Collection Set: 0,4ms
[2020-05-13T11:50:24.002+0700][gc,phases     ] GC(13)   Other: 0,2ms
[2020-05-13T11:50:24.002+0700][gc,heap       ] GC(13) Eden regions: 57->0(397)
[2020-05-13T11:50:24.002+0700][gc,heap       ] GC(13) Survivor regions: 6->7(8)
[2020-05-13T11:50:24.002+0700][gc,heap       ] GC(13) Old regions: 17->19
[2020-05-13T11:50:24.002+0700][gc,heap       ] GC(13) Humongous regions: 129->129
[2020-05-13T11:50:24.002+0700][gc,metaspace  ] GC(13) Metaspace: 40515K->40515K(1085440K)
[2020-05-13T11:50:24.002+0700][gc            ] GC(13) Pause Young (Normal) (G1 Evacuation Pause) 207M->153M(1024M) 7,608ms
[2020-05-13T11:50:24.002+0700][gc,cpu        ] GC(13) User=0,03s Sys=0,02s Real=0,01s
[2020-05-13T12:06:50.376+0700][gc,start      ] GC(14) Pause Young (Normal) (G1 Evacuation Pause)
[2020-05-13T12:06:50.379+0700][gc,task       ] GC(14) Using 8 workers of 8 for evacuation
[2020-05-13T12:06:50.419+0700][gc,mmu        ] GC(14) MMU target violated: 21,0ms (20,0ms/21,0ms)
[2020-05-13T12:06:50.419+0700][gc,phases     ] GC(14)   Pre Evacuate Collection Set: 0,0ms
[2020-05-13T12:06:50.419+0700][gc,phases     ] GC(14)   Evacuate Collection Set: 38,8ms
[2020-05-13T12:06:50.419+0700][gc,phases     ] GC(14)   Post Evacuate Collection Set: 0,7ms
[2020-05-13T12:06:50.419+0700][gc,phases     ] GC(14)   Other: 3,5ms
[2020-05-13T12:06:50.419+0700][gc,heap       ] GC(14) Eden regions: 397->0(74)
[2020-05-13T12:06:50.419+0700][gc,heap       ] GC(14) Survivor regions: 7->22(51)
[2020-05-13T12:06:50.419+0700][gc,heap       ] GC(14) Old regions: 19->19
[2020-05-13T12:06:50.419+0700][gc,heap       ] GC(14) Humongous regions: 129->129
[2020-05-13T12:06:50.419+0700][gc,metaspace  ] GC(14) Metaspace: 40717K->40717K(1085440K)
[2020-05-13T12:06:50.419+0700][gc            ] GC(14) Pause Young (Normal) (G1 Evacuation Pause) 550M->168M(1024M) 43,063ms
[2020-05-13T12:06:50.419+0700][gc,cpu        ] GC(14) User=0,25s Sys=0,01s Real=0,05s
[2020-05-13T12:09:50.541+0700][gc,start      ] GC(15) Pause Young (Normal) (G1 Evacuation Pause)
[2020-05-13T12:09:50.541+0700][gc,task       ] GC(15) Using 8 workers of 8 for evacuation
[2020-05-13T12:09:50.563+0700][gc,mmu        ] GC(15) MMU target violated: 21,0ms (20,0ms/21,0ms)
[2020-05-13T12:09:50.563+0700][gc,phases     ] GC(15)   Pre Evacuate Collection Set: 0,1ms
[2020-05-13T12:09:50.563+0700][gc,phases     ] GC(15)   Evacuate Collection Set: 20,3ms
[2020-05-13T12:09:50.563+0700][gc,phases     ] GC(15)   Post Evacuate Collection Set: 0,7ms
[2020-05-13T12:09:50.563+0700][gc,phases     ] GC(15)   Other: 0,8ms
[2020-05-13T12:09:50.563+0700][gc,heap       ] GC(15) Eden regions: 73->0(87)
[2020-05-13T12:09:50.563+0700][gc,heap       ] GC(15) Survivor regions: 22->6(12)
[2020-05-13T12:09:50.563+0700][gc,heap       ] GC(15) Old regions: 19->38
[2020-05-13T12:09:50.563+0700][gc,heap       ] GC(15) Humongous regions: 129->129
[2020-05-13T12:09:50.563+0700][gc,metaspace  ] GC(15) Metaspace: 40733K->40733K(1085440K)
[2020-05-13T12:09:50.563+0700][gc            ] GC(15) Pause Young (Normal) (G1 Evacuation Pause) 241M->172M(1024M) 21,838ms
[2020-05-13T12:09:50.563+0700][gc,cpu        ] GC(15) User=0,10s Sys=0,00s Real=0,02s
[2020-05-13T12:13:23.675+0700][gc,start      ] GC(16) Pause Young (Normal) (G1 Evacuation Pause)
[2020-05-13T12:13:23.799+0700][gc,task       ] GC(16) Using 8 workers of 8 for evacuation
[2020-05-13T12:13:23.805+0700][gc,phases     ] GC(16)   Pre Evacuate Collection Set: 0,0ms
[2020-05-13T12:13:23.806+0700][gc,phases     ] GC(16)   Evacuate Collection Set: 6,2ms
[2020-05-13T12:13:23.806+0700][gc,phases     ] GC(16)   Post Evacuate Collection Set: 0,4ms
[2020-05-13T12:13:23.806+0700][gc,phases     ] GC(16)   Other: 124,1ms
[2020-05-13T12:13:23.806+0700][gc,heap       ] GC(16) Eden regions: 87->0(96)
[2020-05-13T12:13:23.806+0700][gc,heap       ] GC(16) Survivor regions: 6->9(12)
[2020-05-13T12:13:23.806+0700][gc,heap       ] GC(16) Old regions: 38->38
[2020-05-13T12:13:23.806+0700][gc,heap       ] GC(16) Humongous regions: 129->129
[2020-05-13T12:13:23.806+0700][gc,metaspace  ] GC(16) Metaspace: 40737K->40737K(1085440K)
[2020-05-13T12:13:23.806+0700][gc            ] GC(16) Pause Young (Normal) (G1 Evacuation Pause) 259M->174M(1024M) 130,783ms
[2020-05-13T12:13:23.806+0700][gc,cpu        ] GC(16) User=0,04s Sys=0,00s Real=0,13s
[2020-05-13T12:17:20.928+0700][gc,start      ] GC(17) Pause Young (Normal) (G1 Evacuation Pause)
[2020-05-13T12:17:20.945+0700][gc,task       ] GC(17) Using 8 workers of 8 for evacuation
[2020-05-13T12:17:20.963+0700][gc,phases     ] GC(17)   Pre Evacuate Collection Set: 0,0ms
[2020-05-13T12:17:20.963+0700][gc,phases     ] GC(17)   Evacuate Collection Set: 16,0ms
[2020-05-13T12:17:20.963+0700][gc,phases     ] GC(17)   Post Evacuate Collection Set: 1,7ms
[2020-05-13T12:17:20.963+0700][gc,phases     ] GC(17)   Other: 17,6ms
[2020-05-13T12:17:20.963+0700][gc,heap       ] GC(17) Eden regions: 96->0(98)
[2020-05-13T12:17:20.963+0700][gc,heap       ] GC(17) Survivor regions: 9->10(14)
[2020-05-13T12:17:20.963+0700][gc,heap       ] GC(17) Old regions: 38->41
[2020-05-13T12:17:20.963+0700][gc,heap       ] GC(17) Humongous regions: 129->129
[2020-05-13T12:17:20.963+0700][gc,metaspace  ] GC(17) Metaspace: 40751K->40751K(1085440K)
[2020-05-13T12:17:20.963+0700][gc            ] GC(17) Pause Young (Normal) (G1 Evacuation Pause) 270M->179M(1024M) 35,494ms
[2020-05-13T12:17:20.963+0700][gc,cpu        ] GC(17) User=0,10s Sys=0,00s Real=0,04s
[2020-05-13T12:21:21.574+0700][gc,start      ] GC(18) Pause Young (Normal) (G1 Evacuation Pause)
[2020-05-13T12:21:21.577+0700][gc,task       ] GC(18) Using 8 workers of 8 for evacuation
[2020-05-13T12:21:21.594+0700][gc,phases     ] GC(18)   Pre Evacuate Collection Set: 0,0ms
[2020-05-13T12:21:21.594+0700][gc,phases     ] GC(18)   Evacuate Collection Set: 15,2ms
[2020-05-13T12:21:21.595+0700][gc,phases     ] GC(18)   Post Evacuate Collection Set: 1,6ms
[2020-05-13T12:21:21.595+0700][gc,phases     ] GC(18)   Other: 3,3ms
[2020-05-13T12:21:21.595+0700][gc,heap       ] GC(18) Eden regions: 98->0(111)
[2020-05-13T12:21:21.595+0700][gc,heap       ] GC(18) Survivor regions: 10->10(14)
[2020-05-13T12:21:21.595+0700][gc,heap       ] GC(18) Old regions: 41->45
[2020-05-13T12:21:21.595+0700][gc,heap       ] GC(18) Humongous regions: 129->129
[2020-05-13T12:21:21.595+0700][gc,metaspace  ] GC(18) Metaspace: 40782K->40782K(1085440K)
[2020-05-13T12:21:21.595+0700][gc            ] GC(18) Pause Young (Normal) (G1 Evacuation Pause) 277M->182M(1024M) 20,905ms
[2020-05-13T12:21:21.595+0700][gc,cpu        ] GC(18) User=0,08s Sys=0,00s Real=0,02s
[2020-05-13T12:25:56.894+0700][gc,start      ] GC(19) Pause Young (Normal) (G1 Evacuation Pause)
[2020-05-13T12:25:56.907+0700][gc,task       ] GC(19) Using 8 workers of 8 for evacuation
[2020-05-13T12:25:56.918+0700][gc,phases     ] GC(19)   Pre Evacuate Collection Set: 0,0ms
[2020-05-13T12:25:56.918+0700][gc,phases     ] GC(19)   Evacuate Collection Set: 10,6ms
[2020-05-13T12:25:56.918+0700][gc,phases     ] GC(19)   Post Evacuate Collection Set: 0,5ms
[2020-05-13T12:25:56.918+0700][gc,phases     ] GC(19)   Other: 13,5ms
[2020-05-13T12:25:56.918+0700][gc,heap       ] GC(19) Eden regions: 111->0(135)
[2020-05-13T12:25:56.918+0700][gc,heap       ] GC(19) Survivor regions: 10->10(16)
[2020-05-13T12:25:56.918+0700][gc,heap       ] GC(19) Old regions: 45->49
[2020-05-13T12:25:56.918+0700][gc,heap       ] GC(19) Humongous regions: 129->129
[2020-05-13T12:25:56.918+0700][gc,metaspace  ] GC(19) Metaspace: 40807K->40807K(1085440K)
[2020-05-13T12:25:56.918+0700][gc            ] GC(19) Pause Young (Normal) (G1 Evacuation Pause) 293M->186M(1024M) 24,675ms
[2020-05-13T12:25:56.918+0700][gc,cpu        ] GC(19) User=0,07s Sys=0,00s Real=0,03s
[2020-05-13T12:31:31.030+0700][gc,start      ] GC(20) Pause Young (Normal) (G1 Evacuation Pause)
[2020-05-13T12:31:31.030+0700][gc,task       ] GC(20) Using 8 workers of 8 for evacuation
[2020-05-13T12:31:31.042+0700][gc,phases     ] GC(20)   Pre Evacuate Collection Set: 0,0ms
[2020-05-13T12:31:31.042+0700][gc,phases     ] GC(20)   Evacuate Collection Set: 11,6ms
[2020-05-13T12:31:31.042+0700][gc,phases     ] GC(20)   Post Evacuate Collection Set: 0,6ms
[2020-05-13T12:31:31.042+0700][gc,phases     ] GC(20)   Other: 0,2ms
[2020-05-13T12:31:31.042+0700][gc,heap       ] GC(20) Eden regions: 135->0(143)
[2020-05-13T12:31:31.042+0700][gc,heap       ] GC(20) Survivor regions: 10->16(19)
[2020-05-13T12:31:31.042+0700][gc,heap       ] GC(20) Old regions: 49->49
[2020-05-13T12:31:31.042+0700][gc,heap       ] GC(20) Humongous regions: 129->129
[2020-05-13T12:31:31.042+0700][gc,metaspace  ] GC(20) Metaspace: 40814K->40814K(1085440K)
[2020-05-13T12:31:31.042+0700][gc            ] GC(20) Pause Young (Normal) (G1 Evacuation Pause) 321M->192M(1024M) 12,524ms
[2020-05-13T12:31:31.042+0700][gc,cpu        ] GC(20) User=0,07s Sys=0,00s Real=0,01s
[2020-05-13T12:37:11.857+0700][gc,start      ] GC(21) Pause Young (Normal) (G1 Evacuation Pause)
[2020-05-13T12:37:11.879+0700][gc,task       ] GC(21) Using 8 workers of 8 for evacuation
[2020-05-13T12:37:11.905+0700][gc,mmu        ] GC(21) MMU target violated: 21,0ms (20,0ms/21,0ms)
[2020-05-13T12:37:11.905+0700][gc,phases     ] GC(21)   Pre Evacuate Collection Set: 0,0ms
[2020-05-13T12:37:11.905+0700][gc,phases     ] GC(21)   Evacuate Collection Set: 25,0ms
[2020-05-13T12:37:11.905+0700][gc,phases     ] GC(21)   Post Evacuate Collection Set: 0,5ms
[2020-05-13T12:37:11.905+0700][gc,phases     ] GC(21)   Other: 22,6ms
[2020-05-13T12:37:11.905+0700][gc,heap       ] GC(21) Eden regions: 142->0(108)
[2020-05-13T12:37:11.905+0700][gc,heap       ] GC(21) Survivor regions: 16->17(20)
[2020-05-13T12:37:11.905+0700][gc,heap       ] GC(21) Old regions: 49->57
[2020-05-13T12:37:11.905+0700][gc,heap       ] GC(21) Humongous regions: 129->129
[2020-05-13T12:37:11.905+0700][gc,metaspace  ] GC(21) Metaspace: 40859K->40859K(1085440K)
[2020-05-13T12:37:11.905+0700][gc            ] GC(21) Pause Young (Normal) (G1 Evacuation Pause) 334M->202M(1024M) 48,215ms
[2020-05-13T12:37:11.905+0700][gc,cpu        ] GC(21) User=0,15s Sys=0,00s Real=0,05s
[2020-05-13T12:41:39.654+0700][gc,start      ] GC(22) Pause Young (Normal) (G1 Evacuation Pause)
[2020-05-13T12:41:39.682+0700][gc,task       ] GC(22) Using 8 workers of 8 for evacuation
[2020-05-13T12:41:39.702+0700][gc,phases     ] GC(22)   Pre Evacuate Collection Set: 0,1ms
[2020-05-13T12:41:39.702+0700][gc,phases     ] GC(22)   Evacuate Collection Set: 19,0ms
[2020-05-13T12:41:39.702+0700][gc,phases     ] GC(22)   Post Evacuate Collection Set: 0,5ms
[2020-05-13T12:41:39.702+0700][gc,phases     ] GC(22)   Other: 28,0ms
[2020-05-13T12:41:39.702+0700][gc,heap       ] GC(22) Eden regions: 108->0(272)
[2020-05-13T12:41:39.702+0700][gc,heap       ] GC(22) Survivor regions: 17->4(16)
[2020-05-13T12:41:39.702+0700][gc,heap       ] GC(22) Old regions: 57->69
[2020-05-13T12:41:39.702+0700][gc,heap       ] GC(22) Humongous regions: 129->129
[2020-05-13T12:41:39.702+0700][gc,metaspace  ] GC(22) Metaspace: 40886K->40886K(1087488K)
[2020-05-13T12:41:39.702+0700][gc            ] GC(22) Pause Young (Normal) (G1 Evacuation Pause) 310M->201M(1024M) 47,678ms
[2020-05-13T12:41:39.702+0700][gc,cpu        ] GC(22) User=0,15s Sys=0,00s Real=0,05s
[2020-05-13T12:52:58.589+0700][gc,start      ] GC(23) Pause Young (Normal) (G1 Evacuation Pause)
[2020-05-13T12:52:58.595+0700][gc,task       ] GC(23) Using 8 workers of 8 for evacuation
[2020-05-13T12:52:58.626+0700][gc,mmu        ] GC(23) MMU target violated: 21,0ms (20,0ms/21,0ms)
[2020-05-13T12:52:58.627+0700][gc,phases     ] GC(23)   Pre Evacuate Collection Set: 0,0ms
[2020-05-13T12:52:58.627+0700][gc,phases     ] GC(23)   Evacuate Collection Set: 30,1ms
[2020-05-13T12:52:58.627+0700][gc,phases     ] GC(23)   Post Evacuate Collection Set: 0,8ms
[2020-05-13T12:52:58.627+0700][gc,phases     ] GC(23)   Other: 6,8ms
[2020-05-13T12:52:58.627+0700][gc,heap       ] GC(23) Eden regions: 272->0(38)
[2020-05-13T12:52:58.627+0700][gc,heap       ] GC(23) Survivor regions: 4->13(35)
[2020-05-13T12:52:58.627+0700][gc,heap       ] GC(23) Old regions: 69->69
[2020-05-13T12:52:58.627+0700][gc,heap       ] GC(23) Humongous regions: 129->129
[2020-05-13T12:52:58.627+0700][gc,metaspace  ] GC(23) Metaspace: 40896K->40896K(1087488K)
[2020-05-13T12:52:58.627+0700][gc            ] GC(23) Pause Young (Normal) (G1 Evacuation Pause) 473M->210M(1024M) 37,880ms
[2020-05-13T12:52:58.627+0700][gc,cpu        ] GC(23) User=0,20s Sys=0,00s Real=0,04s
[2020-05-13T12:54:31.735+0700][gc,start      ] GC(24) Pause Young (Normal) (G1 Evacuation Pause)
[2020-05-13T12:54:31.735+0700][gc,task       ] GC(24) Using 8 workers of 8 for evacuation
[2020-05-13T12:54:31.766+0700][gc,mmu        ] GC(24) MMU target violated: 21,0ms (20,0ms/21,0ms)
[2020-05-13T12:54:31.766+0700][gc,phases     ] GC(24)   Pre Evacuate Collection Set: 0,0ms
[2020-05-13T12:54:31.766+0700][gc,phases     ] GC(24)   Evacuate Collection Set: 30,3ms
[2020-05-13T12:54:31.766+0700][gc,phases     ] GC(24)   Post Evacuate Collection Set: 0,6ms
[2020-05-13T12:54:31.766+0700][gc,phases     ] GC(24)   Other: 0,8ms
[2020-05-13T12:54:31.767+0700][gc,heap       ] GC(24) Eden regions: 38->0(59)
[2020-05-13T12:54:31.767+0700][gc,heap       ] GC(24) Survivor regions: 13->4(7)
[2020-05-13T12:54:31.767+0700][gc,heap       ] GC(24) Old regions: 69->81
[2020-05-13T12:54:31.767+0700][gc,heap       ] GC(24) Humongous regions: 129->129
[2020-05-13T12:54:31.767+0700][gc,metaspace  ] GC(24) Metaspace: 40896K->40896K(1087488K)
[2020-05-13T12:54:31.767+0700][gc            ] GC(24) Pause Young (Normal) (G1 Evacuation Pause) 248M->213M(1024M) 31,851ms
[2020-05-13T12:54:31.767+0700][gc,cpu        ] GC(24) User=0,20s Sys=0,00s Real=0,03s
[2020-05-13T12:56:48.467+0700][gc,start      ] GC(25) Pause Young (Normal) (G1 Evacuation Pause)
[2020-05-13T12:56:48.480+0700][gc,task       ] GC(25) Using 8 workers of 8 for evacuation
[2020-05-13T12:56:48.485+0700][gc,phases     ] GC(25)   Pre Evacuate Collection Set: 0,0ms
[2020-05-13T12:56:48.485+0700][gc,phases     ] GC(25)   Evacuate Collection Set: 4,5ms
[2020-05-13T12:56:48.485+0700][gc,phases     ] GC(25)   Post Evacuate Collection Set: 0,4ms
[2020-05-13T12:56:48.485+0700][gc,phases     ] GC(25)   Other: 13,3ms
[2020-05-13T12:56:48.485+0700][gc,heap       ] GC(25) Eden regions: 59->0(70)
[2020-05-13T12:56:48.485+0700][gc,heap       ] GC(25) Survivor regions: 4->6(8)
[2020-05-13T12:56:48.485+0700][gc,heap       ] GC(25) Old regions: 81->81
[2020-05-13T12:56:48.485+0700][gc,heap       ] GC(25) Humongous regions: 129->129
[2020-05-13T12:56:48.485+0700][gc,metaspace  ] GC(25) Metaspace: 40985K->40985K(1087488K)
[2020-05-13T12:56:48.485+0700][gc            ] GC(25) Pause Young (Normal) (G1 Evacuation Pause) 272M->215M(1024M) 18,253ms
[2020-05-13T12:56:48.486+0700][gc,cpu        ] GC(25) User=0,03s Sys=0,00s Real=0,02s
[2020-05-13T12:56:52.676+0700][gc,heap,exit  ] Heap
[2020-05-13T12:56:52.676+0700][gc,heap,exit  ]  garbage-first heap   total 1048576K, used 229579K [0x00000000c0000000, 0x0000000100000000)
[2020-05-13T12:56:52.676+0700][gc,heap,exit  ]   region size 1024K, 16 young (16384K), 6 survivors (6144K)
[2020-05-13T12:56:52.676+0700][gc,heap,exit  ]  Metaspace       used 41651K, capacity 44558K, committed 44700K, reserved 1087488K
[2020-05-13T12:56:52.676+0700][gc,heap,exit  ]   class space    used 5850K, capacity 7201K, committed 7244K, reserved 1048576K
