[2020-05-13T11:27:37.355+0700][gc,heap] Heap region size: 1M
[2020-05-13T11:27:37.366+0700][gc     ] Using G1
[2020-05-13T11:27:37.366+0700][gc,heap,coops] Heap address: 0x00000000c0000000, size: 1024 MB, Compressed Oops mode: 32-bit
[2020-05-13T11:27:38.922+0700][gc,start     ] GC(0) Pause Young (Normal) (G1 Evacuation Pause)
[2020-05-13T11:27:38.923+0700][gc,task      ] GC(0) Using 8 workers of 8 for evacuation
[2020-05-13T11:27:38.934+0700][gc,phases    ] GC(0)   Pre Evacuate Collection Set: 0,0ms
[2020-05-13T11:27:38.934+0700][gc,phases    ] GC(0)   Evacuate Collection Set: 9,9ms
[2020-05-13T11:27:38.934+0700][gc,phases    ] GC(0)   Post Evacuate Collection Set: 0,6ms
[2020-05-13T11:27:38.934+0700][gc,phases    ] GC(0)   Other: 0,8ms
[2020-05-13T11:27:38.934+0700][gc,heap      ] GC(0) Eden regions: 51->0(44)
[2020-05-13T11:27:38.934+0700][gc,heap      ] GC(0) Survivor regions: 0->7(7)
[2020-05-13T11:27:38.934+0700][gc,heap      ] GC(0) Old regions: 0->0
[2020-05-13T11:27:38.934+0700][gc,heap      ] GC(0) Humongous regions: 0->0
[2020-05-13T11:27:38.934+0700][gc,metaspace ] GC(0) Metaspace: 15819K->15819K(1062912K)
[2020-05-13T11:27:38.934+0700][gc           ] GC(0) Pause Young (Normal) (G1 Evacuation Pause) 51M->6M(1024M) 11,334ms
[2020-05-13T11:27:38.934+0700][gc,cpu       ] GC(0) User=0,06s Sys=0,00s Real=0,01s
[2020-05-13T11:27:39.237+0700][gc,start     ] GC(1) Pause Young (Concurrent Start) (Metadata GC Threshold)
[2020-05-13T11:27:39.237+0700][gc,task      ] GC(1) Using 8 workers of 8 for evacuation
[2020-05-13T11:27:39.245+0700][gc,phases    ] GC(1)   Pre Evacuate Collection Set: 0,1ms
[2020-05-13T11:27:39.245+0700][gc,phases    ] GC(1)   Evacuate Collection Set: 7,4ms
[2020-05-13T11:27:39.245+0700][gc,phases    ] GC(1)   Post Evacuate Collection Set: 0,4ms
[2020-05-13T11:27:39.245+0700][gc,phases    ] GC(1)   Other: 0,2ms
[2020-05-13T11:27:39.245+0700][gc,heap      ] GC(1) Eden regions: 19->0(49)
[2020-05-13T11:27:39.245+0700][gc,heap      ] GC(1) Survivor regions: 7->2(7)
[2020-05-13T11:27:39.245+0700][gc,heap      ] GC(1) Old regions: 0->7
[2020-05-13T11:27:39.245+0700][gc,heap      ] GC(1) Humongous regions: 0->0
[2020-05-13T11:27:39.245+0700][gc,metaspace ] GC(1) Metaspace: 20481K->20481K(1067008K)
[2020-05-13T11:27:39.245+0700][gc           ] GC(1) Pause Young (Concurrent Start) (Metadata GC Threshold) 25M->8M(1024M) 8,131ms
[2020-05-13T11:27:39.245+0700][gc,cpu       ] GC(1) User=0,03s Sys=0,00s Real=0,01s
[2020-05-13T11:27:39.245+0700][gc           ] GC(2) Concurrent Cycle
[2020-05-13T11:27:39.245+0700][gc,marking   ] GC(2) Concurrent Clear Claimed Marks
[2020-05-13T11:27:39.245+0700][gc,marking   ] GC(2) Concurrent Clear Claimed Marks 0,022ms
[2020-05-13T11:27:39.245+0700][gc,marking   ] GC(2) Concurrent Scan Root Regions
[2020-05-13T11:27:39.246+0700][gc,marking   ] GC(2) Concurrent Scan Root Regions 0,846ms
[2020-05-13T11:27:39.246+0700][gc,marking   ] GC(2) Concurrent Mark (1,895s)
[2020-05-13T11:27:39.246+0700][gc,marking   ] GC(2) Concurrent Mark From Roots
[2020-05-13T11:27:39.246+0700][gc,task      ] GC(2) Using 2 workers of 2 for marking
[2020-05-13T11:27:39.252+0700][gc,marking   ] GC(2) Concurrent Mark From Roots 5,894ms
[2020-05-13T11:27:39.252+0700][gc,marking   ] GC(2) Concurrent Preclean
[2020-05-13T11:27:39.252+0700][gc,marking   ] GC(2) Concurrent Preclean 0,147ms
[2020-05-13T11:27:39.252+0700][gc,marking   ] GC(2) Concurrent Mark (1,895s, 1,901s) 6,089ms
[2020-05-13T11:27:39.252+0700][gc,start     ] GC(2) Pause Remark
[2020-05-13T11:27:39.254+0700][gc,stringtable] GC(2) Cleaned string and symbol table, strings: 9169 processed, 0 removed, symbols: 50223 processed, 51 removed
[2020-05-13T11:27:39.254+0700][gc            ] GC(2) Pause Remark 8M->8M(1024M) 2,453ms
[2020-05-13T11:27:39.254+0700][gc,cpu        ] GC(2) User=0,02s Sys=0,00s Real=0,00s
[2020-05-13T11:27:39.254+0700][gc,marking    ] GC(2) Concurrent Rebuild Remembered Sets
[2020-05-13T11:27:39.258+0700][gc,marking    ] GC(2) Concurrent Rebuild Remembered Sets 3,457ms
[2020-05-13T11:27:39.258+0700][gc,start      ] GC(2) Pause Cleanup
[2020-05-13T11:27:39.258+0700][gc            ] GC(2) Pause Cleanup 8M->8M(1024M) 0,233ms
[2020-05-13T11:27:39.258+0700][gc,cpu        ] GC(2) User=0,00s Sys=0,00s Real=0,00s
[2020-05-13T11:27:39.258+0700][gc,marking    ] GC(2) Concurrent Cleanup for Next Mark
[2020-05-13T11:27:39.263+0700][gc,marking    ] GC(2) Concurrent Cleanup for Next Mark 4,931ms
[2020-05-13T11:27:39.263+0700][gc            ] GC(2) Concurrent Cycle 18,507ms
[2020-05-13T11:27:40.279+0700][gc,start      ] GC(3) Pause Young (Normal) (G1 Evacuation Pause)
[2020-05-13T11:27:40.279+0700][gc,task       ] GC(3) Using 8 workers of 8 for evacuation
[2020-05-13T11:27:40.283+0700][gc,phases     ] GC(3)   Pre Evacuate Collection Set: 0,0ms
[2020-05-13T11:27:40.283+0700][gc,phases     ] GC(3)   Evacuate Collection Set: 3,9ms
[2020-05-13T11:27:40.283+0700][gc,phases     ] GC(3)   Post Evacuate Collection Set: 0,5ms
[2020-05-13T11:27:40.284+0700][gc,phases     ] GC(3)   Other: 0,2ms
[2020-05-13T11:27:40.284+0700][gc,heap       ] GC(3) Eden regions: 49->0(46)
[2020-05-13T11:27:40.284+0700][gc,heap       ] GC(3) Survivor regions: 2->5(7)
[2020-05-13T11:27:40.284+0700][gc,heap       ] GC(3) Old regions: 7->7
[2020-05-13T11:27:40.284+0700][gc,heap       ] GC(3) Humongous regions: 129->129
[2020-05-13T11:27:40.284+0700][gc,metaspace  ] GC(3) Metaspace: 28728K->28728K(1075200K)
[2020-05-13T11:27:40.284+0700][gc            ] GC(3) Pause Young (Normal) (G1 Evacuation Pause) 186M->140M(1024M) 4,763ms
[2020-05-13T11:27:40.284+0700][gc,cpu        ] GC(3) User=0,03s Sys=0,00s Real=0,00s
[2020-05-13T11:27:40.593+0700][gc,start      ] GC(4) Pause Young (Concurrent Start) (Metadata GC Threshold)
[2020-05-13T11:27:40.593+0700][gc,task       ] GC(4) Using 8 workers of 8 for evacuation
[2020-05-13T11:27:40.615+0700][gc,mmu        ] GC(4) MMU target violated: 21,0ms (20,0ms/21,0ms)
[2020-05-13T11:27:40.615+0700][gc,phases     ] GC(4)   Pre Evacuate Collection Set: 0,2ms
[2020-05-13T11:27:40.615+0700][gc,phases     ] GC(4)   Evacuate Collection Set: 20,7ms
[2020-05-13T11:27:40.615+0700][gc,phases     ] GC(4)   Post Evacuate Collection Set: 0,7ms
[2020-05-13T11:27:40.615+0700][gc,phases     ] GC(4)   Other: 0,5ms
[2020-05-13T11:27:40.615+0700][gc,heap       ] GC(4) Eden regions: 27->0(49)
[2020-05-13T11:27:40.615+0700][gc,heap       ] GC(4) Survivor regions: 5->2(7)
[2020-05-13T11:27:40.615+0700][gc,heap       ] GC(4) Old regions: 7->12
[2020-05-13T11:27:40.615+0700][gc,heap       ] GC(4) Humongous regions: 129->129
[2020-05-13T11:27:40.615+0700][gc,metaspace  ] GC(4) Metaspace: 34305K->34305K(1079296K)
[2020-05-13T11:27:40.615+0700][gc            ] GC(4) Pause Young (Concurrent Start) (Metadata GC Threshold) 167M->142M(1024M) 22,166ms
[2020-05-13T11:27:40.615+0700][gc,cpu        ] GC(4) User=0,12s Sys=0,01s Real=0,02s
[2020-05-13T11:27:40.615+0700][gc            ] GC(5) Concurrent Cycle
[2020-05-13T11:27:40.615+0700][gc,marking    ] GC(5) Concurrent Clear Claimed Marks
[2020-05-13T11:27:40.615+0700][gc,marking    ] GC(5) Concurrent Clear Claimed Marks 0,189ms
[2020-05-13T11:27:40.615+0700][gc,marking    ] GC(5) Concurrent Scan Root Regions
[2020-05-13T11:27:40.617+0700][gc,marking    ] GC(5) Concurrent Scan Root Regions 1,468ms
[2020-05-13T11:27:40.617+0700][gc,marking    ] GC(5) Concurrent Mark (3,266s)
[2020-05-13T11:27:40.617+0700][gc,marking    ] GC(5) Concurrent Mark From Roots
[2020-05-13T11:27:40.617+0700][gc,task       ] GC(5) Using 2 workers of 2 for marking
[2020-05-13T11:27:40.652+0700][gc,marking    ] GC(5) Concurrent Mark From Roots 35,341ms
[2020-05-13T11:27:40.652+0700][gc,marking    ] GC(5) Concurrent Preclean
[2020-05-13T11:27:40.653+0700][gc,marking    ] GC(5) Concurrent Preclean 0,334ms
[2020-05-13T11:27:40.653+0700][gc,marking    ] GC(5) Concurrent Mark (3,266s, 3,302s) 35,764ms
[2020-05-13T11:27:40.654+0700][gc,start      ] GC(5) Pause Remark
[2020-05-13T11:27:40.669+0700][gc,stringtable] GC(5) Cleaned string and symbol table, strings: 15236 processed, 9 removed, symbols: 78303 processed, 30 removed
[2020-05-13T11:27:40.669+0700][gc            ] GC(5) Pause Remark 143M->143M(1024M) 15,553ms
[2020-05-13T11:27:40.669+0700][gc,cpu        ] GC(5) User=0,07s Sys=0,00s Real=0,02s
[2020-05-13T11:27:40.669+0700][gc,marking    ] GC(5) Concurrent Rebuild Remembered Sets
[2020-05-13T11:27:40.680+0700][gc,marking    ] GC(5) Concurrent Rebuild Remembered Sets 10,648ms
[2020-05-13T11:27:40.680+0700][gc,start      ] GC(5) Pause Cleanup
[2020-05-13T11:27:40.681+0700][gc            ] GC(5) Pause Cleanup 143M->143M(1024M) 0,180ms
[2020-05-13T11:27:40.681+0700][gc,cpu        ] GC(5) User=0,00s Sys=0,00s Real=0,00s
[2020-05-13T11:27:40.681+0700][gc,marking    ] GC(5) Concurrent Cleanup for Next Mark
[2020-05-13T11:27:40.697+0700][gc,marking    ] GC(5) Concurrent Cleanup for Next Mark 16,414ms
[2020-05-13T11:27:40.697+0700][gc            ] GC(5) Concurrent Cycle 81,921ms
[2020-05-13T11:29:26.561+0700][gc,start      ] GC(6) Pause Young (Concurrent Start) (G1 Evacuation Pause)
[2020-05-13T11:29:26.561+0700][gc,task       ] GC(6) Using 8 workers of 8 for evacuation
[2020-05-13T11:29:26.583+0700][gc,mmu        ] GC(6) MMU target violated: 21,0ms (20,0ms/21,0ms)
[2020-05-13T11:29:26.583+0700][gc,phases     ] GC(6)   Pre Evacuate Collection Set: 0,3ms
[2020-05-13T11:29:26.583+0700][gc,phases     ] GC(6)   Evacuate Collection Set: 18,4ms
[2020-05-13T11:29:26.583+0700][gc,phases     ] GC(6)   Post Evacuate Collection Set: 1,6ms
[2020-05-13T11:29:26.583+0700][gc,phases     ] GC(6)   Other: 1,4ms
[2020-05-13T11:29:26.583+0700][gc,heap       ] GC(6) Eden regions: 49->0(46)
[2020-05-13T11:29:26.583+0700][gc,heap       ] GC(6) Survivor regions: 2->5(7)
[2020-05-13T11:29:26.583+0700][gc,heap       ] GC(6) Old regions: 12->12
[2020-05-13T11:29:26.583+0700][gc,heap       ] GC(6) Humongous regions: 207->129
[2020-05-13T11:29:26.583+0700][gc,metaspace  ] GC(6) Metaspace: 39448K->39448K(1085440K)
[2020-05-13T11:29:26.583+0700][gc            ] GC(6) Pause Young (Concurrent Start) (G1 Evacuation Pause) 269M->145M(1024M) 21,841ms
[2020-05-13T11:29:26.583+0700][gc,cpu        ] GC(6) User=0,12s Sys=0,00s Real=0,02s
[2020-05-13T11:29:26.583+0700][gc            ] GC(7) Concurrent Cycle
[2020-05-13T11:29:26.583+0700][gc,marking    ] GC(7) Concurrent Clear Claimed Marks
[2020-05-13T11:29:26.584+0700][gc,marking    ] GC(7) Concurrent Clear Claimed Marks 0,348ms
[2020-05-13T11:29:26.584+0700][gc,marking    ] GC(7) Concurrent Scan Root Regions
[2020-05-13T11:29:26.590+0700][gc,marking    ] GC(7) Concurrent Scan Root Regions 5,816ms
[2020-05-13T11:29:26.590+0700][gc,marking    ] GC(7) Concurrent Mark (109,239s)
[2020-05-13T11:29:26.590+0700][gc,marking    ] GC(7) Concurrent Mark From Roots
[2020-05-13T11:29:26.590+0700][gc,task       ] GC(7) Using 2 workers of 2 for marking
[2020-05-13T11:29:26.604+0700][gc,marking    ] GC(7) Concurrent Mark From Roots 13,966ms
[2020-05-13T11:29:26.604+0700][gc,marking    ] GC(7) Concurrent Preclean
[2020-05-13T11:29:26.604+0700][gc,marking    ] GC(7) Concurrent Preclean 0,251ms
[2020-05-13T11:29:26.604+0700][gc,marking    ] GC(7) Concurrent Mark (109,239s, 109,253s) 14,300ms
[2020-05-13T11:29:26.604+0700][gc,start      ] GC(7) Pause Remark
[2020-05-13T11:29:26.615+0700][gc,stringtable] GC(7) Cleaned string and symbol table, strings: 16343 processed, 5 removed, symbols: 81428 processed, 1 removed
[2020-05-13T11:29:26.615+0700][gc            ] GC(7) Pause Remark 145M->145M(1024M) 10,738ms
[2020-05-13T11:29:26.615+0700][gc,cpu        ] GC(7) User=0,05s Sys=0,00s Real=0,01s
[2020-05-13T11:29:26.615+0700][gc,marking    ] GC(7) Concurrent Rebuild Remembered Sets
[2020-05-13T11:29:26.620+0700][gc,marking    ] GC(7) Concurrent Rebuild Remembered Sets 4,710ms
[2020-05-13T11:29:26.620+0700][gc,start      ] GC(7) Pause Cleanup
[2020-05-13T11:29:26.620+0700][gc            ] GC(7) Pause Cleanup 145M->145M(1024M) 0,191ms
[2020-05-13T11:29:26.620+0700][gc,cpu        ] GC(7) User=0,00s Sys=0,00s Real=0,00s
[2020-05-13T11:29:26.620+0700][gc,marking    ] GC(7) Concurrent Cleanup for Next Mark
[2020-05-13T11:29:26.622+0700][gc,marking    ] GC(7) Concurrent Cleanup for Next Mark 1,343ms
[2020-05-13T11:29:26.622+0700][gc            ] GC(7) Concurrent Cycle 38,327ms
[2020-05-13T11:33:09.969+0700][gc,start      ] GC(8) Pause Young (Normal) (G1 Evacuation Pause)
[2020-05-13T11:33:09.993+0700][gc,task       ] GC(8) Using 8 workers of 8 for evacuation
[2020-05-13T11:33:09.999+0700][gc,phases     ] GC(8)   Pre Evacuate Collection Set: 0,0ms
[2020-05-13T11:33:09.999+0700][gc,phases     ] GC(8)   Evacuate Collection Set: 5,2ms
[2020-05-13T11:33:09.999+0700][gc,phases     ] GC(8)   Post Evacuate Collection Set: 0,6ms
[2020-05-13T11:33:09.999+0700][gc,phases     ] GC(8)   Other: 24,6ms
[2020-05-13T11:33:09.999+0700][gc,heap       ] GC(8) Eden regions: 46->0(47)
[2020-05-13T11:33:09.999+0700][gc,heap       ] GC(8) Survivor regions: 5->4(7)
[2020-05-13T11:33:09.999+0700][gc,heap       ] GC(8) Old regions: 12->13
[2020-05-13T11:33:09.999+0700][gc,heap       ] GC(8) Humongous regions: 129->129
[2020-05-13T11:33:09.999+0700][gc,metaspace  ] GC(8) Metaspace: 39968K->39968K(1085440K)
[2020-05-13T11:33:10.000+0700][gc            ] GC(8) Pause Young (Normal) (G1 Evacuation Pause) 191M->145M(1024M) 30,534ms
[2020-05-13T11:33:10.000+0700][gc,cpu        ] GC(8) User=0,04s Sys=0,00s Real=0,04s
[2020-05-13T11:35:46.283+0700][gc,heap,exit  ] Heap
[2020-05-13T11:35:46.293+0700][gc,heap,exit  ]  garbage-first heap   total 1048576K, used 190364K [0x00000000c0000000, 0x0000000100000000)
[2020-05-13T11:35:46.293+0700][gc,heap,exit  ]   region size 1024K, 45 young (46080K), 4 survivors (4096K)
[2020-05-13T11:35:46.293+0700][gc,heap,exit  ]  Metaspace       used 40834K, capacity 43551K, committed 43696K, reserved 1085440K
[2020-05-13T11:35:46.293+0700][gc,heap,exit  ]   class space    used 5762K, capacity 7056K, committed 7168K, reserved 1048576K
