[2020-05-13T10:49:16.085+0700][gc,heap] Heap region size: 1M
[2020-05-13T10:49:16.096+0700][gc     ] Using G1
[2020-05-13T10:49:16.096+0700][gc,heap,coops] Heap address: 0x00000000c0000000, size: 1024 MB, Compressed Oops mode: 32-bit
[2020-05-13T10:49:17.529+0700][gc,start     ] GC(0) Pause Young (Normal) (G1 Evacuation Pause)
[2020-05-13T10:49:17.529+0700][gc,task      ] GC(0) Using 8 workers of 8 for evacuation
[2020-05-13T10:49:17.539+0700][gc,phases    ] GC(0)   Pre Evacuate Collection Set: 0,0ms
[2020-05-13T10:49:17.539+0700][gc,phases    ] GC(0)   Evacuate Collection Set: 8,7ms
[2020-05-13T10:49:17.539+0700][gc,phases    ] GC(0)   Post Evacuate Collection Set: 0,6ms
[2020-05-13T10:49:17.539+0700][gc,phases    ] GC(0)   Other: 0,8ms
[2020-05-13T10:49:17.539+0700][gc,heap      ] GC(0) Eden regions: 51->0(44)
[2020-05-13T10:49:17.539+0700][gc,heap      ] GC(0) Survivor regions: 0->7(7)
[2020-05-13T10:49:17.539+0700][gc,heap      ] GC(0) Old regions: 0->1
[2020-05-13T10:49:17.539+0700][gc,heap      ] GC(0) Humongous regions: 0->0
[2020-05-13T10:49:17.539+0700][gc,metaspace ] GC(0) Metaspace: 16066K->16066K(1062912K)
[2020-05-13T10:49:17.539+0700][gc           ] GC(0) Pause Young (Normal) (G1 Evacuation Pause) 51M->7M(1024M) 10,234ms
[2020-05-13T10:49:17.539+0700][gc,cpu       ] GC(0) User=0,05s Sys=0,00s Real=0,02s
[2020-05-13T10:49:17.813+0700][gc,start     ] GC(1) Pause Young (Concurrent Start) (Metadata GC Threshold)
[2020-05-13T10:49:17.813+0700][gc,task      ] GC(1) Using 8 workers of 8 for evacuation
[2020-05-13T10:49:17.823+0700][gc,phases    ] GC(1)   Pre Evacuate Collection Set: 0,1ms
[2020-05-13T10:49:17.823+0700][gc,phases    ] GC(1)   Evacuate Collection Set: 8,9ms
[2020-05-13T10:49:17.823+0700][gc,phases    ] GC(1)   Post Evacuate Collection Set: 0,5ms
[2020-05-13T10:49:17.823+0700][gc,phases    ] GC(1)   Other: 0,3ms
[2020-05-13T10:49:17.823+0700][gc,heap      ] GC(1) Eden regions: 18->0(49)
[2020-05-13T10:49:17.823+0700][gc,heap      ] GC(1) Survivor regions: 7->2(7)
[2020-05-13T10:49:17.823+0700][gc,heap      ] GC(1) Old regions: 1->7
[2020-05-13T10:49:17.823+0700][gc,heap      ] GC(1) Humongous regions: 0->0
[2020-05-13T10:49:17.823+0700][gc,metaspace ] GC(1) Metaspace: 20417K->20417K(1067008K)
[2020-05-13T10:49:17.823+0700][gc           ] GC(1) Pause Young (Concurrent Start) (Metadata GC Threshold) 24M->7M(1024M) 9,859ms
[2020-05-13T10:49:17.823+0700][gc,cpu       ] GC(1) User=0,05s Sys=0,01s Real=0,01s
[2020-05-13T10:49:17.823+0700][gc           ] GC(2) Concurrent Cycle
[2020-05-13T10:49:17.823+0700][gc,marking   ] GC(2) Concurrent Clear Claimed Marks
[2020-05-13T10:49:17.823+0700][gc,marking   ] GC(2) Concurrent Clear Claimed Marks 0,025ms
[2020-05-13T10:49:17.823+0700][gc,marking   ] GC(2) Concurrent Scan Root Regions
[2020-05-13T10:49:17.824+0700][gc,marking   ] GC(2) Concurrent Scan Root Regions 0,838ms
[2020-05-13T10:49:17.824+0700][gc,marking   ] GC(2) Concurrent Mark (1,744s)
[2020-05-13T10:49:17.824+0700][gc,marking   ] GC(2) Concurrent Mark From Roots
[2020-05-13T10:49:17.824+0700][gc,task      ] GC(2) Using 2 workers of 2 for marking
[2020-05-13T10:49:17.830+0700][gc,marking   ] GC(2) Concurrent Mark From Roots 5,998ms
[2020-05-13T10:49:17.830+0700][gc,marking   ] GC(2) Concurrent Preclean
[2020-05-13T10:49:17.830+0700][gc,marking   ] GC(2) Concurrent Preclean 0,140ms
[2020-05-13T10:49:17.830+0700][gc,marking   ] GC(2) Concurrent Mark (1,744s, 1,750s) 6,185ms
[2020-05-13T10:49:17.830+0700][gc,start     ] GC(2) Pause Remark
[2020-05-13T10:49:17.834+0700][gc,stringtable] GC(2) Cleaned string and symbol table, strings: 9175 processed, 0 removed, symbols: 50216 processed, 52 removed
[2020-05-13T10:49:17.834+0700][gc            ] GC(2) Pause Remark 8M->8M(1024M) 3,990ms
[2020-05-13T10:49:17.834+0700][gc,cpu        ] GC(2) User=0,02s Sys=0,00s Real=0,00s
[2020-05-13T10:49:17.834+0700][gc,marking    ] GC(2) Concurrent Rebuild Remembered Sets
[2020-05-13T10:49:17.838+0700][gc,marking    ] GC(2) Concurrent Rebuild Remembered Sets 3,345ms
[2020-05-13T10:49:17.838+0700][gc,start      ] GC(2) Pause Cleanup
[2020-05-13T10:49:17.838+0700][gc            ] GC(2) Pause Cleanup 8M->8M(1024M) 0,287ms
[2020-05-13T10:49:17.838+0700][gc,cpu        ] GC(2) User=0,00s Sys=0,00s Real=0,00s
[2020-05-13T10:49:17.838+0700][gc,marking    ] GC(2) Concurrent Cleanup for Next Mark
[2020-05-13T10:49:17.844+0700][gc,marking    ] GC(2) Concurrent Cleanup for Next Mark 5,399ms
[2020-05-13T10:49:17.844+0700][gc            ] GC(2) Concurrent Cycle 20,841ms
[2020-05-13T10:49:18.955+0700][gc,start      ] GC(3) Pause Young (Normal) (G1 Evacuation Pause)
[2020-05-13T10:49:18.955+0700][gc,task       ] GC(3) Using 8 workers of 8 for evacuation
[2020-05-13T10:49:18.961+0700][gc,phases     ] GC(3)   Pre Evacuate Collection Set: 0,0ms
[2020-05-13T10:49:18.961+0700][gc,phases     ] GC(3)   Evacuate Collection Set: 6,0ms
[2020-05-13T10:49:18.961+0700][gc,phases     ] GC(3)   Post Evacuate Collection Set: 0,6ms
[2020-05-13T10:49:18.961+0700][gc,phases     ] GC(3)   Other: 0,2ms
[2020-05-13T10:49:18.961+0700][gc,heap       ] GC(3) Eden regions: 49->0(46)
[2020-05-13T10:49:18.961+0700][gc,heap       ] GC(3) Survivor regions: 2->5(7)
[2020-05-13T10:49:18.961+0700][gc,heap       ] GC(3) Old regions: 7->7
[2020-05-13T10:49:18.961+0700][gc,heap       ] GC(3) Humongous regions: 129->129
[2020-05-13T10:49:18.961+0700][gc,metaspace  ] GC(3) Metaspace: 28602K->28602K(1075200K)
[2020-05-13T10:49:18.961+0700][gc            ] GC(3) Pause Young (Normal) (G1 Evacuation Pause) 185M->140M(1024M) 6,884ms
[2020-05-13T10:49:18.961+0700][gc,cpu        ] GC(3) User=0,04s Sys=0,00s Real=0,01s
[2020-05-13T10:49:19.248+0700][gc,start      ] GC(4) Pause Young (Concurrent Start) (Metadata GC Threshold)
[2020-05-13T10:49:19.248+0700][gc,task       ] GC(4) Using 8 workers of 8 for evacuation
[2020-05-13T10:49:19.257+0700][gc,phases     ] GC(4)   Pre Evacuate Collection Set: 0,1ms
[2020-05-13T10:49:19.257+0700][gc,phases     ] GC(4)   Evacuate Collection Set: 7,4ms
[2020-05-13T10:49:19.257+0700][gc,phases     ] GC(4)   Post Evacuate Collection Set: 0,5ms
[2020-05-13T10:49:19.257+0700][gc,phases     ] GC(4)   Other: 0,2ms
[2020-05-13T10:49:19.257+0700][gc,heap       ] GC(4) Eden regions: 28->0(49)
[2020-05-13T10:49:19.257+0700][gc,heap       ] GC(4) Survivor regions: 5->2(7)
[2020-05-13T10:49:19.257+0700][gc,heap       ] GC(4) Old regions: 7->12
[2020-05-13T10:49:19.257+0700][gc,heap       ] GC(4) Humongous regions: 129->129
[2020-05-13T10:49:19.257+0700][gc,metaspace  ] GC(4) Metaspace: 34299K->34299K(1079296K)
[2020-05-13T10:49:19.257+0700][gc            ] GC(4) Pause Young (Concurrent Start) (Metadata GC Threshold) 167M->142M(1024M) 8,377ms
[2020-05-13T10:49:19.257+0700][gc,cpu        ] GC(4) User=0,04s Sys=0,01s Real=0,01s
[2020-05-13T10:49:19.257+0700][gc            ] GC(5) Concurrent Cycle
[2020-05-13T10:49:19.257+0700][gc,marking    ] GC(5) Concurrent Clear Claimed Marks
[2020-05-13T10:49:19.257+0700][gc,marking    ] GC(5) Concurrent Clear Claimed Marks 0,183ms
[2020-05-13T10:49:19.257+0700][gc,marking    ] GC(5) Concurrent Scan Root Regions
[2020-05-13T10:49:19.259+0700][gc,marking    ] GC(5) Concurrent Scan Root Regions 1,521ms
[2020-05-13T10:49:19.259+0700][gc,marking    ] GC(5) Concurrent Mark (3,179s)
[2020-05-13T10:49:19.259+0700][gc,marking    ] GC(5) Concurrent Mark From Roots
[2020-05-13T10:49:19.259+0700][gc,task       ] GC(5) Using 2 workers of 2 for marking
[2020-05-13T10:49:19.290+0700][gc,marking    ] GC(5) Concurrent Mark From Roots 31,647ms
[2020-05-13T10:49:19.290+0700][gc,marking    ] GC(5) Concurrent Preclean
[2020-05-13T10:49:19.294+0700][gc,marking    ] GC(5) Concurrent Preclean 3,829ms
[2020-05-13T10:49:19.294+0700][gc,marking    ] GC(5) Concurrent Mark (3,179s, 3,214s) 35,657ms
[2020-05-13T10:49:19.296+0700][gc,start      ] GC(5) Pause Remark
[2020-05-13T10:49:19.303+0700][gc,stringtable] GC(5) Cleaned string and symbol table, strings: 15193 processed, 8 removed, symbols: 78856 processed, 29 removed
[2020-05-13T10:49:19.303+0700][gc            ] GC(5) Pause Remark 145M->145M(1024M) 7,383ms
[2020-05-13T10:49:19.303+0700][gc,cpu        ] GC(5) User=0,04s Sys=0,00s Real=0,01s
[2020-05-13T10:49:19.304+0700][gc,marking    ] GC(5) Concurrent Rebuild Remembered Sets
[2020-05-13T10:49:19.320+0700][gc,marking    ] GC(5) Concurrent Rebuild Remembered Sets 15,401ms
[2020-05-13T10:49:19.320+0700][gc,start      ] GC(5) Pause Cleanup
[2020-05-13T10:49:19.320+0700][gc            ] GC(5) Pause Cleanup 146M->146M(1024M) 0,240ms
[2020-05-13T10:49:19.320+0700][gc,cpu        ] GC(5) User=0,00s Sys=0,00s Real=0,00s
[2020-05-13T10:49:19.320+0700][gc,marking    ] GC(5) Concurrent Cleanup for Next Mark
[2020-05-13T10:49:19.330+0700][gc,marking    ] GC(5) Concurrent Cleanup for Next Mark 10,113ms
[2020-05-13T10:49:19.330+0700][gc            ] GC(5) Concurrent Cycle 73,642ms
[2020-05-13T10:50:03.603+0700][gc,start      ] GC(6) Pause Young (Concurrent Start) (G1 Evacuation Pause)
[2020-05-13T10:50:03.603+0700][gc,task       ] GC(6) Using 8 workers of 8 for evacuation
[2020-05-13T10:50:03.614+0700][gc,phases     ] GC(6)   Pre Evacuate Collection Set: 0,3ms
[2020-05-13T10:50:03.614+0700][gc,phases     ] GC(6)   Evacuate Collection Set: 9,4ms
[2020-05-13T10:50:03.614+0700][gc,phases     ] GC(6)   Post Evacuate Collection Set: 1,0ms
[2020-05-13T10:50:03.614+0700][gc,phases     ] GC(6)   Other: 0,4ms
[2020-05-13T10:50:03.614+0700][gc,heap       ] GC(6) Eden regions: 49->0(46)
[2020-05-13T10:50:03.614+0700][gc,heap       ] GC(6) Survivor regions: 2->5(7)
[2020-05-13T10:50:03.614+0700][gc,heap       ] GC(6) Old regions: 12->12
[2020-05-13T10:50:03.614+0700][gc,heap       ] GC(6) Humongous regions: 207->129
[2020-05-13T10:50:03.614+0700][gc,metaspace  ] GC(6) Metaspace: 39230K->39230K(1085440K)
[2020-05-13T10:50:03.614+0700][gc            ] GC(6) Pause Young (Concurrent Start) (G1 Evacuation Pause) 269M->144M(1024M) 11,200ms
[2020-05-13T10:50:03.614+0700][gc,cpu        ] GC(6) User=0,06s Sys=0,00s Real=0,01s
[2020-05-13T10:50:03.614+0700][gc            ] GC(7) Concurrent Cycle
[2020-05-13T10:50:03.614+0700][gc,marking    ] GC(7) Concurrent Clear Claimed Marks
[2020-05-13T10:50:03.614+0700][gc,marking    ] GC(7) Concurrent Clear Claimed Marks 0,218ms
[2020-05-13T10:50:03.614+0700][gc,marking    ] GC(7) Concurrent Scan Root Regions
[2020-05-13T10:50:03.617+0700][gc,marking    ] GC(7) Concurrent Scan Root Regions 2,535ms
[2020-05-13T10:50:03.617+0700][gc,marking    ] GC(7) Concurrent Mark (47,537s)
[2020-05-13T10:50:03.617+0700][gc,marking    ] GC(7) Concurrent Mark From Roots
[2020-05-13T10:50:03.617+0700][gc,task       ] GC(7) Using 2 workers of 2 for marking
[2020-05-13T10:50:03.630+0700][gc,marking    ] GC(7) Concurrent Mark From Roots 12,615ms
[2020-05-13T10:50:03.630+0700][gc,marking    ] GC(7) Concurrent Preclean
[2020-05-13T10:50:03.630+0700][gc,marking    ] GC(7) Concurrent Preclean 0,167ms
[2020-05-13T10:50:03.630+0700][gc,marking    ] GC(7) Concurrent Mark (47,537s, 47,550s) 12,832ms
[2020-05-13T10:50:03.630+0700][gc,start      ] GC(7) Pause Remark
[2020-05-13T10:50:03.636+0700][gc,stringtable] GC(7) Cleaned string and symbol table, strings: 16678 processed, 6 removed, symbols: 81447 processed, 2 removed
[2020-05-13T10:50:03.637+0700][gc            ] GC(7) Pause Remark 145M->145M(1024M) 6,720ms
[2020-05-13T10:50:03.637+0700][gc,cpu        ] GC(7) User=0,03s Sys=0,00s Real=0,00s
[2020-05-13T10:50:03.637+0700][gc,marking    ] GC(7) Concurrent Rebuild Remembered Sets
[2020-05-13T10:50:03.644+0700][gc,marking    ] GC(7) Concurrent Rebuild Remembered Sets 7,097ms
[2020-05-13T10:50:03.644+0700][gc,start      ] GC(7) Pause Cleanup
[2020-05-13T10:50:03.644+0700][gc            ] GC(7) Pause Cleanup 145M->145M(1024M) 0,269ms
[2020-05-13T10:50:03.644+0700][gc,cpu        ] GC(7) User=0,01s Sys=0,00s Real=0,00s
[2020-05-13T10:50:03.644+0700][gc,marking    ] GC(7) Concurrent Cleanup for Next Mark
[2020-05-13T10:50:03.646+0700][gc,marking    ] GC(7) Concurrent Cleanup for Next Mark 1,843ms
[2020-05-13T10:50:03.646+0700][gc            ] GC(7) Concurrent Cycle 32,323ms
[2020-05-13T10:51:53.974+0700][gc,start      ] GC(8) Pause Young (Normal) (G1 Evacuation Pause)
[2020-05-13T10:51:53.975+0700][gc,task       ] GC(8) Using 8 workers of 8 for evacuation
[2020-05-13T10:51:53.980+0700][gc,phases     ] GC(8)   Pre Evacuate Collection Set: 0,0ms
[2020-05-13T10:51:53.980+0700][gc,phases     ] GC(8)   Evacuate Collection Set: 3,9ms
[2020-05-13T10:51:53.980+0700][gc,phases     ] GC(8)   Post Evacuate Collection Set: 0,5ms
[2020-05-13T10:51:53.980+0700][gc,phases     ] GC(8)   Other: 1,7ms
[2020-05-13T10:51:53.980+0700][gc,heap       ] GC(8) Eden regions: 46->0(47)
[2020-05-13T10:51:53.980+0700][gc,heap       ] GC(8) Survivor regions: 5->4(7)
[2020-05-13T10:51:53.980+0700][gc,heap       ] GC(8) Old regions: 12->13
[2020-05-13T10:51:53.980+0700][gc,heap       ] GC(8) Humongous regions: 129->129
[2020-05-13T10:51:53.980+0700][gc,metaspace  ] GC(8) Metaspace: 39639K->39639K(1085440K)
[2020-05-13T10:51:53.980+0700][gc            ] GC(8) Pause Young (Normal) (G1 Evacuation Pause) 190M->145M(1024M) 6,226ms
[2020-05-13T10:51:53.980+0700][gc,cpu        ] GC(8) User=0,03s Sys=0,00s Real=0,01s
[2020-05-13T10:53:52.880+0700][gc,start      ] GC(9) Pause Young (Normal) (G1 Evacuation Pause)
[2020-05-13T10:53:52.880+0700][gc,task       ] GC(9) Using 8 workers of 8 for evacuation
[2020-05-13T10:53:52.888+0700][gc,phases     ] GC(9)   Pre Evacuate Collection Set: 0,0ms
[2020-05-13T10:53:52.888+0700][gc,phases     ] GC(9)   Evacuate Collection Set: 7,0ms
[2020-05-13T10:53:52.888+0700][gc,phases     ] GC(9)   Post Evacuate Collection Set: 0,6ms
[2020-05-13T10:53:52.888+0700][gc,phases     ] GC(9)   Other: 0,4ms
[2020-05-13T10:53:52.888+0700][gc,heap       ] GC(9) Eden regions: 47->0(47)
[2020-05-13T10:53:52.888+0700][gc,heap       ] GC(9) Survivor regions: 4->4(7)
[2020-05-13T10:53:52.888+0700][gc,heap       ] GC(9) Old regions: 13->13
[2020-05-13T10:53:52.888+0700][gc,heap       ] GC(9) Humongous regions: 129->129
[2020-05-13T10:53:52.888+0700][gc,metaspace  ] GC(9) Metaspace: 39730K->39730K(1085440K)
[2020-05-13T10:53:52.888+0700][gc            ] GC(9) Pause Young (Normal) (G1 Evacuation Pause) 192M->145M(1024M) 8,078ms
[2020-05-13T10:53:52.888+0700][gc,cpu        ] GC(9) User=0,05s Sys=0,00s Real=0,00s
[2020-05-13T10:55:41.285+0700][gc,start      ] GC(10) Pause Young (Normal) (G1 Evacuation Pause)
[2020-05-13T10:55:41.286+0700][gc,task       ] GC(10) Using 8 workers of 8 for evacuation
[2020-05-13T10:55:41.292+0700][gc,phases     ] GC(10)   Pre Evacuate Collection Set: 0,0ms
[2020-05-13T10:55:41.292+0700][gc,phases     ] GC(10)   Evacuate Collection Set: 4,5ms
[2020-05-13T10:55:41.292+0700][gc,phases     ] GC(10)   Post Evacuate Collection Set: 0,5ms
[2020-05-13T10:55:41.292+0700][gc,phases     ] GC(10)   Other: 1,7ms
[2020-05-13T10:55:41.292+0700][gc,heap       ] GC(10) Eden regions: 47->0(47)
[2020-05-13T10:55:41.292+0700][gc,heap       ] GC(10) Survivor regions: 4->4(7)
[2020-05-13T10:55:41.292+0700][gc,heap       ] GC(10) Old regions: 13->13
[2020-05-13T10:55:41.292+0700][gc,heap       ] GC(10) Humongous regions: 129->129
[2020-05-13T10:55:41.292+0700][gc,metaspace  ] GC(10) Metaspace: 39916K->39916K(1085440K)
[2020-05-13T10:55:41.292+0700][gc            ] GC(10) Pause Young (Normal) (G1 Evacuation Pause) 192M->145M(1024M) 6,858ms
[2020-05-13T10:55:41.292+0700][gc,cpu        ] GC(10) User=0,02s Sys=0,00s Real=0,01s
[2020-05-13T10:57:35.582+0700][gc,start      ] GC(11) Pause Young (Normal) (G1 Evacuation Pause)
[2020-05-13T10:57:35.582+0700][gc,task       ] GC(11) Using 8 workers of 8 for evacuation
[2020-05-13T10:57:35.588+0700][gc,phases     ] GC(11)   Pre Evacuate Collection Set: 0,0ms
[2020-05-13T10:57:35.588+0700][gc,phases     ] GC(11)   Evacuate Collection Set: 5,5ms
[2020-05-13T10:57:35.588+0700][gc,phases     ] GC(11)   Post Evacuate Collection Set: 0,5ms
[2020-05-13T10:57:35.588+0700][gc,phases     ] GC(11)   Other: 0,2ms
[2020-05-13T10:57:35.588+0700][gc,heap       ] GC(11) Eden regions: 47->0(51)
[2020-05-13T10:57:35.588+0700][gc,heap       ] GC(11) Survivor regions: 4->7(7)
[2020-05-13T10:57:35.588+0700][gc,heap       ] GC(11) Old regions: 13->13
[2020-05-13T10:57:35.588+0700][gc,heap       ] GC(11) Humongous regions: 129->129
[2020-05-13T10:57:35.588+0700][gc,metaspace  ] GC(11) Metaspace: 39949K->39949K(1085440K)
[2020-05-13T10:57:35.588+0700][gc            ] GC(11) Pause Young (Normal) (G1 Evacuation Pause) 192M->147M(1024M) 6,301ms
[2020-05-13T10:57:35.588+0700][gc,cpu        ] GC(11) User=0,04s Sys=0,00s Real=0,00s
[2020-05-13T10:59:38.119+0700][gc,start      ] GC(12) Pause Young (Normal) (G1 Evacuation Pause)
[2020-05-13T10:59:38.119+0700][gc,task       ] GC(12) Using 8 workers of 8 for evacuation
[2020-05-13T10:59:38.138+0700][gc,phases     ] GC(12)   Pre Evacuate Collection Set: 0,0ms
[2020-05-13T10:59:38.139+0700][gc,phases     ] GC(12)   Evacuate Collection Set: 17,4ms
[2020-05-13T10:59:38.139+0700][gc,phases     ] GC(12)   Post Evacuate Collection Set: 1,3ms
[2020-05-13T10:59:38.139+0700][gc,phases     ] GC(12)   Other: 0,4ms
[2020-05-13T10:59:38.139+0700][gc,heap       ] GC(12) Eden regions: 51->0(53)
[2020-05-13T10:59:38.139+0700][gc,heap       ] GC(12) Survivor regions: 7->5(8)
[2020-05-13T10:59:38.139+0700][gc,heap       ] GC(12) Old regions: 13->15
[2020-05-13T10:59:38.139+0700][gc,heap       ] GC(12) Humongous regions: 129->129
[2020-05-13T10:59:38.139+0700][gc,metaspace  ] GC(12) Metaspace: 40096K->40096K(1085440K)
[2020-05-13T10:59:38.139+0700][gc            ] GC(12) Pause Young (Normal) (G1 Evacuation Pause) 198M->148M(1024M) 19,417ms
[2020-05-13T10:59:38.139+0700][gc,cpu        ] GC(12) User=0,11s Sys=0,01s Real=0,02s
[2020-05-13T11:01:50.462+0700][gc,start      ] GC(13) Pause Young (Normal) (G1 Evacuation Pause)
[2020-05-13T11:01:50.491+0700][gc,task       ] GC(13) Using 8 workers of 8 for evacuation
[2020-05-13T11:01:50.507+0700][gc,phases     ] GC(13)   Pre Evacuate Collection Set: 0,1ms
[2020-05-13T11:01:50.508+0700][gc,phases     ] GC(13)   Evacuate Collection Set: 14,5ms
[2020-05-13T11:01:50.508+0700][gc,phases     ] GC(13)   Post Evacuate Collection Set: 1,1ms
[2020-05-13T11:01:50.508+0700][gc,phases     ] GC(13)   Other: 29,4ms
[2020-05-13T11:01:50.508+0700][gc,heap       ] GC(13) Eden regions: 53->0(53)
[2020-05-13T11:01:50.508+0700][gc,heap       ] GC(13) Survivor regions: 5->6(8)
[2020-05-13T11:01:50.508+0700][gc,heap       ] GC(13) Old regions: 15->16
[2020-05-13T11:01:50.508+0700][gc,heap       ] GC(13) Humongous regions: 129->129
[2020-05-13T11:01:50.508+0700][gc,metaspace  ] GC(13) Metaspace: 40178K->40178K(1085440K)
[2020-05-13T11:01:50.508+0700][gc            ] GC(13) Pause Young (Normal) (G1 Evacuation Pause) 201M->150M(1024M) 45,566ms
[2020-05-13T11:01:50.508+0700][gc,cpu        ] GC(13) User=0,10s Sys=0,00s Real=0,04s
[2020-05-13T11:04:03.747+0700][gc,start      ] GC(14) Pause Young (Normal) (G1 Evacuation Pause)
[2020-05-13T11:04:03.758+0700][gc,task       ] GC(14) Using 8 workers of 8 for evacuation
[2020-05-13T11:04:03.763+0700][gc,phases     ] GC(14)   Pre Evacuate Collection Set: 0,0ms
[2020-05-13T11:04:03.764+0700][gc,phases     ] GC(14)   Evacuate Collection Set: 4,4ms
[2020-05-13T11:04:03.764+0700][gc,phases     ] GC(14)   Post Evacuate Collection Set: 0,8ms
[2020-05-13T11:04:03.764+0700][gc,phases     ] GC(14)   Other: 10,8ms
[2020-05-13T11:04:03.764+0700][gc,heap       ] GC(14) Eden regions: 53->0(65)
[2020-05-13T11:04:03.764+0700][gc,heap       ] GC(14) Survivor regions: 6->3(8)
[2020-05-13T11:04:03.764+0700][gc,heap       ] GC(14) Old regions: 16->18
[2020-05-13T11:04:03.764+0700][gc,heap       ] GC(14) Humongous regions: 129->129
[2020-05-13T11:04:03.764+0700][gc,metaspace  ] GC(14) Metaspace: 40217K->40217K(1085440K)
[2020-05-13T11:04:03.764+0700][gc            ] GC(14) Pause Young (Normal) (G1 Evacuation Pause) 203M->149M(1024M) 16,124ms
[2020-05-13T11:04:03.764+0700][gc,cpu        ] GC(14) User=0,03s Sys=0,00s Real=0,02s
[2020-05-13T11:06:41.005+0700][gc,start      ] GC(15) Pause Young (Normal) (G1 Evacuation Pause)
[2020-05-13T11:06:41.171+0700][gc,task       ] GC(15) Using 8 workers of 8 for evacuation
[2020-05-13T11:06:41.191+0700][gc,phases     ] GC(15)   Pre Evacuate Collection Set: 0,7ms
[2020-05-13T11:06:41.191+0700][gc,phases     ] GC(15)   Evacuate Collection Set: 18,1ms
[2020-05-13T11:06:41.191+0700][gc,phases     ] GC(15)   Post Evacuate Collection Set: 0,8ms
[2020-05-13T11:06:41.191+0700][gc,phases     ] GC(15)   Other: 166,4ms
[2020-05-13T11:06:41.191+0700][gc,heap       ] GC(15) Eden regions: 65->0(78)
[2020-05-13T11:06:41.191+0700][gc,heap       ] GC(15) Survivor regions: 3->5(9)
[2020-05-13T11:06:41.191+0700][gc,heap       ] GC(15) Old regions: 18->18
[2020-05-13T11:06:41.191+0700][gc,heap       ] GC(15) Humongous regions: 129->129
[2020-05-13T11:06:41.191+0700][gc,metaspace  ] GC(15) Metaspace: 40442K->40442K(1085440K)
[2020-05-13T11:06:41.191+0700][gc            ] GC(15) Pause Young (Normal) (G1 Evacuation Pause) 214M->151M(1024M) 186,347ms
[2020-05-13T11:06:41.191+0700][gc,cpu        ] GC(15) User=0,12s Sys=0,01s Real=0,19s
[2020-05-13T11:07:08.898+0700][gc,heap,exit  ] Heap
[2020-05-13T11:07:08.901+0700][gc,heap,exit  ]  garbage-first heap   total 1048576K, used 174565K [0x00000000c0000000, 0x0000000100000000)
[2020-05-13T11:07:08.901+0700][gc,heap,exit  ]   region size 1024K, 25 young (25600K), 5 survivors (5120K)
[2020-05-13T11:07:08.901+0700][gc,heap,exit  ]  Metaspace       used 41169K, capacity 44002K, committed 44136K, reserved 1087488K
[2020-05-13T11:07:08.901+0700][gc,heap,exit  ]   class space    used 5788K, capacity 7127K, committed 7168K, reserved 1048576K
