[2020-05-12T22:45:38.292+0700][gc,heap] Heap region size: 1M
[2020-05-12T22:45:38.300+0700][gc     ] Using G1
[2020-05-12T22:45:38.300+0700][gc,heap,coops] Heap address: 0x00000000c0000000, size: 1024 MB, Compressed Oops mode: 32-bit
[2020-05-12T22:45:39.565+0700][gc,start     ] GC(0) Pause Young (Normal) (G1 Evacuation Pause)
[2020-05-12T22:45:39.566+0700][gc,task      ] GC(0) Using 8 workers of 8 for evacuation
[2020-05-12T22:45:39.573+0700][gc,phases    ] GC(0)   Pre Evacuate Collection Set: 0,0ms
[2020-05-12T22:45:39.573+0700][gc,phases    ] GC(0)   Evacuate Collection Set: 6,0ms
[2020-05-12T22:45:39.573+0700][gc,phases    ] GC(0)   Post Evacuate Collection Set: 0,6ms
[2020-05-12T22:45:39.573+0700][gc,phases    ] GC(0)   Other: 0,7ms
[2020-05-12T22:45:39.573+0700][gc,heap      ] GC(0) Eden regions: 51->0(44)
[2020-05-12T22:45:39.573+0700][gc,heap      ] GC(0) Survivor regions: 0->7(7)
[2020-05-12T22:45:39.573+0700][gc,heap      ] GC(0) Old regions: 0->0
[2020-05-12T22:45:39.573+0700][gc,heap      ] GC(0) Humongous regions: 0->0
[2020-05-12T22:45:39.573+0700][gc,metaspace ] GC(0) Metaspace: 16079K->16079K(1062912K)
[2020-05-12T22:45:39.573+0700][gc           ] GC(0) Pause Young (Normal) (G1 Evacuation Pause) 51M->6M(1024M) 7,413ms
[2020-05-12T22:45:39.573+0700][gc,cpu       ] GC(0) User=0,03s Sys=0,01s Real=0,01s
[2020-05-12T22:45:39.812+0700][gc,start     ] GC(1) Pause Young (Concurrent Start) (Metadata GC Threshold)
[2020-05-12T22:45:39.812+0700][gc,task      ] GC(1) Using 8 workers of 8 for evacuation
[2020-05-12T22:45:39.820+0700][gc,phases    ] GC(1)   Pre Evacuate Collection Set: 0,1ms
[2020-05-12T22:45:39.820+0700][gc,phases    ] GC(1)   Evacuate Collection Set: 7,0ms
[2020-05-12T22:45:39.820+0700][gc,phases    ] GC(1)   Post Evacuate Collection Set: 0,5ms
[2020-05-12T22:45:39.820+0700][gc,phases    ] GC(1)   Other: 0,2ms
[2020-05-12T22:45:39.820+0700][gc,heap      ] GC(1) Eden regions: 19->0(50)
[2020-05-12T22:45:39.820+0700][gc,heap      ] GC(1) Survivor regions: 7->1(7)
[2020-05-12T22:45:39.820+0700][gc,heap      ] GC(1) Old regions: 0->7
[2020-05-12T22:45:39.820+0700][gc,heap      ] GC(1) Humongous regions: 0->0
[2020-05-12T22:45:39.820+0700][gc,metaspace ] GC(1) Metaspace: 20487K->20487K(1067008K)
[2020-05-12T22:45:39.820+0700][gc           ] GC(1) Pause Young (Concurrent Start) (Metadata GC Threshold) 25M->7M(1024M) 7,873ms
[2020-05-12T22:45:39.820+0700][gc,cpu       ] GC(1) User=0,04s Sys=0,00s Real=0,01s
[2020-05-12T22:45:39.820+0700][gc           ] GC(2) Concurrent Cycle
[2020-05-12T22:45:39.820+0700][gc,marking   ] GC(2) Concurrent Clear Claimed Marks
[2020-05-12T22:45:39.820+0700][gc,marking   ] GC(2) Concurrent Clear Claimed Marks 0,049ms
[2020-05-12T22:45:39.820+0700][gc,marking   ] GC(2) Concurrent Scan Root Regions
[2020-05-12T22:45:39.821+0700][gc,marking   ] GC(2) Concurrent Scan Root Regions 0,779ms
[2020-05-12T22:45:39.821+0700][gc,marking   ] GC(2) Concurrent Mark (1,531s)
[2020-05-12T22:45:39.821+0700][gc,marking   ] GC(2) Concurrent Mark From Roots
[2020-05-12T22:45:39.821+0700][gc,task      ] GC(2) Using 2 workers of 2 for marking
[2020-05-12T22:45:39.827+0700][gc,marking   ] GC(2) Concurrent Mark From Roots 6,541ms
[2020-05-12T22:45:39.827+0700][gc,marking   ] GC(2) Concurrent Preclean
[2020-05-12T22:45:39.827+0700][gc,marking   ] GC(2) Concurrent Preclean 0,176ms
[2020-05-12T22:45:39.827+0700][gc,marking   ] GC(2) Concurrent Mark (1,531s, 1,538s) 6,770ms
[2020-05-12T22:45:39.880+0700][gc,start     ] GC(2) Pause Remark
[2020-05-12T22:45:39.885+0700][gc,stringtable] GC(2) Cleaned string and symbol table, strings: 9209 processed, 0 removed, symbols: 49665 processed, 54 removed
[2020-05-12T22:45:39.885+0700][gc            ] GC(2) Pause Remark 137M->137M(1024M) 5,309ms
[2020-05-12T22:45:39.885+0700][gc,cpu        ] GC(2) User=0,02s Sys=0,00s Real=0,00s
[2020-05-12T22:45:39.885+0700][gc,marking    ] GC(2) Concurrent Rebuild Remembered Sets
[2020-05-12T22:45:39.888+0700][gc,marking    ] GC(2) Concurrent Rebuild Remembered Sets 2,465ms
[2020-05-12T22:45:39.916+0700][gc,start      ] GC(2) Pause Cleanup
[2020-05-12T22:45:39.916+0700][gc            ] GC(2) Pause Cleanup 137M->137M(1024M) 0,283ms
[2020-05-12T22:45:39.916+0700][gc,cpu        ] GC(2) User=0,00s Sys=0,00s Real=0,00s
[2020-05-12T22:45:39.916+0700][gc,marking    ] GC(2) Concurrent Cleanup for Next Mark
[2020-05-12T22:45:39.920+0700][gc,marking    ] GC(2) Concurrent Cleanup for Next Mark 3,633ms
[2020-05-12T22:45:39.920+0700][gc            ] GC(2) Concurrent Cycle 100,093ms
[2020-05-12T22:45:40.601+0700][gc,start      ] GC(3) Pause Young (Normal) (GCLocker Initiated GC)
[2020-05-12T22:45:40.601+0700][gc,task       ] GC(3) Using 8 workers of 8 for evacuation
[2020-05-12T22:45:40.606+0700][gc,phases     ] GC(3)   Pre Evacuate Collection Set: 0,0ms
[2020-05-12T22:45:40.606+0700][gc,phases     ] GC(3)   Evacuate Collection Set: 3,6ms
[2020-05-12T22:45:40.606+0700][gc,phases     ] GC(3)   Post Evacuate Collection Set: 0,4ms
[2020-05-12T22:45:40.606+0700][gc,phases     ] GC(3)   Other: 0,1ms
[2020-05-12T22:45:40.606+0700][gc,heap       ] GC(3) Eden regions: 51->0(45)
[2020-05-12T22:45:40.606+0700][gc,heap       ] GC(3) Survivor regions: 1->6(7)
[2020-05-12T22:45:40.606+0700][gc,heap       ] GC(3) Old regions: 7->7
[2020-05-12T22:45:40.606+0700][gc,heap       ] GC(3) Humongous regions: 129->129
[2020-05-12T22:45:40.606+0700][gc,metaspace  ] GC(3) Metaspace: 30071K->30071K(1077248K)
[2020-05-12T22:45:40.606+0700][gc            ] GC(3) Pause Young (Normal) (GCLocker Initiated GC) 186M->140M(1024M) 4,214ms
[2020-05-12T22:45:40.606+0700][gc,cpu        ] GC(3) User=0,02s Sys=0,00s Real=0,00s
[2020-05-12T22:47:22.674+0700][gc,start      ] GC(4) Pause Young (Concurrent Start) (Metadata GC Threshold)
[2020-05-12T22:47:22.674+0700][gc,task       ] GC(4) Using 8 workers of 8 for evacuation
[2020-05-12T22:47:22.680+0700][gc,phases     ] GC(4)   Pre Evacuate Collection Set: 0,1ms
[2020-05-12T22:47:22.680+0700][gc,phases     ] GC(4)   Evacuate Collection Set: 4,9ms
[2020-05-12T22:47:22.680+0700][gc,phases     ] GC(4)   Post Evacuate Collection Set: 0,5ms
[2020-05-12T22:47:22.680+0700][gc,phases     ] GC(4)   Other: 0,2ms
[2020-05-12T22:47:22.680+0700][gc,heap       ] GC(4) Eden regions: 20->0(49)
[2020-05-12T22:47:22.680+0700][gc,heap       ] GC(4) Survivor regions: 6->2(7)
[2020-05-12T22:47:22.680+0700][gc,heap       ] GC(4) Old regions: 7->12
[2020-05-12T22:47:22.680+0700][gc,heap       ] GC(4) Humongous regions: 129->129
[2020-05-12T22:47:22.680+0700][gc,metaspace  ] GC(4) Metaspace: 34164K->34164K(1079296K)
[2020-05-12T22:47:22.680+0700][gc            ] GC(4) Pause Young (Concurrent Start) (Metadata GC Threshold) 160M->141M(1024M) 5,753ms
[2020-05-12T22:47:22.680+0700][gc,cpu        ] GC(4) User=0,03s Sys=0,00s Real=0,00s
[2020-05-12T22:47:22.680+0700][gc            ] GC(5) Concurrent Cycle
[2020-05-12T22:47:22.680+0700][gc,marking    ] GC(5) Concurrent Clear Claimed Marks
[2020-05-12T22:47:22.680+0700][gc,marking    ] GC(5) Concurrent Clear Claimed Marks 0,082ms
[2020-05-12T22:47:22.680+0700][gc,marking    ] GC(5) Concurrent Scan Root Regions
[2020-05-12T22:47:22.681+0700][gc,marking    ] GC(5) Concurrent Scan Root Regions 0,999ms
[2020-05-12T22:47:22.681+0700][gc,marking    ] GC(5) Concurrent Mark (104,392s)
[2020-05-12T22:47:22.681+0700][gc,marking    ] GC(5) Concurrent Mark From Roots
[2020-05-12T22:47:22.681+0700][gc,task       ] GC(5) Using 2 workers of 2 for marking
[2020-05-12T22:47:22.691+0700][gc,marking    ] GC(5) Concurrent Mark From Roots 10,054ms
[2020-05-12T22:47:22.691+0700][gc,marking    ] GC(5) Concurrent Preclean
[2020-05-12T22:47:22.691+0700][gc,marking    ] GC(5) Concurrent Preclean 0,138ms
[2020-05-12T22:47:22.691+0700][gc,marking    ] GC(5) Concurrent Mark (104,392s, 104,402s) 10,235ms
[2020-05-12T22:47:22.691+0700][gc,start      ] GC(5) Pause Remark
[2020-05-12T22:47:22.694+0700][gc,stringtable] GC(5) Cleaned string and symbol table, strings: 14792 processed, 9 removed, symbols: 78435 processed, 28 removed
[2020-05-12T22:47:22.694+0700][gc            ] GC(5) Pause Remark 142M->142M(1024M) 2,777ms
[2020-05-12T22:47:22.694+0700][gc,cpu        ] GC(5) User=0,02s Sys=0,00s Real=0,01s
[2020-05-12T22:47:22.694+0700][gc,marking    ] GC(5) Concurrent Rebuild Remembered Sets
[2020-05-12T22:47:22.701+0700][gc,marking    ] GC(5) Concurrent Rebuild Remembered Sets 6,408ms
[2020-05-12T22:47:22.701+0700][gc,start      ] GC(5) Pause Cleanup
[2020-05-12T22:47:22.701+0700][gc            ] GC(5) Pause Cleanup 142M->142M(1024M) 0,221ms
[2020-05-12T22:47:22.701+0700][gc,cpu        ] GC(5) User=0,00s Sys=0,00s Real=0,00s
[2020-05-12T22:47:22.701+0700][gc,marking    ] GC(5) Concurrent Cleanup for Next Mark
[2020-05-12T22:47:22.705+0700][gc,marking    ] GC(5) Concurrent Cleanup for Next Mark 3,970ms
[2020-05-12T22:47:22.705+0700][gc            ] GC(5) Concurrent Cycle 25,352ms
[2020-05-12T22:51:20.847+0700][gc,heap,exit  ] Heap
[2020-05-12T22:51:20.847+0700][gc,heap,exit  ]  garbage-first heap   total 1048576K, used 166641K [0x00000000c0000000, 0x0000000100000000)
[2020-05-12T22:51:20.847+0700][gc,heap,exit  ]   region size 1024K, 24 young (24576K), 2 survivors (2048K)
[2020-05-12T22:51:20.847+0700][gc,heap,exit  ]  Metaspace       used 36298K, capacity 38407K, committed 38524K, reserved 1081344K
[2020-05-12T22:51:20.847+0700][gc,heap,exit  ]   class space    used 5153K, capacity 6207K, committed 6320K, reserved 1048576K
