[2020-04-30T16:26:12.037+0700][gc,heap] Heap region size: 1M
[2020-04-30T16:26:12.043+0700][gc     ] Using G1
[2020-04-30T16:26:12.043+0700][gc,heap,coops] Heap address: 0x00000000e0000000, size: 512 MB, Compressed Oops mode: 32-bit
[2020-04-30T16:26:15.721+0700][gc,start     ] GC(0) Pause Young (Normal) (G1 Evacuation Pause)
[2020-04-30T16:26:15.724+0700][gc,task      ] GC(0) Using 8 workers of 8 for evacuation
[2020-04-30T16:26:15.744+0700][gc,mmu       ] GC(0) MMU target violated: 20,6ms (20,0ms/21,0ms)
[2020-04-30T16:26:15.744+0700][gc,phases    ] GC(0)   Pre Evacuate Collection Set: 0,2ms
[2020-04-30T16:26:15.744+0700][gc,phases    ] GC(0)   Evacuate Collection Set: 17,2ms
[2020-04-30T16:26:15.745+0700][gc,phases    ] GC(0)   Post Evacuate Collection Set: 2,9ms
[2020-04-30T16:26:15.745+0700][gc,phases    ] GC(0)   Other: 3,7ms
[2020-04-30T16:26:15.745+0700][gc,heap      ] GC(0) Eden regions: 25->0(21)
[2020-04-30T16:26:15.745+0700][gc,heap      ] GC(0) Survivor regions: 0->4(4)
[2020-04-30T16:26:15.745+0700][gc,heap      ] GC(0) Old regions: 0->2
[2020-04-30T16:26:15.745+0700][gc,heap      ] GC(0) Humongous regions: 0->0
[2020-04-30T16:26:15.745+0700][gc,metaspace ] GC(0) Metaspace: 6403K->6403K(1056768K)
[2020-04-30T16:26:15.745+0700][gc           ] GC(0) Pause Young (Normal) (G1 Evacuation Pause) 25M->5M(512M) 23,854ms
[2020-04-30T16:26:15.745+0700][gc,cpu       ] GC(0) User=0,06s Sys=0,01s Real=0,02s
[2020-05-01T02:06:09.838+0700][gc,start     ] GC(1) Pause Young (Normal) (G1 Evacuation Pause)
[2020-05-01T02:06:09.862+0700][gc,task      ] GC(1) Using 8 workers of 8 for evacuation
[2020-05-01T02:06:09.878+0700][gc,phases    ] GC(1)   Pre Evacuate Collection Set: 0,4ms
[2020-05-01T02:06:09.878+0700][gc,phases    ] GC(1)   Evacuate Collection Set: 14,6ms
[2020-05-01T02:06:09.878+0700][gc,phases    ] GC(1)   Post Evacuate Collection Set: 0,8ms
[2020-05-01T02:06:09.878+0700][gc,phases    ] GC(1)   Other: 25,1ms
[2020-05-01T02:06:09.878+0700][gc,heap      ] GC(1) Eden regions: 21->0(24)
[2020-05-01T02:06:09.878+0700][gc,heap      ] GC(1) Survivor regions: 4->1(4)
[2020-05-01T02:06:09.878+0700][gc,heap      ] GC(1) Old regions: 2->6
[2020-05-01T02:06:09.878+0700][gc,heap      ] GC(1) Humongous regions: 0->0
[2020-05-01T02:06:09.878+0700][gc,metaspace ] GC(1) Metaspace: 7025K->7025K(1056768K)
[2020-05-01T02:06:09.879+0700][gc           ] GC(1) Pause Young (Normal) (G1 Evacuation Pause) 26M->5M(512M) 40,933ms
[2020-05-01T02:06:09.879+0700][gc,cpu       ] GC(1) User=0,07s Sys=0,01s Real=0,04s
[2020-05-01T09:07:42.876+0700][gc,heap,exit ] Heap
[2020-05-01T09:07:42.877+0700][gc,heap,exit ]  garbage-first heap   total 524288K, used 20307K [0x00000000e0000000, 0x0000000100000000)
[2020-05-01T09:07:42.877+0700][gc,heap,exit ]   region size 1024K, 16 young (16384K), 1 survivors (1024K)
[2020-05-01T09:07:42.877+0700][gc,heap,exit ]  Metaspace       used 7035K, capacity 7284K, committed 7552K, reserved 1056768K
[2020-05-01T09:07:42.877+0700][gc,heap,exit ]   class space    used 747K, capacity 837K, committed 896K, reserved 1048576K
