[2020-05-11T03:09:59.089+0700][gc,heap] Heap region size: 1M
[2020-05-11T03:09:59.093+0700][gc     ] Using G1
[2020-05-11T03:09:59.093+0700][gc,heap,coops] Heap address: 0x00000000e0000000, size: 512 MB, Compressed Oops mode: 32-bit
[2020-05-11T03:10:03.324+0700][gc,start     ] GC(0) Pause Young (Normal) (G1 Evacuation Pause)
[2020-05-11T03:10:03.325+0700][gc,task      ] GC(0) Using 8 workers of 8 for evacuation
[2020-05-11T03:10:03.334+0700][gc,phases    ] GC(0)   Pre Evacuate Collection Set: 0,0ms
[2020-05-11T03:10:03.334+0700][gc,phases    ] GC(0)   Evacuate Collection Set: 8,5ms
[2020-05-11T03:10:03.334+0700][gc,phases    ] GC(0)   Post Evacuate Collection Set: 0,3ms
[2020-05-11T03:10:03.335+0700][gc,phases    ] GC(0)   Other: 2,0ms
[2020-05-11T03:10:03.335+0700][gc,heap      ] GC(0) Eden regions: 25->0(21)
[2020-05-11T03:10:03.335+0700][gc,heap      ] GC(0) Survivor regions: 0->4(4)
[2020-05-11T03:10:03.335+0700][gc,heap      ] GC(0) Old regions: 0->2
[2020-05-11T03:10:03.335+0700][gc,heap      ] GC(0) Humongous regions: 0->0
[2020-05-11T03:10:03.335+0700][gc,metaspace ] GC(0) Metaspace: 6397K->6397K(1056768K)
[2020-05-11T03:10:03.335+0700][gc           ] GC(0) Pause Young (Normal) (G1 Evacuation Pause) 25M->5M(512M) 10,841ms
[2020-05-11T03:10:03.335+0700][gc,cpu       ] GC(0) User=0,05s Sys=0,00s Real=0,02s
