[2020-05-12T17:05:23.809+0700][gc,heap] Heap region size: 1M
[2020-05-12T17:05:23.814+0700][gc     ] Using G1
[2020-05-12T17:05:23.814+0700][gc,heap,coops] Heap address: 0x00000000e0000000, size: 512 MB, Compressed Oops mode: 32-bit
[2020-05-12T17:05:29.230+0700][gc,start     ] GC(0) Pause Young (Normal) (G1 Evacuation Pause)
[2020-05-12T17:05:29.237+0700][gc,task      ] GC(0) Using 8 workers of 8 for evacuation
[2020-05-12T17:05:29.250+0700][gc,phases    ] GC(0)   Pre Evacuate Collection Set: 0,0ms
[2020-05-12T17:05:29.250+0700][gc,phases    ] GC(0)   Evacuate Collection Set: 9,0ms
[2020-05-12T17:05:29.250+0700][gc,phases    ] GC(0)   Post Evacuate Collection Set: 2,3ms
[2020-05-12T17:05:29.250+0700][gc,phases    ] GC(0)   Other: 7,9ms
[2020-05-12T17:05:29.250+0700][gc,heap      ] GC(0) Eden regions: 25->0(21)
[2020-05-12T17:05:29.250+0700][gc,heap      ] GC(0) Survivor regions: 0->4(4)
[2020-05-12T17:05:29.251+0700][gc,heap      ] GC(0) Old regions: 0->2
[2020-05-12T17:05:29.251+0700][gc,heap      ] GC(0) Humongous regions: 0->0
[2020-05-12T17:05:29.251+0700][gc,metaspace ] GC(0) Metaspace: 6406K->6406K(1056768K)
[2020-05-12T17:05:29.251+0700][gc           ] GC(0) Pause Young (Normal) (G1 Evacuation Pause) 25M->5M(512M) 20,318ms
[2020-05-12T17:05:29.251+0700][gc,cpu       ] GC(0) User=0,05s Sys=0,02s Real=0,02s
[2020-05-12T19:46:06.599+0700][gc,start     ] GC(1) Pause Young (Normal) (G1 Evacuation Pause)
[2020-05-12T19:46:06.601+0700][gc,task      ] GC(1) Using 8 workers of 8 for evacuation
[2020-05-12T19:46:06.605+0700][gc,phases    ] GC(1)   Pre Evacuate Collection Set: 0,1ms
[2020-05-12T19:46:06.605+0700][gc,phases    ] GC(1)   Evacuate Collection Set: 3,2ms
[2020-05-12T19:46:06.605+0700][gc,phases    ] GC(1)   Post Evacuate Collection Set: 0,4ms
[2020-05-12T19:46:06.605+0700][gc,phases    ] GC(1)   Other: 2,1ms
[2020-05-12T19:46:06.605+0700][gc,heap      ] GC(1) Eden regions: 21->0(24)
[2020-05-12T19:46:06.605+0700][gc,heap      ] GC(1) Survivor regions: 4->1(4)
[2020-05-12T19:46:06.605+0700][gc,heap      ] GC(1) Old regions: 2->6
[2020-05-12T19:46:06.605+0700][gc,heap      ] GC(1) Humongous regions: 0->0
[2020-05-12T19:46:06.605+0700][gc,metaspace ] GC(1) Metaspace: 7019K->7019K(1056768K)
[2020-05-12T19:46:06.605+0700][gc           ] GC(1) Pause Young (Normal) (G1 Evacuation Pause) 26M->5M(512M) 5,923ms
[2020-05-12T19:46:06.605+0700][gc,cpu       ] GC(1) User=0,02s Sys=0,00s Real=0,00s
[2020-05-12T23:14:24.922+0700][gc,start     ] GC(2) Pause Young (Normal) (G1 Evacuation Pause)
[2020-05-12T23:14:24.938+0700][gc,task      ] GC(2) Using 8 workers of 8 for evacuation
[2020-05-12T23:14:24.943+0700][gc,phases    ] GC(2)   Pre Evacuate Collection Set: 0,4ms
[2020-05-12T23:14:24.943+0700][gc,phases    ] GC(2)   Evacuate Collection Set: 2,6ms
[2020-05-12T23:14:24.943+0700][gc,phases    ] GC(2)   Post Evacuate Collection Set: 1,1ms
[2020-05-12T23:14:24.943+0700][gc,phases    ] GC(2)   Other: 17,0ms
[2020-05-12T23:14:24.943+0700][gc,heap      ] GC(2) Eden regions: 24->0(24)
[2020-05-12T23:14:24.943+0700][gc,heap      ] GC(2) Survivor regions: 1->1(4)
[2020-05-12T23:14:24.943+0700][gc,heap      ] GC(2) Old regions: 6->6
[2020-05-12T23:14:24.943+0700][gc,heap      ] GC(2) Humongous regions: 0->0
[2020-05-12T23:14:24.943+0700][gc,metaspace ] GC(2) Metaspace: 7046K->7046K(1056768K)
[2020-05-12T23:14:24.944+0700][gc           ] GC(2) Pause Young (Normal) (G1 Evacuation Pause) 29M->5M(512M) 21,662ms
[2020-05-12T23:14:24.944+0700][gc,cpu       ] GC(2) User=0,01s Sys=0,01s Real=0,02s
[2020-05-13T09:47:35.435+0700][gc,start     ] GC(3) Pause Young (Normal) (G1 Evacuation Pause)
[2020-05-13T09:47:35.436+0700][gc,task      ] GC(3) Using 8 workers of 8 for evacuation
[2020-05-13T09:47:35.473+0700][gc,mmu       ] GC(3) MMU target violated: 21,0ms (20,0ms/21,0ms)
[2020-05-13T09:47:35.473+0700][gc,phases    ] GC(3)   Pre Evacuate Collection Set: 28,2ms
[2020-05-13T09:47:35.473+0700][gc,phases    ] GC(3)   Evacuate Collection Set: 6,4ms
[2020-05-13T09:47:35.473+0700][gc,phases    ] GC(3)   Post Evacuate Collection Set: 1,4ms
[2020-05-13T09:47:35.473+0700][gc,phases    ] GC(3)   Other: 3,3ms
[2020-05-13T09:47:35.473+0700][gc,heap      ] GC(3) Eden regions: 24->0(24)
[2020-05-13T09:47:35.473+0700][gc,heap      ] GC(3) Survivor regions: 1->1(4)
[2020-05-13T09:47:35.473+0700][gc,heap      ] GC(3) Old regions: 6->6
[2020-05-13T09:47:35.473+0700][gc,heap      ] GC(3) Humongous regions: 0->0
[2020-05-13T09:47:35.473+0700][gc,metaspace ] GC(3) Metaspace: 7171K->7171K(1056768K)
[2020-05-13T09:47:35.473+0700][gc           ] GC(3) Pause Young (Normal) (G1 Evacuation Pause) 29M->6M(512M) 38,310ms
[2020-05-13T09:47:35.473+0700][gc,cpu       ] GC(3) User=0,02s Sys=0,00s Real=0,04s
[2020-05-13T11:53:54.566+0700][gc,start     ] GC(4) Pause Young (Normal) (G1 Evacuation Pause)
[2020-05-13T11:53:54.568+0700][gc,task      ] GC(4) Using 8 workers of 8 for evacuation
[2020-05-13T11:53:54.581+0700][gc,phases    ] GC(4)   Pre Evacuate Collection Set: 0,0ms
[2020-05-13T11:53:54.581+0700][gc,phases    ] GC(4)   Evacuate Collection Set: 4,9ms
[2020-05-13T11:53:54.581+0700][gc,phases    ] GC(4)   Post Evacuate Collection Set: 7,8ms
[2020-05-13T11:53:54.581+0700][gc,phases    ] GC(4)   Other: 2,6ms
[2020-05-13T11:53:54.581+0700][gc,heap      ] GC(4) Eden regions: 24->0(24)
[2020-05-13T11:53:54.581+0700][gc,heap      ] GC(4) Survivor regions: 1->1(4)
[2020-05-13T11:53:54.581+0700][gc,heap      ] GC(4) Old regions: 6->6
[2020-05-13T11:53:54.581+0700][gc,heap      ] GC(4) Humongous regions: 0->0
[2020-05-13T11:53:54.581+0700][gc,metaspace ] GC(4) Metaspace: 7202K->7202K(1056768K)
[2020-05-13T11:53:54.581+0700][gc           ] GC(4) Pause Young (Normal) (G1 Evacuation Pause) 30M->6M(512M) 15,557ms
[2020-05-13T11:53:54.581+0700][gc,cpu       ] GC(4) User=0,06s Sys=0,00s Real=0,02s
[2020-05-13T12:56:53.095+0700][gc,heap,exit ] Heap
[2020-05-13T12:56:53.096+0700][gc,heap,exit ]  garbage-first heap   total 524288K, used 15588K [0x00000000e0000000, 0x0000000100000000)
[2020-05-13T12:56:53.096+0700][gc,heap,exit ]   region size 1024K, 11 young (11264K), 1 survivors (1024K)
[2020-05-13T12:56:53.096+0700][gc,heap,exit ]  Metaspace       used 7209K, capacity 7413K, committed 7552K, reserved 1056768K
[2020-05-13T12:56:53.096+0700][gc,heap,exit ]   class space    used 749K, capacity 837K, committed 896K, reserved 1048576K
