[2020-05-13T12:57:13.521+0700][gc,heap] Heap region size: 1M
[2020-05-13T12:57:13.525+0700][gc     ] Using G1
[2020-05-13T12:57:13.525+0700][gc,heap,coops] Heap address: 0x00000000e0000000, size: 512 MB, Compressed Oops mode: 32-bit
[2020-05-13T12:57:17.637+0700][gc,start     ] GC(0) Pause Young (Normal) (G1 Evacuation Pause)
[2020-05-13T12:57:17.642+0700][gc,task      ] GC(0) Using 8 workers of 8 for evacuation
[2020-05-13T12:57:17.658+0700][gc,phases    ] GC(0)   Pre Evacuate Collection Set: 0,0ms
[2020-05-13T12:57:17.658+0700][gc,phases    ] GC(0)   Evacuate Collection Set: 12,0ms
[2020-05-13T12:57:17.658+0700][gc,phases    ] GC(0)   Post Evacuate Collection Set: 2,5ms
[2020-05-13T12:57:17.658+0700][gc,phases    ] GC(0)   Other: 6,5ms
[2020-05-13T12:57:17.658+0700][gc,heap      ] GC(0) Eden regions: 25->0(21)
[2020-05-13T12:57:17.658+0700][gc,heap      ] GC(0) Survivor regions: 0->4(4)
[2020-05-13T12:57:17.658+0700][gc,heap      ] GC(0) Old regions: 0->2
[2020-05-13T12:57:17.658+0700][gc,heap      ] GC(0) Humongous regions: 0->0
[2020-05-13T12:57:17.658+0700][gc,metaspace ] GC(0) Metaspace: 6389K->6389K(1056768K)
[2020-05-13T12:57:17.658+0700][gc           ] GC(0) Pause Young (Normal) (G1 Evacuation Pause) 25M->5M(512M) 21,368ms
[2020-05-13T12:57:17.658+0700][gc,cpu       ] GC(0) User=0,06s Sys=0,00s Real=0,02s
[2020-05-13T18:13:10.734+0700][gc,start     ] GC(1) Pause Young (Normal) (G1 Evacuation Pause)
[2020-05-13T18:13:10.736+0700][gc,task      ] GC(1) Using 8 workers of 8 for evacuation
[2020-05-13T18:13:10.802+0700][gc,mmu       ] GC(1) MMU target violated: 21,0ms (20,0ms/21,0ms)
[2020-05-13T18:13:10.802+0700][gc,phases    ] GC(1)   Pre Evacuate Collection Set: 57,9ms
[2020-05-13T18:13:10.802+0700][gc,phases    ] GC(1)   Evacuate Collection Set: 5,7ms
[2020-05-13T18:13:10.802+0700][gc,phases    ] GC(1)   Post Evacuate Collection Set: 1,2ms
[2020-05-13T18:13:10.802+0700][gc,phases    ] GC(1)   Other: 16,2ms
[2020-05-13T18:13:10.802+0700][gc,heap      ] GC(1) Eden regions: 21->0(24)
[2020-05-13T18:13:10.802+0700][gc,heap      ] GC(1) Survivor regions: 4->1(4)
[2020-05-13T18:13:10.802+0700][gc,heap      ] GC(1) Old regions: 2->6
[2020-05-13T18:13:10.802+0700][gc,heap      ] GC(1) Humongous regions: 0->0
[2020-05-13T18:13:10.802+0700][gc,metaspace ] GC(1) Metaspace: 7180K->7180K(1056768K)
[2020-05-13T18:13:10.802+0700][gc           ] GC(1) Pause Young (Normal) (G1 Evacuation Pause) 26M->6M(512M) 68,795ms
[2020-05-13T18:13:10.802+0700][gc,cpu       ] GC(1) User=0,04s Sys=0,00s Real=0,07s
[2020-05-13T19:55:41.870+0700][gc,start     ] GC(2) Pause Young (Normal) (G1 Evacuation Pause)
[2020-05-13T19:55:41.873+0700][gc,task      ] GC(2) Using 8 workers of 8 for evacuation
[2020-05-13T19:55:41.881+0700][gc,phases    ] GC(2)   Pre Evacuate Collection Set: 0,0ms
[2020-05-13T19:55:41.881+0700][gc,phases    ] GC(2)   Evacuate Collection Set: 4,3ms
[2020-05-13T19:55:41.881+0700][gc,phases    ] GC(2)   Post Evacuate Collection Set: 3,5ms
[2020-05-13T19:55:41.881+0700][gc,phases    ] GC(2)   Other: 3,2ms
[2020-05-13T19:55:41.881+0700][gc,heap      ] GC(2) Eden regions: 24->0(24)
[2020-05-13T19:55:41.881+0700][gc,heap      ] GC(2) Survivor regions: 1->1(4)
[2020-05-13T19:55:41.881+0700][gc,heap      ] GC(2) Old regions: 6->6
[2020-05-13T19:55:41.881+0700][gc,heap      ] GC(2) Humongous regions: 0->0
[2020-05-13T19:55:41.881+0700][gc,metaspace ] GC(2) Metaspace: 7198K->7198K(1056768K)
[2020-05-13T19:55:41.881+0700][gc           ] GC(2) Pause Young (Normal) (G1 Evacuation Pause) 30M->6M(512M) 11,424ms
[2020-05-13T19:55:41.881+0700][gc,cpu       ] GC(2) User=0,05s Sys=0,00s Real=0,02s
[2020-05-13T22:08:21.839+0700][gc,start     ] GC(3) Pause Young (Normal) (G1 Evacuation Pause)
[2020-05-13T22:08:21.851+0700][gc,task      ] GC(3) Using 8 workers of 8 for evacuation
[2020-05-13T22:08:21.853+0700][gc,phases    ] GC(3)   Pre Evacuate Collection Set: 0,0ms
[2020-05-13T22:08:21.853+0700][gc,phases    ] GC(3)   Evacuate Collection Set: 1,4ms
[2020-05-13T22:08:21.853+0700][gc,phases    ] GC(3)   Post Evacuate Collection Set: 0,3ms
[2020-05-13T22:08:21.853+0700][gc,phases    ] GC(3)   Other: 12,6ms
[2020-05-13T22:08:21.853+0700][gc,heap      ] GC(3) Eden regions: 24->0(24)
[2020-05-13T22:08:21.853+0700][gc,heap      ] GC(3) Survivor regions: 1->1(4)
[2020-05-13T22:08:21.853+0700][gc,heap      ] GC(3) Old regions: 6->6
[2020-05-13T22:08:21.853+0700][gc,heap      ] GC(3) Humongous regions: 0->0
[2020-05-13T22:08:21.853+0700][gc,metaspace ] GC(3) Metaspace: 7205K->7205K(1056768K)
[2020-05-13T22:08:21.853+0700][gc           ] GC(3) Pause Young (Normal) (G1 Evacuation Pause) 30M->6M(512M) 14,306ms
[2020-05-13T22:08:21.853+0700][gc,cpu       ] GC(3) User=0,01s Sys=0,00s Real=0,02s
[2020-05-15T01:49:12.860+0700][gc,heap,exit ] Heap
[2020-05-15T01:49:12.861+0700][gc,heap,exit ]  garbage-first heap   total 524288K, used 13682K [0x00000000e0000000, 0x0000000100000000)
[2020-05-15T01:49:12.861+0700][gc,heap,exit ]   region size 1024K, 9 young (9216K), 1 survivors (1024K)
[2020-05-15T01:49:12.861+0700][gc,heap,exit ]  Metaspace       used 7241K, capacity 7477K, committed 7552K, reserved 1056768K
[2020-05-15T01:49:12.861+0700][gc,heap,exit ]   class space    used 750K, capacity 837K, committed 896K, reserved 1048576K
