[2020-05-05T08:56:46.264+0700][gc,heap] Heap region size: 1M
[2020-05-05T08:56:46.270+0700][gc     ] Using G1
[2020-05-05T08:56:46.270+0700][gc,heap,coops] Heap address: 0x00000000e0000000, size: 512 MB, Compressed Oops mode: 32-bit
[2020-05-05T08:56:51.884+0700][gc,start     ] GC(0) Pause Young (Normal) (G1 Evacuation Pause)
[2020-05-05T08:56:51.890+0700][gc,task      ] GC(0) Using 8 workers of 8 for evacuation
[2020-05-05T08:56:51.916+0700][gc,mmu       ] GC(0) MMU target violated: 21,0ms (20,0ms/21,0ms)
[2020-05-05T08:56:51.916+0700][gc,phases    ] GC(0)   Pre Evacuate Collection Set: 0,0ms
[2020-05-05T08:56:51.916+0700][gc,phases    ] GC(0)   Evacuate Collection Set: 22,8ms
[2020-05-05T08:56:51.916+0700][gc,phases    ] GC(0)   Post Evacuate Collection Set: 2,9ms
[2020-05-05T08:56:51.916+0700][gc,phases    ] GC(0)   Other: 6,0ms
[2020-05-05T08:56:51.916+0700][gc,heap      ] GC(0) Eden regions: 25->0(21)
[2020-05-05T08:56:51.916+0700][gc,heap      ] GC(0) Survivor regions: 0->4(4)
[2020-05-05T08:56:51.916+0700][gc,heap      ] GC(0) Old regions: 0->2
[2020-05-05T08:56:51.916+0700][gc,heap      ] GC(0) Humongous regions: 0->0
[2020-05-05T08:56:51.916+0700][gc,metaspace ] GC(0) Metaspace: 6373K->6373K(1056768K)
[2020-05-05T08:56:51.916+0700][gc           ] GC(0) Pause Young (Normal) (G1 Evacuation Pause) 25M->5M(512M) 31,348ms
[2020-05-05T08:56:51.916+0700][gc,cpu       ] GC(0) User=0,11s Sys=0,00s Real=0,03s
[2020-05-05T15:17:50.334+0700][gc,start     ] GC(1) Pause Young (Normal) (G1 Evacuation Pause)
[2020-05-05T15:17:50.335+0700][gc,task      ] GC(1) Using 8 workers of 8 for evacuation
[2020-05-05T15:17:50.386+0700][gc,mmu       ] GC(1) MMU target violated: 21,0ms (20,0ms/21,0ms)
[2020-05-05T15:17:50.386+0700][gc,phases    ] GC(1)   Pre Evacuate Collection Set: 44,7ms
[2020-05-05T15:17:50.386+0700][gc,phases    ] GC(1)   Evacuate Collection Set: 4,3ms
[2020-05-05T15:17:50.386+0700][gc,phases    ] GC(1)   Post Evacuate Collection Set: 0,4ms
[2020-05-05T15:17:50.386+0700][gc,phases    ] GC(1)   Other: 15,2ms
[2020-05-05T15:17:50.386+0700][gc,heap      ] GC(1) Eden regions: 21->0(24)
[2020-05-05T15:17:50.386+0700][gc,heap      ] GC(1) Survivor regions: 4->1(4)
[2020-05-05T15:17:50.386+0700][gc,heap      ] GC(1) Old regions: 2->6
[2020-05-05T15:17:50.386+0700][gc,heap      ] GC(1) Humongous regions: 0->0
[2020-05-05T15:17:50.386+0700][gc,metaspace ] GC(1) Metaspace: 6999K->6999K(1056768K)
[2020-05-05T15:17:50.386+0700][gc           ] GC(1) Pause Young (Normal) (G1 Evacuation Pause) 26M->5M(512M) 51,913ms
[2020-05-05T15:17:50.386+0700][gc,cpu       ] GC(1) User=0,02s Sys=0,00s Real=0,05s
[2020-05-05T19:05:13.159+0700][gc,start     ] GC(2) Pause Young (Normal) (G1 Evacuation Pause)
[2020-05-05T19:05:13.162+0700][gc,task      ] GC(2) Using 8 workers of 8 for evacuation
[2020-05-05T19:05:13.167+0700][gc,phases    ] GC(2)   Pre Evacuate Collection Set: 0,1ms
[2020-05-05T19:05:13.167+0700][gc,phases    ] GC(2)   Evacuate Collection Set: 3,3ms
[2020-05-05T19:05:13.167+0700][gc,phases    ] GC(2)   Post Evacuate Collection Set: 1,0ms
[2020-05-05T19:05:13.167+0700][gc,phases    ] GC(2)   Other: 3,2ms
[2020-05-05T19:05:13.167+0700][gc,heap      ] GC(2) Eden regions: 24->0(24)
[2020-05-05T19:05:13.167+0700][gc,heap      ] GC(2) Survivor regions: 1->1(4)
[2020-05-05T19:05:13.167+0700][gc,heap      ] GC(2) Old regions: 6->6
[2020-05-05T19:05:13.167+0700][gc,heap      ] GC(2) Humongous regions: 0->0
[2020-05-05T19:05:13.167+0700][gc,metaspace ] GC(2) Metaspace: 7012K->7012K(1056768K)
[2020-05-05T19:05:13.168+0700][gc           ] GC(2) Pause Young (Normal) (G1 Evacuation Pause) 29M->5M(512M) 8,241ms
[2020-05-05T19:05:13.168+0700][gc,cpu       ] GC(2) User=0,02s Sys=0,00s Real=0,01s
[2020-05-06T11:38:44.008+0700][gc,start     ] GC(3) Pause Young (Normal) (G1 Evacuation Pause)
[2020-05-06T11:38:44.008+0700][gc,task      ] GC(3) Using 8 workers of 8 for evacuation
[2020-05-06T11:38:44.010+0700][gc,phases    ] GC(3)   Pre Evacuate Collection Set: 0,1ms
[2020-05-06T11:38:44.010+0700][gc,phases    ] GC(3)   Evacuate Collection Set: 1,9ms
[2020-05-06T11:38:44.010+0700][gc,phases    ] GC(3)   Post Evacuate Collection Set: 0,4ms
[2020-05-06T11:38:44.010+0700][gc,phases    ] GC(3)   Other: 0,4ms
[2020-05-06T11:38:44.010+0700][gc,heap      ] GC(3) Eden regions: 24->0(24)
[2020-05-06T11:38:44.010+0700][gc,heap      ] GC(3) Survivor regions: 1->1(4)
[2020-05-06T11:38:44.010+0700][gc,heap      ] GC(3) Old regions: 6->6
[2020-05-06T11:38:44.010+0700][gc,heap      ] GC(3) Humongous regions: 0->0
[2020-05-06T11:38:44.011+0700][gc,metaspace ] GC(3) Metaspace: 7016K->7016K(1056768K)
[2020-05-06T11:38:44.011+0700][gc           ] GC(3) Pause Young (Normal) (G1 Evacuation Pause) 29M->5M(512M) 2,972ms
[2020-05-06T11:38:44.011+0700][gc,cpu       ] GC(3) User=0,00s Sys=0,00s Real=0,00s
[2020-05-06T15:30:08.896+0700][gc,start     ] GC(4) Pause Young (Normal) (G1 Evacuation Pause)
[2020-05-06T15:30:08.897+0700][gc,task      ] GC(4) Using 8 workers of 8 for evacuation
[2020-05-06T15:30:08.901+0700][gc,phases    ] GC(4)   Pre Evacuate Collection Set: 0,5ms
[2020-05-06T15:30:08.902+0700][gc,phases    ] GC(4)   Evacuate Collection Set: 3,9ms
[2020-05-06T15:30:08.902+0700][gc,phases    ] GC(4)   Post Evacuate Collection Set: 0,3ms
[2020-05-06T15:30:08.902+0700][gc,phases    ] GC(4)   Other: 0,7ms
[2020-05-06T15:30:08.902+0700][gc,heap      ] GC(4) Eden regions: 24->0(24)
[2020-05-06T15:30:08.902+0700][gc,heap      ] GC(4) Survivor regions: 1->1(4)
[2020-05-06T15:30:08.902+0700][gc,heap      ] GC(4) Old regions: 6->6
[2020-05-06T15:30:08.902+0700][gc,heap      ] GC(4) Humongous regions: 0->0
[2020-05-06T15:30:08.902+0700][gc,metaspace ] GC(4) Metaspace: 7021K->7021K(1056768K)
[2020-05-06T15:30:08.902+0700][gc           ] GC(4) Pause Young (Normal) (G1 Evacuation Pause) 29M->5M(512M) 5,537ms
[2020-05-06T15:30:08.902+0700][gc,cpu       ] GC(4) User=0,00s Sys=0,01s Real=0,00s
[2020-05-06T17:43:51.641+0700][gc,heap,exit ] Heap
[2020-05-06T17:43:51.642+0700][gc,heap,exit ]  garbage-first heap   total 524288K, used 11979K [0x00000000e0000000, 0x0000000100000000)
[2020-05-06T17:43:51.642+0700][gc,heap,exit ]   region size 1024K, 8 young (8192K), 1 survivors (1024K)
[2020-05-06T17:43:51.642+0700][gc,heap,exit ]  Metaspace       used 7027K, capacity 7284K, committed 7552K, reserved 1056768K
[2020-05-06T17:43:51.642+0700][gc,heap,exit ]   class space    used 748K, capacity 837K, committed 896K, reserved 1048576K
