[2020-05-08T11:18:42.605+0700][gc,heap] Heap region size: 1M
[2020-05-08T11:18:42.613+0700][gc     ] Using G1
[2020-05-08T11:18:42.613+0700][gc,heap,coops] Heap address: 0x00000000e0000000, size: 512 MB, Compressed Oops mode: 32-bit
[2020-05-08T11:18:43.878+0700][gc,start     ] GC(0) Pause Young (Normal) (G1 Evacuation Pause)
[2020-05-08T11:18:43.879+0700][gc,task      ] GC(0) Using 8 workers of 8 for evacuation
[2020-05-08T11:18:43.888+0700][gc,phases    ] GC(0)   Pre Evacuate Collection Set: 0,0ms
[2020-05-08T11:18:43.888+0700][gc,phases    ] GC(0)   Evacuate Collection Set: 8,7ms
[2020-05-08T11:18:43.888+0700][gc,phases    ] GC(0)   Post Evacuate Collection Set: 0,4ms
[2020-05-08T11:18:43.888+0700][gc,phases    ] GC(0)   Other: 0,7ms
[2020-05-08T11:18:43.888+0700][gc,heap      ] GC(0) Eden regions: 25->0(21)
[2020-05-08T11:18:43.888+0700][gc,heap      ] GC(0) Survivor regions: 0->4(4)
[2020-05-08T11:18:43.888+0700][gc,heap      ] GC(0) Old regions: 0->2
[2020-05-08T11:18:43.888+0700][gc,heap      ] GC(0) Humongous regions: 0->0
[2020-05-08T11:18:43.888+0700][gc,metaspace ] GC(0) Metaspace: 6410K->6410K(1056768K)
[2020-05-08T11:18:43.888+0700][gc           ] GC(0) Pause Young (Normal) (G1 Evacuation Pause) 25M->5M(512M) 9,824ms
[2020-05-08T11:18:43.888+0700][gc,cpu       ] GC(0) User=0,05s Sys=0,00s Real=0,01s
[2020-05-08T13:57:14.472+0700][gc,start     ] GC(1) Pause Young (Normal) (G1 Evacuation Pause)
[2020-05-08T13:57:14.477+0700][gc,task      ] GC(1) Using 8 workers of 8 for evacuation
[2020-05-08T13:57:14.492+0700][gc,phases    ] GC(1)   Pre Evacuate Collection Set: 0,4ms
[2020-05-08T13:57:14.492+0700][gc,phases    ] GC(1)   Evacuate Collection Set: 13,0ms
[2020-05-08T13:57:14.492+0700][gc,phases    ] GC(1)   Post Evacuate Collection Set: 1,1ms
[2020-05-08T13:57:14.492+0700][gc,phases    ] GC(1)   Other: 4,9ms
[2020-05-08T13:57:14.492+0700][gc,heap      ] GC(1) Eden regions: 21->0(24)
[2020-05-08T13:57:14.492+0700][gc,heap      ] GC(1) Survivor regions: 4->1(4)
[2020-05-08T13:57:14.492+0700][gc,heap      ] GC(1) Old regions: 2->6
[2020-05-08T13:57:14.492+0700][gc,heap      ] GC(1) Humongous regions: 0->0
[2020-05-08T13:57:14.492+0700][gc,metaspace ] GC(1) Metaspace: 6990K->6990K(1056768K)
[2020-05-08T13:57:14.492+0700][gc           ] GC(1) Pause Young (Normal) (G1 Evacuation Pause) 26M->5M(512M) 19,723ms
[2020-05-08T13:57:14.492+0700][gc,cpu       ] GC(1) User=0,08s Sys=0,00s Real=0,02s
[2020-05-08T17:23:31.422+0700][gc,start     ] GC(2) Pause Young (Normal) (G1 Evacuation Pause)
[2020-05-08T17:23:31.447+0700][gc,task      ] GC(2) Using 8 workers of 8 for evacuation
[2020-05-08T17:23:31.491+0700][gc,mmu       ] GC(2) MMU target violated: 21,0ms (20,0ms/21,0ms)
[2020-05-08T17:23:31.491+0700][gc,phases    ] GC(2)   Pre Evacuate Collection Set: 0,4ms
[2020-05-08T17:23:31.491+0700][gc,phases    ] GC(2)   Evacuate Collection Set: 42,5ms
[2020-05-08T17:23:31.491+0700][gc,phases    ] GC(2)   Post Evacuate Collection Set: 1,0ms
[2020-05-08T17:23:31.491+0700][gc,phases    ] GC(2)   Other: 25,4ms
[2020-05-08T17:23:31.491+0700][gc,heap      ] GC(2) Eden regions: 24->0(24)
[2020-05-08T17:23:31.491+0700][gc,heap      ] GC(2) Survivor regions: 1->1(4)
[2020-05-08T17:23:31.492+0700][gc,heap      ] GC(2) Old regions: 6->6
[2020-05-08T17:23:31.492+0700][gc,heap      ] GC(2) Humongous regions: 0->0
[2020-05-08T17:23:31.492+0700][gc,metaspace ] GC(2) Metaspace: 7011K->7011K(1056768K)
[2020-05-08T17:23:31.492+0700][gc           ] GC(2) Pause Young (Normal) (G1 Evacuation Pause) 29M->5M(512M) 70,054ms
[2020-05-08T17:23:31.492+0700][gc,cpu       ] GC(2) User=0,12s Sys=0,00s Real=0,07s
[2020-05-08T21:03:22.662+0700][gc,start     ] GC(3) Pause Young (Normal) (G1 Evacuation Pause)
[2020-05-08T21:03:22.678+0700][gc,task      ] GC(3) Using 8 workers of 8 for evacuation
[2020-05-08T21:03:22.691+0700][gc,phases    ] GC(3)   Pre Evacuate Collection Set: 0,0ms
[2020-05-08T21:03:22.691+0700][gc,phases    ] GC(3)   Evacuate Collection Set: 11,7ms
[2020-05-08T21:03:22.691+0700][gc,phases    ] GC(3)   Post Evacuate Collection Set: 0,4ms
[2020-05-08T21:03:22.691+0700][gc,phases    ] GC(3)   Other: 16,5ms
[2020-05-08T21:03:22.691+0700][gc,heap      ] GC(3) Eden regions: 24->0(24)
[2020-05-08T21:03:22.691+0700][gc,heap      ] GC(3) Survivor regions: 1->1(4)
[2020-05-08T21:03:22.691+0700][gc,heap      ] GC(3) Old regions: 6->6
[2020-05-08T21:03:22.691+0700][gc,heap      ] GC(3) Humongous regions: 0->0
[2020-05-08T21:03:22.691+0700][gc,metaspace ] GC(3) Metaspace: 7025K->7025K(1056768K)
[2020-05-08T21:03:22.691+0700][gc           ] GC(3) Pause Young (Normal) (G1 Evacuation Pause) 29M->5M(512M) 28,744ms
[2020-05-08T21:03:22.691+0700][gc,cpu       ] GC(3) User=0,08s Sys=0,00s Real=0,03s
[2020-05-09T00:51:09.499+0700][gc,start     ] GC(4) Pause Young (Normal) (G1 Evacuation Pause)
[2020-05-09T00:51:09.526+0700][gc,task      ] GC(4) Using 8 workers of 8 for evacuation
[2020-05-09T00:51:09.586+0700][gc,mmu       ] GC(4) MMU target violated: 21,0ms (20,0ms/21,0ms)
[2020-05-09T00:51:09.586+0700][gc,phases    ] GC(4)   Pre Evacuate Collection Set: 0,0ms
[2020-05-09T00:51:09.586+0700][gc,phases    ] GC(4)   Evacuate Collection Set: 59,5ms
[2020-05-09T00:51:09.586+0700][gc,phases    ] GC(4)   Post Evacuate Collection Set: 0,4ms
[2020-05-09T00:51:09.586+0700][gc,phases    ] GC(4)   Other: 27,5ms
[2020-05-09T00:51:09.586+0700][gc,heap      ] GC(4) Eden regions: 24->0(26)
[2020-05-09T00:51:09.586+0700][gc,heap      ] GC(4) Survivor regions: 1->1(4)
[2020-05-09T00:51:09.586+0700][gc,heap      ] GC(4) Old regions: 6->6
[2020-05-09T00:51:09.586+0700][gc,heap      ] GC(4) Humongous regions: 0->0
[2020-05-09T00:51:09.586+0700][gc,metaspace ] GC(4) Metaspace: 7025K->7025K(1056768K)
[2020-05-09T00:51:09.587+0700][gc           ] GC(4) Pause Young (Normal) (G1 Evacuation Pause) 29M->5M(512M) 88,043ms
[2020-05-09T00:51:09.587+0700][gc,cpu       ] GC(4) User=0,11s Sys=0,00s Real=0,09s
[2020-05-09T20:56:28.265+0700][gc,heap,exit ] Heap
[2020-05-09T20:56:28.265+0700][gc,heap,exit ]  garbage-first heap   total 524288K, used 30473K [0x00000000e0000000, 0x0000000100000000)
[2020-05-09T20:56:28.265+0700][gc,heap,exit ]   region size 1024K, 26 young (26624K), 1 survivors (1024K)
[2020-05-09T20:56:28.265+0700][gc,heap,exit ]  Metaspace       used 7032K, capacity 7285K, committed 7552K, reserved 1056768K
[2020-05-09T20:56:28.265+0700][gc,heap,exit ]   class space    used 748K, capacity 837K, committed 896K, reserved 1048576K
