[2020-05-06T17:44:11.549+0700][gc,heap] Heap region size: 1M
[2020-05-06T17:44:11.555+0700][gc     ] Using G1
[2020-05-06T17:44:11.555+0700][gc,heap,coops] Heap address: 0x00000000e0000000, size: 512 MB, Compressed Oops mode: 32-bit
[2020-05-06T17:44:15.948+0700][gc,start     ] GC(0) Pause Young (Normal) (G1 Evacuation Pause)
[2020-05-06T17:44:15.953+0700][gc,task      ] GC(0) Using 8 workers of 8 for evacuation
[2020-05-06T17:44:15.968+0700][gc,phases    ] GC(0)   Pre Evacuate Collection Set: 0,0ms
[2020-05-06T17:44:15.968+0700][gc,phases    ] GC(0)   Evacuate Collection Set: 10,7ms
[2020-05-06T17:44:15.968+0700][gc,phases    ] GC(0)   Post Evacuate Collection Set: 3,7ms
[2020-05-06T17:44:15.968+0700][gc,phases    ] GC(0)   Other: 6,2ms
[2020-05-06T17:44:15.968+0700][gc,heap      ] GC(0) Eden regions: 25->0(21)
[2020-05-06T17:44:15.968+0700][gc,heap      ] GC(0) Survivor regions: 0->4(4)
[2020-05-06T17:44:15.968+0700][gc,heap      ] GC(0) Old regions: 0->2
[2020-05-06T17:44:15.968+0700][gc,heap      ] GC(0) Humongous regions: 0->0
[2020-05-06T17:44:15.968+0700][gc,metaspace ] GC(0) Metaspace: 6377K->6377K(1056768K)
[2020-05-06T17:44:15.968+0700][gc           ] GC(0) Pause Young (Normal) (G1 Evacuation Pause) 25M->5M(512M) 20,613ms
[2020-05-06T17:44:15.968+0700][gc,cpu       ] GC(0) User=0,06s Sys=0,01s Real=0,02s
[2020-05-07T18:30:06.520+0700][gc,start     ] GC(1) Pause Young (Normal) (G1 Evacuation Pause)
[2020-05-07T18:30:06.539+0700][gc,task      ] GC(1) Using 8 workers of 8 for evacuation
[2020-05-07T18:30:06.549+0700][gc,phases    ] GC(1)   Pre Evacuate Collection Set: 0,0ms
[2020-05-07T18:30:06.549+0700][gc,phases    ] GC(1)   Evacuate Collection Set: 8,8ms
[2020-05-07T18:30:06.549+0700][gc,phases    ] GC(1)   Post Evacuate Collection Set: 1,0ms
[2020-05-07T18:30:06.549+0700][gc,phases    ] GC(1)   Other: 18,5ms
[2020-05-07T18:30:06.549+0700][gc,heap      ] GC(1) Eden regions: 21->0(24)
[2020-05-07T18:30:06.549+0700][gc,heap      ] GC(1) Survivor regions: 4->1(4)
[2020-05-07T18:30:06.549+0700][gc,heap      ] GC(1) Old regions: 2->6
[2020-05-07T18:30:06.549+0700][gc,heap      ] GC(1) Humongous regions: 0->0
[2020-05-07T18:30:06.549+0700][gc,metaspace ] GC(1) Metaspace: 7003K->7003K(1056768K)
[2020-05-07T18:30:06.549+0700][gc           ] GC(1) Pause Young (Normal) (G1 Evacuation Pause) 26M->6M(512M) 28,562ms
[2020-05-07T18:30:06.549+0700][gc,cpu       ] GC(1) User=0,06s Sys=0,00s Real=0,03s
