[2020-05-03T02:50:44.096+0700][gc,heap] Heap region size: 1M
[2020-05-03T02:50:44.103+0700][gc     ] Using G1
[2020-05-03T02:50:44.103+0700][gc,heap,coops] Heap address: 0x00000000e0000000, size: 512 MB, Compressed Oops mode: 32-bit
[2020-05-03T02:50:48.537+0700][gc,start     ] GC(0) Pause Young (Normal) (G1 Evacuation Pause)
[2020-05-03T02:50:48.543+0700][gc,task      ] GC(0) Using 8 workers of 8 for evacuation
[2020-05-03T02:50:48.553+0700][gc,phases    ] GC(0)   Pre Evacuate Collection Set: 0,0ms
[2020-05-03T02:50:48.554+0700][gc,phases    ] GC(0)   Evacuate Collection Set: 7,6ms
[2020-05-03T02:50:48.554+0700][gc,phases    ] GC(0)   Post Evacuate Collection Set: 2,4ms
[2020-05-03T02:50:48.554+0700][gc,phases    ] GC(0)   Other: 6,7ms
[2020-05-03T02:50:48.554+0700][gc,heap      ] GC(0) Eden regions: 25->0(21)
[2020-05-03T02:50:48.554+0700][gc,heap      ] GC(0) Survivor regions: 0->4(4)
[2020-05-03T02:50:48.554+0700][gc,heap      ] GC(0) Old regions: 0->2
[2020-05-03T02:50:48.554+0700][gc,heap      ] GC(0) Humongous regions: 0->0
[2020-05-03T02:50:48.554+0700][gc,metaspace ] GC(0) Metaspace: 6367K->6367K(1056768K)
[2020-05-03T02:50:48.554+0700][gc           ] GC(0) Pause Young (Normal) (G1 Evacuation Pause) 25M->5M(512M) 16,753ms
[2020-05-03T02:50:48.554+0700][gc,cpu       ] GC(0) User=0,05s Sys=0,00s Real=0,02s
[2020-05-03T10:13:58.712+0700][gc,heap,exit ] Heap
[2020-05-03T10:13:58.712+0700][gc,heap,exit ]  garbage-first heap   total 524288K, used 12742K [0x00000000e0000000, 0x0000000100000000)
[2020-05-03T10:13:58.712+0700][gc,heap,exit ]   region size 1024K, 12 young (12288K), 4 survivors (4096K)
[2020-05-03T10:13:58.712+0700][gc,heap,exit ]  Metaspace       used 7000K, capacity 7220K, committed 7296K, reserved 1056768K
[2020-05-03T10:13:58.712+0700][gc,heap,exit ]   class space    used 747K, capacity 837K, committed 896K, reserved 1048576K
