[2020-05-07T21:35:31.945+0700][gc,heap] Heap region size: 1M
[2020-05-07T21:35:31.960+0700][gc     ] Using G1
[2020-05-07T21:35:31.960+0700][gc,heap,coops] Heap address: 0x00000000e0000000, size: 512 MB, Compressed Oops mode: 32-bit
[2020-05-07T21:35:38.133+0700][gc,start     ] GC(0) Pause Young (Normal) (G1 Evacuation Pause)
[2020-05-07T21:35:38.138+0700][gc,task      ] GC(0) Using 8 workers of 8 for evacuation
[2020-05-07T21:35:38.153+0700][gc,phases    ] GC(0)   Pre Evacuate Collection Set: 0,0ms
[2020-05-07T21:35:38.154+0700][gc,phases    ] GC(0)   Evacuate Collection Set: 11,0ms
[2020-05-07T21:35:38.154+0700][gc,phases    ] GC(0)   Post Evacuate Collection Set: 3,0ms
[2020-05-07T21:35:38.154+0700][gc,phases    ] GC(0)   Other: 6,7ms
[2020-05-07T21:35:38.154+0700][gc,heap      ] GC(0) Eden regions: 25->0(21)
[2020-05-07T21:35:38.154+0700][gc,heap      ] GC(0) Survivor regions: 0->4(4)
[2020-05-07T21:35:38.154+0700][gc,heap      ] GC(0) Old regions: 0->2
[2020-05-07T21:35:38.154+0700][gc,heap      ] GC(0) Humongous regions: 0->0
[2020-05-07T21:35:38.154+0700][gc,metaspace ] GC(0) Metaspace: 6373K->6373K(1056768K)
[2020-05-07T21:35:38.154+0700][gc           ] GC(0) Pause Young (Normal) (G1 Evacuation Pause) 25M->5M(512M) 21,040ms
[2020-05-07T21:35:38.154+0700][gc,cpu       ] GC(0) User=0,07s Sys=0,00s Real=0,02s
[2020-05-08T00:18:26.831+0700][gc,start     ] GC(1) Pause Young (Normal) (G1 Evacuation Pause)
[2020-05-08T00:18:26.848+0700][gc,task      ] GC(1) Using 8 workers of 8 for evacuation
[2020-05-08T00:18:26.855+0700][gc,phases    ] GC(1)   Pre Evacuate Collection Set: 0,0ms
[2020-05-08T00:18:26.855+0700][gc,phases    ] GC(1)   Evacuate Collection Set: 6,0ms
[2020-05-08T00:18:26.855+0700][gc,phases    ] GC(1)   Post Evacuate Collection Set: 0,4ms
[2020-05-08T00:18:26.855+0700][gc,phases    ] GC(1)   Other: 17,3ms
[2020-05-08T00:18:26.855+0700][gc,heap      ] GC(1) Eden regions: 21->0(24)
[2020-05-08T00:18:26.855+0700][gc,heap      ] GC(1) Survivor regions: 4->1(4)
[2020-05-08T00:18:26.855+0700][gc,heap      ] GC(1) Old regions: 2->6
[2020-05-08T00:18:26.855+0700][gc,heap      ] GC(1) Humongous regions: 0->0
[2020-05-08T00:18:26.855+0700][gc,metaspace ] GC(1) Metaspace: 7003K->7003K(1056768K)
[2020-05-08T00:18:26.855+0700][gc           ] GC(1) Pause Young (Normal) (G1 Evacuation Pause) 26M->5M(512M) 23,828ms
[2020-05-08T00:18:26.855+0700][gc,cpu       ] GC(1) User=0,02s Sys=0,02s Real=0,02s
[2020-05-08T04:11:11.535+0700][gc,start     ] GC(2) Pause Young (Normal) (G1 Evacuation Pause)
[2020-05-08T04:11:11.546+0700][gc,task      ] GC(2) Using 8 workers of 8 for evacuation
[2020-05-08T04:11:11.547+0700][gc,phases    ] GC(2)   Pre Evacuate Collection Set: 0,0ms
[2020-05-08T04:11:11.547+0700][gc,phases    ] GC(2)   Evacuate Collection Set: 1,0ms
[2020-05-08T04:11:11.547+0700][gc,phases    ] GC(2)   Post Evacuate Collection Set: 0,3ms
[2020-05-08T04:11:11.548+0700][gc,phases    ] GC(2)   Other: 11,6ms
[2020-05-08T04:11:11.548+0700][gc,heap      ] GC(2) Eden regions: 24->0(24)
[2020-05-08T04:11:11.548+0700][gc,heap      ] GC(2) Survivor regions: 1->1(4)
[2020-05-08T04:11:11.548+0700][gc,heap      ] GC(2) Old regions: 6->6
[2020-05-08T04:11:11.548+0700][gc,heap      ] GC(2) Humongous regions: 0->0
[2020-05-08T04:11:11.548+0700][gc,metaspace ] GC(2) Metaspace: 7016K->7016K(1056768K)
[2020-05-08T04:11:11.548+0700][gc           ] GC(2) Pause Young (Normal) (G1 Evacuation Pause) 29M->5M(512M) 12,865ms
[2020-05-08T04:11:11.548+0700][gc,cpu       ] GC(2) User=0,00s Sys=0,00s Real=0,01s
[2020-05-08T08:04:49.651+0700][gc,start     ] GC(3) Pause Young (Normal) (G1 Evacuation Pause)
[2020-05-08T08:04:49.653+0700][gc,task      ] GC(3) Using 8 workers of 8 for evacuation
[2020-05-08T08:04:49.656+0700][gc,phases    ] GC(3)   Pre Evacuate Collection Set: 0,0ms
[2020-05-08T08:04:49.656+0700][gc,phases    ] GC(3)   Evacuate Collection Set: 2,8ms
[2020-05-08T08:04:49.656+0700][gc,phases    ] GC(3)   Post Evacuate Collection Set: 0,6ms
[2020-05-08T08:04:49.656+0700][gc,phases    ] GC(3)   Other: 1,8ms
[2020-05-08T08:04:49.656+0700][gc,heap      ] GC(3) Eden regions: 24->0(24)
[2020-05-08T08:04:49.657+0700][gc,heap      ] GC(3) Survivor regions: 1->1(4)
[2020-05-08T08:04:49.657+0700][gc,heap      ] GC(3) Old regions: 6->6
[2020-05-08T08:04:49.657+0700][gc,heap      ] GC(3) Humongous regions: 0->0
[2020-05-08T08:04:49.657+0700][gc,metaspace ] GC(3) Metaspace: 7020K->7020K(1056768K)
[2020-05-08T08:04:49.657+0700][gc           ] GC(3) Pause Young (Normal) (G1 Evacuation Pause) 29M->5M(512M) 5,612ms
[2020-05-08T08:04:49.657+0700][gc,cpu       ] GC(3) User=0,02s Sys=0,01s Real=0,00s
[2020-05-08T11:18:41.904+0700][gc,heap,exit ] Heap
[2020-05-08T11:18:41.905+0700][gc,heap,exit ]  garbage-first heap   total 524288K, used 29391K [0x00000000e0000000, 0x0000000100000000)
[2020-05-08T11:18:41.905+0700][gc,heap,exit ]   region size 1024K, 25 young (25600K), 1 survivors (1024K)
[2020-05-08T11:18:41.905+0700][gc,heap,exit ]  Metaspace       used 7048K, capacity 7285K, committed 7552K, reserved 1056768K
[2020-05-08T11:18:41.905+0700][gc,heap,exit ]   class space    used 747K, capacity 837K, committed 896K, reserved 1048576K
