[2020-05-04T02:53:07.230+0700][gc,heap] Heap region size: 1M
[2020-05-04T02:53:07.235+0700][gc     ] Using G1
[2020-05-04T02:53:07.235+0700][gc,heap,coops] Heap address: 0x00000000e0000000, size: 512 MB, Compressed Oops mode: 32-bit
[2020-05-04T02:53:11.814+0700][gc,start     ] GC(0) Pause Young (Normal) (G1 Evacuation Pause)
[2020-05-04T02:53:11.819+0700][gc,task      ] GC(0) Using 8 workers of 8 for evacuation
[2020-05-04T02:53:11.841+0700][gc,mmu       ] GC(0) MMU target violated: 21,0ms (20,0ms/21,0ms)
[2020-05-04T02:53:11.841+0700][gc,phases    ] GC(0)   Pre Evacuate Collection Set: 0,0ms
[2020-05-04T02:53:11.841+0700][gc,phases    ] GC(0)   Evacuate Collection Set: 19,9ms
[2020-05-04T02:53:11.841+0700][gc,phases    ] GC(0)   Post Evacuate Collection Set: 1,8ms
[2020-05-04T02:53:11.841+0700][gc,phases    ] GC(0)   Other: 5,8ms
[2020-05-04T02:53:11.841+0700][gc,heap      ] GC(0) Eden regions: 25->0(21)
[2020-05-04T02:53:11.841+0700][gc,heap      ] GC(0) Survivor regions: 0->4(4)
[2020-05-04T02:53:11.841+0700][gc,heap      ] GC(0) Old regions: 0->2
[2020-05-04T02:53:11.841+0700][gc,heap      ] GC(0) Humongous regions: 0->0
[2020-05-04T02:53:11.841+0700][gc,metaspace ] GC(0) Metaspace: 6403K->6403K(1056768K)
[2020-05-04T02:53:11.841+0700][gc           ] GC(0) Pause Young (Normal) (G1 Evacuation Pause) 25M->5M(512M) 27,811ms
[2020-05-04T02:53:11.841+0700][gc,cpu       ] GC(0) User=0,10s Sys=0,02s Real=0,03s
[2020-05-04T16:00:15.438+0700][gc,start     ] GC(1) Pause Young (Normal) (G1 Evacuation Pause)
[2020-05-04T16:00:15.439+0700][gc,task      ] GC(1) Using 8 workers of 8 for evacuation
[2020-05-04T16:00:15.451+0700][gc,phases    ] GC(1)   Pre Evacuate Collection Set: 0,4ms
[2020-05-04T16:00:15.451+0700][gc,phases    ] GC(1)   Evacuate Collection Set: 9,6ms
[2020-05-04T16:00:15.451+0700][gc,phases    ] GC(1)   Post Evacuate Collection Set: 0,9ms
[2020-05-04T16:00:15.451+0700][gc,phases    ] GC(1)   Other: 1,9ms
[2020-05-04T16:00:15.451+0700][gc,heap      ] GC(1) Eden regions: 21->0(24)
[2020-05-04T16:00:15.451+0700][gc,heap      ] GC(1) Survivor regions: 4->1(4)
[2020-05-04T16:00:15.451+0700][gc,heap      ] GC(1) Old regions: 2->6
[2020-05-04T16:00:15.451+0700][gc,heap      ] GC(1) Humongous regions: 0->0
[2020-05-04T16:00:15.451+0700][gc,metaspace ] GC(1) Metaspace: 7039K->7039K(1056768K)
[2020-05-04T16:00:15.451+0700][gc           ] GC(1) Pause Young (Normal) (G1 Evacuation Pause) 26M->5M(512M) 12,984ms
[2020-05-04T16:00:15.451+0700][gc,cpu       ] GC(1) User=0,06s Sys=0,01s Real=0,02s
[2020-05-05T00:13:51.605+0700][gc,start     ] GC(2) Pause Young (Normal) (G1 Evacuation Pause)
[2020-05-05T00:13:51.608+0700][gc,task      ] GC(2) Using 8 workers of 8 for evacuation
[2020-05-05T00:13:51.609+0700][gc,phases    ] GC(2)   Pre Evacuate Collection Set: 0,0ms
[2020-05-05T00:13:51.609+0700][gc,phases    ] GC(2)   Evacuate Collection Set: 0,8ms
[2020-05-05T00:13:51.609+0700][gc,phases    ] GC(2)   Post Evacuate Collection Set: 0,6ms
[2020-05-05T00:13:51.609+0700][gc,phases    ] GC(2)   Other: 3,1ms
[2020-05-05T00:13:51.610+0700][gc,heap      ] GC(2) Eden regions: 24->0(24)
[2020-05-05T00:13:51.610+0700][gc,heap      ] GC(2) Survivor regions: 1->1(4)
[2020-05-05T00:13:51.610+0700][gc,heap      ] GC(2) Old regions: 6->6
[2020-05-05T00:13:51.610+0700][gc,heap      ] GC(2) Humongous regions: 0->0
[2020-05-05T00:13:51.610+0700][gc,metaspace ] GC(2) Metaspace: 7040K->7040K(1056768K)
[2020-05-05T00:13:51.610+0700][gc           ] GC(2) Pause Young (Normal) (G1 Evacuation Pause) 29M->5M(512M) 5,156ms
[2020-05-05T00:13:51.610+0700][gc,cpu       ] GC(2) User=0,01s Sys=0,00s Real=0,00s
[2020-05-05T08:54:57.988+0700][gc,heap,exit ] Heap
[2020-05-05T08:54:57.988+0700][gc,heap,exit ]  garbage-first heap   total 524288K, used 14022K [0x00000000e0000000, 0x0000000100000000)
[2020-05-05T08:54:57.988+0700][gc,heap,exit ]   region size 1024K, 10 young (10240K), 1 survivors (1024K)
[2020-05-05T08:54:57.988+0700][gc,heap,exit ]  Metaspace       used 7053K, capacity 7332K, committed 7552K, reserved 1056768K
[2020-05-05T08:54:57.988+0700][gc,heap,exit ]   class space    used 747K, capacity 837K, committed 896K, reserved 1048576K
